Archive member included to satisfy reference by file (symbol)

/usr/lib/gcc/arm-none-eabi/6.3.1/../../../arm-none-eabi/lib/libg.a(lib_a-memcpy-stub.o)
                              /tmp/cckP5D2l.ltrans0.ltrans.o (memcpy)
/usr/lib/gcc/arm-none-eabi/6.3.1/../../../arm-none-eabi/lib/libg.a(lib_a-memset.o)
                              /tmp/cckP5D2l.ltrans7.ltrans.o (memset)
/usr/lib/gcc/arm-none-eabi/6.3.1/../../../arm-none-eabi/lib/libg.a(lib_a-strncmp.o)
                              /tmp/cckP5D2l.ltrans2.ltrans.o (strncmp)
/usr/lib/gcc/arm-none-eabi/6.3.1/../../../arm-none-eabi/lib/libg.a(lib_a-strncpy.o)
                              /tmp/cckP5D2l.ltrans2.ltrans.o (strncpy)

Discarded input sections

 .data          0x0000000000000000        0x0 build/obj/crt0_v7m.o
 .bss           0x0000000000000000        0x0 build/obj/crt0_v7m.o
 .data          0x0000000000000000        0x0 build/obj/vectors.o
 .bss           0x0000000000000000        0x0 build/obj/vectors.o
 .data          0x0000000000000000        0x0 build/obj/chcoreasm_v7m.o
 .bss           0x0000000000000000        0x0 build/obj/chcoreasm_v7m.o
 .text          0x0000000000000000        0x0 build/obj/crt1.o (symbol from plugin)
 .text          0x0000000000000000        0x0 /tmp/cckP5D2l.ltrans0.ltrans.o
 .data          0x0000000000000000        0x0 /tmp/cckP5D2l.ltrans0.ltrans.o
 .bss           0x0000000000000000        0x0 /tmp/cckP5D2l.ltrans0.ltrans.o
 .text          0x0000000000000000        0x0 /tmp/cckP5D2l.ltrans1.ltrans.o
 .data          0x0000000000000000        0x0 /tmp/cckP5D2l.ltrans1.ltrans.o
 .bss           0x0000000000000000        0x0 /tmp/cckP5D2l.ltrans1.ltrans.o
 .text          0x0000000000000000        0x0 /tmp/cckP5D2l.ltrans2.ltrans.o
 .data          0x0000000000000000        0x0 /tmp/cckP5D2l.ltrans2.ltrans.o
 .bss           0x0000000000000000        0x0 /tmp/cckP5D2l.ltrans2.ltrans.o
 .text          0x0000000000000000        0x0 /tmp/cckP5D2l.ltrans3.ltrans.o
 .data          0x0000000000000000        0x0 /tmp/cckP5D2l.ltrans3.ltrans.o
 .bss           0x0000000000000000        0x0 /tmp/cckP5D2l.ltrans3.ltrans.o
 .text          0x0000000000000000        0x0 /tmp/cckP5D2l.ltrans4.ltrans.o
 .data          0x0000000000000000        0x0 /tmp/cckP5D2l.ltrans4.ltrans.o
 .bss           0x0000000000000000        0x0 /tmp/cckP5D2l.ltrans4.ltrans.o
 .text          0x0000000000000000        0x0 /tmp/cckP5D2l.ltrans5.ltrans.o
 .data          0x0000000000000000        0x0 /tmp/cckP5D2l.ltrans5.ltrans.o
 .bss           0x0000000000000000        0x0 /tmp/cckP5D2l.ltrans5.ltrans.o
 .text          0x0000000000000000        0x0 /tmp/cckP5D2l.ltrans6.ltrans.o
 .data          0x0000000000000000        0x0 /tmp/cckP5D2l.ltrans6.ltrans.o
 .bss           0x0000000000000000        0x0 /tmp/cckP5D2l.ltrans6.ltrans.o
 .text          0x0000000000000000        0x0 /tmp/cckP5D2l.ltrans7.ltrans.o
 .data          0x0000000000000000        0x0 /tmp/cckP5D2l.ltrans7.ltrans.o
 .bss           0x0000000000000000        0x0 /tmp/cckP5D2l.ltrans7.ltrans.o
 .text          0x0000000000000000        0x0 /tmp/cckP5D2l.ltrans8.ltrans.o
 .data          0x0000000000000000        0x0 /tmp/cckP5D2l.ltrans8.ltrans.o
 .bss           0x0000000000000000        0x0 /tmp/cckP5D2l.ltrans8.ltrans.o
 .text          0x0000000000000000        0x0 /tmp/cckP5D2l.ltrans9.ltrans.o
 .data          0x0000000000000000        0x0 /tmp/cckP5D2l.ltrans9.ltrans.o
 .bss           0x0000000000000000        0x0 /tmp/cckP5D2l.ltrans9.ltrans.o
 .text          0x0000000000000000        0x0 build/obj/hal.o (symbol from plugin)
 .text          0x0000000000000000        0x0 build/obj/hal_st.o (symbol from plugin)
 .text          0x0000000000000000        0x0 build/obj/hal_buffers.o (symbol from plugin)
 .text          0x0000000000000000        0x0 build/obj/hal_queues.o (symbol from plugin)
 .text          0x0000000000000000        0x0 build/obj/hal_mmcsd.o (symbol from plugin)
 .text          0x0000000000000000        0x0 build/obj/hal_pal.o (symbol from plugin)
 .text          0x0000000000000000        0x0 build/obj/hal_serial.o (symbol from plugin)
 .text          0x0000000000000000        0x0 build/obj/nvic.o (symbol from plugin)
 .text          0x0000000000000000        0x0 build/obj/stm32_isr.o (symbol from plugin)
 .text          0x0000000000000000        0x0 build/obj/hal_lld.o (symbol from plugin)
 .text          0x0000000000000000        0x0 build/obj/stm32_dma.o (symbol from plugin)
 .text          0x0000000000000000        0x0 build/obj/hal_pal_lld.o (symbol from plugin)
 .text          0x0000000000000000        0x0 build/obj/hal_st_lld.o (symbol from plugin)
 .text          0x0000000000000000        0x0 build/obj/hal_serial_lld.o (symbol from plugin)
 .text          0x0000000000000000        0x0 build/obj/board.o (symbol from plugin)
 .text          0x0000000000000000        0x0 build/obj/osal.o (symbol from plugin)
[...]
Memory Configuration

Name             Origin             Length             Attributes
flash0           0x0000000008000000 0x0000000000100000
flash1           0x0000000000000000 0x0000000000000000
flash2           0x0000000000000000 0x0000000000000000
flash3           0x0000000000000000 0x0000000000000000
flash4           0x0000000000000000 0x0000000000000000
flash5           0x0000000000000000 0x0000000000000000
flash6           0x0000000000000000 0x0000000000000000
flash7           0x0000000000000000 0x0000000000000000
ram0             0x0000000020000000 0x0000000000020000
ram1             0x0000000020000000 0x000000000001c000
ram2             0x000000002001c000 0x0000000000004000
ram3             0x0000000000000000 0x0000000000000000
ram4             0x0000000010000000 0x0000000000010000
ram5             0x0000000040024000 0x0000000000001000
ram6             0x0000000000000000 0x0000000000000000
ram7             0x0000000000000000 0x0000000000000000
*default*        0x0000000000000000 0xffffffffffffffff

Linker script and memory map

LOAD build/obj/crt0_v7m.o
LOAD build/obj/vectors.o
LOAD build/obj/chcoreasm_v7m.o
LOAD build/obj/crt1.o
LOAD /tmp/cckP5D2l.ltrans0.ltrans.o
LOAD /tmp/cckP5D2l.ltrans1.ltrans.o
LOAD /tmp/cckP5D2l.ltrans2.ltrans.o
LOAD /tmp/cckP5D2l.ltrans3.ltrans.o
LOAD /tmp/cckP5D2l.ltrans4.ltrans.o
LOAD /tmp/cckP5D2l.ltrans5.ltrans.o
LOAD /tmp/cckP5D2l.ltrans6.ltrans.o
LOAD /tmp/cckP5D2l.ltrans7.ltrans.o
LOAD /tmp/cckP5D2l.ltrans8.ltrans.o
LOAD /tmp/cckP5D2l.ltrans9.ltrans.o
LOAD build/obj/hal.o
LOAD build/obj/hal_st.o
LOAD build/obj/hal_buffers.o
LOAD build/obj/hal_queues.o
LOAD build/obj/hal_mmcsd.o
LOAD build/obj/hal_pal.o
LOAD build/obj/hal_serial.o
LOAD build/obj/nvic.o
LOAD build/obj/stm32_isr.o
LOAD build/obj/hal_lld.o
LOAD build/obj/stm32_dma.o
LOAD build/obj/hal_pal_lld.o
LOAD build/obj/hal_st_lld.o
LOAD build/obj/hal_serial_lld.o
LOAD build/obj/board.o
LOAD build/obj/osal.o
LOAD build/obj/chsys.o
LOAD build/obj/chdebug.o
LOAD build/obj/chtrace.o
LOAD build/obj/chvt.o
LOAD build/obj/chschd.o
LOAD build/obj/chthreads.o
LOAD build/obj/chtm.o
LOAD build/obj/chregistry.o
LOAD build/obj/chsem.o
LOAD build/obj/chmtx.o
LOAD build/obj/chcond.o
LOAD build/obj/chevents.o
LOAD build/obj/chmsg.o
LOAD build/obj/chdynamic.o
LOAD build/obj/chmboxes.o
LOAD build/obj/chmemcore.o
LOAD build/obj/chheap.o
LOAD build/obj/chmempools.o
LOAD build/obj/chfactory.o
LOAD build/obj/chcore.o
LOAD build/obj/chcore_v7m.o
LOAD build/obj/ch_test.o
LOAD build/obj/rt_test_root.o
LOAD build/obj/rt_test_sequence_001.o
LOAD build/obj/rt_test_sequence_002.o
LOAD build/obj/rt_test_sequence_003.o
LOAD build/obj/rt_test_sequence_004.o
LOAD build/obj/rt_test_sequence_005.o
LOAD build/obj/rt_test_sequence_006.o
LOAD build/obj/rt_test_sequence_007.o
LOAD build/obj/rt_test_sequence_008.o
LOAD build/obj/rt_test_sequence_009.o
LOAD build/obj/rt_test_sequence_010.o
LOAD build/obj/oslib_test_root.o
LOAD build/obj/oslib_test_sequence_001.o
LOAD build/obj/oslib_test_sequence_002.o
LOAD build/obj/oslib_test_sequence_003.o
LOAD build/obj/oslib_test_sequence_004.o
LOAD build/obj/main.o

.mstack         0x0000000020000000      0x400
                0x0000000020000000                . = ALIGN (0x8)
                0x0000000020000000                __main_stack_base__ = .
                0x0000000020000400                . = (. + __main_stack_size__)
 *fill*         0x0000000020000000      0x400 
                0x0000000020000400                . = ALIGN (0x8)
                0x0000000020000400                __main_stack_end__ = .

.pstack         0x0000000020000400      0x400
                0x0000000020000400                __process_stack_base__ = .
                0x0000000020000400                __main_thread_stack_base__ = .
                0x0000000020000800                . = (. + __process_stack_size__)
 *fill*         0x0000000020000400      0x400 
                0x0000000020000800                . = ALIGN (0x8)
                0x0000000020000800                __process_stack_end__ = .
                0x0000000020000800                __main_thread_stack_end__ = .

.vectors        0x0000000008000000      0x1e0
 *(.vectors)
 .vectors       0x0000000008000000      0x1e0 build/obj/vectors.o
                0x0000000008000000                _vectors

.xtors          0x00000000080001e0        0x0
                0x00000000080001e0                __init_array_start = .
 *(SORT(.init_array.*))
 *(.init_array)
                0x00000000080001e0                __init_array_end = .
                0x00000000080001e0                __fini_array_start = .
 *(.fini_array)
 *(SORT(.fini_array.*))
                0x00000000080001e0                __fini_array_end = .

.text           0x00000000080001e0     0x7794
 *(.text)
 .text          0x00000000080001e0       0xd8 build/obj/crt0_v7m.o
                0x00000000080001e0                _crt0_entry
 .text          0x00000000080002b8        0x8 build/obj/vectors.o
                0x00000000080002b8                Reset_Handler
                0x00000000080002ba                Vector58
                0x00000000080002ba                VectorE8
                0x00000000080002ba                Vector9C
                0x00000000080002ba                VectorAC
                0x00000000080002ba                DebugMon_Handler
                0x00000000080002ba                Vector1A0
                0x00000000080002ba                Vector5C
                0x00000000080002ba                Vector11C
                0x00000000080002ba                HardFault_Handler
                0x00000000080002ba                Vector1B8
                0x00000000080002ba                Vector19C
                0x00000000080002ba                Vector8C
                0x00000000080002ba                SysTick_Handler
                0x00000000080002ba                VectorDC
                0x00000000080002ba                PendSV_Handler
                0x00000000080002ba                Vector168
                0x00000000080002ba                NMI_Handler
                0x00000000080002ba                Vector110
                0x00000000080002ba                Vector120
                0x00000000080002ba                Vector1D8
                0x00000000080002ba                VectorC8
                0x00000000080002ba                Vector94
                0x00000000080002ba                VectorA8
                0x00000000080002ba                VectorB4
                0x00000000080002ba                Vector74
                0x00000000080002ba                Vector160
                0x00000000080002ba                Vector1B0
                0x00000000080002ba                UsageFault_Handler
                0x00000000080002ba                VectorEC
                0x00000000080002ba                Vector40
                0x00000000080002ba                VectorF8
                0x00000000080002ba                Vector108
                0x00000000080002ba                VectorBC
                0x00000000080002ba                Vector190
                0x00000000080002ba                Vector150
                0x00000000080002ba                Vector124
                0x00000000080002ba                Vector1C4
                0x00000000080002ba                Vector1CC
                0x00000000080002ba                Vector148
                0x00000000080002ba                Vector188
                0x00000000080002ba                Vector198
                0x00000000080002ba                Vector118
                0x00000000080002ba                Vector64
                0x00000000080002ba                VectorCC
                0x00000000080002ba                Vector54
                0x00000000080002ba                Vector98
                0x00000000080002ba                Vector138
                0x00000000080002ba                Vector24
                0x00000000080002ba                Vector1AC
                0x00000000080002ba                Vector178
                0x00000000080002ba                Vector84
                0x00000000080002ba                Vector1A4
                0x00000000080002ba                VectorD0
                0x00000000080002ba                Vector1B4
                0x00000000080002ba                Vector140
                0x00000000080002ba                VectorE4
                0x00000000080002ba                VectorC0
                0x00000000080002ba                Vector158
                0x00000000080002ba                Vector130
                0x00000000080002ba                Vector1C0
                0x00000000080002ba                Vector134
                0x00000000080002ba                Vector1D0
                0x00000000080002ba                VectorF0
                0x00000000080002ba                Vector12C
                0x00000000080002ba                Vector13C
                0x00000000080002ba                Vector100
                0x00000000080002ba                VectorE0
                0x00000000080002ba                VectorF4
                0x00000000080002ba                MemManage_Handler
                0x00000000080002ba                Vector6C
                0x00000000080002ba                VectorA0
                0x00000000080002ba                VectorC4
                0x00000000080002ba                Vector7C
                0x00000000080002ba                Vector180
                0x00000000080002ba                Vector90
                0x00000000080002ba                Vector114
                0x00000000080002ba                Vector164
                0x00000000080002ba                Vector60
                0x00000000080002ba                Vector1C
                0x00000000080002ba                Vector1BC
                0x00000000080002ba                Vector1D4
                0x00000000080002ba                Vector17C
                0x00000000080002ba                Vector48
                0x00000000080002ba                Vector1A8
                0x00000000080002ba                Vector16C
                0x00000000080002ba                Vector70
                0x00000000080002ba                VectorD4
                0x00000000080002ba                Vector4C
                0x00000000080002ba                Vector144
                0x00000000080002ba                Vector80
                0x00000000080002ba                Vector15C
                0x00000000080002ba                Vector68
                0x00000000080002ba                Vector78
                0x00000000080002ba                Vector170
                0x00000000080002ba                Vector88
                0x00000000080002ba                Vector104
                0x00000000080002ba                Vector184
                0x00000000080002ba                Vector10C
                0x00000000080002ba                Vector14C
                0x00000000080002ba                BusFault_Handler
                0x00000000080002ba                Vector50
                0x00000000080002ba                Vector1C8
                0x00000000080002ba                Vector194
                0x00000000080002ba                Vector1DC
                0x00000000080002ba                Vector154
                0x00000000080002ba                Vector44
                0x00000000080002ba                Vector28
                0x00000000080002ba                VectorB8
                0x00000000080002ba                VectorFC
                0x00000000080002ba                Vector34
                0x00000000080002ba                Vector128
                0x00000000080002ba                VectorA4
                0x00000000080002ba                Vector20
                0x00000000080002ba                Vector18C
                0x00000000080002ba                Vector174
                0x00000000080002be                _unhandled_exception
 .text          0x00000000080002c0       0x28 build/obj/chcoreasm_v7m.o
                0x00000000080002c0                _port_switch
                0x00000000080002d0                _port_thread_start
                0x00000000080002e0                _port_switch_from_isr
                0x00000000080002e4                _port_exit_from_isr
 .text          0x00000000080002e8       0xf0 /usr/lib/gcc/arm-none-eabi/6.3.1/../../../arm-none-eabi/lib/libg.a(lib_a-memcpy-stub.o)
                0x00000000080002e8                memcpy
 .text          0x00000000080003d8       0xf4 /usr/lib/gcc/arm-none-eabi/6.3.1/../../../arm-none-eabi/lib/libg.a(lib_a-memset.o)
                0x00000000080003d8                memset
 .text          0x00000000080004cc      0x124 /usr/lib/gcc/arm-none-eabi/6.3.1/../../../arm-none-eabi/lib/libg.a(lib_a-strncmp.o)
                0x00000000080004cc                strncmp
 .text          0x00000000080005f0       0xe4 /usr/lib/gcc/arm-none-eabi/6.3.1/../../../arm-none-eabi/lib/libg.a(lib_a-strncpy.o)
                0x00000000080005f0                strncpy
 *(.text.*)
 *fill*         0x00000000080006d4        0xc 
 .text.chCoreAllocAlignedWithOffset
                0x00000000080006e0       0x44 /tmp/cckP5D2l.ltrans0.ltrans.o
                0x00000000080006e0                chCoreAllocAlignedWithOffset
 *fill*         0x0000000008000724        0xc 
 .text.wakeup.lto_priv.205
                0x0000000008000730       0x70 /tmp/cckP5D2l.ltrans0.ltrans.o
                0x0000000008000730                wakeup.lto_priv.205
 .text._idle_thread.lto_priv.90
                0x00000000080007a0        0x4 /tmp/cckP5D2l.ltrans0.ltrans.o
                0x00000000080007a0                _idle_thread.lto_priv.90
 *fill*         0x00000000080007a4        0xc 
 .text.notify2.lto_priv.89
                0x00000000080007b0       0x10 /tmp/cckP5D2l.ltrans0.ltrans.o
                0x00000000080007b0                notify2.lto_priv.89
 .text._ctl.lto_priv.99
                0x00000000080007c0        0x4 /tmp/cckP5D2l.ltrans0.ltrans.o
                0x00000000080007c0                _ctl.lto_priv.99
 *fill*         0x00000000080007c4        0xc 
 .text.chEvtAddEvents
                0x00000000080007d0       0x1c /tmp/cckP5D2l.ltrans0.ltrans.o
                0x00000000080007d0                chEvtAddEvents
 *fill*         0x00000000080007ec        0x4 
 .text.chEvtUnregister
                0x00000000080007f0       0x2c /tmp/cckP5D2l.ltrans0.ltrans.o
                0x00000000080007f0                chEvtUnregister
 *fill*         0x000000000800081c        0x4 
 .text.chTMStopMeasurementX
                0x0000000008000820       0x44 /tmp/cckP5D2l.ltrans0.ltrans.o
                0x0000000008000820                chTMStopMeasurementX
 *fill*         0x0000000008000864        0xc 
 .text.chThdYield
                0x0000000008000870       0x58 /tmp/cckP5D2l.ltrans0.ltrans.o
                0x0000000008000870                chThdYield
 *fill*         0x00000000080008c8        0x8 
 .text.chThdCreateSuspendedI
                0x00000000080008d0       0x88 /tmp/cckP5D2l.ltrans0.ltrans.o
                0x00000000080008d0                chThdCreateSuspendedI
 *fill*         0x0000000008000958        0x8 
 .text.chSchDoRescheduleAhead
                0x0000000008000960       0x40 /tmp/cckP5D2l.ltrans0.ltrans.o
                0x0000000008000960                chSchDoReschedule
 .text.chSchRescheduleS
                0x00000000080009a0       0x18 /tmp/cckP5D2l.ltrans0.ltrans.o
                0x00000000080009a0                chSchRescheduleS
 *fill*         0x00000000080009b8        0x8 
 .text.chThdSetPriority
                0x00000000080009c0       0x30 /tmp/cckP5D2l.ltrans0.ltrans.o
                0x00000000080009c0                chThdSetPriority
 .text.chSchWakeupS
                0x00000000080009f0       0x60 /tmp/cckP5D2l.ltrans0.ltrans.o
                0x00000000080009f0                chSchWakeupS
 .text.chSemSignal
                0x0000000008000a50       0x34 /tmp/cckP5D2l.ltrans0.ltrans.o
                0x0000000008000a50                chSemSignal
 *fill*         0x0000000008000a84        0xc 
 .text.chSchGoSleepS
                0x0000000008000a90       0x28 /tmp/cckP5D2l.ltrans0.ltrans.o
                0x0000000008000a90                chSchGoSleepS
 *fill*         0x0000000008000ab8        0x8 
 .text.chMsgWait
                0x0000000008000ac0       0x40 /tmp/cckP5D2l.ltrans0.ltrans.o
                0x0000000008000ac0                chMsgWait
 .text.chSemWait
                0x0000000008000b00       0x44 /tmp/cckP5D2l.ltrans0.ltrans.o
                0x0000000008000b00                chSemWait
 *fill*         0x0000000008000b44        0xc 
 .text.chSchReadyI
                0x0000000008000b50       0x2c /tmp/cckP5D2l.ltrans0.ltrans.o
                0x0000000008000b50                chSchReadyI
 *fill*         0x0000000008000b7c        0x4 
 .text.chMsgSend
                0x0000000008000b80       0x40 /tmp/cckP5D2l.ltrans0.ltrans.o
                0x0000000008000b80                chMsgSend
 .text.chEvtSignalI
                0x0000000008000bc0       0x2c /tmp/cckP5D2l.ltrans0.ltrans.o
                0x0000000008000bc0                chEvtSignalI
 *fill*         0x0000000008000bec        0x4 
 .text.chEvtBroadcastFlagsI
                0x0000000008000bf0       0x2c /tmp/cckP5D2l.ltrans0.ltrans.o
                0x0000000008000bf0                chEvtBroadcastFlagsI
 *fill*         0x0000000008000c1c        0x4 
 .text.chMtxUnlockS
                0x0000000008000c20       0x50 /tmp/cckP5D2l.ltrans0.ltrans.o
                0x0000000008000c20                chMtxUnlockS
 .text.chMtxUnlock
                0x0000000008000c70       0x64 /tmp/cckP5D2l.ltrans0.ltrans.o
                0x0000000008000c70                chMtxUnlock
 *fill*         0x0000000008000cd4        0xc 
 .text.chMtxLockS
                0x0000000008000ce0       0xc8 /tmp/cckP5D2l.ltrans0.ltrans.o
                0x0000000008000ce0                chMtxLockS
 *fill*         0x0000000008000da8        0x8 
 .text.chMtxLock
                0x0000000008000db0       0x14 /tmp/cckP5D2l.ltrans0.ltrans.o
                0x0000000008000db0                chMtxLock
 *fill*         0x0000000008000dc4        0xc 
 .text.chHeapFree
                0x0000000008000dd0       0x9c /tmp/cckP5D2l.ltrans0.ltrans.o
                0x0000000008000dd0                chHeapFree
 *fill*         0x0000000008000e6c        0x4 
 .text.chThdRelease
                0x0000000008000e70       0x64 /tmp/cckP5D2l.ltrans0.ltrans.o
                0x0000000008000e70                chThdRelease
 *fill*         0x0000000008000ed4        0xc 
 .text.chThdWait
                0x0000000008000ee0       0x38 /tmp/cckP5D2l.ltrans0.ltrans.o
                0x0000000008000ee0                chThdWait
 *fill*         0x0000000008000f18        0x8 
 .text.chSemSignalI
                0x0000000008000f20       0x20 /tmp/cckP5D2l.ltrans0.ltrans.o
                0x0000000008000f20                chSemSignalI
 .text.chSemReset
                0x0000000008000f40       0x38 /tmp/cckP5D2l.ltrans0.ltrans.o
                0x0000000008000f40                chSemReset
 *fill*         0x0000000008000f78        0x8 
 .text.chThdExit
                0x0000000008000f80       0x50 /tmp/cckP5D2l.ltrans0.ltrans.o
                0x0000000008000f80                chThdExit
 .text.chVTDoResetI
                0x0000000008000fd0       0x70 /tmp/cckP5D2l.ltrans0.ltrans.o
                0x0000000008000fd0                chVTDoResetI
 .text.chVTDoSetI
                0x0000000008001040       0x78 /tmp/cckP5D2l.ltrans0.ltrans.o
                0x0000000008001040                chVTDoSetI
 *fill*         0x00000000080010b8        0x8 
 .text.chSchGoSleepTimeoutS
                0x00000000080010c0       0x44 /tmp/cckP5D2l.ltrans0.ltrans.o
                0x00000000080010c0                chSchGoSleepTimeoutS
 *fill*         0x0000000008001104        0xc 
 .text.chThdEnqueueTimeoutS
                0x0000000008001110       0x28 /tmp/cckP5D2l.ltrans0.ltrans.o
                0x0000000008001110                chThdEnqueueTimeoutS
 *fill*         0x0000000008001138        0x8 
 .text.oqWriteTimeout
                0x0000000008001140       0xc4 /tmp/cckP5D2l.ltrans0.ltrans.o
 *fill*         0x0000000008001204        0xc 
 .text._writet.lto_priv.97
                0x0000000008001210        0x8 /tmp/cckP5D2l.ltrans0.ltrans.o
                0x0000000008001210                _writet.lto_priv.97
 *fill*         0x0000000008001218        0x8 
 .text._write.lto_priv.91
                0x0000000008001220        0xc /tmp/cckP5D2l.ltrans0.ltrans.o
                0x0000000008001220                _write.lto_priv.91
 *fill*         0x000000000800122c        0x4 
 .text.oqPutTimeout
                0x0000000008001230       0x54 /tmp/cckP5D2l.ltrans0.ltrans.o
 *fill*         0x0000000008001284        0xc 
 .text._putt.lto_priv.95
                0x0000000008001290        0x8 /tmp/cckP5D2l.ltrans0.ltrans.o
                0x0000000008001290                _putt.lto_priv.95
 *fill*         0x0000000008001298        0x8 
 .text._put.lto_priv.93
                0x00000000080012a0        0xc /tmp/cckP5D2l.ltrans0.ltrans.o
                0x00000000080012a0                _put.lto_priv.93
 *fill*         0x00000000080012ac        0x4 
 .text.iqReadTimeout
                0x00000000080012b0       0xc4 /tmp/cckP5D2l.ltrans0.ltrans.o
 *fill*         0x0000000008001374        0xc 
 .text._readt.lto_priv.98
                0x0000000008001380        0x8 /tmp/cckP5D2l.ltrans0.ltrans.o
                0x0000000008001380                _readt.lto_priv.98
 *fill*         0x0000000008001388        0x8 
 .text._read.lto_priv.92
                0x0000000008001390        0xc /tmp/cckP5D2l.ltrans0.ltrans.o
                0x0000000008001390                _read.lto_priv.92
 *fill*         0x000000000800139c        0x4 
 .text.iqGetTimeout
                0x00000000080013a0       0x54 /tmp/cckP5D2l.ltrans0.ltrans.o
 *fill*         0x00000000080013f4        0xc 
 .text._gett.lto_priv.96
                0x0000000008001400        0x8 /tmp/cckP5D2l.ltrans0.ltrans.o
                0x0000000008001400                _gett.lto_priv.96
 *fill*         0x0000000008001408        0x8 
 .text._get.lto_priv.94
                0x0000000008001410        0xc /tmp/cckP5D2l.ltrans0.ltrans.o
                0x0000000008001410                _get.lto_priv.94
 *fill*         0x000000000800141c        0x4 
 .text.chThdSleep
                0x0000000008001420       0x18 /tmp/cckP5D2l.ltrans0.ltrans.o
                0x0000000008001420                chThdSleep
 *fill*         0x0000000008001438        0x8 
 .text.chSysRestoreStatusX.part.2
                0x0000000008001440       0x20 /tmp/cckP5D2l.ltrans0.ltrans.o
                0x0000000008001440                chSysRestoreStatusX.part.2
 .text.chSysGetStatusAndLockX.part.1
                0x0000000008001460        0xc /tmp/cckP5D2l.ltrans0.ltrans.o
                0x0000000008001460                chSysGetStatusAndLockX.part.1
 *fill*         0x000000000800146c        0x4 
 .text.chSysIntegrityCheckI
                0x0000000008001470       0xbc /tmp/cckP5D2l.ltrans0.ltrans.o
                0x0000000008001470                chSysIntegrityCheckI
 *fill*         0x000000000800152c        0x4 
 .text.__early_init
                0x0000000008001530      0x27c /tmp/cckP5D2l.ltrans0.ltrans.o
                0x0000000008001530                __early_init
 *fill*         0x00000000080017ac        0x4 
 .text.VectorD8
                0x00000000080017b0      0x19c /tmp/cckP5D2l.ltrans0.ltrans.o
                0x00000000080017b0                VectorD8
 *fill*         0x000000000800194c        0x4 
 .text.VectorB0
                0x0000000008001950       0xa0 /tmp/cckP5D2l.ltrans0.ltrans.o
                0x0000000008001950                VectorB0
 .text.__init_ram_areas
                0x00000000080019f0       0x64 /tmp/cckP5D2l.ltrans0.ltrans.o
                0x00000000080019f0                __init_ram_areas
 *fill*         0x0000000008001a54        0xc 
 .text.__default_exit
                0x0000000008001a60        0x4 /tmp/cckP5D2l.ltrans0.ltrans.o
                0x0000000008001a60                __default_exit
 *fill*         0x0000000008001a64        0xc 
 .text.__late_init
                0x0000000008001a70        0x4 /tmp/cckP5D2l.ltrans0.ltrans.o
                0x0000000008001a70                __late_init
 *fill*         0x0000000008001a74        0xc 
 .text.__core_init
                0x0000000008001a80        0x4 /tmp/cckP5D2l.ltrans0.ltrans.o
                0x0000000008001a80                __core_init
 *fill*         0x0000000008001a84        0xc 
 .text.rt_test_009_001_setup.lto_priv.154
                0x0000000008001a90       0x38 /tmp/cckP5D2l.ltrans1.ltrans.o
                0x0000000008001a90                rt_test_009_001_setup.lto_priv.154
 *fill*         0x0000000008001ac8        0x8 
 .text.rt_test_006_009_setup.lto_priv.138
                0x0000000008001ad0       0x28 /tmp/cckP5D2l.ltrans1.ltrans.o
                0x0000000008001ad0                rt_test_006_009_setup.lto_priv.138
 *fill*         0x0000000008001af8        0x8 
 .text.rt_test_006_008_setup.lto_priv.136
                0x0000000008001b00       0x1c /tmp/cckP5D2l.ltrans1.ltrans.o
                0x0000000008001b00                rt_test_006_008_setup.lto_priv.136
 *fill*         0x0000000008001b1c        0x4 
 .text.rt_test_008_002_execute.lto_priv.143
                0x0000000008001b20       0x54 /tmp/cckP5D2l.ltrans1.ltrans.o
                0x0000000008001b20                rt_test_008_002_execute.lto_priv.143
 *fill*         0x0000000008001b74        0xc 
 .text.rt_test_009_001_execute.lto_priv.155
                0x0000000008001b80      0x14c /tmp/cckP5D2l.ltrans1.ltrans.o
                0x0000000008001b80                rt_test_009_001_execute.lto_priv.155
 *fill*         0x0000000008001ccc        0x4 
 .text.dyn_thread1
                0x0000000008001cd0        0x4 /tmp/cckP5D2l.ltrans1.ltrans.o
                0x0000000008001cd0                dyn_thread1.lto_priv.80
 *fill*         0x0000000008001cd4        0xc 
 .text.rt_test_008_001_execute.lto_priv.141
                0x0000000008001ce0       0xf4 /tmp/cckP5D2l.ltrans1.ltrans.o
                0x0000000008001ce0                rt_test_008_001_execute.lto_priv.141
 *fill*         0x0000000008001dd4        0xc 
 .text.rt_test_008_007_setup.lto_priv.152
                0x0000000008001de0       0x18 /tmp/cckP5D2l.ltrans1.ltrans.o
                0x0000000008001de0                rt_test_008_007_setup.lto_priv.152
 *fill*         0x0000000008001df8        0x8 
 .text.rt_test_008_006_setup.lto_priv.150
                0x0000000008001e00        0x4 /tmp/cckP5D2l.ltrans1.ltrans.o
                0x0000000008001e00                rt_test_008_006_setup.lto_priv.150
 *fill*         0x0000000008001e04        0xc 
 .text.rt_test_008_005_setup
                0x0000000008001e10        0x4 /tmp/cckP5D2l.ltrans1.ltrans.o
                0x0000000008001e10                rt_test_008_005_setup.lto_priv.148
 *fill*         0x0000000008001e14        0xc 
 .text.rt_test_008_004_setup
                0x0000000008001e20        0x4 /tmp/cckP5D2l.ltrans1.ltrans.o
                0x0000000008001e20                rt_test_008_004_setup.lto_priv.146
 *fill*         0x0000000008001e24        0xc 
 .text.rt_test_008_003_setup
                0x0000000008001e30        0x4 /tmp/cckP5D2l.ltrans1.ltrans.o
                0x0000000008001e30                rt_test_008_003_setup.lto_priv.144
 *fill*         0x0000000008001e34        0xc 
 .text.rt_test_008_002_setup
                0x0000000008001e40        0x4 /tmp/cckP5D2l.ltrans1.ltrans.o
                0x0000000008001e40                rt_test_008_002_setup.lto_priv.142
 *fill*         0x0000000008001e44        0xc 
 .text.rt_test_008_007_execute.lto_priv.153
                0x0000000008001e50      0x120 /tmp/cckP5D2l.ltrans1.ltrans.o
                0x0000000008001e50                rt_test_008_007_execute.lto_priv.153
 .text.rt_test_008_006_execute.lto_priv.151
                0x0000000008001f70      0x16c /tmp/cckP5D2l.ltrans1.ltrans.o
                0x0000000008001f70                rt_test_008_006_execute.lto_priv.151
 *fill*         0x00000000080020dc        0x4 
 .text.rt_test_008_005_execute.lto_priv.149
                0x00000000080020e0       0xd0 /tmp/cckP5D2l.ltrans1.ltrans.o
                0x00000000080020e0                rt_test_008_005_execute.lto_priv.149
 .text.rt_test_008_004_execute.lto_priv.147
                0x00000000080021b0       0xc8 /tmp/cckP5D2l.ltrans1.ltrans.o
                0x00000000080021b0                rt_test_008_004_execute.lto_priv.147
 *fill*         0x0000000008002278        0x8 
 .text.rt_test_008_003_execute.lto_priv.145
                0x0000000008002280       0xf8 /tmp/cckP5D2l.ltrans1.ltrans.o
                0x0000000008002280                rt_test_008_003_execute.lto_priv.145
 *fill*         0x0000000008002378        0x8 
 .text.evt_thread7
                0x0000000008002380       0x40 /tmp/cckP5D2l.ltrans1.ltrans.o
 .text.evt_thread3
                0x00000000080023c0       0x28 /tmp/cckP5D2l.ltrans1.ltrans.o
 *fill*         0x00000000080023e8        0x8 
 .text.h3       0x00000000080023f0        0x8 /tmp/cckP5D2l.ltrans1.ltrans.o
 *fill*         0x00000000080023f8        0x8 
 .text.h2       0x0000000008002400        0x8 /tmp/cckP5D2l.ltrans1.ltrans.o
 *fill*         0x0000000008002408        0x8 
 .text.h1       0x0000000008002410        0x8 /tmp/cckP5D2l.ltrans1.ltrans.o
 *fill*         0x0000000008002418        0x8 
 .text.msg_thread1
                0x0000000008002420       0x28 /tmp/cckP5D2l.ltrans1.ltrans.o
 *fill*         0x0000000008002448        0x8 
 .text.rt_test_007_001_execute.lto_priv.140
                0x0000000008002450       0x70 /tmp/cckP5D2l.ltrans1.ltrans.o
                0x0000000008002450                rt_test_007_001_execute.lto_priv.140
 .text.rt_test_006_009_execute.lto_priv.139
                0x00000000080024c0       0xa4 /tmp/cckP5D2l.ltrans1.ltrans.o
                0x00000000080024c0                rt_test_006_009_execute.lto_priv.139
 *fill*         0x0000000008002564        0xc 
 .text.rt_test_006_008_execute.lto_priv.137
                0x0000000008002570       0xe0 /tmp/cckP5D2l.ltrans1.ltrans.o
                0x0000000008002570                rt_test_006_008_execute.lto_priv.137
 .text.rt_test_006_007_execute.lto_priv.135
                0x0000000008002650       0xd4 /tmp/cckP5D2l.ltrans1.ltrans.o
                0x0000000008002650                rt_test_006_007_execute.lto_priv.135
 *fill*         0x0000000008002724        0xc 
 .text.test_printn.part.0
                0x0000000008002730       0x10 /tmp/cckP5D2l.ltrans2.ltrans.o
 .text.chCoreAllocAlignedI.lto_priv.87
                0x0000000008002740       0x34 /tmp/cckP5D2l.ltrans2.ltrans.o
                0x0000000008002740                chCoreAllocAlignedI.lto_priv.87
 *fill*         0x0000000008002774        0xc 
 .text.dyn_release_object_heap.part.3
                0x0000000008002780       0x20 /tmp/cckP5D2l.ltrans2.ltrans.o
 .text.test_printn
                0x00000000080027a0       0x58 /tmp/cckP5D2l.ltrans2.ltrans.o
                0x00000000080027a0                test_printn
 *fill*         0x00000000080027f8        0x8 
 .text.test_wait_tick
                0x0000000008002800       0x1c /tmp/cckP5D2l.ltrans2.ltrans.o
                0x0000000008002800                test_wait_tick
 *fill*         0x000000000800281c        0x4 
 .text.test_wait_threads
                0x0000000008002820       0x20 /tmp/cckP5D2l.ltrans2.ltrans.o
                0x0000000008002820                test_wait_threads
 .text.test_terminate_threads
                0x0000000008002840       0x34 /tmp/cckP5D2l.ltrans2.ltrans.o
                0x0000000008002840                test_terminate_threads
 *fill*         0x0000000008002874        0xc 
 .text.test_emit_token
                0x0000000008002880       0x28 /tmp/cckP5D2l.ltrans2.ltrans.o
                0x0000000008002880                test_emit_token
 *fill*         0x00000000080028a8        0x8 
 .text.test_println
                0x00000000080028b0       0x38 /tmp/cckP5D2l.ltrans2.ltrans.o
                0x00000000080028b0                test_println
 *fill*         0x00000000080028e8        0x8 
 .text.test_print
                0x00000000080028f0       0x24 /tmp/cckP5D2l.ltrans2.ltrans.o
                0x00000000080028f0                test_print
 *fill*         0x0000000008002914        0xc 
 .text.rt_test_001_003_execute.lto_priv.102
                0x0000000008002920      0x3c8 /tmp/cckP5D2l.ltrans2.ltrans.o
                0x0000000008002920                rt_test_001_003_execute.lto_priv.102
 *fill*         0x0000000008002ce8        0x8 
 .text.rt_test_001_002_execute.lto_priv.101
                0x0000000008002cf0       0x88 /tmp/cckP5D2l.ltrans2.ltrans.o
                0x0000000008002cf0                rt_test_001_002_execute.lto_priv.101
 *fill*         0x0000000008002d78        0x8 
 .text.rt_test_001_001_execute.lto_priv.100
                0x0000000008002d80       0xa8 /tmp/cckP5D2l.ltrans2.ltrans.o
                0x0000000008002d80                rt_test_001_001_execute.lto_priv.100
 *fill*         0x0000000008002e28        0x8 
 .text._test_assert_sequence
                0x0000000008002e30       0x4c /tmp/cckP5D2l.ltrans2.ltrans.o
                0x0000000008002e30                _test_assert_sequence
 *fill*         0x0000000008002e7c        0x4 
 .text._test_assert
                0x0000000008002e80       0x28 /tmp/cckP5D2l.ltrans2.ltrans.o
                0x0000000008002e80                _test_assert
 *fill*         0x0000000008002ea8        0x8 
 .text.print_line.lto_priv.86
                0x0000000008002eb0       0x2c /tmp/cckP5D2l.ltrans2.ltrans.o
                0x0000000008002eb0                print_line.lto_priv.86
 *fill*         0x0000000008002edc        0x4 
 .text._port_irq_epilogue
                0x0000000008002ee0       0x54 /tmp/cckP5D2l.ltrans2.ltrans.o
                0x0000000008002ee0                _port_irq_epilogue
 *fill*         0x0000000008002f34        0xc 
 .text.SVC_Handler
                0x0000000008002f40       0x14 /tmp/cckP5D2l.ltrans2.ltrans.o
                0x0000000008002f40                SVC_Handler
 *fill*         0x0000000008002f54        0xc 
 .text.chFactoryReleaseObjectsFIFO
                0x0000000008002f60       0x2c /tmp/cckP5D2l.ltrans2.ltrans.o
                0x0000000008002f60                chFactoryReleaseObjectsFIFO
 *fill*         0x0000000008002f8c        0x4 
 .text.chFactoryReleaseMailbox
                0x0000000008002f90       0x2c /tmp/cckP5D2l.ltrans2.ltrans.o
                0x0000000008002f90                chFactoryReleaseMailbox
 *fill*         0x0000000008002fbc        0x4 
 .text.chFactoryReleaseSemaphore
                0x0000000008002fc0       0x64 /tmp/cckP5D2l.ltrans2.ltrans.o
                0x0000000008002fc0                chFactoryReleaseSemaphore
 *fill*         0x0000000008003024        0xc 
 .text.chFactoryReleaseBuffer
                0x0000000008003030       0x2c /tmp/cckP5D2l.ltrans2.ltrans.o
                0x0000000008003030                chFactoryReleaseBuffer
 *fill*         0x000000000800305c        0x4 
 .text.chFactoryReleaseObject
                0x0000000008003060       0x64 /tmp/cckP5D2l.ltrans2.ltrans.o
                0x0000000008003060                chFactoryReleaseObject
 *fill*         0x00000000080030c4        0xc 
 .text.dyn_find_object.lto_priv.82
                0x00000000080030d0       0x34 /tmp/cckP5D2l.ltrans2.ltrans.o
                0x00000000080030d0                dyn_find_object.lto_priv.82
 *fill*         0x0000000008003104        0xc 
 .text.dyn_create_object_heap.lto_priv.83
                0x0000000008003110       0x50 /tmp/cckP5D2l.ltrans2.ltrans.o
                0x0000000008003110                dyn_create_object_heap.lto_priv.83
 .text.chPoolAlloc
                0x0000000008003160       0x30 /tmp/cckP5D2l.ltrans2.ltrans.o
                0x0000000008003160                chPoolAlloc
 .text.dyn_create_object_pool.lto_priv.81
                0x0000000008003190       0x50 /tmp/cckP5D2l.ltrans2.ltrans.o
                0x0000000008003190                dyn_create_object_pool.lto_priv.81
 .text.chHeapStatus
                0x00000000080031e0       0x68 /tmp/cckP5D2l.ltrans2.ltrans.o
                0x00000000080031e0                chHeapStatus
 *fill*         0x0000000008003248        0x8 
 .text.Thread1  0x0000000008003250       0x3c /tmp/cckP5D2l.ltrans3.ltrans.o
 *fill*         0x000000000800328c        0x4 
 .text.oslib_test_004_005_execute
                0x0000000008003290      0x128 /tmp/cckP5D2l.ltrans3.ltrans.o
 *fill*         0x00000000080033b8        0x8 
 .text.oslib_test_004_005_teardown
                0x00000000080033c0       0x1c /tmp/cckP5D2l.ltrans3.ltrans.o
 *fill*         0x00000000080033dc        0x4 
 .text.oslib_test_004_004_execute
                0x00000000080033e0      0x128 /tmp/cckP5D2l.ltrans3.ltrans.o
 *fill*         0x0000000008003508        0x8 
 .text.oslib_test_004_004_teardown
                0x0000000008003510       0x1c /tmp/cckP5D2l.ltrans3.ltrans.o
 *fill*         0x000000000800352c        0x4 
 .text.oslib_test_004_003_execute
                0x0000000008003530      0x128 /tmp/cckP5D2l.ltrans3.ltrans.o
 *fill*         0x0000000008003658        0x8 
 .text.oslib_test_004_003_teardown
                0x0000000008003660       0x1c /tmp/cckP5D2l.ltrans3.ltrans.o
 *fill*         0x000000000800367c        0x4 
 .text.oslib_test_004_002_execute
                0x0000000008003680      0x128 /tmp/cckP5D2l.ltrans3.ltrans.o
 *fill*         0x00000000080037a8        0x8 
 .text.oslib_test_004_002_teardown
                0x00000000080037b0       0x1c /tmp/cckP5D2l.ltrans3.ltrans.o
 *fill*         0x00000000080037cc        0x4 
 .text.oslib_test_004_001_execute
                0x00000000080037d0      0x174 /tmp/cckP5D2l.ltrans3.ltrans.o
 *fill*         0x0000000008003944        0xc 
 .text.oslib_test_004_001_teardown
                0x0000000008003950       0x1c /tmp/cckP5D2l.ltrans3.ltrans.o
 *fill*         0x000000000800396c        0x4 
 .text.oslib_test_003_002_execute
                0x0000000008003970       0x64 /tmp/cckP5D2l.ltrans3.ltrans.o
 *fill*         0x00000000080039d4        0xc 
 .text.startup.main
                0x00000000080039e0      0x400 /tmp/cckP5D2l.ltrans3.ltrans.o
                0x00000000080039e0                main
 .text.rt_test_010_011_setup.lto_priv.170
                0x0000000008003de0       0x10 /tmp/cckP5D2l.ltrans4.ltrans.o
                0x0000000008003de0                rt_test_010_011_setup.lto_priv.170
 .text.rt_test_010_010_setup.lto_priv.168
                0x0000000008003df0       0x10 /tmp/cckP5D2l.ltrans4.ltrans.o
                0x0000000008003df0                rt_test_010_010_setup.lto_priv.168
 .text.tmo      0x0000000008003e00        0x4 /tmp/cckP5D2l.ltrans4.ltrans.o
 *fill*         0x0000000008003e04        0xc 
 .text.rt_test_010_007_setup.lto_priv.164
                0x0000000008003e10       0x10 /tmp/cckP5D2l.ltrans4.ltrans.o
                0x0000000008003e10                rt_test_010_007_setup.lto_priv.164
 .text.rt_test_009_002_setup.lto_priv.156
                0x0000000008003e20       0x18 /tmp/cckP5D2l.ltrans4.ltrans.o
                0x0000000008003e20                rt_test_009_002_setup.lto_priv.156
 *fill*         0x0000000008003e38        0x8 
 .text.oslib_test_001_002_teardown
                0x0000000008003e40        0x4 /tmp/cckP5D2l.ltrans4.ltrans.o
                0x0000000008003e40                oslib_test_001_002_teardown.lto_priv.177
 *fill*         0x0000000008003e44        0xc 
 .text.oslib_test_001_001_teardown
                0x0000000008003e50        0x4 /tmp/cckP5D2l.ltrans4.ltrans.o
                0x0000000008003e50                oslib_test_001_001_teardown.lto_priv.174
 *fill*         0x0000000008003e54        0xc 
 .text.oslib_test_001_002_setup
                0x0000000008003e60        0x4 /tmp/cckP5D2l.ltrans4.ltrans.o
                0x0000000008003e60                oslib_test_001_002_setup.lto_priv.176
 *fill*         0x0000000008003e64        0xc 
 .text.oslib_test_001_001_setup
                0x0000000008003e70        0x4 /tmp/cckP5D2l.ltrans4.ltrans.o
                0x0000000008003e70                oslib_test_001_001_setup.lto_priv.173
 *fill*         0x0000000008003e74        0xc 
 .text.oslib_test_001_001_execute.lto_priv.175
                0x0000000008003e80      0x318 /tmp/cckP5D2l.ltrans4.ltrans.o
                0x0000000008003e80                oslib_test_001_001_execute.lto_priv.175
 *fill*         0x0000000008004198        0x8 
 .text.rt_test_010_012_execute.lto_priv.172
                0x00000000080041a0       0xfc /tmp/cckP5D2l.ltrans4.ltrans.o
                0x00000000080041a0                rt_test_010_012_execute.lto_priv.172
 *fill*         0x000000000800429c        0x4 
 .text.rt_test_010_011_execute.lto_priv.171
                0x00000000080042a0       0x8c /tmp/cckP5D2l.ltrans4.ltrans.o
                0x00000000080042a0                rt_test_010_011_execute.lto_priv.171
 *fill*         0x000000000800432c        0x4 
 .text.rt_test_010_010_execute.lto_priv.169
                0x0000000008004330       0x8c /tmp/cckP5D2l.ltrans4.ltrans.o
                0x0000000008004330                rt_test_010_010_execute.lto_priv.169
 *fill*         0x00000000080043bc        0x4 
 .text.bmk_thread7
                0x00000000080043c0       0x2c /tmp/cckP5D2l.ltrans4.ltrans.o
 *fill*         0x00000000080043ec        0x4 
 .text.rt_test_010_009_execute.lto_priv.167
                0x00000000080043f0       0x9c /tmp/cckP5D2l.ltrans4.ltrans.o
                0x00000000080043f0                rt_test_010_009_execute.lto_priv.167
 *fill*         0x000000000800448c        0x4 
 .text.rt_test_010_008_execute.lto_priv.166
                0x0000000008004490       0xe4 /tmp/cckP5D2l.ltrans4.ltrans.o
                0x0000000008004490                rt_test_010_008_execute.lto_priv.166
 *fill*         0x0000000008004574        0xc 
 .text.bmk_thread8
                0x0000000008004580       0x2c /tmp/cckP5D2l.ltrans4.ltrans.o
 *fill*         0x00000000080045ac        0x4 
 .text.rt_test_010_007_execute.lto_priv.165
                0x00000000080045b0      0x110 /tmp/cckP5D2l.ltrans4.ltrans.o
                0x00000000080045b0                rt_test_010_007_execute.lto_priv.165
 .text.rt_test_010_006_execute.lto_priv.163
                0x00000000080046c0       0x7c /tmp/cckP5D2l.ltrans4.ltrans.o
                0x00000000080046c0                rt_test_010_006_execute.lto_priv.163
 *fill*         0x000000000800473c        0x4 
 .text.rt_test_010_005_execute.lto_priv.162
                0x0000000008004740       0x7c /tmp/cckP5D2l.ltrans4.ltrans.o
                0x0000000008004740                rt_test_010_005_execute.lto_priv.162
 *fill*         0x00000000080047bc        0x4 
 .text.rt_test_010_004_execute.lto_priv.161
                0x00000000080047c0       0xcc /tmp/cckP5D2l.ltrans4.ltrans.o
                0x00000000080047c0                rt_test_010_004_execute.lto_priv.161
 *fill*         0x000000000800488c        0x4 
 .text.bmk_thread4
                0x0000000008004890       0x24 /tmp/cckP5D2l.ltrans4.ltrans.o
 *fill*         0x00000000080048b4        0xc 
 .text.bmk_thread1
                0x00000000080048c0       0x20 /tmp/cckP5D2l.ltrans4.ltrans.o
 .text.msg_loop_test
                0x00000000080048e0       0x3c /tmp/cckP5D2l.ltrans4.ltrans.o
 *fill*         0x000000000800491c        0x4 
 .text.rt_test_010_003_execute.lto_priv.160
                0x0000000008004920       0xdc /tmp/cckP5D2l.ltrans4.ltrans.o
                0x0000000008004920                rt_test_010_003_execute.lto_priv.160
 *fill*         0x00000000080049fc        0x4 
 .text.rt_test_010_002_execute.lto_priv.159
                0x0000000008004a00       0x74 /tmp/cckP5D2l.ltrans4.ltrans.o
                0x0000000008004a00                rt_test_010_002_execute.lto_priv.159
 *fill*         0x0000000008004a74        0xc 
 .text.rt_test_010_001_execute.lto_priv.158
                0x0000000008004a80       0x74 /tmp/cckP5D2l.ltrans4.ltrans.o
                0x0000000008004a80                rt_test_010_001_execute.lto_priv.158
 *fill*         0x0000000008004af4        0xc 
 .text.rt_test_009_002_execute.lto_priv.157
                0x0000000008004b00      0x158 /tmp/cckP5D2l.ltrans4.ltrans.o
                0x0000000008004b00                rt_test_009_002_execute.lto_priv.157
 *fill*         0x0000000008004c58        0x8 
 .text.bmk_thread3
                0x0000000008004c60        0x4 /tmp/cckP5D2l.ltrans4.ltrans.o
 *fill*         0x0000000008004c64        0xc 
 .text.rt_test_006_005_setup.lto_priv.132
                0x0000000008004c70       0x10 /tmp/cckP5D2l.ltrans5.ltrans.o
                0x0000000008004c70                rt_test_006_005_setup.lto_priv.132
 .text.rt_test_006_004_setup.lto_priv.129
                0x0000000008004c80       0x1c /tmp/cckP5D2l.ltrans5.ltrans.o
                0x0000000008004c80                rt_test_006_004_setup.lto_priv.129
 *fill*         0x0000000008004c9c        0x4 
 .text.rt_test_006_001_setup
                0x0000000008004ca0        0x4 /tmp/cckP5D2l.ltrans5.ltrans.o
                0x0000000008004ca0                rt_test_006_001_setup.lto_priv.127
 *fill*         0x0000000008004ca4        0xc 
 .text.rt_test_005_005_setup.lto_priv.122
                0x0000000008004cb0       0x10 /tmp/cckP5D2l.ltrans5.ltrans.o
                0x0000000008004cb0                rt_test_005_005_setup.lto_priv.122
 .text.rt_test_005_004_setup
                0x0000000008004cc0        0x4 /tmp/cckP5D2l.ltrans5.ltrans.o
                0x0000000008004cc0                rt_test_005_004_setup.lto_priv.120
 *fill*         0x0000000008004cc4        0xc 
 .text.rt_test_005_003_setup
                0x0000000008004cd0        0x4 /tmp/cckP5D2l.ltrans5.ltrans.o
                0x0000000008004cd0                rt_test_005_003_setup.lto_priv.118
 *fill*         0x0000000008004cd4        0xc 
 .text.rt_test_005_002_setup
                0x0000000008004ce0        0x4 /tmp/cckP5D2l.ltrans5.ltrans.o
                0x0000000008004ce0                rt_test_005_002_setup.lto_priv.116
 *fill*         0x0000000008004ce4        0xc 
 .text.rt_test_005_001_setup.lto_priv.113
                0x0000000008004cf0       0x10 /tmp/cckP5D2l.ltrans5.ltrans.o
                0x0000000008004cf0                rt_test_005_001_setup.lto_priv.113
 .text.rt_test_006_007_setup
                0x0000000008004d00        0x4 /tmp/cckP5D2l.ltrans5.ltrans.o
                0x0000000008004d00                rt_test_006_007_setup.lto_priv.134
 *fill*         0x0000000008004d04        0xc 
 .text.rt_test_006_005_execute.lto_priv.133
                0x0000000008004d10      0x160 /tmp/cckP5D2l.ltrans5.ltrans.o
                0x0000000008004d10                rt_test_006_005_execute.lto_priv.133
 .text.thread4A
                0x0000000008004e70       0x20 /tmp/cckP5D2l.ltrans5.ltrans.o
 .text.rt_test_006_004_execute.lto_priv.131
                0x0000000008004e90      0x138 /tmp/cckP5D2l.ltrans5.ltrans.o
                0x0000000008004e90                rt_test_006_004_execute.lto_priv.131
 *fill*         0x0000000008004fc8        0x8 
 .text.thread4B
                0x0000000008004fd0       0x30 /tmp/cckP5D2l.ltrans5.ltrans.o
 .text.rt_test_005_006_teardown.lto_priv.125
                0x0000000008005000        0x4 /tmp/cckP5D2l.ltrans5.ltrans.o
                0x0000000008005000                rt_test_005_006_teardown.lto_priv.125
 *fill*         0x0000000008005004        0xc 
 .text.rt_test_006_004_teardown
                0x0000000008005010        0x4 /tmp/cckP5D2l.ltrans5.ltrans.o
                0x0000000008005010                rt_test_006_004_teardown.lto_priv.130
 *fill*         0x0000000008005014        0xc 
 .text.rt_test_005_005_teardown
                0x0000000008005020        0x4 /tmp/cckP5D2l.ltrans5.ltrans.o
                0x0000000008005020                rt_test_005_005_teardown.lto_priv.123
 *fill*         0x0000000008005024        0xc 
 .text.rt_test_006_001_execute.lto_priv.128
                0x0000000008005030       0xdc /tmp/cckP5D2l.ltrans5.ltrans.o
                0x0000000008005030                rt_test_006_001_execute.lto_priv.128
 *fill*         0x000000000800510c        0x4 
 .text.rt_test_005_004_execute.lto_priv.121
                0x0000000008005110       0xb4 /tmp/cckP5D2l.ltrans5.ltrans.o
                0x0000000008005110                rt_test_005_004_execute.lto_priv.121
 *fill*         0x00000000080051c4        0xc 
 .text.thread1.lto_priv.204
                0x00000000080051d0       0x20 /tmp/cckP5D2l.ltrans5.ltrans.o
 .text.thread9.lto_priv.198
                0x00000000080051f0       0x20 /tmp/cckP5D2l.ltrans5.ltrans.o
                0x00000000080051f0                thread9.lto_priv.198
 .text.thread8.lto_priv.196
                0x0000000008005210       0x84 /tmp/cckP5D2l.ltrans5.ltrans.o
                0x0000000008005210                thread8.lto_priv.196
 *fill*         0x0000000008005294        0xc 
 .text.thread6.lto_priv.197
                0x00000000080052a0       0x6c /tmp/cckP5D2l.ltrans5.ltrans.o
                0x00000000080052a0                thread6.lto_priv.197
 *fill*         0x000000000800530c        0x4 
 .text.thread1.lto_priv.203
                0x0000000008005310       0x18 /tmp/cckP5D2l.ltrans5.ltrans.o
 *fill*         0x0000000008005328        0x8 
 .text.rt_test_005_001_teardown.lto_priv.114
                0x0000000008005330        0xc /tmp/cckP5D2l.ltrans5.ltrans.o
                0x0000000008005330                rt_test_005_001_teardown.lto_priv.114
 *fill*         0x000000000800533c        0x4 
 .text.rt_test_005_006_execute.lto_priv.126
                0x0000000008005340      0x1b0 /tmp/cckP5D2l.ltrans5.ltrans.o
                0x0000000008005340                rt_test_005_006_execute.lto_priv.126
 .text.thread2  0x00000000080054f0       0x28 /tmp/cckP5D2l.ltrans5.ltrans.o
 *fill*         0x0000000008005518        0x8 
 .text.thread4  0x0000000008005520       0x2c /tmp/cckP5D2l.ltrans5.ltrans.o
 *fill*         0x000000000800554c        0x4 
 .text.rt_test_005_005_execute.lto_priv.124
                0x0000000008005550       0x9c /tmp/cckP5D2l.ltrans5.ltrans.o
                0x0000000008005550                rt_test_005_005_execute.lto_priv.124
 *fill*         0x00000000080055ec        0x4 
 .text.thread3  0x00000000080055f0       0x18 /tmp/cckP5D2l.ltrans5.ltrans.o
 *fill*         0x0000000008005608        0x8 
 .text.rt_test_005_002_execute.lto_priv.117
                0x0000000008005610       0xf0 /tmp/cckP5D2l.ltrans5.ltrans.o
                0x0000000008005610                rt_test_005_002_execute.lto_priv.117
 .text.rt_test_005_001_execute.lto_priv.115
                0x0000000008005700       0xc4 /tmp/cckP5D2l.ltrans5.ltrans.o
                0x0000000008005700                rt_test_005_001_execute.lto_priv.115
 *fill*         0x00000000080057c4        0xc 
 .text.rt_test_005_003_execute.lto_priv.119
                0x00000000080057d0      0x160 /tmp/cckP5D2l.ltrans5.ltrans.o
                0x00000000080057d0                rt_test_005_003_execute.lto_priv.119
 .text.oslib_test_003_001_setup.lto_priv.188
                0x0000000008005930       0x38 /tmp/cckP5D2l.ltrans6.ltrans.o
                0x0000000008005930                oslib_test_003_001_setup.lto_priv.188
 *fill*         0x0000000008005968        0x8 
 .text.oslib_test_002_003_setup.lto_priv.186
                0x0000000008005970       0x1c /tmp/cckP5D2l.ltrans6.ltrans.o
                0x0000000008005970                oslib_test_002_003_setup.lto_priv.186
 *fill*         0x000000000800598c        0x4 
 .text.oslib_test_002_002_setup
                0x0000000008005990        0x4 /tmp/cckP5D2l.ltrans6.ltrans.o
                0x0000000008005990                oslib_test_002_002_setup.lto_priv.184
 *fill*         0x0000000008005994        0xc 
 .text.null_provider
                0x00000000080059a0        0x4 /tmp/cckP5D2l.ltrans6.ltrans.o
 *fill*         0x00000000080059a4        0xc 
 .text.oslib_test_002_001_setup.lto_priv.182
                0x00000000080059b0       0x14 /tmp/cckP5D2l.ltrans6.ltrans.o
                0x00000000080059b0                oslib_test_002_001_setup.lto_priv.182
 *fill*         0x00000000080059c4        0xc 
 .text.oslib_test_001_003_setup.lto_priv.179
                0x00000000080059d0       0x34 /tmp/cckP5D2l.ltrans6.ltrans.o
                0x00000000080059d0                oslib_test_001_003_setup.lto_priv.179
 *fill*         0x0000000008005a04        0xc 
 .text.oslib_test_003_001_execute.lto_priv.189
                0x0000000008005a10      0x330 /tmp/cckP5D2l.ltrans6.ltrans.o
                0x0000000008005a10                oslib_test_003_001_execute.lto_priv.189
 .text.oslib_test_002_003_execute.lto_priv.187
                0x0000000008005d40       0x28 /tmp/cckP5D2l.ltrans6.ltrans.o
                0x0000000008005d40                oslib_test_002_003_execute.lto_priv.187
 *fill*         0x0000000008005d68        0x8 
 .text.oslib_test_002_002_execute.lto_priv.185
                0x0000000008005d70      0x100 /tmp/cckP5D2l.ltrans6.ltrans.o
                0x0000000008005d70                oslib_test_002_002_execute.lto_priv.185
 .text.oslib_test_002_001_execute.lto_priv.183
                0x0000000008005e70      0x10c /tmp/cckP5D2l.ltrans6.ltrans.o
                0x0000000008005e70                oslib_test_002_001_execute.lto_priv.183
 *fill*         0x0000000008005f7c        0x4 
 .text.oslib_test_001_003_teardown.lto_priv.180
                0x0000000008005f80        0x4 /tmp/cckP5D2l.ltrans6.ltrans.o
                0x0000000008005f80                oslib_test_001_003_teardown.lto_priv.180
 *fill*         0x0000000008005f84        0xc 
 .text.oslib_test_001_003_execute.lto_priv.181
                0x0000000008005f90      0x110 /tmp/cckP5D2l.ltrans6.ltrans.o
                0x0000000008005f90                oslib_test_001_003_execute.lto_priv.181
 .text.oslib_test_001_002_execute.lto_priv.178
                0x00000000080060a0      0x2f0 /tmp/cckP5D2l.ltrans6.ltrans.o
                0x00000000080060a0                oslib_test_001_002_execute.lto_priv.178
 .text.chThdDequeueNextI.constprop.76
                0x0000000008006390       0x18 /tmp/cckP5D2l.ltrans7.ltrans.o
                0x0000000008006390                chThdDequeueNextI.constprop.76
 *fill*         0x00000000080063a8        0x8 
 .text._pal_lld_setgroupmode.constprop.69
                0x00000000080063b0       0x8c /tmp/cckP5D2l.ltrans7.ltrans.o
                0x00000000080063b0                _pal_lld_setgroupmode.constprop.69
 *fill*         0x000000000800643c        0x4 
 .text.chTMStartMeasurementX.constprop.63
                0x0000000008006440        0xc /tmp/cckP5D2l.ltrans7.ltrans.o
                0x0000000008006440                chTMStartMeasurementX.constprop.63
 *fill*         0x000000000800644c        0x4 
 .text.chThdCreateStatic.constprop.62
                0x0000000008006450       0x94 /tmp/cckP5D2l.ltrans7.ltrans.o
                0x0000000008006450                chThdCreateStatic.constprop.62
 *fill*         0x00000000080064e4        0xc 
 .text.chThdDequeueAllI.constprop.59
                0x00000000080064f0       0x24 /tmp/cckP5D2l.ltrans7.ltrans.o
                0x00000000080064f0                chThdDequeueAllI.constprop.59
 *fill*         0x0000000008006514        0xc 
 .text.chSemWaitTimeout.constprop.58
                0x0000000008006520       0x50 /tmp/cckP5D2l.ltrans7.ltrans.o
                0x0000000008006520                chSemWaitTimeout.constprop.58
 .text.chSemSignalWait.constprop.55
                0x0000000008006570       0x68 /tmp/cckP5D2l.ltrans7.ltrans.o
                0x0000000008006570                chSemSignalWait.constprop.55
 *fill*         0x00000000080065d8        0x8 
 .text.chMtxTryLock.constprop.53
                0x00000000080065e0       0x34 /tmp/cckP5D2l.ltrans7.ltrans.o
                0x00000000080065e0                chMtxTryLock.constprop.53
 *fill*         0x0000000008006614        0xc 
 .text.chCondSignal.constprop.51
                0x0000000008006620       0x28 /tmp/cckP5D2l.ltrans7.ltrans.o
                0x0000000008006620                chCondSignal.constprop.51
 *fill*         0x0000000008006648        0x8 
 .text.chCondSignalI.constprop.50
                0x0000000008006650       0x24 /tmp/cckP5D2l.ltrans7.ltrans.o
                0x0000000008006650                chCondSignalI.constprop.50
 *fill*         0x0000000008006674        0xc 
 .text.chEvtGetAndClearEvents.constprop.43
                0x0000000008006680       0x1c /tmp/cckP5D2l.ltrans7.ltrans.o
                0x0000000008006680                chEvtGetAndClearEvents.constprop.43
 *fill*         0x000000000800669c        0x4 
 .text.chEvtWaitOne.constprop.39
                0x00000000080066a0       0x34 /tmp/cckP5D2l.ltrans7.ltrans.o
                0x00000000080066a0                chEvtWaitOne.constprop.39
 *fill*         0x00000000080066d4        0xc 
 .text.chEvtWaitAny.constprop.38
                0x00000000080066e0       0x2c /tmp/cckP5D2l.ltrans7.ltrans.o
                0x00000000080066e0                chEvtWaitAny.constprop.38
 *fill*         0x000000000800670c        0x4 
 .text.chEvtWaitAll.constprop.37
                0x0000000008006710       0x38 /tmp/cckP5D2l.ltrans7.ltrans.o
                0x0000000008006710                chEvtWaitAll.constprop.37
 *fill*         0x0000000008006748        0x8 
 .text.chHeapAllocAligned.constprop.33
                0x0000000008006750       0xf0 /tmp/cckP5D2l.ltrans7.ltrans.o
                0x0000000008006750                chHeapAllocAligned.constprop.33
 .text.chThdCreateFromHeap.constprop.32
                0x0000000008006840       0x58 /tmp/cckP5D2l.ltrans7.ltrans.o
                0x0000000008006840                chThdCreateFromHeap.constprop.32
 *fill*         0x0000000008006898        0x8 
 .text.chThdCreateFromMemoryPool.constprop.31
                0x00000000080068a0       0x5c /tmp/cckP5D2l.ltrans7.ltrans.o
                0x00000000080068a0                chThdCreateFromMemoryPool.constprop.31
 *fill*         0x00000000080068fc        0x4 
 .text.chMBReset.constprop.29
                0x0000000008006900       0x38 /tmp/cckP5D2l.ltrans7.ltrans.o
                0x0000000008006900                chMBReset.constprop.29
 *fill*         0x0000000008006938        0x8 
 .text.chMBPostTimeout.constprop.27
                0x0000000008006940       0x78 /tmp/cckP5D2l.ltrans7.ltrans.o
                0x0000000008006940                chMBPostTimeout.constprop.27
 *fill*         0x00000000080069b8        0x8 
 .text.chMBPostI.constprop.26
                0x00000000080069c0       0x48 /tmp/cckP5D2l.ltrans7.ltrans.o
                0x00000000080069c0                chMBPostI.constprop.26
 *fill*         0x0000000008006a08        0x8 
 .text.chMBPostAheadTimeout.constprop.24
                0x0000000008006a10       0x78 /tmp/cckP5D2l.ltrans7.ltrans.o
                0x0000000008006a10                chMBPostAheadTimeout.constprop.24
 *fill*         0x0000000008006a88        0x8 
 .text.chMBPostAheadI.constprop.23
                0x0000000008006a90       0x48 /tmp/cckP5D2l.ltrans7.ltrans.o
                0x0000000008006a90                chMBPostAheadI.constprop.23
 *fill*         0x0000000008006ad8        0x8 
 .text.chMBFetchTimeout.constprop.21
                0x0000000008006ae0       0x6c /tmp/cckP5D2l.ltrans7.ltrans.o
                0x0000000008006ae0                chMBFetchTimeout.constprop.21
 *fill*         0x0000000008006b4c        0x4 
 .text.chMBFetchI.constprop.20
                0x0000000008006b50       0x48 /tmp/cckP5D2l.ltrans7.ltrans.o
                0x0000000008006b50                chMBFetchI.constprop.20
 *fill*         0x0000000008006b98        0x8 
 .text.chGuardedPoolAllocTimeout.constprop.15
                0x0000000008006ba0       0x6c /tmp/cckP5D2l.ltrans7.ltrans.o
                0x0000000008006ba0                chGuardedPoolAllocTimeout.constprop.15
 *fill*         0x0000000008006c0c        0x4 
 .text.chFactoryRegisterObject.constprop.12
                0x0000000008006c10       0x30 /tmp/cckP5D2l.ltrans7.ltrans.o
                0x0000000008006c10                chFactoryRegisterObject.constprop.12
 .text.chFactoryFindObject.constprop.11
                0x0000000008006c40       0x28 /tmp/cckP5D2l.ltrans7.ltrans.o
                0x0000000008006c40                chFactoryFindObject.constprop.11
 *fill*         0x0000000008006c68        0x8 
 .text.chFactoryCreateBuffer.constprop.10
                0x0000000008006c70       0x38 /tmp/cckP5D2l.ltrans7.ltrans.o
                0x0000000008006c70                chFactoryCreateBuffer.constprop.10
 *fill*         0x0000000008006ca8        0x8 
 .text.chFactoryFindBuffer.constprop.9
                0x0000000008006cb0       0x28 /tmp/cckP5D2l.ltrans7.ltrans.o
                0x0000000008006cb0                chFactoryFindBuffer.constprop.9
 *fill*         0x0000000008006cd8        0x8 
 .text.chFactoryCreateSemaphore.constprop.8
                0x0000000008006ce0       0x38 /tmp/cckP5D2l.ltrans7.ltrans.o
                0x0000000008006ce0                chFactoryCreateSemaphore.constprop.8
 *fill*         0x0000000008006d18        0x8 
 .text.chFactoryFindSemaphore.constprop.7
                0x0000000008006d20       0x28 /tmp/cckP5D2l.ltrans7.ltrans.o
                0x0000000008006d20                chFactoryFindSemaphore.constprop.7
 *fill*         0x0000000008006d48        0x8 
 .text.chFactoryCreateMailbox.constprop.6
                0x0000000008006d50       0x54 /tmp/cckP5D2l.ltrans7.ltrans.o
                0x0000000008006d50                chFactoryCreateMailbox.constprop.6
 *fill*         0x0000000008006da4        0xc 
 .text.chFactoryFindMailbox.constprop.5
                0x0000000008006db0       0x28 /tmp/cckP5D2l.ltrans7.ltrans.o
                0x0000000008006db0                chFactoryFindMailbox.constprop.5
 *fill*         0x0000000008006dd8        0x8 
 .text.chFactoryCreateObjectsFIFO.constprop.4
                0x0000000008006de0       0xa4 /tmp/cckP5D2l.ltrans7.ltrans.o
                0x0000000008006de0                chFactoryCreateObjectsFIFO.constprop.4
 *fill*         0x0000000008006e84        0xc 
 .text.chFactoryFindObjectsFIFO.constprop.3
                0x0000000008006e90       0x28 /tmp/cckP5D2l.ltrans7.ltrans.o
                0x0000000008006e90                chFactoryFindObjectsFIFO.constprop.3
 *fill*         0x0000000008006eb8        0x8 
 .text._test_assert_time_window.constprop.2
                0x0000000008006ec0       0x34 /tmp/cckP5D2l.ltrans7.ltrans.o
                0x0000000008006ec0                _test_assert_time_window.constprop.2
 *fill*         0x0000000008006ef4        0xc 
 .text.rt_test_004_001_setup.lto_priv.111
                0x0000000008006f00        0xc /tmp/cckP5D2l.ltrans8.ltrans.o
                0x0000000008006f00                rt_test_004_001_setup.lto_priv.111
 *fill*         0x0000000008006f0c        0x4 
 .text.rt_test_002_004_execute.lto_priv.106
                0x0000000008006f10       0x18 /tmp/cckP5D2l.ltrans8.ltrans.o
                0x0000000008006f10                rt_test_002_004_execute.lto_priv.106
 *fill*         0x0000000008006f28        0x8 
 .text.rt_test_002_003_execute.lto_priv.105
                0x0000000008006f30       0x24 /tmp/cckP5D2l.ltrans8.ltrans.o
                0x0000000008006f30                rt_test_002_003_execute.lto_priv.105
 *fill*         0x0000000008006f54        0xc 
 .text.thread.lto_priv.201
                0x0000000008006f60        0x8 /tmp/cckP5D2l.ltrans8.ltrans.o
                0x0000000008006f60                thread.lto_priv.201
 *fill*         0x0000000008006f68        0x8 
 .text.rt_test_004_001_execute.lto_priv.112
                0x0000000008006f70       0xec /tmp/cckP5D2l.ltrans8.ltrans.o
                0x0000000008006f70                rt_test_004_001_execute.lto_priv.112
 *fill*         0x000000000800705c        0x4 
 .text.thread1  0x0000000008007060       0x34 /tmp/cckP5D2l.ltrans8.ltrans.o
 *fill*         0x0000000008007094        0xc 
 .text.rt_test_003_004_execute.lto_priv.110
                0x00000000080070a0       0xdc /tmp/cckP5D2l.ltrans8.ltrans.o
                0x00000000080070a0                rt_test_003_004_execute.lto_priv.110
 *fill*         0x000000000800717c        0x4 
 .text.rt_test_003_003_execute.lto_priv.109
                0x0000000008007180       0x88 /tmp/cckP5D2l.ltrans8.ltrans.o
                0x0000000008007180                rt_test_003_003_execute.lto_priv.109
 *fill*         0x0000000008007208        0x8 
 .text.rt_test_003_002_execute.lto_priv.108
                0x0000000008007210      0x194 /tmp/cckP5D2l.ltrans8.ltrans.o
                0x0000000008007210                rt_test_003_002_execute.lto_priv.108
 *fill*         0x00000000080073a4        0xc 
 .text.rt_test_003_001_execute.lto_priv.107
                0x00000000080073b0       0xb4 /tmp/cckP5D2l.ltrans8.ltrans.o
                0x00000000080073b0                rt_test_003_001_execute.lto_priv.107
 *fill*         0x0000000008007464        0xc 
 .text.rt_test_002_002_execute.lto_priv.104
                0x0000000008007470       0xd4 /tmp/cckP5D2l.ltrans8.ltrans.o
                0x0000000008007470                rt_test_002_002_execute.lto_priv.104
 *fill*         0x0000000008007544        0xc 
 .text.vtcb     0x0000000008007550       0x28 /tmp/cckP5D2l.ltrans8.ltrans.o
 *fill*         0x0000000008007578        0x8 
 .text.rt_test_002_001_execute.lto_priv.103
                0x0000000008007580       0xa8 /tmp/cckP5D2l.ltrans8.ltrans.o
                0x0000000008007580                rt_test_002_001_execute.lto_priv.103
 *fill*         0x0000000008007628        0x8 
 .text.test_execute.constprop.1
                0x0000000008007630      0x344 /tmp/cckP5D2l.ltrans9.ltrans.o
                0x0000000008007630                test_execute.constprop.1
 *(.glue_7t)
 .glue_7t       0x0000000008007974        0x0 linker stubs
 *(.glue_7)
 .glue_7        0x0000000008007974        0x0 linker stubs
 *(.gcc*)

.vfp11_veneer   0x0000000008007974        0x0
 .vfp11_veneer  0x0000000008007974        0x0 linker stubs

.v4_bx          0x0000000008007974        0x0
 .v4_bx         0x0000000008007974        0x0 linker stubs

.iplt           0x0000000008007974        0x0
 .iplt          0x0000000008007974        0x0 build/obj/crt0_v7m.o

.rodata         0x0000000008007974     0x21c4
                0x0000000008007974                . = ALIGN (0x4)
                0x0000000008007974                __rodata_base__ = .
 *(.rodata)
 *(.rodata.*)
 .rodata.ram_areas
                0x0000000008007974       0x80 /tmp/cckP5D2l.ltrans0.ltrans.o
 .rodata.evhndl
                0x00000000080079f4        0xc /tmp/cckP5D2l.ltrans1.ltrans.o
 .rodata.rt_test_006_008_execute.lto_priv.137.str1.4
                0x0000000008007a00        0xa /tmp/cckP5D2l.ltrans1.ltrans.o
                                          0xe (size before relaxing)
 *fill*         0x0000000008007a0a        0x2 
 .rodata.rt_test_007_001_execute.lto_priv.140.str1.4
                0x0000000008007a0c        0x5 /tmp/cckP5D2l.ltrans1.ltrans.o
 *fill*         0x0000000008007a11        0x3 
 .rodata.rt_test_008_001_execute.lto_priv.141.str1.4
                0x0000000008007a14       0x1b /tmp/cckP5D2l.ltrans1.ltrans.o
 *fill*         0x0000000008007a2f        0x1 
 .rodata.rt_test_008_002_execute.lto_priv.143.str1.4
                0x0000000008007a30       0x18 /tmp/cckP5D2l.ltrans1.ltrans.o
 .rodata.rt_test_008_003_execute.lto_priv.145.str1.4
                0x0000000008007a48       0x13 /tmp/cckP5D2l.ltrans1.ltrans.o
 *fill*         0x0000000008007a5b        0x1 
 .rodata.rt_test_008_004_execute.lto_priv.147.str1.4
                0x0000000008007a5c       0x11 /tmp/cckP5D2l.ltrans1.ltrans.o
 *fill*         0x0000000008007a6d        0x3 
 .rodata.rt_test_008_005_execute.lto_priv.149.str1.4
                0x0000000008007a70       0x2a /tmp/cckP5D2l.ltrans1.ltrans.o
 *fill*         0x0000000008007a9a        0x2 
 .rodata.rt_test_008_006_execute.lto_priv.151.str1.4
                0x0000000008007a9c        0xf /tmp/cckP5D2l.ltrans1.ltrans.o
 *fill*         0x0000000008007aab        0x1 
 .rodata.rt_test_008_007_execute.lto_priv.153.str1.4
                0x0000000008007aac        0xc /tmp/cckP5D2l.ltrans1.ltrans.o
 .rodata.rt_test_009_001_execute.lto_priv.155.str1.4
                0x0000000008007ab8       0xbe /tmp/cckP5D2l.ltrans1.ltrans.o
 *fill*         0x0000000008007b76        0x2 
 .rodata.rt_test_001_001_execute.lto_priv.100.str1.4
                0x0000000008007b78      0x175 /tmp/cckP5D2l.ltrans2.ltrans.o
 *fill*         0x0000000008007ced        0x3 
 .rodata.rt_test_001_002_execute.lto_priv.101.str1.4
                0x0000000008007cf0      0x115 /tmp/cckP5D2l.ltrans2.ltrans.o
 *fill*         0x0000000008007e05        0x3 
 .rodata.rt_test_001_003_execute.lto_priv.102.str1.4
                0x0000000008007e08      0x78d /tmp/cckP5D2l.ltrans2.ltrans.o
                                        0x791 (size before relaxing)
 *fill*         0x0000000008008595        0x3 
 .rodata.test_println.str1.4
                0x0000000008008598        0x3 /tmp/cckP5D2l.ltrans2.ltrans.o
 *fill*         0x000000000800859b        0x1 
 .rodata.Thread1.str1.4
                0x000000000800859c        0x8 /tmp/cckP5D2l.ltrans3.ltrans.o
 .rodata.ch_debug
                0x00000000080085a4       0x16 /tmp/cckP5D2l.ltrans3.ltrans.o
 *fill*         0x00000000080085ba        0x2 
 .rodata.idle_descriptor.6910
                0x00000000080085bc       0x18 /tmp/cckP5D2l.ltrans3.ltrans.o
 .rodata.oslib_test_001_001
                0x00000000080085d4       0x10 /tmp/cckP5D2l.ltrans3.ltrans.o
 .rodata.oslib_test_001_002
                0x00000000080085e4       0x10 /tmp/cckP5D2l.ltrans3.ltrans.o
 .rodata.oslib_test_001_003
                0x00000000080085f4       0x10 /tmp/cckP5D2l.ltrans3.ltrans.o
 .rodata.oslib_test_002_001
                0x0000000008008604       0x10 /tmp/cckP5D2l.ltrans3.ltrans.o
 .rodata.oslib_test_002_002
                0x0000000008008614       0x10 /tmp/cckP5D2l.ltrans3.ltrans.o
 .rodata.oslib_test_002_003
                0x0000000008008624       0x10 /tmp/cckP5D2l.ltrans3.ltrans.o
 .rodata.oslib_test_003_001
                0x0000000008008634       0x10 /tmp/cckP5D2l.ltrans3.ltrans.o
 .rodata.oslib_test_003_002
                0x0000000008008644       0x10 /tmp/cckP5D2l.ltrans3.ltrans.o
 .rodata.oslib_test_003_002_execute.str1.4
                0x0000000008008654       0x2a /tmp/cckP5D2l.ltrans3.ltrans.o
 *fill*         0x000000000800867e        0x2 
 .rodata.oslib_test_004_001
                0x0000000008008680       0x10 /tmp/cckP5D2l.ltrans3.ltrans.o
 .rodata.oslib_test_004_001_execute.str1.4
                0x0000000008008690       0x30 /tmp/cckP5D2l.ltrans3.ltrans.o
 .rodata.oslib_test_004_002
                0x00000000080086c0       0x10 /tmp/cckP5D2l.ltrans3.ltrans.o
 .rodata.oslib_test_004_003
                0x00000000080086d0       0x10 /tmp/cckP5D2l.ltrans3.ltrans.o
 .rodata.oslib_test_004_004
                0x00000000080086e0       0x10 /tmp/cckP5D2l.ltrans3.ltrans.o
 .rodata.oslib_test_004_005
                0x00000000080086f0       0x10 /tmp/cckP5D2l.ltrans3.ltrans.o
 .rodata.oslib_test_004_005_execute.str1.4
                0x0000000008008700       0x58 /tmp/cckP5D2l.ltrans3.ltrans.o
                                         0x60 (size before relaxing)
 .rodata.oslib_test_sequence_001
                0x0000000008008758        0x8 /tmp/cckP5D2l.ltrans3.ltrans.o
 .rodata.oslib_test_sequence_001_array
                0x0000000008008760       0x10 /tmp/cckP5D2l.ltrans3.ltrans.o
 .rodata.oslib_test_sequence_002
                0x0000000008008770        0x8 /tmp/cckP5D2l.ltrans3.ltrans.o
 .rodata.oslib_test_sequence_002_array
                0x0000000008008778       0x10 /tmp/cckP5D2l.ltrans3.ltrans.o
 .rodata.oslib_test_sequence_003
                0x0000000008008788        0x8 /tmp/cckP5D2l.ltrans3.ltrans.o
 .rodata.oslib_test_sequence_003_array
                0x0000000008008790        0xc /tmp/cckP5D2l.ltrans3.ltrans.o
 .rodata.oslib_test_sequence_004
                0x000000000800879c        0x8 /tmp/cckP5D2l.ltrans3.ltrans.o
 .rodata.oslib_test_sequence_004_array
                0x00000000080087a4       0x18 /tmp/cckP5D2l.ltrans3.ltrans.o
 .rodata.oslib_test_suite
                0x00000000080087bc        0x8 /tmp/cckP5D2l.ltrans3.ltrans.o
 .rodata.oslib_test_suite_array
                0x00000000080087c4       0x14 /tmp/cckP5D2l.ltrans3.ltrans.o
 .rodata.rt_test_001_001
                0x00000000080087d8       0x10 /tmp/cckP5D2l.ltrans3.ltrans.o
 .rodata.rt_test_001_002
                0x00000000080087e8       0x10 /tmp/cckP5D2l.ltrans3.ltrans.o
 .rodata.rt_test_001_003
                0x00000000080087f8       0x10 /tmp/cckP5D2l.ltrans3.ltrans.o
 .rodata.rt_test_002_001
                0x0000000008008808       0x10 /tmp/cckP5D2l.ltrans3.ltrans.o
 .rodata.rt_test_002_002
                0x0000000008008818       0x10 /tmp/cckP5D2l.ltrans3.ltrans.o
 .rodata.rt_test_002_003
                0x0000000008008828       0x10 /tmp/cckP5D2l.ltrans3.ltrans.o
 .rodata.rt_test_002_004
                0x0000000008008838       0x10 /tmp/cckP5D2l.ltrans3.ltrans.o
 .rodata.rt_test_003_001
                0x0000000008008848       0x10 /tmp/cckP5D2l.ltrans3.ltrans.o
 .rodata.rt_test_003_002
                0x0000000008008858       0x10 /tmp/cckP5D2l.ltrans3.ltrans.o
 .rodata.rt_test_003_003
                0x0000000008008868       0x10 /tmp/cckP5D2l.ltrans3.ltrans.o
 .rodata.rt_test_003_004
                0x0000000008008878       0x10 /tmp/cckP5D2l.ltrans3.ltrans.o
 .rodata.rt_test_004_001
                0x0000000008008888       0x10 /tmp/cckP5D2l.ltrans3.ltrans.o
 .rodata.rt_test_005_001
                0x0000000008008898       0x10 /tmp/cckP5D2l.ltrans3.ltrans.o
 .rodata.rt_test_005_002
                0x00000000080088a8       0x10 /tmp/cckP5D2l.ltrans3.ltrans.o
 .rodata.rt_test_005_003
                0x00000000080088b8       0x10 /tmp/cckP5D2l.ltrans3.ltrans.o
 .rodata.rt_test_005_004
                0x00000000080088c8       0x10 /tmp/cckP5D2l.ltrans3.ltrans.o
 .rodata.rt_test_005_005
                0x00000000080088d8       0x10 /tmp/cckP5D2l.ltrans3.ltrans.o
 .rodata.rt_test_005_006
                0x00000000080088e8       0x10 /tmp/cckP5D2l.ltrans3.ltrans.o
 .rodata.rt_test_006_001
                0x00000000080088f8       0x10 /tmp/cckP5D2l.ltrans3.ltrans.o
 .rodata.rt_test_006_004
                0x0000000008008908       0x10 /tmp/cckP5D2l.ltrans3.ltrans.o
 .rodata.rt_test_006_005
                0x0000000008008918       0x10 /tmp/cckP5D2l.ltrans3.ltrans.o
 .rodata.rt_test_006_007
                0x0000000008008928       0x10 /tmp/cckP5D2l.ltrans3.ltrans.o
 .rodata.rt_test_006_008
                0x0000000008008938       0x10 /tmp/cckP5D2l.ltrans3.ltrans.o
 .rodata.rt_test_006_009
                0x0000000008008948       0x10 /tmp/cckP5D2l.ltrans3.ltrans.o
 .rodata.rt_test_007_001
                0x0000000008008958       0x10 /tmp/cckP5D2l.ltrans3.ltrans.o
 .rodata.rt_test_008_001
                0x0000000008008968       0x10 /tmp/cckP5D2l.ltrans3.ltrans.o
 .rodata.rt_test_008_002
                0x0000000008008978       0x10 /tmp/cckP5D2l.ltrans3.ltrans.o
 .rodata.rt_test_008_003
                0x0000000008008988       0x10 /tmp/cckP5D2l.ltrans3.ltrans.o
 .rodata.rt_test_008_004
                0x0000000008008998       0x10 /tmp/cckP5D2l.ltrans3.ltrans.o
 .rodata.rt_test_008_005
                0x00000000080089a8       0x10 /tmp/cckP5D2l.ltrans3.ltrans.o
 .rodata.rt_test_008_006
                0x00000000080089b8       0x10 /tmp/cckP5D2l.ltrans3.ltrans.o
 .rodata.rt_test_008_007
                0x00000000080089c8       0x10 /tmp/cckP5D2l.ltrans3.ltrans.o
 .rodata.rt_test_009_001
                0x00000000080089d8       0x10 /tmp/cckP5D2l.ltrans3.ltrans.o
 .rodata.rt_test_009_002
                0x00000000080089e8       0x10 /tmp/cckP5D2l.ltrans3.ltrans.o
 .rodata.rt_test_010_001
                0x00000000080089f8       0x10 /tmp/cckP5D2l.ltrans3.ltrans.o
 .rodata.rt_test_010_002
                0x0000000008008a08       0x10 /tmp/cckP5D2l.ltrans3.ltrans.o
 .rodata.rt_test_010_003
                0x0000000008008a18       0x10 /tmp/cckP5D2l.ltrans3.ltrans.o
 .rodata.rt_test_010_004
                0x0000000008008a28       0x10 /tmp/cckP5D2l.ltrans3.ltrans.o
 .rodata.rt_test_010_005
                0x0000000008008a38       0x10 /tmp/cckP5D2l.ltrans3.ltrans.o
 .rodata.rt_test_010_006
                0x0000000008008a48       0x10 /tmp/cckP5D2l.ltrans3.ltrans.o
 .rodata.rt_test_010_007
                0x0000000008008a58       0x10 /tmp/cckP5D2l.ltrans3.ltrans.o
 .rodata.rt_test_010_008
                0x0000000008008a68       0x10 /tmp/cckP5D2l.ltrans3.ltrans.o
 .rodata.rt_test_010_009
                0x0000000008008a78       0x10 /tmp/cckP5D2l.ltrans3.ltrans.o
 .rodata.rt_test_010_010
                0x0000000008008a88       0x10 /tmp/cckP5D2l.ltrans3.ltrans.o
 .rodata.rt_test_010_011
                0x0000000008008a98       0x10 /tmp/cckP5D2l.ltrans3.ltrans.o
 .rodata.rt_test_010_012
                0x0000000008008aa8       0x10 /tmp/cckP5D2l.ltrans3.ltrans.o
 .rodata.rt_test_sequence_001
                0x0000000008008ab8        0x8 /tmp/cckP5D2l.ltrans3.ltrans.o
 .rodata.rt_test_sequence_001_array
                0x0000000008008ac0       0x10 /tmp/cckP5D2l.ltrans3.ltrans.o
 .rodata.rt_test_sequence_002
                0x0000000008008ad0        0x8 /tmp/cckP5D2l.ltrans3.ltrans.o
 .rodata.rt_test_sequence_002_array
                0x0000000008008ad8       0x14 /tmp/cckP5D2l.ltrans3.ltrans.o
 .rodata.rt_test_sequence_003
                0x0000000008008aec        0x8 /tmp/cckP5D2l.ltrans3.ltrans.o
 .rodata.rt_test_sequence_003_array
                0x0000000008008af4       0x14 /tmp/cckP5D2l.ltrans3.ltrans.o
 .rodata.rt_test_sequence_004
                0x0000000008008b08        0x8 /tmp/cckP5D2l.ltrans3.ltrans.o
 .rodata.rt_test_sequence_004_array
                0x0000000008008b10        0x8 /tmp/cckP5D2l.ltrans3.ltrans.o
 .rodata.rt_test_sequence_005
                0x0000000008008b18        0x8 /tmp/cckP5D2l.ltrans3.ltrans.o
 .rodata.rt_test_sequence_005_array
                0x0000000008008b20       0x1c /tmp/cckP5D2l.ltrans3.ltrans.o
 .rodata.rt_test_sequence_006
                0x0000000008008b3c        0x8 /tmp/cckP5D2l.ltrans3.ltrans.o
 .rodata.rt_test_sequence_006_array
                0x0000000008008b44       0x1c /tmp/cckP5D2l.ltrans3.ltrans.o
 .rodata.rt_test_sequence_007
                0x0000000008008b60        0x8 /tmp/cckP5D2l.ltrans3.ltrans.o
 .rodata.rt_test_sequence_007_array
                0x0000000008008b68        0x8 /tmp/cckP5D2l.ltrans3.ltrans.o
 .rodata.rt_test_sequence_008
                0x0000000008008b70        0x8 /tmp/cckP5D2l.ltrans3.ltrans.o
 .rodata.rt_test_sequence_008_array
                0x0000000008008b78       0x20 /tmp/cckP5D2l.ltrans3.ltrans.o
 .rodata.rt_test_sequence_009
                0x0000000008008b98        0x8 /tmp/cckP5D2l.ltrans3.ltrans.o
 .rodata.rt_test_sequence_009_array
                0x0000000008008ba0        0xc /tmp/cckP5D2l.ltrans3.ltrans.o
 .rodata.rt_test_sequence_010
                0x0000000008008bac        0x8 /tmp/cckP5D2l.ltrans3.ltrans.o
 .rodata.rt_test_sequence_010_array
                0x0000000008008bb4       0x34 /tmp/cckP5D2l.ltrans3.ltrans.o
 .rodata.rt_test_suite
                0x0000000008008be8        0x8 /tmp/cckP5D2l.ltrans3.ltrans.o
 .rodata.rt_test_suite_array
                0x0000000008008bf0       0x2c /tmp/cckP5D2l.ltrans3.ltrans.o
 .rodata.str1.4
                0x0000000008008c1c      0x8c2 /tmp/cckP5D2l.ltrans3.ltrans.o
 *fill*         0x00000000080094de        0x2 
 .rodata.vmt    0x00000000080094e0       0x28 /tmp/cckP5D2l.ltrans3.ltrans.o
 .rodata.oslib_test_001_001_execute.lto_priv.175.str1.4
                0x0000000008009508       0xdb /tmp/cckP5D2l.ltrans4.ltrans.o
                                         0xe1 (size before relaxing)
 *fill*         0x00000000080095e3        0x1 
 .rodata.rt_test_009_002_execute.lto_priv.157.str1.4
                0x00000000080095e4       0x34 /tmp/cckP5D2l.ltrans4.ltrans.o
                                         0xa8 (size before relaxing)
 .rodata.rt_test_010_003_execute.lto_priv.160.str1.4
                0x0000000008009618        0xa /tmp/cckP5D2l.ltrans4.ltrans.o
 *fill*         0x0000000008009622        0x2 
 .rodata.rt_test_010_006_execute.lto_priv.163.str1.4
                0x0000000008009624        0xb /tmp/cckP5D2l.ltrans4.ltrans.o
 *fill*         0x000000000800962f        0x1 
 .rodata.rt_test_010_007_execute.lto_priv.165.str1.4
                0x0000000008009630       0x11 /tmp/cckP5D2l.ltrans4.ltrans.o
 *fill*         0x0000000008009641        0x3 
 .rodata.rt_test_010_008_execute.lto_priv.166.str1.4
                0x0000000008009644        0xa /tmp/cckP5D2l.ltrans4.ltrans.o
 *fill*         0x000000000800964e        0x2 
 .rodata.rt_test_010_009_execute.lto_priv.167.str1.4
                0x0000000008009650        0xa /tmp/cckP5D2l.ltrans4.ltrans.o
 *fill*         0x000000000800965a        0x2 
 .rodata.rt_test_010_010_execute.lto_priv.169.str1.4
                0x000000000800965c        0xf /tmp/cckP5D2l.ltrans4.ltrans.o
 *fill*         0x000000000800966b        0x1 
 .rodata.rt_test_010_011_execute.lto_priv.171.str1.4
                0x000000000800966c       0x1f /tmp/cckP5D2l.ltrans4.ltrans.o
 *fill*         0x000000000800968b        0x1 
 .rodata.rt_test_010_012_execute.lto_priv.172.str1.4
                0x000000000800968c       0x95 /tmp/cckP5D2l.ltrans4.ltrans.o
 *fill*         0x0000000008009721        0x3 
 .rodata.wa     0x0000000008009724       0x14 /tmp/cckP5D2l.ltrans4.ltrans.o
                0x0000000008009724                wa
 .rodata.rt_test_005_001_execute.lto_priv.115.str1.4
                0x0000000008009738       0x2b /tmp/cckP5D2l.ltrans5.ltrans.o
 .rodata.rt_test_005_003_execute.lto_priv.119.str1.4
                0x0000000008009763       0x16 /tmp/cckP5D2l.ltrans5.ltrans.o
 *fill*         0x0000000008009763        0x1 
 .rodata.rt_test_005_004_execute.lto_priv.121.str1.4
                0x0000000008009764       0x10 /tmp/cckP5D2l.ltrans5.ltrans.o
 .rodata.rt_test_005_005_execute.lto_priv.124.str1.4
                0x0000000008009774       0x11 /tmp/cckP5D2l.ltrans5.ltrans.o
 *fill*         0x0000000008009785        0x3 
 .rodata.rt_test_005_006_execute.lto_priv.126.str1.4
                0x0000000008009788       0x3f /tmp/cckP5D2l.ltrans5.ltrans.o
                                         0x46 (size before relaxing)
 .rodata.rt_test_006_001_execute.lto_priv.128.str1.4
                0x00000000080097c7       0x26 /tmp/cckP5D2l.ltrans5.ltrans.o
 .rodata.rt_test_006_004_execute.lto_priv.131.str1.4
                0x00000000080097c7        0x6 /tmp/cckP5D2l.ltrans5.ltrans.o
 *fill*         0x00000000080097c7        0x1 
 .rodata.rt_test_006_005_execute.lto_priv.133.str1.4
                0x00000000080097c8       0x4d /tmp/cckP5D2l.ltrans5.ltrans.o
 .rodata.oslib_test_001_002_execute.lto_priv.178.str1.4
                0x0000000008009815       0xa9 /tmp/cckP5D2l.ltrans6.ltrans.o
 .rodata.oslib_test_001_003_execute.lto_priv.181.str1.4
                0x0000000008009815       0x16 /tmp/cckP5D2l.ltrans6.ltrans.o
 *fill*         0x0000000008009815        0x3 
 .rodata.oslib_test_002_001_execute.lto_priv.183.str1.4
                0x0000000008009818       0x19 /tmp/cckP5D2l.ltrans6.ltrans.o
 *fill*         0x0000000008009831        0x3 
 .rodata.oslib_test_002_002_execute.lto_priv.185.str1.4
                0x0000000008009834        0xb /tmp/cckP5D2l.ltrans6.ltrans.o
 *fill*         0x000000000800983f        0x1 
 .rodata.oslib_test_002_003_execute.lto_priv.187.str1.4
                0x0000000008009840        0xf /tmp/cckP5D2l.ltrans6.ltrans.o
 *fill*         0x000000000800984f        0x1 
 .rodata.oslib_test_003_001_execute.lto_priv.189.str1.4
                0x0000000008009850       0x49 /tmp/cckP5D2l.ltrans6.ltrans.o
                                         0x91 (size before relaxing)
 *fill*         0x0000000008009899        0x3 
 .rodata._test_assert_time_window.constprop.2.str1.4
                0x000000000800989c       0x13 /tmp/cckP5D2l.ltrans7.ltrans.o
 *fill*         0x00000000080098af        0x1 
 .rodata.chFactoryCreateBuffer.constprop.10.str1.4
                0x00000000080098b0        0x6 /tmp/cckP5D2l.ltrans7.ltrans.o
 *fill*         0x00000000080098b6        0x2 
 .rodata.chFactoryCreateMailbox.constprop.6.str1.4
                0x00000000080098b8        0x6 /tmp/cckP5D2l.ltrans7.ltrans.o
 *fill*         0x00000000080098be        0x2 
 .rodata.chFactoryCreateObjectsFIFO.constprop.4.str1.4
                0x00000000080098c0        0x7 /tmp/cckP5D2l.ltrans7.ltrans.o
 *fill*         0x00000000080098c7        0x1 
 .rodata.chFactoryCreateSemaphore.constprop.8.str1.4
                0x00000000080098c8        0x6 /tmp/cckP5D2l.ltrans7.ltrans.o
 *fill*         0x00000000080098ce        0x2 
 .rodata.chFactoryRegisterObject.constprop.12.str1.4
                0x00000000080098d0        0x6 /tmp/cckP5D2l.ltrans7.ltrans.o
 *fill*         0x00000000080098d6        0x2 
 .rodata.chThdCreateStatic.constprop.62.str1.4
                0x00000000080098d8        0x7 /tmp/cckP5D2l.ltrans7.ltrans.o
 *fill*         0x00000000080098df        0x1 
 .rodata.rt_test_002_001_execute.lto_priv.103.str1.4
                0x00000000080098e0       0x70 /tmp/cckP5D2l.ltrans8.ltrans.o
 .rodata.rt_test_002_002_execute.lto_priv.104.str1.4
                0x0000000008009950       0x12 /tmp/cckP5D2l.ltrans8.ltrans.o
 .rodata.rt_test_003_002_execute.lto_priv.108.str1.4
                0x0000000008009962       0x2a /tmp/cckP5D2l.ltrans8.ltrans.o
 *fill*         0x0000000008009962        0x2 
 .rodata.rt_test_003_004_execute.lto_priv.110.str1.4
                0x0000000008009964       0x87 /tmp/cckP5D2l.ltrans8.ltrans.o
 *fill*         0x00000000080099eb        0x1 
 .rodata.rt_test_004_001_execute.lto_priv.112.str1.4
                0x00000000080099ec        0x9 /tmp/cckP5D2l.ltrans8.ltrans.o
                                         0x27 (size before relaxing)
 *fill*         0x00000000080099f5        0x3 
 .rodata.test_execute.constprop.1.str1.4
                0x00000000080099f8      0x140 /tmp/cckP5D2l.ltrans9.ltrans.o
                                        0x150 (size before relaxing)
                0x0000000008009b38                . = ALIGN (0x4)
                0x0000000008009b38                __rodata_end__ = .

.rel.dyn        0x0000000008009b38        0x0
 .rel.iplt      0x0000000008009b38        0x0 build/obj/crt0_v7m.o

.ARM.extab
 *(.ARM.extab* .gnu.linkonce.armextab.*)

.ARM.exidx      0x0000000008009b38        0x0
                0x0000000008009b38                __exidx_start = .
 *(.ARM.exidx* .gnu.linkonce.armexidx.*)
                0x0000000008009b38                __exidx_end = .

.eh_frame_hdr
 *(.eh_frame_hdr)

.eh_frame
 *(.eh_frame)
                0x0000000020000000                __ram0_start__ = ORIGIN (ram0)
                0x0000000000020000                __ram0_size__ = LENGTH (ram0)
                0x0000000020020000                __ram0_end__ = (__ram0_start__ + __ram0_size__)
                0x0000000020000000                __ram1_start__ = ORIGIN (ram1)
                0x000000000001c000                __ram1_size__ = LENGTH (ram1)
                0x000000002001c000                __ram1_end__ = (__ram1_start__ + __ram1_size__)
                0x000000002001c000                __ram2_start__ = ORIGIN (ram2)
                0x0000000000004000                __ram2_size__ = LENGTH (ram2)
                0x0000000020020000                __ram2_end__ = (__ram2_start__ + __ram2_size__)
                0x0000000000000000                __ram3_start__ = ORIGIN (ram3)
                0x0000000000000000                __ram3_size__ = LENGTH (ram3)
                0x0000000000000000                __ram3_end__ = (__ram3_start__ + __ram3_size__)
                0x0000000010000000                __ram4_start__ = ORIGIN (ram4)
                0x0000000000010000                __ram4_size__ = LENGTH (ram4)
                0x0000000010010000                __ram4_end__ = (__ram4_start__ + __ram4_size__)
                0x0000000040024000                __ram5_start__ = ORIGIN (ram5)
                0x0000000000001000                __ram5_size__ = LENGTH (ram5)
                0x0000000040025000                __ram5_end__ = (__ram5_start__ + __ram5_size__)
                0x0000000000000000                __ram6_start__ = ORIGIN (ram6)
                0x0000000000000000                __ram6_size__ = LENGTH (ram6)
                0x0000000000000000                __ram6_end__ = (__ram6_start__ + __ram6_size__)
                0x0000000000000000                __ram7_start__ = ORIGIN (ram7)
                0x0000000000000000                __ram7_size__ = LENGTH (ram7)
                0x0000000000000000                __ram7_end__ = (__ram7_start__ + __ram7_size__)

.data           0x0000000020000800       0x8c load address 0x0000000008009b38
                0x0000000020000800                . = ALIGN (0x4)
                [!provide]                        PROVIDE (_textdata, LOADADDR (.data))
                [!provide]                        PROVIDE (_data, .)
                0x0000000008009b38                _textdata_start = LOADADDR (.data)
                0x0000000020000800                _data_start = .
 *(.data)
 *(.data.*)
 .data.es1      0x0000000020000800        0x4 /tmp/cckP5D2l.ltrans1.ltrans.o
 .data.es2      0x0000000020000804        0x4 /tmp/cckP5D2l.ltrans1.ltrans.o
 .data.m2.lto_priv.202
                0x0000000020000808       0x10 /tmp/cckP5D2l.ltrans1.ltrans.o
                0x0000000020000808                m2.lto_priv.202
 .data.myobj.7591
                0x0000000020000818        0x4 /tmp/cckP5D2l.ltrans3.ltrans.o
 .data.myobj.7593
                0x000000002000081c        0x4 /tmp/cckP5D2l.ltrans3.ltrans.o
 .data.mp1      0x0000000020000820       0x10 /tmp/cckP5D2l.ltrans6.ltrans.o
 .data.c1.lto_priv.199
                0x0000000020000830        0x8 /tmp/cckP5D2l.ltrans7.ltrans.o
                0x0000000020000830                c1.lto_priv.199
 .data.gmp1.lto_priv.191
                0x0000000020000838       0x1c /tmp/cckP5D2l.ltrans7.ltrans.o
                0x0000000020000838                gmp1.lto_priv.191
 .data.m1.lto_priv.200
                0x0000000020000854       0x10 /tmp/cckP5D2l.ltrans7.ltrans.o
                0x0000000020000854                m1.lto_priv.200
 .data.mb1.lto_priv.192
                0x0000000020000864       0x28 /tmp/cckP5D2l.ltrans7.ltrans.o
                0x0000000020000864                mb1.lto_priv.192
 *(.ramtext)
                0x000000002000088c                . = ALIGN (0x4)
                [!provide]                        PROVIDE (_edata, .)
                0x000000002000088c                _data_end = .

.igot.plt       0x000000002000088c        0x0 load address 0x0000000008009bc4
 .igot.plt      0x000000002000088c        0x0 build/obj/crt0_v7m.o

.bss            0x0000000020000890      0xb60 load address 0x0000000008009bc4
                0x0000000020000890                . = ALIGN (0x4)
                0x0000000020000890                _bss_start = .
 *(.bss)
 *(.bss.*)
 .bss.ch_idle_thread_wa
                0x0000000020000890       0xd8 /tmp/cckP5D2l.ltrans3.ltrans.o
 .bss.ch_memcore
                0x0000000020000968        0x8 /tmp/cckP5D2l.ltrans3.ltrans.o
                0x0000000020000968                ch_memcore
 .bss.test_heap.lto_priv.190
                0x0000000020000970       0x1c /tmp/cckP5D2l.ltrans3.ltrans.o
                0x0000000020000970                test_heap.lto_priv.190
 *fill*         0x000000002000098c        0x4 
 .bss.waThread1
                0x0000000020000990      0x148 /tmp/cckP5D2l.ltrans3.ltrans.o
 .bss.mtx1      0x0000000020000ad8       0x10 /tmp/cckP5D2l.ltrans4.ltrans.o
 .bss.sem1      0x0000000020000ae8        0xc /tmp/cckP5D2l.ltrans4.ltrans.o
 *fill*         0x0000000020000af4        0x4 
 .bss.test_buffer
                0x0000000020000af8      0x668 /tmp/cckP5D2l.ltrans4.ltrans.o
                0x0000000020000af8                test_buffer
 .bss.threads   0x0000000020001160       0x14 /tmp/cckP5D2l.ltrans4.ltrans.o
                0x0000000020001160                threads
 .bss.vt1.7703  0x0000000020001174       0x14 /tmp/cckP5D2l.ltrans4.ltrans.o
 .bss.vt2.7704  0x0000000020001188       0x14 /tmp/cckP5D2l.ltrans4.ltrans.o
 .bss.objects   0x000000002000119c       0x10 /tmp/cckP5D2l.ltrans6.ltrans.o
 .bss.test_heap_buffer
                0x00000000200011ac       0x80 /tmp/cckP5D2l.ltrans6.ltrans.o
 .bss.ch        0x000000002000122c       0x78 /tmp/cckP5D2l.ltrans7.ltrans.o
                0x000000002000122c                ch
 .bss.ch_factory
                0x00000000200012a4       0x44 /tmp/cckP5D2l.ltrans7.ltrans.o
                0x00000000200012a4                ch_factory
 .bss.default_heap.lto_priv.88
                0x00000000200012e8       0x1c /tmp/cckP5D2l.ltrans7.ltrans.o
                0x00000000200012e8                default_heap.lto_priv.88
 .bss.heap1.lto_priv.195
                0x0000000020001304       0x1c /tmp/cckP5D2l.ltrans7.ltrans.o
                0x0000000020001304                heap1.lto_priv.195
 .bss.mb_buffer.lto_priv.193
                0x0000000020001320       0x10 /tmp/cckP5D2l.ltrans7.ltrans.o
                0x0000000020001320                mb_buffer.lto_priv.193
 .bss.mp1.lto_priv.194
                0x0000000020001330       0x10 /tmp/cckP5D2l.ltrans7.ltrans.o
                0x0000000020001330                mp1.lto_priv.194
 .bss.sem1.lto_priv.206
                0x0000000020001340        0xc /tmp/cckP5D2l.ltrans7.ltrans.o
                0x0000000020001340                sem1.lto_priv.206
 .bss.test_failure_message.lto_priv.85
                0x000000002000134c        0x4 /tmp/cckP5D2l.ltrans7.ltrans.o
                0x000000002000134c                test_failure_message.lto_priv.85