Archive member included to satisfy reference by file (symbol)

/usr/lib/gcc/arm-none-eabi/4.9.3/../../../arm-none-eabi/lib/armv7e-m/libg.a(lib_a-calloc.o)
                              build/obj/main.o (calloc)
/usr/lib/gcc/arm-none-eabi/4.9.3/../../../arm-none-eabi/lib/armv7e-m/libg.a(lib_a-callocr.o)
                              /usr/lib/gcc/arm-none-eabi/4.9.3/../../../arm-none-eabi/lib/armv7e-m/libg.a(lib_a-calloc.o) (_calloc_r)
/usr/lib/gcc/arm-none-eabi/4.9.3/../../../arm-none-eabi/lib/armv7e-m/libg.a(lib_a-impure.o)
                              /usr/lib/gcc/arm-none-eabi/4.9.3/../../../arm-none-eabi/lib/armv7e-m/libg.a(lib_a-calloc.o) (_impure_ptr)
/usr/lib/gcc/arm-none-eabi/4.9.3/../../../arm-none-eabi/lib/armv7e-m/libg.a(lib_a-malloc.o)
                              build/obj/main.o (free)
/usr/lib/gcc/arm-none-eabi/4.9.3/../../../arm-none-eabi/lib/armv7e-m/libg.a(lib_a-mallocr.o)
                              /usr/lib/gcc/arm-none-eabi/4.9.3/../../../arm-none-eabi/lib/armv7e-m/libg.a(lib_a-callocr.o) (_malloc_r)
/usr/lib/gcc/arm-none-eabi/4.9.3/../../../arm-none-eabi/lib/armv7e-m/libg.a(lib_a-memcpy.o)
                              build/obj/memstreams.o (memcpy)
/usr/lib/gcc/arm-none-eabi/4.9.3/../../../arm-none-eabi/lib/armv7e-m/libg.a(lib_a-memmove.o)
                              build/obj/main.o (memmove)
/usr/lib/gcc/arm-none-eabi/4.9.3/../../../arm-none-eabi/lib/armv7e-m/libg.a(lib_a-memset.o)
                              build/obj/usb.o (memset)
/usr/lib/gcc/arm-none-eabi/4.9.3/../../../arm-none-eabi/lib/armv7e-m/libg.a(lib_a-mlock.o)
                              /usr/lib/gcc/arm-none-eabi/4.9.3/../../../arm-none-eabi/lib/armv7e-m/libg.a(lib_a-mallocr.o) (__malloc_lock)
/usr/lib/gcc/arm-none-eabi/4.9.3/../../../arm-none-eabi/lib/armv7e-m/libg.a(lib_a-sprintf.o)
                              build/obj/main.o (sprintf)
/usr/lib/gcc/arm-none-eabi/4.9.3/../../../arm-none-eabi/lib/armv7e-m/libg.a(lib_a-strcasecmp.o)
                              build/obj/shell.o (strcasecmp)
/usr/lib/gcc/arm-none-eabi/4.9.3/../../../arm-none-eabi/lib/armv7e-m/libg.a(lib_a-strlen.o)
                              build/obj/main.o (strlen)
/usr/lib/gcc/arm-none-eabi/4.9.3/../../../arm-none-eabi/lib/armv7e-m/libg.a(lib_a-strpbrk.o)
                              build/obj/shell.o (strpbrk)
/usr/lib/gcc/arm-none-eabi/4.9.3/../../../arm-none-eabi/lib/armv7e-m/libg.a(lib_a-strspn.o)
                              build/obj/shell.o (strspn)
/usr/lib/gcc/arm-none-eabi/4.9.3/../../../arm-none-eabi/lib/armv7e-m/libg.a(lib_a-strstr.o)
                              build/obj/main.o (strstr)
/usr/lib/gcc/arm-none-eabi/4.9.3/../../../arm-none-eabi/lib/armv7e-m/libg.a(lib_a-strtol.o)
                              build/obj/main.o (strtol)
/usr/lib/gcc/arm-none-eabi/4.9.3/../../../arm-none-eabi/lib/armv7e-m/libg.a(lib_a-svfprintf.o)
                              /usr/lib/gcc/arm-none-eabi/4.9.3/../../../arm-none-eabi/lib/armv7e-m/libg.a(lib_a-sprintf.o) (_svfprintf_r)
/usr/lib/gcc/arm-none-eabi/4.9.3/../../../arm-none-eabi/lib/armv7e-m/libg.a(lib_a-ctype_.o)
                              /usr/lib/gcc/arm-none-eabi/4.9.3/../../../arm-none-eabi/lib/armv7e-m/libg.a(lib_a-strcasecmp.o) (__ctype_ptr__)
/usr/lib/gcc/arm-none-eabi/4.9.3/../../../arm-none-eabi/lib/armv7e-m/libg.a(lib_a-dtoa.o)
                              /usr/lib/gcc/arm-none-eabi/4.9.3/../../../arm-none-eabi/lib/armv7e-m/libg.a(lib_a-svfprintf.o) (_dtoa_r)
/usr/lib/gcc/arm-none-eabi/4.9.3/../../../arm-none-eabi/lib/armv7e-m/libg.a(lib_a-freer.o)
                              /usr/lib/gcc/arm-none-eabi/4.9.3/../../../arm-none-eabi/lib/armv7e-m/libg.a(lib_a-malloc.o) (_free_r)
/usr/lib/gcc/arm-none-eabi/4.9.3/../../../arm-none-eabi/lib/armv7e-m/libg.a(lib_a-locale.o)
                              /usr/lib/gcc/arm-none-eabi/4.9.3/../../../arm-none-eabi/lib/armv7e-m/libg.a(lib_a-svfprintf.o) (_localeconv_r)
/usr/lib/gcc/arm-none-eabi/4.9.3/../../../arm-none-eabi/lib/armv7e-m/libg.a(lib_a-memchr.o)
                              /usr/lib/gcc/arm-none-eabi/4.9.3/../../../arm-none-eabi/lib/armv7e-m/libg.a(lib_a-strstr.o) (memchr)
/usr/lib/gcc/arm-none-eabi/4.9.3/../../../arm-none-eabi/lib/armv7e-m/libg.a(lib_a-memcmp.o)
                              /usr/lib/gcc/arm-none-eabi/4.9.3/../../../arm-none-eabi/lib/armv7e-m/libg.a(lib_a-strstr.o) (memcmp)
/usr/lib/gcc/arm-none-eabi/4.9.3/../../../arm-none-eabi/lib/armv7e-m/libg.a(lib_a-mprec.o)
                              /usr/lib/gcc/arm-none-eabi/4.9.3/../../../arm-none-eabi/lib/armv7e-m/libg.a(lib_a-dtoa.o) (_Balloc)
/usr/lib/gcc/arm-none-eabi/4.9.3/../../../arm-none-eabi/lib/armv7e-m/libg.a(lib_a-s_fpclassify.o)
                              /usr/lib/gcc/arm-none-eabi/4.9.3/../../../arm-none-eabi/lib/armv7e-m/libg.a(lib_a-svfprintf.o) (__fpclassifyd)
/usr/lib/gcc/arm-none-eabi/4.9.3/../../../arm-none-eabi/lib/armv7e-m/libg.a(lib_a-strchr.o)
[...]
Memory Configuration

Name             Origin             Length             Attributes
flash            0x0000000008000000 0x0000000000100000
ram              0x0000000020000000 0x000000000001c000
ethram           0x000000002001c000 0x0000000000004000
ccmram           0x0000000010000000 0x0000000000010000
*default*        0x0000000000000000 0xffffffffffffffff

Linker script and memory map

LOAD build/obj/crt0.o
LOAD build/obj/vectors.o
LOAD build/obj/chcore.o
LOAD build/obj/chcore_v7m.o
LOAD build/obj/nvic.o
LOAD build/obj/chsys.o
LOAD build/obj/chdebug.o
LOAD build/obj/chlists.o
LOAD build/obj/chvt.o
LOAD build/obj/chschd.o
LOAD build/obj/chthreads.o
LOAD build/obj/chdynamic.o
LOAD build/obj/chregistry.o
LOAD build/obj/chsem.o
LOAD build/obj/chmtx.o
LOAD build/obj/chcond.o
LOAD build/obj/chevents.o
LOAD build/obj/chmsg.o
LOAD build/obj/chmboxes.o
LOAD build/obj/chqueues.o
LOAD build/obj/chmemcore.o
LOAD build/obj/chheap.o
LOAD build/obj/chmempools.o
LOAD build/obj/test.o
LOAD build/obj/testthd.o
LOAD build/obj/testsem.o
LOAD build/obj/testmtx.o
LOAD build/obj/testmsg.o
LOAD build/obj/testmbox.o
LOAD build/obj/testevt.o
LOAD build/obj/testheap.o
LOAD build/obj/testpools.o
LOAD build/obj/testdyn.o
LOAD build/obj/testqueues.o
LOAD build/obj/testbmk.o
LOAD build/obj/hal.o
LOAD build/obj/adc.o
LOAD build/obj/can.o
LOAD build/obj/ext.o
LOAD build/obj/gpt.o
LOAD build/obj/i2c.o
LOAD build/obj/icu.o
LOAD build/obj/mac.o
LOAD build/obj/mmc_spi.o
LOAD build/obj/mmcsd.o
LOAD build/obj/pal.o
LOAD build/obj/pwm.o
LOAD build/obj/rtc.o
LOAD build/obj/sdc.o
LOAD build/obj/serial.o
LOAD build/obj/serial_usb.o
LOAD build/obj/spi.o
LOAD build/obj/tm.o
LOAD build/obj/uart.o
LOAD build/obj/usb.o
LOAD build/obj/stm32_dma.o
LOAD build/obj/hal_lld.o
LOAD build/obj/adc_lld.o
LOAD build/obj/ext_lld_isr.o
LOAD build/obj/can_lld.o
LOAD build/obj/ext_lld.o
LOAD build/obj/mac_lld.o
LOAD build/obj/sdc_lld.o
LOAD build/obj/pal_lld.o
LOAD build/obj/i2c_lld.o
LOAD build/obj/usb_lld.o
LOAD build/obj/rtc_lld.o
LOAD build/obj/spi_lld.o
LOAD build/obj/gpt_lld.o
LOAD build/obj/icu_lld.o
LOAD build/obj/pwm_lld.o
LOAD build/obj/serial_lld.o
LOAD build/obj/uart_lld.o
LOAD build/obj/board.o
LOAD build/obj/shell.o
LOAD build/obj/chprintf.o
LOAD build/obj/memstreams.o
LOAD build/obj/syscalls.o
LOAD build/obj/USB.o
LOAD build/obj/protocol.o
LOAD build/obj/main.o
                0x0000000000000400                __main_stack_size__ = 0x400
                0x0000000000000400                __process_stack_size__ = 0x400
                0x0000000020000000                __ram_start__ = ORIGIN (ram)
                0x000000000001c000                __ram_size__ = LENGTH (ram)
                0x000000002001c000                __ram_end__ = (__ram_start__ + __ram_size__)
                0x0000000000000000                . = 0x0
                0x0000000000000000                _text = .

startup         0x0000000008000000      0x1ac
 *(vectors)
 vectors        0x0000000008000000      0x1ac build/obj/vectors.o
                0x0000000008000000                _vectors

constructors    0x00000000080001ac        0x0
                0x00000000080001ac                PROVIDE (__init_array_start, .)
 *(SORT(.init_array.*))
 *(.init_array)
                0x00000000080001ac                PROVIDE (__init_array_end, .)

destructors     0x00000000080001ac        0x0
                0x00000000080001ac                PROVIDE (__fini_array_start, .)
 *(.fini_array)
 *(SORT(.fini_array.*))
                0x00000000080001ac                PROVIDE (__fini_array_end, .)

.text           0x00000000080001b0     0xa428
 *(.text.startup.*)
 .text.startup.main
                0x00000000080001b0      0x158 build/obj/main.o
                0x00000000080001b0                main
 *(.text)
 *fill*         0x0000000008000308        0x8 
 .text          0x0000000008000310      0x134 /usr/lib/gcc/arm-none-eabi/4.9.3/../../../arm-none-eabi/lib/armv7e-m/libg.a(lib_a-memcpy.o)
                0x0000000008000310                memcpy
 *fill*         0x0000000008000444        0xc 
 .text          0x0000000008000450      0x370 /usr/lib/gcc/arm-none-eabi/4.9.3/armv7e-m/libgcc.a(_arm_addsubdf3.o)
                0x0000000008000450                __aeabi_drsub
                0x0000000008000458                __aeabi_dsub
                0x0000000008000458                __subdf3
                0x000000000800045c                __adddf3
                0x000000000800045c                __aeabi_dadd
                0x00000000080006d4                __aeabi_ui2d
                0x00000000080006d4                __floatunsidf
                0x00000000080006f4                __floatsidf
                0x00000000080006f4                __aeabi_i2d
                0x0000000008000718                __extendsfdf2
                0x0000000008000718                __aeabi_f2d
                0x0000000008000754                __aeabi_ul2d
                0x0000000008000754                __floatundidf
                0x0000000008000764                __floatdidf
                0x0000000008000764                __aeabi_l2d
 .text          0x00000000080007c0      0x424 /usr/lib/gcc/arm-none-eabi/4.9.3/armv7e-m/libgcc.a(_arm_muldivdf3.o)
                0x00000000080007c0                __aeabi_dmul
                0x00000000080007c0                __muldf3
                0x0000000008000a14                __aeabi_ddiv
                0x0000000008000a14                __divdf3
 *fill*         0x0000000008000be4        0xc 
 .text          0x0000000008000bf0      0x110 /usr/lib/gcc/arm-none-eabi/4.9.3/armv7e-m/libgcc.a(_arm_cmpdf2.o)
                0x0000000008000bf0                __gtdf2
                0x0000000008000bf0                __gedf2
                0x0000000008000bf8                __ltdf2
                0x0000000008000bf8                __ledf2
                0x0000000008000c00                __cmpdf2
                0x0000000008000c00                __eqdf2
                0x0000000008000c00                __nedf2
                0x0000000008000c7c                __aeabi_cdrcmple
                0x0000000008000c8c                __aeabi_cdcmple
                0x0000000008000c8c                __aeabi_cdcmpeq
                0x0000000008000c9c                __aeabi_dcmpeq
                0x0000000008000cb0                __aeabi_dcmplt
                0x0000000008000cc4                __aeabi_dcmple
                0x0000000008000cd8                __aeabi_dcmpge
                0x0000000008000cec                __aeabi_dcmpgt
 .text          0x0000000008000d00       0x50 /usr/lib/gcc/arm-none-eabi/4.9.3/armv7e-m/libgcc.a(_arm_fixdfsi.o)
                0x0000000008000d00                __fixdfsi
                0x0000000008000d00                __aeabi_d2iz
 .text          0x0000000008000d50       0x30 /usr/lib/gcc/arm-none-eabi/4.9.3/armv7e-m/libgcc.a(_aeabi_uldivmod.o)
                0x0000000008000d50                __aeabi_uldivmod
 .text          0x0000000008000d80       0x60 /usr/lib/gcc/arm-none-eabi/4.9.3/armv7e-m/libgcc.a(bpabi.o)
                0x0000000008000d80                __gnu_ldivmod_helper
                0x0000000008000db0                __gnu_uldivmod_helper
 .text          0x0000000008000de0        0x4 /usr/lib/gcc/arm-none-eabi/4.9.3/armv7e-m/libgcc.a(_dvmd_tls.o)
                0x0000000008000de0                __aeabi_ldiv0
                0x0000000008000de0                __aeabi_idiv0
 *fill*         0x0000000008000de4        0xc 
 .text          0x0000000008000df0      0x29c /usr/lib/gcc/arm-none-eabi/4.9.3/armv7e-m/libgcc.a(_divdi3.o)
                0x0000000008000df0                __divdi3
 *fill*         0x000000000800108c        0x4 
 .text          0x0000000008001090      0x26c /usr/lib/gcc/arm-none-eabi/4.9.3/armv7e-m/libgcc.a(_udivdi3.o)
                0x0000000008001090                __udivdi3
 *(.text.*)
 *fill*         0x00000000080012fc        0x4 
 .text.__late_init
                0x0000000008001300        0x4 build/obj/crt0.o
                0x0000000008001300                __late_init
 *fill*         0x0000000008001304        0xc 
 .text._default_exit
                0x0000000008001310        0x4 build/obj/crt0.o
                0x0000000008001310                _default_exit
 *fill*         0x0000000008001314        0xc 
 .text.ResetHandler
                0x0000000008001320      0x100 build/obj/crt0.o
                0x0000000008001320                ResetHandler
 .text._unhandled_exception
                0x0000000008001420        0x4 build/obj/vectors.o
                0x0000000008001420                Vector58
                0x0000000008001420                VectorE8
                0x0000000008001420                Vector9C
                0x0000000008001420                VectorAC
                0x0000000008001420                Vector1A0
                0x0000000008001420                Vector5C
                0x0000000008001420                NMIVector
                0x0000000008001420                Vector11C
                0x0000000008001420                Vector19C
                0x0000000008001420                Vector8C
                0x0000000008001420                VectorDC
                0x0000000008001420                Vector168
                0x0000000008001420                Vector110
                0x0000000008001420                VectorC8
                0x0000000008001420                Vector94
                0x0000000008001420                VectorA8
                0x0000000008001420                Vector160
                0x0000000008001420                VectorEC
                0x0000000008001420                UsageFaultVector
                0x0000000008001420                DebugMonitorVector
                0x0000000008001420                Vector40
                0x0000000008001420                VectorF8
                0x0000000008001420                Vector108
                0x0000000008001420                VectorBC
                0x0000000008001420                Vector190
                0x0000000008001420                Vector148
                0x0000000008001420                Vector188
                0x0000000008001420                PendSVVector
                0x0000000008001420                Vector198
                0x0000000008001420                Vector118
                0x0000000008001420                Vector64
                0x0000000008001420                VectorCC
                0x0000000008001420                Vector54
                0x0000000008001420                Vector98
                0x0000000008001420                VectorD8
                0x0000000008001420                Vector138
                0x0000000008001420                Vector24
                0x0000000008001420                Vector178
                0x0000000008001420                Vector1A4
                0x0000000008001420                BusFaultVector
                0x0000000008001420                VectorD0
                0x0000000008001420                Vector140
                0x0000000008001420                VectorE4
                0x0000000008001420                VectorC0
                0x0000000008001420                HardFaultVector
                0x0000000008001420                Vector134
                0x0000000008001420                VectorF0
                0x0000000008001420                Vector13C
                0x0000000008001420                Vector100
                0x0000000008001420                VectorE0
                0x0000000008001420                VectorF4
                0x0000000008001420                MemManageVector
                0x0000000008001420                VectorA0
                0x0000000008001420                VectorC4
                0x0000000008001420                Vector180
                0x0000000008001420                VectorB0
                0x0000000008001420                Vector90
                0x0000000008001420                Vector114
                0x0000000008001420                Vector164
                0x0000000008001420                Vector60
                0x0000000008001420                Vector1C
                0x0000000008001420                Vector17C
                0x0000000008001420                Vector48
                0x0000000008001420                Vector1A8
                0x0000000008001420                Vector16C
                0x0000000008001420                Vector4C
                0x0000000008001420                Vector144
                0x0000000008001420                Vector15C
                0x0000000008001420                Vector68
                0x0000000008001420                _unhandled_exception
                0x0000000008001420                Vector170
                0x0000000008001420                Vector104
                0x0000000008001420                Vector184
                0x0000000008001420                Vector10C
                0x0000000008001420                Vector50
                0x0000000008001420                Vector194
                0x0000000008001420                Vector44
                0x0000000008001420                Vector28
                0x0000000008001420                Vector34
                0x0000000008001420                VectorA4
                0x0000000008001420                Vector20
                0x0000000008001420                Vector18C
                0x0000000008001420                Vector174
 *fill*         0x0000000008001424        0xc 
 .text.port_halt
                0x0000000008001430        0x4 build/obj/chcore.o
                0x0000000008001430                port_halt
 *fill*         0x0000000008001434        0xc 
 .text._port_switch_from_isr
                0x0000000008001440       0x10 build/obj/chcore_v7m.o
                0x0000000008001440                _port_switch_from_isr
 .text.SVCallVector
                0x0000000008001450       0x14 build/obj/chcore_v7m.o
                0x0000000008001450                SVCallVector
 *fill*         0x0000000008001464        0xc 
 .text._port_init
                0x0000000008001470       0x30 build/obj/chcore_v7m.o
                0x0000000008001470                _port_init
 .text._port_irq_epilogue
                0x00000000080014a0       0x78 build/obj/chcore_v7m.o
                0x00000000080014a0                _port_irq_epilogue
 *fill*         0x0000000008001518        0x8 
 .text.SysTickVector
                0x0000000008001520       0x2c build/obj/chcore_v7m.o
                0x0000000008001520                SysTickVector
 *fill*         0x000000000800154c        0x4 
 .text._port_switch
                0x0000000008001550       0x10 build/obj/chcore_v7m.o
                0x0000000008001550                _port_switch
 .text._port_thread_start
                0x0000000008001560       0x18 build/obj/chcore_v7m.o
                0x0000000008001560                _port_thread_start
 *fill*         0x0000000008001578        0x8 
 .text.nvicEnableVector
                0x0000000008001580       0x48 build/obj/nvic.o
                0x0000000008001580                nvicEnableVector
 *fill*         0x00000000080015c8        0x8 
 .text.nvicSetSystemHandlerPriority
                0x00000000080015d0       0x2c build/obj/nvic.o
                0x00000000080015d0                nvicSetSystemHandlerPriority
 *fill*         0x00000000080015fc        0x4 
 .text._idle_thread
                0x0000000008001600       0x14 build/obj/chsys.o
                0x0000000008001600                _idle_thread
 *fill*         0x0000000008001614        0xc 
 .text.chSysInit
                0x0000000008001620       0x70 build/obj/chsys.o
                0x0000000008001620                chSysInit
 .text.chSysTimerHandlerI
                0x0000000008001690       0x68 build/obj/chsys.o
                0x0000000008001690                chSysTimerHandlerI
 *fill*         0x00000000080016f8        0x8 
 .text.dbg_check_enable
                0x0000000008001700       0x28 build/obj/chdebug.o
                0x0000000008001700                dbg_check_enable
 *fill*         0x0000000008001728        0x8 
 .text.dbg_check_lock
                0x0000000008001730       0x30 build/obj/chdebug.o
                0x0000000008001730                dbg_check_lock
 .text.dbg_check_unlock
                0x0000000008001760       0x38 build/obj/chdebug.o
                0x0000000008001760                dbg_check_unlock
 *fill*         0x0000000008001798        0x8 
 .text.dbg_check_lock_from_isr
                0x00000000080017a0       0x30 build/obj/chdebug.o
                0x00000000080017a0                dbg_check_lock_from_isr
 .text.dbg_check_unlock_from_isr
                0x00000000080017d0       0x38 build/obj/chdebug.o
                0x00000000080017d0                dbg_check_unlock_from_isr
 *fill*         0x0000000008001808        0x8 
 .text.dbg_check_enter_isr
                0x0000000008001810       0x40 build/obj/chdebug.o
                0x0000000008001810                dbg_check_enter_isr
 .text.dbg_check_leave_isr
                0x0000000008001850       0x40 build/obj/chdebug.o
                0x0000000008001850                dbg_check_leave_isr
 .text.chDbgCheckClassI
                0x0000000008001890       0x2c build/obj/chdebug.o
                0x0000000008001890                chDbgCheckClassI
 *fill*         0x00000000080018bc        0x4 
 .text.chDbgCheckClassS
                0x00000000080018c0       0x2c build/obj/chdebug.o
                0x00000000080018c0                chDbgCheckClassS
 *fill*         0x00000000080018ec        0x4 
 .text._trace_init
                0x00000000080018f0       0x14 build/obj/chdebug.o
                0x00000000080018f0                _trace_init
 *fill*         0x0000000008001904        0xc 
 .text.dbg_trace
                0x0000000008001910       0x40 build/obj/chdebug.o
                0x0000000008001910                dbg_trace
 .text.chDbgPanic
                0x0000000008001950        0xc build/obj/chdebug.o
                0x0000000008001950                chDbgPanic
 *fill*         0x000000000800195c        0x4 
 .text._vt_init
                0x0000000008001960       0x18 build/obj/chvt.o
                0x0000000008001960                _vt_init
 *fill*         0x0000000008001978        0x8 
 .text.chVTSetI
                0x0000000008001980       0x54 build/obj/chvt.o
                0x0000000008001980                chVTSetI
 *fill*         0x00000000080019d4        0xc 
 .text.chVTResetI
                0x00000000080019e0       0x48 build/obj/chvt.o
                0x00000000080019e0                chVTResetI
 *fill*         0x0000000008001a28        0x8 
 .text._scheduler_init
                0x0000000008001a30       0x14 build/obj/chschd.o
                0x0000000008001a30                _scheduler_init
 *fill*         0x0000000008001a44        0xc 
 .text.chSchReadyI
                0x0000000008001a50       0x44 build/obj/chschd.o
                0x0000000008001a50                chSchReadyI
 *fill*         0x0000000008001a94        0xc 
 .text.wakeup   0x0000000008001aa0       0x54 build/obj/chschd.o
 *fill*         0x0000000008001af4        0xc 
 .text.chSchGoSleepS
                0x0000000008001b00       0x50 build/obj/chschd.o
                0x0000000008001b00                chSchGoSleepS
 .text.chSchGoSleepTimeoutS
                0x0000000008001b50       0x50 build/obj/chschd.o
                0x0000000008001b50                chSchGoSleepTimeoutS
 .text.chSchWakeupS
                0x0000000008001ba0       0x64 build/obj/chschd.o
                0x0000000008001ba0                chSchWakeupS
 *fill*         0x0000000008001c04        0xc 
 .text.chSchDoRescheduleBehind
                0x0000000008001c10       0x4c build/obj/chschd.o
                0x0000000008001c10                chSchDoRescheduleBehind
 *fill*         0x0000000008001c5c        0x4 
 .text.chSchDoRescheduleAhead
                0x0000000008001c60       0x60 build/obj/chschd.o
                0x0000000008001c60                chSchDoRescheduleAhead
 .text.chSchRescheduleS
                0x0000000008001cc0       0x24 build/obj/chschd.o
                0x0000000008001cc0                chSchRescheduleS
 *fill*         0x0000000008001ce4        0xc 
 .text.chSchDoReschedule
                0x0000000008001cf0       0x18 build/obj/chschd.o
                0x0000000008001cf0                chSchDoReschedule
 *fill*         0x0000000008001d08        0x8 
 .text._thread_init
                0x0000000008001d10       0x58 build/obj/chthreads.o
                0x0000000008001d10                _thread_init
 *fill*         0x0000000008001d68        0x8 
 .text._thread_memfill
                0x0000000008001d70       0x10 build/obj/chthreads.o
                0x0000000008001d70                _thread_memfill
 .text.chThdCreateI
                0x0000000008001d80       0xa4 build/obj/chthreads.o
                0x0000000008001d80                chThdCreateI
 *fill*         0x0000000008001e24        0xc 
 .text.chThdCreateStatic
                0x0000000008001e30       0x64 build/obj/chthreads.o
                0x0000000008001e30                chThdCreateStatic
 *fill*         0x0000000008001e94        0xc 
 .text.chThdSleep
                0x0000000008001ea0       0x30 build/obj/chthreads.o
                0x0000000008001ea0                chThdSleep
 .text.chThdExitS
                0x0000000008001ed0       0x4c build/obj/chthreads.o
                0x0000000008001ed0                chThdExitS
 *fill*         0x0000000008001f1c        0x4 
 .text.chThdExit
                0x0000000008001f20       0x18 build/obj/chthreads.o
                0x0000000008001f20                chThdExit
 *fill*         0x0000000008001f38        0x8 
 .text.chMtxInit
                0x0000000008001f40       0x1c build/obj/chmtx.o
                0x0000000008001f40                chMtxInit
 *fill*         0x0000000008001f5c        0x4 
 .text.chEvtSignalI
                0x0000000008001f60       0x4c build/obj/chevents.o
                0x0000000008001f60                chEvtSignalI
 *fill*         0x0000000008001fac        0x4 
 .text.chEvtBroadcastFlagsI
                0x0000000008001fb0       0x34 build/obj/chevents.o
                0x0000000008001fb0                chEvtBroadcastFlagsI
 *fill*         0x0000000008001fe4        0xc 
 .text.qwait    0x0000000008001ff0       0x2c build/obj/chqueues.o
 *fill*         0x000000000800201c        0x4 
 .text.chIQInit
                0x0000000008002020       0x20 build/obj/chqueues.o
                0x0000000008002020                chIQInit
 .text.chIQResetI
                0x0000000008002040       0x30 build/obj/chqueues.o
                0x0000000008002040                chIQResetI
 .text.chIQPutI
                0x0000000008002070       0x58 build/obj/chqueues.o
                0x0000000008002070                chIQPutI
 *fill*         0x00000000080020c8        0x8 
 .text.chIQGetTimeout
                0x00000000080020d0       0x64 build/obj/chqueues.o
                0x00000000080020d0                chIQGetTimeout
 *fill*         0x0000000008002134        0xc 
 .text.chIQReadTimeout
                0x0000000008002140       0x90 build/obj/chqueues.o
                0x0000000008002140                chIQReadTimeout
 .text.chOQInit
                0x00000000080021d0       0x1c build/obj/chqueues.o
                0x00000000080021d0                chOQInit
 *fill*         0x00000000080021ec        0x4 
 .text.chOQResetI
                0x00000000080021f0       0x34 build/obj/chqueues.o
                0x00000000080021f0                chOQResetI
 *fill*         0x0000000008002224        0xc 
 .text.chOQPutTimeout
                0x0000000008002230       0x6c build/obj/chqueues.o
                0x0000000008002230                chOQPutTimeout
 *fill*         0x000000000800229c        0x4 
 .text.chOQGetI
                0x00000000080022a0       0x4c build/obj/chqueues.o
                0x00000000080022a0                chOQGetI
 *fill*         0x00000000080022ec        0x4 
 .text.chOQWriteTimeout
                0x00000000080022f0       0xa4 build/obj/chqueues.o
                0x00000000080022f0                chOQWriteTimeout
 *fill*         0x0000000008002394        0xc 
 .text._core_init
                0x00000000080023a0       0x28 build/obj/chmemcore.o
                0x00000000080023a0                _core_init
 *fill*         0x00000000080023c8        0x8 
 .text.chCoreAllocI
                0x00000000080023d0       0x2c build/obj/chmemcore.o
                0x00000000080023d0                chCoreAllocI
 *fill*         0x00000000080023fc        0x4 
 .text.chCoreAlloc
                0x0000000008002400       0x24 build/obj/chmemcore.o
                0x0000000008002400                chCoreAlloc
 *fill*         0x0000000008002424        0xc 
 .text._heap_init
                0x0000000008002430       0x1c build/obj/chheap.o
                0x0000000008002430                _heap_init
 *fill*         0x000000000800244c        0x4 
 .text.halInit  0x0000000008002450       0x30 build/obj/hal.o
                0x0000000008002450                halInit
 .text.halPolledDelay
                0x0000000008002480       0x28 build/obj/hal.o
                0x0000000008002480                halPolledDelay
 *fill*         0x00000000080024a8        0x8 
 .text.adcInit  0x00000000080024b0        0x4 build/obj/adc.o
                0x00000000080024b0                adcInit
 *fill*         0x00000000080024b4        0xc 
 .text.adcObjectInit
                0x00000000080024c0       0x18 build/obj/adc.o
                0x00000000080024c0                adcObjectInit
 *fill*         0x00000000080024d8        0x8 
 .text.adcStart
                0x00000000080024e0       0x48 build/obj/adc.o
                0x00000000080024e0                adcStart
 *fill*         0x0000000008002528        0x8 
 .text.adcStartConversionI
                0x0000000008002530       0x54 build/obj/adc.o
                0x0000000008002530                adcStartConversionI
 *fill*         0x0000000008002584        0xc 
 .text.adcConvert
                0x0000000008002590       0x54 build/obj/adc.o
                0x0000000008002590                adcConvert
 *fill*         0x00000000080025e4        0xc 
 .text.pwmInit  0x00000000080025f0        0x4 build/obj/pwm.o
                0x00000000080025f0                pwmInit
 *fill*         0x00000000080025f4        0xc 
 .text.pwmObjectInit
                0x0000000008002600        0xc build/obj/pwm.o
                0x0000000008002600                pwmObjectInit
 *fill*         0x000000000800260c        0x4 
 .text.pwmStart
                0x0000000008002610       0x50 build/obj/pwm.o
                0x0000000008002610                pwmStart
 .text.pwmEnableChannel
                0x0000000008002660       0x4c build/obj/pwm.o
                0x0000000008002660                pwmEnableChannel
 *fill*         0x00000000080026ac        0x4 
 .text.readt    0x00000000080026b0        0x8 build/obj/serial.o
 *fill*         0x00000000080026b8        0x8 
 .text.read     0x00000000080026c0        0xc build/obj/serial.o
 *fill*         0x00000000080026cc        0x4 
 .text.writet   0x00000000080026d0        0x8 build/obj/serial.o
 *fill*         0x00000000080026d8        0x8 
 .text.write    0x00000000080026e0        0xc build/obj/serial.o
 *fill*         0x00000000080026ec        0x4 
 .text.gett     0x00000000080026f0        0x8 build/obj/serial.o
 *fill*         0x00000000080026f8        0x8 
 .text.get      0x0000000008002700        0xc build/obj/serial.o
 *fill*         0x000000000800270c        0x4 
 .text.putt     0x0000000008002710        0x8 build/obj/serial.o
 *fill*         0x0000000008002718        0x8 
 .text.put      0x0000000008002720        0xc build/obj/serial.o
 *fill*         0x000000000800272c        0x4 
 .text.sdInit   0x0000000008002730        0x4 build/obj/serial.o
                0x0000000008002730                sdInit
 *fill*         0x0000000008002734        0xc 
 .text.sdObjectInit
                0x0000000008002740       0x40 build/obj/serial.o
                0x0000000008002740                sdObjectInit
 .text.sdIncomingDataI
                0x0000000008002780       0x50 build/obj/serial.o
                0x0000000008002780                sdIncomingDataI
 .text.onotify  0x00000000080027d0       0x68 build/obj/serial_usb.o
 *fill*         0x0000000008002838        0x8 
 .text.inotify  0x0000000008002840       0x78 build/obj/serial_usb.o
 *fill*         0x00000000080028b8        0x8 
 .text.readt    0x00000000080028c0        0x8 build/obj/serial_usb.o
 *fill*         0x00000000080028c8        0x8 
 .text.read     0x00000000080028d0        0xc build/obj/serial_usb.o
 *fill*         0x00000000080028dc        0x4 
 .text.writet   0x00000000080028e0        0x8 build/obj/serial_usb.o
 *fill*         0x00000000080028e8        0x8 
 .text.write    0x00000000080028f0        0xc build/obj/serial_usb.o
 *fill*         0x00000000080028fc        0x4 
 .text.gett     0x0000000008002900        0x8 build/obj/serial_usb.o
 *fill*         0x0000000008002908        0x8 
 .text.get      0x0000000008002910        0xc build/obj/serial_usb.o
 *fill*         0x000000000800291c        0x4 
 .text.putt     0x0000000008002920        0x8 build/obj/serial_usb.o
 *fill*         0x0000000008002928        0x8 
 .text.put      0x0000000008002930        0xc build/obj/serial_usb.o
 *fill*         0x000000000800293c        0x4 
 .text.sduInit  0x0000000008002940        0x4 build/obj/serial_usb.o
                0x0000000008002940                sduInit
 *fill*         0x0000000008002944        0xc 
 .text.sduObjectInit
                0x0000000008002950       0x4c build/obj/serial_usb.o
                0x0000000008002950                sduObjectInit
 *fill*         0x000000000800299c        0x4 
 .text.sduStart
                0x00000000080029a0       0x60 build/obj/serial_usb.o
                0x00000000080029a0                sduStart
 .text.sduConfigureHookI
                0x0000000008002a00       0x4c build/obj/serial_usb.o
                0x0000000008002a00                sduConfigureHookI
 *fill*         0x0000000008002a4c        0x4 
 .text.sduRequestsHook
                0x0000000008002a50       0x40 build/obj/serial_usb.o
                0x0000000008002a50                sduRequestsHook
 .text.sduDataTransmitted
                0x0000000008002a90       0x8c build/obj/serial_usb.o
                0x0000000008002a90                sduDataTransmitted
 *fill*         0x0000000008002b1c        0x4 
 .text.sduDataReceived
                0x0000000008002b20       0x78 build/obj/serial_usb.o
                0x0000000008002b20                sduDataReceived
 *fill*         0x0000000008002b98        0x8 
 .text.sduInterruptTransmitted
                0x0000000008002ba0        0x4 build/obj/serial_usb.o
                0x0000000008002ba0                sduInterruptTransmitted
 *fill*         0x0000000008002ba4        0xc 
 .text.tm_start
                0x0000000008002bb0        0xc build/obj/tm.o
 *fill*         0x0000000008002bbc        0x4 
 .text.tm_stop  0x0000000008002bc0       0x38 build/obj/tm.o
 *fill*         0x0000000008002bf8        0x8 
 .text.tmInit   0x0000000008002c00       0x40 build/obj/tm.o
                0x0000000008002c00                tmInit
 .text.usbInit  0x0000000008002c40        0x4 build/obj/usb.o
                0x0000000008002c40                usbInit
 *fill*         0x0000000008002c44        0xc 
 .text.usbObjectInit
                0x0000000008002c50       0x1c build/obj/usb.o
                0x0000000008002c50                usbObjectInit
 *fill*         0x0000000008002c6c        0x4 
 .text.usbStart
                0x0000000008002c70       0x54 build/obj/usb.o
                0x0000000008002c70                usbStart
 *fill*         0x0000000008002cc4        0xc 
 .text.usbInitEndpointI
                0x0000000008002cd0       0x64 build/obj/usb.o
                0x0000000008002cd0                usbInitEndpointI
 *fill*         0x0000000008002d34        0xc 
 .text.usbPrepareQueuedReceive
                0x0000000008002d40       0x1c build/obj/usb.o
                0x0000000008002d40                usbPrepareQueuedReceive
 *fill*         0x0000000008002d5c        0x4 
 .text.usbPrepareQueuedTransmit
                0x0000000008002d60       0x1c build/obj/usb.o
                0x0000000008002d60                usbPrepareQueuedTransmit
 *fill*         0x0000000008002d7c        0x4 
 .text.usbStartReceiveI
                0x0000000008002d80       0x3c build/obj/usb.o
                0x0000000008002d80                usbStartReceiveI
 *fill*         0x0000000008002dbc        0x4 
 .text.usbStartTransmitI
                0x0000000008002dc0       0x3c build/obj/usb.o
                0x0000000008002dc0                usbStartTransmitI
 *fill*         0x0000000008002dfc        0x4 
 .text._usb_reset
                0x0000000008002e00       0x28 build/obj/usb.o
                0x0000000008002e00                _usb_reset
 *fill*         0x0000000008002e28        0x8 
 .text._usb_ep0setup
                0x0000000008002e30      0x374 build/obj/usb.o
                0x0000000008002e30                _usb_ep0setup
 *fill*         0x00000000080031a4        0xc 
 .text._usb_ep0in
                0x00000000080031b0       0xd4 build/obj/usb.o
                0x00000000080031b0                _usb_ep0in
 *fill*         0x0000000008003284        0xc 
 .text._usb_ep0out
                0x0000000008003290       0x84 build/obj/usb.o
                0x0000000008003290                _usb_ep0out
 *fill*         0x0000000008003314        0xc 
 .text.Vector6C
                0x0000000008003320       0x30 build/obj/stm32_dma.o
                0x0000000008003320                Vector6C
 .text.Vector70
                0x0000000008003350       0x34 build/obj/stm32_dma.o
                0x0000000008003350                Vector70
 *fill*         0x0000000008003384        0xc 
 .text.Vector74
                0x0000000008003390       0x34 build/obj/stm32_dma.o
                0x0000000008003390                Vector74
 *fill*         0x00000000080033c4        0xc 
 .text.Vector78
                0x00000000080033d0       0x34 build/obj/stm32_dma.o
                0x00000000080033d0                Vector78
 *fill*         0x0000000008003404        0xc 
 .text.Vector7C
                0x0000000008003410       0x30 build/obj/stm32_dma.o
                0x0000000008003410                Vector7C
 .text.Vector80
                0x0000000008003440       0x34 build/obj/stm32_dma.o
                0x0000000008003440                Vector80
 *fill*         0x0000000008003474        0xc 
 .text.Vector84
                0x0000000008003480       0x34 build/obj/stm32_dma.o
                0x0000000008003480                Vector84
 *fill*         0x00000000080034b4        0xc 
 .text.VectorFC
                0x00000000080034c0       0x34 build/obj/stm32_dma.o
                0x00000000080034c0                VectorFC
 *fill*         0x00000000080034f4        0xc 
 .text.Vector120
                0x0000000008003500       0x30 build/obj/stm32_dma.o
                0x0000000008003500                Vector120
 .text.Vector124
                0x0000000008003530       0x34 build/obj/stm32_dma.o
                0x0000000008003530                Vector124
 *fill*         0x0000000008003564        0xc 
 .text.Vector128
                0x0000000008003570       0x34 build/obj/stm32_dma.o
                0x0000000008003570                Vector128
 *fill*         0x00000000080035a4        0xc 
 .text.Vector12C
                0x00000000080035b0       0x34 build/obj/stm32_dma.o
                0x00000000080035b0                Vector12C
 *fill*         0x00000000080035e4        0xc 
 .text.Vector130
                0x00000000080035f0       0x30 build/obj/stm32_dma.o
                0x00000000080035f0                Vector130
 .text.Vector150
                0x0000000008003620       0x34 build/obj/stm32_dma.o
                0x0000000008003620                Vector150
 *fill*         0x0000000008003654        0xc 
 .text.Vector154
                0x0000000008003660       0x34 build/obj/stm32_dma.o
                0x0000000008003660                Vector154
 *fill*         0x0000000008003694        0xc 
 .text.Vector158
                0x00000000080036a0       0x34 build/obj/stm32_dma.o
                0x00000000080036a0                Vector158
 *fill*         0x00000000080036d4        0xc 
 .text.dmaInit  0x00000000080036e0       0x4c build/obj/stm32_dma.o
                0x00000000080036e0                dmaInit
 *fill*         0x000000000800372c        0x4 
 .text.dmaStreamAllocate
                0x0000000008003730       0xac build/obj/stm32_dma.o
                0x0000000008003730                dmaStreamAllocate
 *fill*         0x00000000080037dc        0x4 
 .text.hal_lld_init
                0x00000000080037e0       0x9c build/obj/hal_lld.o
                0x00000000080037e0                hal_lld_init
 *fill*         0x000000000800387c        0x4 
 .text.stm32_clock_init
                0x0000000008003880       0xc0 build/obj/hal_lld.o
                0x0000000008003880                stm32_clock_init
 .text.adc_lld_init
                0x0000000008003940       0x34 build/obj/adc_lld.o
                0x0000000008003940                adc_lld_init
 *fill*         0x0000000008003974        0xc 
 .text.adc_lld_start
                0x0000000008003980       0x70 build/obj/adc_lld.o
                0x0000000008003980                adc_lld_start
 .text.adc_lld_start_conversion
                0x00000000080039f0       0x84 build/obj/adc_lld.o
                0x00000000080039f0                adc_lld_start_conversion
 *fill*         0x0000000008003a74        0xc 
 .text.adc_lld_stop_conversion
                0x0000000008003a80       0x30 build/obj/adc_lld.o
                0x0000000008003a80                adc_lld_stop_conversion
 .text.Vector88
                0x0000000008003ab0       0x80 build/obj/adc_lld.o
                0x0000000008003ab0                Vector88
 .text.adc_lld_serve_rx_interrupt
                0x0000000008003b30       0xe8 build/obj/adc_lld.o
 *fill*         0x0000000008003c18        0x8 
 .text._pal_lld_init
                0x0000000008003c20      0x1cc build/obj/pal_lld.o
                0x0000000008003c20                _pal_lld_init
 *fill*         0x0000000008003dec        0x4 
 .text._pal_lld_setgroupmode
                0x0000000008003df0       0xac build/obj/pal_lld.o
                0x0000000008003df0                _pal_lld_setgroupmode
 *fill*         0x0000000008003e9c        0x4 
 .text.usb_lld_pump
                0x0000000008003ea0      0x378 build/obj/usb_lld.o
 *fill*         0x0000000008004218        0x8 
 .text.otg_disable_ep.isra.0
                0x0000000008004220       0x74 build/obj/usb_lld.o
 *fill*         0x0000000008004294        0xc 
 .text.otg_epout_handler.constprop.8
                0x00000000080042a0       0x68 build/obj/usb_lld.o
 *fill*         0x0000000008004308        0x8 
 .text.usb_lld_init
                0x0000000008004310       0x44 build/obj/usb_lld.o
                0x0000000008004310                usb_lld_init
 *fill*         0x0000000008004354        0xc 
 .text.usb_lld_start
                0x0000000008004360       0xe0 build/obj/usb_lld.o
                0x0000000008004360                usb_lld_start
 .text.usb_lld_reset
                0x0000000008004440       0xd4 build/obj/usb_lld.o
                0x0000000008004440                usb_lld_reset
 *fill*         0x0000000008004514        0xc 
 .text.usb_lld_set_address
                0x0000000008004520       0x18 build/obj/usb_lld.o
                0x0000000008004520                usb_lld_set_address
 *fill*         0x0000000008004538        0x8 
 .text.usb_lld_init_endpoint
                0x0000000008004540      0x18c build/obj/usb_lld.o
                0x0000000008004540                usb_lld_init_endpoint
 *fill*         0x00000000080046cc        0x4 
 .text.usb_lld_get_status_out
                0x00000000080046d0       0x1c build/obj/usb_lld.o
                0x00000000080046d0                usb_lld_get_status_out
 *fill*         0x00000000080046ec        0x4 
 .text.usb_lld_get_status_in
                0x00000000080046f0       0x1c build/obj/usb_lld.o
                0x00000000080046f0                usb_lld_get_status_in
 *fill*         0x000000000800470c        0x4 
 .text.usb_lld_read_setup
                0x0000000008004710       0x14 build/obj/usb_lld.o
                0x0000000008004710                usb_lld_read_setup
 *fill*         0x0000000008004724        0xc 
 .text.usb_lld_prepare_receive
                0x0000000008004730       0x30 build/obj/usb_lld.o
                0x0000000008004730                usb_lld_prepare_receive
 .text.usb_lld_prepare_transmit
                0x0000000008004760       0x50 build/obj/usb_lld.o
                0x0000000008004760                usb_lld_prepare_transmit
 .text.otg_epin_handler.constprop.9
                0x00000000080047b0       0xe4 build/obj/usb_lld.o
 *fill*         0x0000000008004894        0xc 
 .text.Vector14C
                0x00000000080048a0      0x108 build/obj/usb_lld.o
                0x00000000080048a0                Vector14C
 *fill*         0x00000000080049a8        0x8 
 .text.usb_lld_start_out
                0x00000000080049b0       0x14 build/obj/usb_lld.o
                0x00000000080049b0                usb_lld_start_out
 *fill*         0x00000000080049c4        0xc 
 .text.usb_lld_start_in
                0x00000000080049d0       0x28 build/obj/usb_lld.o
                0x00000000080049d0                usb_lld_start_in
 *fill*         0x00000000080049f8        0x8 
 .text.usb_lld_stall_out
                0x0000000008004a00       0x14 build/obj/usb_lld.o
                0x0000000008004a00                usb_lld_stall_out
 *fill*         0x0000000008004a14        0xc 
 .text.usb_lld_stall_in
                0x0000000008004a20       0x14 build/obj/usb_lld.o
                0x0000000008004a20                usb_lld_stall_in
 *fill*         0x0000000008004a34        0xc 
 .text.usb_lld_clear_out
                0x0000000008004a40       0x14 build/obj/usb_lld.o
                0x0000000008004a40                usb_lld_clear_out
 *fill*         0x0000000008004a54        0xc 
 .text.usb_lld_clear_in
                0x0000000008004a60       0x14 build/obj/usb_lld.o
                0x0000000008004a60                usb_lld_clear_in
 *fill*         0x0000000008004a74        0xc 
 .text.pwm_lld_serve_interrupt
                0x0000000008004a80       0x5c build/obj/pwm_lld.o
 *fill*         0x0000000008004adc        0x4 
 .text.VectorB4
                0x0000000008004ae0       0x1c build/obj/pwm_lld.o
                0x0000000008004ae0                VectorB4
 *fill*         0x0000000008004afc        0x4 
 .text.VectorB8
                0x0000000008004b00       0x1c build/obj/pwm_lld.o
                0x0000000008004b00                VectorB8
 *fill*         0x0000000008004b1c        0x4 
 .text.pwm_lld_init
                0x0000000008004b20       0x2c build/obj/pwm_lld.o
                0x0000000008004b20                pwm_lld_init
 *fill*         0x0000000008004b4c        0x4 
 .text.pwm_lld_start
                0x0000000008004b50      0x138 build/obj/pwm_lld.o
                0x0000000008004b50                pwm_lld_start
 *fill*         0x0000000008004c88        0x8 
 .text.pwm_lld_enable_channel
                0x0000000008004c90       0x30 build/obj/pwm_lld.o
                0x0000000008004c90                pwm_lld_enable_channel
 .text.notify1  0x0000000008004cc0       0x14 build/obj/serial_lld.o
 *fill*         0x0000000008004cd4        0xc 
 .text.VectorD4
                0x0000000008004ce0      0x13c build/obj/serial_lld.o
                0x0000000008004ce0                VectorD4
 *fill*         0x0000000008004e1c        0x4 
 .text.sd_lld_init
                0x0000000008004e20       0x20 build/obj/serial_lld.o
                0x0000000008004e20                sd_lld_init
 .text.__early_init
                0x0000000008004e40        0x4 build/obj/board.o
                0x0000000008004e40                __early_init
 *fill*         0x0000000008004e44        0xc 
 .text.boardInit
                0x0000000008004e50        0x4 build/obj/board.o
                0x0000000008004e50                boardInit
 *fill*         0x0000000008004e54        0xc 
 .text._sbrk_r  0x0000000008004e60       0x28 build/obj/syscalls.o
                0x0000000008004e60                _sbrk_r
 *fill*         0x0000000008004e88        0x8 
 .text.get_descriptor
                0x0000000008004e90       0x30 build/obj/USB.o
 .text.usb_event
                0x0000000008004ec0       0x48 build/obj/USB.o
 *fill*         0x0000000008004f08        0x8 
 .text.isUSBActive
                0x0000000008004f10       0x1c build/obj/USB.o
                0x0000000008004f10                isUSBActive
 *fill*         0x0000000008004f2c        0x4 
 .text.initializeUSB
                0x0000000008004f30       0x4c build/obj/USB.o
                0x0000000008004f30                initializeUSB
 *fill*         0x0000000008004f7c        0x4 
 .text.adcSampleThread
                0x0000000008004f80       0x2c build/obj/main.o
 *fill*         0x0000000008004fac        0x4 
 .text.writeThread
                0x0000000008004fb0       0x74 build/obj/main.o
 *fill*         0x0000000008005024        0xc 
 .text.usbThread
                0x0000000008005030       0x40 build/obj/main.o
 .text.decodeRequest
                0x0000000008005070      0x260 build/obj/main.o
                0x0000000008005070                decodeRequest
 .text.decodeNextNetstring.part.0
                0x00000000080052d0       0x98 build/obj/main.o
 *fill*         0x0000000008005368        0x8 
 .text.consumeNetstrings
                0x0000000008005370       0x24 build/obj/main.o
                0x0000000008005370                consumeNetstrings
 *fill*         0x0000000008005394        0xc 
 .text.readThread
                0x00000000080053a0       0x6c build/obj/main.o
 *fill*         0x000000000800540c        0x4 
 .text._calloc_r
                0x0000000008005410       0x60 /usr/lib/gcc/arm-none-eabi/4.9.3/../../../arm-none-eabi/lib/armv7e-m/libg.a(lib_a-callocr.o)
                0x0000000008005410                _calloc_r
 .text._malloc_r
                0x0000000008005470      0x524 /usr/lib/gcc/arm-none-eabi/4.9.3/../../../arm-none-eabi/lib/armv7e-m/libg.a(lib_a-mallocr.o)
                0x0000000008005470                _malloc_r
 *fill*         0x0000000008005994        0xc 
 .text.memmove  0x00000000080059a0       0xc8 /usr/lib/gcc/arm-none-eabi/4.9.3/../../../arm-none-eabi/lib/armv7e-m/libg.a(lib_a-memmove.o)
                0x00000000080059a0                memmove
 *fill*         0x0000000008005a68        0x8 
 .text.memset   0x0000000008005a70       0x9c /usr/lib/gcc/arm-none-eabi/4.9.3/../../../arm-none-eabi/lib/armv7e-m/libg.a(lib_a-memset.o)
                0x0000000008005a70                memset
 *fill*         0x0000000008005b0c        0x4 
 .text.__malloc_lock
                0x0000000008005b10        0x4 /usr/lib/gcc/arm-none-eabi/4.9.3/../../../arm-none-eabi/lib/armv7e-m/libg.a(lib_a-mlock.o)
                0x0000000008005b10                __malloc_lock
 *fill*         0x0000000008005b14        0xc 
 .text.__malloc_unlock
                0x0000000008005b20        0x4 /usr/lib/gcc/arm-none-eabi/4.9.3/../../../arm-none-eabi/lib/armv7e-m/libg.a(lib_a-mlock.o)
                0x0000000008005b20                __malloc_unlock
 *fill*         0x0000000008005b24        0xc 
 .text.sprintf  0x0000000008005b30       0x4c /usr/lib/gcc/arm-none-eabi/4.9.3/../../../arm-none-eabi/lib/armv7e-m/libg.a(lib_a-sprintf.o)
                0x0000000008005b30                sprintf
 *fill*         0x0000000008005b7c        0x4 
 .text.strlen   0x0000000008005b80       0x5c /usr/lib/gcc/arm-none-eabi/4.9.3/../../../arm-none-eabi/lib/armv7e-m/libg.a(lib_a-strlen.o)
                0x0000000008005b80                strlen
 *fill*         0x0000000008005bdc        0x4 
 .text.critical_factorization
                0x0000000008005be0       0xb8 /usr/lib/gcc/arm-none-eabi/4.9.3/../../../arm-none-eabi/lib/armv7e-m/libg.a(lib_a-strstr.o)
 *fill*         0x0000000008005c98        0x8 
 .text.two_way_long_needle
                0x0000000008005ca0      0x1f8 /usr/lib/gcc/arm-none-eabi/4.9.3/../../../arm-none-eabi/lib/armv7e-m/libg.a(lib_a-strstr.o)
 *fill*         0x0000000008005e98        0x8 
 .text.strstr   0x0000000008005ea0      0x220 /usr/lib/gcc/arm-none-eabi/4.9.3/../../../arm-none-eabi/lib/armv7e-m/libg.a(lib_a-strstr.o)
                0x0000000008005ea0                strstr
 .text._strtol_r
                0x00000000080060c0      0x11c /usr/lib/gcc/arm-none-eabi/4.9.3/../../../arm-none-eabi/lib/armv7e-m/libg.a(lib_a-strtol.o)
                0x00000000080060c0                _strtol_r
 *fill*         0x00000000080061dc        0x4 
 .text.strtol   0x00000000080061e0       0x18 /usr/lib/gcc/arm-none-eabi/4.9.3/../../../arm-none-eabi/lib/armv7e-m/libg.a(lib_a-strtol.o)
                0x00000000080061e0                strtol
 *fill*         0x00000000080061f8        0x8 
 .text._svfprintf_r
                0x0000000008006200     0x1494 /usr/lib/gcc/arm-none-eabi/4.9.3/../../../arm-none-eabi/lib/armv7e-m/libg.a(lib_a-svfprintf.o)
                0x0000000008006200                _svfprintf_r
 *fill*         0x0000000008007694        0xc 
 .text.quorem   0x00000000080076a0      0x12c /usr/lib/gcc/arm-none-eabi/4.9.3/../../../arm-none-eabi/lib/armv7e-m/libg.a(lib_a-dtoa.o)
 *fill*         0x00000000080077cc        0x4 
 .text._dtoa_r  0x00000000080077d0      0xe98 /usr/lib/gcc/arm-none-eabi/4.9.3/../../../arm-none-eabi/lib/armv7e-m/libg.a(lib_a-dtoa.o)
                0x00000000080077d0                _dtoa_r
 *fill*         0x0000000008008668        0x8 
 .text._malloc_trim_r
                0x0000000008008670       0x9c /usr/lib/gcc/arm-none-eabi/4.9.3/../../../arm-none-eabi/lib/armv7e-m/libg.a(lib_a-freer.o)
                0x0000000008008670                _malloc_trim_r
 *fill*         0x000000000800870c        0x4 
 .text._free_r  0x0000000008008710      0x1b0 /usr/lib/gcc/arm-none-eabi/4.9.3/../../../arm-none-eabi/lib/armv7e-m/libg.a(lib_a-freer.o)
                0x0000000008008710                _free_r
 .text._localeconv_r
                0x00000000080088c0        0x8 /usr/lib/gcc/arm-none-eabi/4.9.3/../../../arm-none-eabi/lib/armv7e-m/libg.a(lib_a-locale.o)
                0x00000000080088c0                _localeconv_r
 *fill*         0x00000000080088c8        0x8 
 .text.memchr   0x00000000080088d0       0x94 /usr/lib/gcc/arm-none-eabi/4.9.3/../../../arm-none-eabi/lib/armv7e-m/libg.a(lib_a-memchr.o)
                0x00000000080088d0                memchr
 *fill*         0x0000000008008964        0xc 
 .text.memcmp   0x0000000008008970       0x64 /usr/lib/gcc/arm-none-eabi/4.9.3/../../../arm-none-eabi/lib/armv7e-m/libg.a(lib_a-memcmp.o)
                0x0000000008008970                memcmp
 *fill*         0x00000000080089d4        0xc 
 .text._Balloc  0x00000000080089e0       0x4c /usr/lib/gcc/arm-none-eabi/4.9.3/../../../arm-none-eabi/lib/armv7e-m/libg.a(lib_a-mprec.o)
                0x00000000080089e0                _Balloc
 *fill*         0x0000000008008a2c        0x4 
 .text._Bfree   0x0000000008008a30       0x14 /usr/lib/gcc/arm-none-eabi/4.9.3/../../../arm-none-eabi/lib/armv7e-m/libg.a(lib_a-mprec.o)
                0x0000000008008a30                _Bfree
 *fill*         0x0000000008008a44        0xc 
 .text.__multadd
                0x0000000008008a50       0x84 /usr/lib/gcc/arm-none-eabi/4.9.3/../../../arm-none-eabi/lib/armv7e-m/libg.a(lib_a-mprec.o)
                0x0000000008008a50                __multadd
 *fill*         0x0000000008008ad4        0xc 
 .text.__hi0bits
                0x0000000008008ae0       0x40 /usr/lib/gcc/arm-none-eabi/4.9.3/../../../arm-none-eabi/lib/armv7e-m/libg.a(lib_a-mprec.o)
                0x0000000008008ae0                __hi0bits
 .text.__lo0bits
                0x0000000008008b20       0x5c /usr/lib/gcc/arm-none-eabi/4.9.3/../../../arm-none-eabi/lib/armv7e-m/libg.a(lib_a-mprec.o)
                0x0000000008008b20                __lo0bits
 *fill*         0x0000000008008b7c        0x4 
 .text.__i2b    0x0000000008008b80       0x14 /usr/lib/gcc/arm-none-eabi/4.9.3/../../../arm-none-eabi/lib/armv7e-m/libg.a(lib_a-mprec.o)
                0x0000000008008b80                __i2b
 *fill*         0x0000000008008b94        0xc 
 .text.__multiply
                0x0000000008008ba0      0x134 /usr/lib/gcc/arm-none-eabi/4.9.3/../../../arm-none-eabi/lib/armv7e-m/libg.a(lib_a-mprec.o)
                0x0000000008008ba0                __multiply
 *fill*         0x0000000008008cd4        0xc 
 .text.__pow5mult
                0x0000000008008ce0       0xa0 /usr/lib/gcc/arm-none-eabi/4.9.3/../../../arm-none-eabi/lib/armv7e-m/libg.a(lib_a-mprec.o)
                0x0000000008008ce0                __pow5mult
 .text.__lshift
                0x0000000008008d80       0xac /usr/lib/gcc/arm-none-eabi/4.9.3/../../../arm-none-eabi/lib/armv7e-m/libg.a(lib_a-mprec.o)
                0x0000000008008d80                __lshift
 *fill*         0x0000000008008e2c        0x4 
 .text.__mcmp   0x0000000008008e30       0x48 /usr/lib/gcc/arm-none-eabi/4.9.3/../../../arm-none-eabi/lib/armv7e-m/libg.a(lib_a-mprec.o)
                0x0000000008008e30                __mcmp
 *fill*         0x0000000008008e78        0x8 
 .text.__mdiff  0x0000000008008e80       0xd4 /usr/lib/gcc/arm-none-eabi/4.9.3/../../../arm-none-eabi/lib/armv7e-m/libg.a(lib_a-mprec.o)
                0x0000000008008e80                __mdiff
 *fill*         0x0000000008008f54        0xc 
 .text.__d2b    0x0000000008008f60       0xb8 /usr/lib/gcc/arm-none-eabi/4.9.3/../../../arm-none-eabi/lib/armv7e-m/libg.a(lib_a-mprec.o)
                0x0000000008008f60                __d2b
 *fill*         0x0000000008009018        0x8 
 .text.__fpclassifyd
                0x0000000008009020       0x58 /usr/lib/gcc/arm-none-eabi/4.9.3/../../../arm-none-eabi/lib/armv7e-m/libg.a(lib_a-s_fpclassify.o)
                0x0000000008009020                __fpclassifyd
 *fill*         0x0000000008009078        0x8 
 .text.strchr   0x0000000008009080       0xcc /usr/lib/gcc/arm-none-eabi/4.9.3/../../../arm-none-eabi/lib/armv7e-m/libg.a(lib_a-strchr.o)
                0x0000000008009080                strchr
 *fill*         0x000000000800914c        0x4 
 .text.__ssprint_r
                0x0000000008009150      0x104 /usr/lib/gcc/arm-none-eabi/4.9.3/../../../arm-none-eabi/lib/armv7e-m/libg.a(lib_a-svfiprintf.o)
                0x0000000008009150                __ssprint_r
 *fill*         0x0000000008009254        0xc 
 .text._realloc_r
                0x0000000008009260      0x3ec /usr/lib/gcc/arm-none-eabi/4.9.3/../../../arm-none-eabi/lib/armv7e-m/libg.a(lib_a-reallocr.o)
                0x0000000008009260                _realloc_r
 *(.rodata)
 *(.rodata.*)
 *fill*         0x000000000800964c        0x4 
 .rodata.str1.4
                0x0000000008009650        0x5 build/obj/chsys.o
 *fill*         0x0000000008009655        0xb 
 .rodata.str1.4
                0x0000000008009660       0x56 build/obj/chdebug.o
 *fill*         0x00000000080096b6        0xa 
 .rodata.str1.4
                0x00000000080096c0       0x31 build/obj/chvt.o
 *fill*         0x00000000080096f1        0xf 
 .rodata.str1.4
                0x0000000008009700       0x23 build/obj/chschd.o
 *fill*         0x0000000008009723        0xd 
 .rodata.str1.4
                0x0000000008009730       0x94 build/obj/chthreads.o
 *fill*         0x00000000080097c4        0xc 
 .rodata.ch_debug
                0x00000000080097d0       0x16 build/obj/chregistry.o
                0x00000000080097d0                ch_debug
 *fill*         0x00000000080097e6        0xa 
 .rodata.str1.4
                0x00000000080097f0       0xab build/obj/chmtx.o
 *fill*         0x000000000800989b        0x5 
 .rodata.str1.4
                0x00000000080098a0       0x90 build/obj/chevents.o
 .rodata.str1.4
                0x0000000008009930       0x29 build/obj/chqueues.o
 *fill*         0x0000000008009959        0x7 
 .rodata.str1.4
                0x0000000008009960      0x10e build/obj/adc.o
 *fill*         0x0000000008009a6e        0x2 
 .rodata.str1.4
                0x0000000008009a70       0xb0 build/obj/pwm.o
 .rodata.str1.4
                0x0000000008009b20       0x5f build/obj/serial.o
 *fill*         0x0000000008009b7f        0x1 
 .rodata.vmt    0x0000000008009b80       0x20 build/obj/serial.o
 .rodata.str1.4
                0x0000000008009ba0       0x2e build/obj/serial_usb.o
 *fill*         0x0000000008009bce        0x2 
 .rodata.vmt    0x0000000008009bd0       0x20 build/obj/serial_usb.o
 .rodata.zero_status
                0x0000000008009bf0        0x2 build/obj/usb.o
 *fill*         0x0000000008009bf2        0xe 
 .rodata.active_status
                0x0000000008009c00        0x2 build/obj/usb.o
 *fill*         0x0000000008009c02        0xe 
 .rodata.str1.4
                0x0000000008009c10      0x122 build/obj/usb.o
 *fill*         0x0000000008009d32        0xe 
 .rodata.halted_status
                0x0000000008009d40        0x2 build/obj/usb.o
 *fill*         0x0000000008009d42        0xe 
 .rodata.str1.4
                0x0000000008009d50       0x47 build/obj/stm32_dma.o
 *fill*         0x0000000008009d97        0x9 
 .rodata._stm32_dma_streams
                0x0000000008009da0       0xc0 build/obj/stm32_dma.o
                0x0000000008009da0                _stm32_dma_streams
 .rodata.str1.4
                0x0000000008009e60       0x14 build/obj/adc_lld.o
 *fill*         0x0000000008009e74        0xc 
 .rodata.fsparams
                0x0000000008009e80        0xc build/obj/usb_lld.o
 *fill*         0x0000000008009e8c        0x4 
 .rodata.str1.4
                0x0000000008009e90       0x25 build/obj/usb_lld.o
 *fill*         0x0000000008009eb5        0xb 
 .rodata.ep0config
                0x0000000008009ec0       0x24 build/obj/usb_lld.o
 *fill*         0x0000000008009ee4        0xc 
 .rodata.str1.4
                0x0000000008009ef0       0x14 build/obj/pwm_lld.o
 *fill*         0x0000000008009f04        0xc 
 .rodata.pal_default_config
                0x0000000008009f10       0xfc build/obj/board.o
                0x0000000008009f10                pal_default_config
 *fill*         0x000000000800a00c        0x4 
 .rodata.str1.4
                0x000000000800a010        0xc build/obj/syscalls.o
 *fill*         0x000000000800a01c        0x4 
 .rodata.ep1config
                0x000000000800a020       0x24 build/obj/USB.o
 *fill*         0x000000000800a044        0xc 
 .rodata.vcom_configuration_descriptor
                0x000000000800a050        0x8 build/obj/USB.o
 *fill*         0x000000000800a058        0x8 
 .rodata.ep2config
                0x000000000800a060       0x24 build/obj/USB.o
 *fill*         0x000000000800a084        0xc 
 .rodata.usbcfg
                0x000000000800a090       0x10 build/obj/USB.o
 .rodata.vcom_configuration_descriptor_data
                0x000000000800a0a0       0x43 build/obj/USB.o
 *fill*         0x000000000800a0e3        0xd 
 .rodata.vcom_device_descriptor_data
                0x000000000800a0f0       0x12 build/obj/USB.o
 *fill*         0x000000000800a102        0xe 
 .rodata.vcom_string0
                0x000000000800a110        0x4 build/obj/USB.o
 *fill*         0x000000000800a114        0xc 
 .rodata.vcom_string1
                0x000000000800a120       0x26 build/obj/USB.o
 *fill*         0x000000000800a146        0xa 
 .rodata.vcom_string2
                0x000000000800a150       0x38 build/obj/USB.o
 *fill*         0x000000000800a188        0x8 
 .rodata.vcom_string3
                0x000000000800a190        0x8 build/obj/USB.o
 *fill*         0x000000000800a198        0x8 
 .rodata.vcom_strings
                0x000000000800a1a0       0x20 build/obj/USB.o
 .rodata.serusbcfg
                0x000000000800a1c0        0x8 build/obj/USB.o
 *fill*         0x000000000800a1c8        0x8 
 .rodata.vcom_device_descriptor
                0x000000000800a1d0        0x8 build/obj/USB.o
 *fill*         0x000000000800a1d8        0x8 
 .rodata.str1.4
                0x000000000800a1e0      0x118 build/obj/main.o
 *fill*         0x000000000800a2f8        0x8 
 .rodata.adcgrpcfg
                0x000000000800a300       0x28 build/obj/main.o
 *fill*         0x000000000800a328        0x8 
 .rodata.str1.4
                0x000000000800a330        0x2 /usr/lib/gcc/arm-none-eabi/4.9.3/../../../arm-none-eabi/lib/armv7e-m/libg.a(lib_a-impure.o)
                                          0x4 (size before relaxing)
 *fill*         0x000000000800a332        0xe 
 .rodata.zeroes.6911
                0x000000000800a340       0x10 /usr/lib/gcc/arm-none-eabi/4.9.3/../../../arm-none-eabi/lib/armv7e-m/libg.a(lib_a-svfprintf.o)
 .rodata.blanks.6910
                0x000000000800a350       0x10 /usr/lib/gcc/arm-none-eabi/4.9.3/../../../arm-none-eabi/lib/armv7e-m/libg.a(lib_a-svfprintf.o)
 .rodata.str1.4
                0x000000000800a360       0x3f /usr/lib/gcc/arm-none-eabi/4.9.3/../../../arm-none-eabi/lib/armv7e-m/libg.a(lib_a-svfprintf.o)
                                         0x44 (size before relaxing)
 *fill*         0x000000000800a39f        0x1 
 .rodata._ctype_
                0x000000000800a3a0      0x104 /usr/lib/gcc/arm-none-eabi/4.9.3/../../../arm-none-eabi/lib/armv7e-m/libg.a(lib_a-ctype_.o)
                0x000000000800a3a0                _ctype_
 *fill*         0x000000000800a4a4        0xc 
 .rodata.str1.4
                0x000000000800a4b0       0x10 /usr/lib/gcc/arm-none-eabi/4.9.3/../../../arm-none-eabi/lib/armv7e-m/libg.a(lib_a-dtoa.o)
                                         0x14 (size before relaxing)
 .rodata.str1.4
                0x000000000800a4c0        0xc /usr/lib/gcc/arm-none-eabi/4.9.3/../../../arm-none-eabi/lib/armv7e-m/libg.a(lib_a-locale.o)
                                         0x14 (size before relaxing)
 *fill*         0x000000000800a4cc        0x4 
 .rodata.__mprec_tens
                0x000000000800a4d0       0xc8 /usr/lib/gcc/arm-none-eabi/4.9.3/../../../arm-none-eabi/lib/armv7e-m/libg.a(lib_a-mprec.o)
                0x000000000800a4d0                __mprec_tens
 *fill*         0x000000000800a598        0x8 
 .rodata.p05.5302
                0x000000000800a5a0        0xc /usr/lib/gcc/arm-none-eabi/4.9.3/../../../arm-none-eabi/lib/armv7e-m/libg.a(lib_a-mprec.o)
 *fill*         0x000000000800a5ac        0x4 
 .rodata.__mprec_bigtens
                0x000000000800a5b0       0x28 /usr/lib/gcc/arm-none-eabi/4.9.3/../../../arm-none-eabi/lib/armv7e-m/libg.a(lib_a-mprec.o)
                0x000000000800a5b0                __mprec_bigtens
 *(.glue_7t)
 .glue_7t       0x000000000800a5d8        0x0 linker stubs
 *(.glue_7)
 .glue_7        0x000000000800a5d8        0x0 linker stubs
 *(.gcc*)

.vfp11_veneer   0x000000000800a5d8        0x0
 .vfp11_veneer  0x000000000800a5d8        0x0 linker stubs

.v4_bx          0x000000000800a5d8        0x0
 .v4_bx         0x000000000800a5d8        0x0 linker stubs

.iplt           0x000000000800a5d8        0x0
 .iplt          0x000000000800a5d8        0x0 build/obj/crt0.o

.ARM.extab
 *(.ARM.extab* .gnu.linkonce.armextab.*)

.ARM.exidx      0x000000000800a5d8        0x8
                [!provide]                        PROVIDE (__exidx_start, .)
 *(.ARM.exidx* .gnu.linkonce.armexidx.*)
 .ARM.exidx     0x000000000800a5d8        0x8 /usr/lib/gcc/arm-none-eabi/4.9.3/armv7e-m/libgcc.a(_divdi3.o)
 .ARM.exidx     0x000000000800a5e0        0x0 /usr/lib/gcc/arm-none-eabi/4.9.3/armv7e-m/libgcc.a(_udivdi3.o)
                                          0x8 (size before relaxing)
                [!provide]                        PROVIDE (__exidx_end, .)

.rel.dyn        0x000000000800a5e0        0x0
 .rel.iplt      0x000000000800a5e0        0x0 build/obj/crt0.o

.eh_frame_hdr
 *(.eh_frame_hdr)

.eh_frame
 *(.eh_frame)

.textalign      0x000000000800a5e0        0x0
                0x000000000800a5e0                . = ALIGN (0x8)
                0x000000000800a5e0                . = ALIGN (0x4)
                0x000000000800a5e0                _etext = .
                0x000000000800a5e0                _textdata = _etext

.stacks         0x0000000020000000      0x800
                0x0000000020000000                . = ALIGN (0x8)
                0x0000000020000000                __main_stack_base__ = .
                0x0000000020000400                . = (. + __main_stack_size__)
 *fill*         0x0000000020000000      0x400 
                0x0000000020000400                . = ALIGN (0x8)
                0x0000000020000400                __main_stack_end__ = .
                0x0000000020000400                __process_stack_base__ = .
                0x0000000020000400                __main_thread_stack_base__ = .
                0x0000000020000800                . = (. + __process_stack_size__)
 *fill*         0x0000000020000400      0x400 
                0x0000000020000800                . = ALIGN (0x8)
                0x0000000020000800                __process_stack_end__ = .
                0x0000000020000800                __main_thread_stack_end__ = .

.data           0x0000000020000800      0x8b8 load address 0x000000000800a5e0
                0x0000000020000800                . = ALIGN (0x4)
                0x0000000020000800                PROVIDE (_data, .)
 *(.data)
                0x0000000020000800                . = ALIGN (0x4)
 *(.data.*)
 .data.linecoding
                0x0000000020000800        0x7 build/obj/serial_usb.o
 *fill*         0x0000000020000807        0x1 
 .data.timeOut  0x0000000020000808        0x4 build/obj/main.o
                0x0000000020000808                timeOut
 .data.pwmcfg   0x000000002000080c       0x34 build/obj/main.o
 .data.impure_data
                0x0000000020000840      0x428 /usr/lib/gcc/arm-none-eabi/4.9.3/../../../arm-none-eabi/lib/armv7e-m/libg.a(lib_a-impure.o)
 .data._impure_ptr
                0x0000000020000c68        0x4 /usr/lib/gcc/arm-none-eabi/4.9.3/../../../arm-none-eabi/lib/armv7e-m/libg.a(lib_a-impure.o)
                0x0000000020000c68                _impure_ptr
 .data.__malloc_av_
                0x0000000020000c6c      0x408 /usr/lib/gcc/arm-none-eabi/4.9.3/../../../arm-none-eabi/lib/armv7e-m/libg.a(lib_a-mallocr.o)
                0x0000000020000c6c                __malloc_av_
 .data.__malloc_trim_threshold
                0x0000000020001074        0x4 /usr/lib/gcc/arm-none-eabi/4.9.3/../../../arm-none-eabi/lib/armv7e-m/libg.a(lib_a-mallocr.o)
                0x0000000020001074                __malloc_trim_threshold
 .data.__malloc_sbrk_base
                0x0000000020001078        0x4 /usr/lib/gcc/arm-none-eabi/4.9.3/../../../arm-none-eabi/lib/armv7e-m/libg.a(lib_a-mallocr.o)
                0x0000000020001078                __malloc_sbrk_base
 .data.__ctype_ptr__
                0x000000002000107c        0x4 /usr/lib/gcc/arm-none-eabi/4.9.3/../../../arm-none-eabi/lib/armv7e-m/libg.a(lib_a-ctype_.o)
                0x000000002000107c                __ctype_ptr__
 .data.lconv    0x0000000020001080       0x38 /usr/lib/gcc/arm-none-eabi/4.9.3/../../../arm-none-eabi/lib/armv7e-m/libg.a(lib_a-locale.o)
                0x00000000200010b8                . = ALIGN (0x4)
 *(.ramtext)
                0x00000000200010b8                . = ALIGN (0x4)
                0x00000000200010b8                PROVIDE (_edata, .)

.igot.plt       0x00000000200010b8        0x0 load address 0x000000000800ae98
 .igot.plt      0x00000000200010b8        0x0 build/obj/crt0.o

.bss            0x00000000200010b8     0x198c load address 0x000000000800ae98
                0x00000000200010b8                . = ALIGN (0x4)
                0x00000000200010b8                PROVIDE (_bss_start, .)
 *(.bss)
                0x00000000200010b8                . = ALIGN (0x4)
 *(.bss.*)
 .bss.mainthread.4860
                0x00000000200010b8       0x4c build/obj/chsys.o
 *fill*         0x0000000020001104        0x4 
 .bss._idle_thread_wa
                0x0000000020001108       0xe0 build/obj/chsys.o
                0x0000000020001108                _idle_thread_wa
 .bss.dbg_isr_cnt
                0x00000000200011e8        0x4 build/obj/chdebug.o
                0x00000000200011e8                dbg_isr_cnt
 .bss.dbg_trace_buffer
                0x00000000200011ec      0x408 build/obj/chdebug.o
                0x00000000200011ec                dbg_trace_buffer
 .bss.dbg_lock_cnt
                0x00000000200015f4        0x4 build/obj/chdebug.o
                0x00000000200015f4                dbg_lock_cnt
 .bss.dbg_panic_msg
                0x00000000200015f8        0x4 build/obj/chdebug.o
                0x00000000200015f8                dbg_panic_msg
 .bss.vtlist    0x00000000200015fc       0x10 build/obj/chvt.o
                0x00000000200015fc                vtlist
 .bss.rlist     0x000000002000160c       0x1c build/obj/chschd.o
                0x000000002000160c                rlist
 .bss.endmem    0x0000000020001628        0x4 build/obj/chmemcore.o
 .bss.nextmem   0x000000002000162c        0x4 build/obj/chmemcore.o
 .bss.default_heap
                0x0000000020001630       0x20 build/obj/chheap.o
 .bss.measurement_offset
                0x0000000020001650        0x4 build/obj/tm.o
 .bss.dma_isr_redir
                0x0000000020001654       0x80 build/obj/stm32_dma.o
 .bss.dma_streams_mask
                0x00000000200016d4        0x4 build/obj/stm32_dma.o
 .bss.ADCD1     0x00000000200016d8       0x34 build/obj/adc_lld.o
                0x00000000200016d8                ADCD1
 *fill*         0x000000002000170c        0x4 
 .bss.USBD1     0x0000000020001710      0x1b8 build/obj/usb_lld.o
                0x0000000020001710                USBD1
 .bss.ep0_state
                0x00000000200018c8       0x14 build/obj/usb_lld.o
 .bss.ep0setup_buffer
                0x00000000200018dc        0x8 build/obj/usb_lld.o
 .bss.PWMD3     0x00000000200018e4       0x14 build/obj/pwm_lld.o
                0x00000000200018e4                PWMD3
 .bss.PWMD4     0x00000000200018f8       0x14 build/obj/pwm_lld.o
                0x00000000200018f8                PWMD4
 .bss.SD1       0x000000002000190c       0x78 build/obj/serial_lld.o
                0x000000002000190c                SD1
 .bss.ep2instate
                0x0000000020001984       0x14 build/obj/USB.o
 .bss.SDU1      0x0000000020001998      0x258 build/obj/USB.o
                0x0000000020001998                SDU1
 .bss.ep1instate
                0x0000000020001bf0       0x14 build/obj/USB.o
 .bss.ep1outstate
                0x0000000020001c04       0x10 build/obj/USB.o
 .bss.chunkBuffer
                0x0000000020001c14       0x40 build/obj/main.o
                0x0000000020001c14                chunkBuffer
 .bss.writePtr  0x0000000020001c54        0x4 build/obj/main.o
                0x0000000020001c54                writePtr
 .bss.readThreadWA
                0x0000000020001c58      0x4d0 build/obj/main.o
 .bss.bytesRead
                0x0000000020002128        0x4 build/obj/main.o
                0x0000000020002128                bytesRead
 .bss.messageBuffer
                0x000000002000212c      0x100 build/obj/main.o
                0x000000002000212c                messageBuffer
 .bss.decodedValue
                0x000000002000222c        0x4 build/obj/main.o
                0x000000002000222c                decodedValue
 .bss.usbThreadWA
                0x0000000020002230      0x150 build/obj/main.o
 .bss.receiveBuffer
                0x0000000020002380       0x80 build/obj/main.o
                0x0000000020002380                receiveBuffer
 .bss.samples   0x0000000020002400       0x30 build/obj/main.o
 .bss.writeThreadArea
                0x0000000020002430      0x4d0 build/obj/main.o
 .bss.adcSampleThreadWA
                0x0000000020002900      0x110 build/obj/main.o
 .bss.__malloc_max_total_mem
                0x0000000020002a10        0x4 /usr/lib/gcc/arm-none-eabi/4.9.3/../../../arm-none-eabi/lib/armv7e-m/libg.a(lib_a-mallocr.o)
                0x0000000020002a10                __malloc_max_total_mem
 .bss.__malloc_max_sbrked_mem
                0x0000000020002a14        0x4 /usr/lib/gcc/arm-none-eabi/4.9.3/../../../arm-none-eabi/lib/armv7e-m/libg.a(lib_a-mallocr.o)
                0x0000000020002a14                __malloc_max_sbrked_mem
 .bss.__malloc_top_pad
                0x0000000020002a18        0x4 /usr/lib/gcc/arm-none-eabi/4.9.3/../../../arm-none-eabi/lib/armv7e-m/libg.a(lib_a-mallocr.o)
                0x0000000020002a18                __malloc_top_pad
 .bss.__malloc_current_mallinfo
                0x0000000020002a1c       0x28 /usr/lib/gcc/arm-none-eabi/4.9.3/../../../arm-none-eabi/lib/armv7e-m/libg.a(lib_a-mallocr.o)
                0x0000000020002a1c                __malloc_current_mallinfo
                0x0000000020002a44                . = ALIGN (0x4)
 *(COMMON)
                0x0000000020002a44                . = ALIGN (0x4)
                0x0000000020002a44                PROVIDE (_bss_end, .)
                [!provide]                        PROVIDE (end, .)
                0x0000000020002a44                _end = .
                0x0000000020002a44                __heap_base__ = _end
                0x000000002001c000                __heap_end__ = __ram_end__
LOAD /usr/lib/gcc/arm-none-eabi/4.9.3/../../../arm-none-eabi/lib/armv7e-m/libm.a
START GROUP
LOAD /usr/lib/gcc/arm-none-eabi/4.9.3/armv7e-m/libgcc.a
LOAD /usr/lib/gcc/arm-none-eabi/4.9.3/../../../arm-none-eabi/lib/armv7e-m/libg.a
LOAD /usr/lib/gcc/arm-none-eabi/4.9.3/../../../arm-none-eabi/lib/armv7e-m/libc.a
END GROUP
OUTPUT(build/ch.elf elf32-littlearm)

.debug_info     0x0000000000000000    0x27614
 .debug_info    0x0000000000000000      0x2b3 build/obj/crt0.o
 .debug_info    0x00000000000002b3      0x1cd build/obj/vectors.o
 .debug_info    0x0000000000000480       0x92 build/obj/chcore.o
 .debug_info    0x0000000000000512      0x8ba build/obj/chcore_v7m.o
 .debug_info    0x0000000000000dcc      0x406 build/obj/nvic.o
 .debug_info    0x00000000000011d2      0x8ac build/obj/chsys.o
 .debug_info    0x0000000000001a7e      0x94a build/obj/chdebug.o
 .debug_info    0x00000000000023c8      0x277 build/obj/chvt.o
 .debug_info    0x000000000000263f      0xaf3 build/obj/chschd.o
 .debug_info    0x0000000000003132      0xdfd build/obj/chthreads.o
 .debug_info    0x0000000000003f2f      0x6bb build/obj/chregistry.o
 .debug_info    0x00000000000045ea      0xb60 build/obj/chmtx.o
 .debug_info    0x000000000000514a      0xff7 build/obj/chevents.o
 .debug_info    0x0000000000006141      0xcdc build/obj/chqueues.o
 .debug_info    0x0000000000006e1d      0x226 build/obj/chmemcore.o
 .debug_info    0x0000000000007043      0x75e build/obj/chheap.o
 .debug_info    0x00000000000077a1      0x3e5 build/obj/hal.o
 .debug_info    0x0000000000007b86      0xfc8 build/obj/adc.o
 .debug_info    0x0000000000008b4e      0x80b build/obj/pwm.o
 .debug_info    0x0000000000009359     0x10da build/obj/serial.o
 .debug_info    0x000000000000a433     0x1f23 build/obj/serial_usb.o
 .debug_info    0x000000000000c356      0x2d9 build/obj/tm.o
 .debug_info    0x000000000000c62f     0x21aa build/obj/usb.o
 .debug_info    0x000000000000e7d9      0xbfc build/obj/stm32_dma.o
 .debug_info    0x000000000000f3d5      0x491 build/obj/hal_lld.o
 .debug_info    0x000000000000f866     0x1167 build/obj/adc_lld.o
 .debug_info    0x00000000000109cd      0x6fc build/obj/pal_lld.o
 .debug_info    0x00000000000110c9     0x28fc build/obj/usb_lld.o
 .debug_info    0x00000000000139c5      0x889 build/obj/pwm_lld.o
 .debug_info    0x000000000001424e      0xfe1 build/obj/serial_lld.o
 .debug_info    0x000000000001522f      0x1f4 build/obj/board.o
 .debug_info    0x0000000000015423      0xc42 build/obj/syscalls.o
 .debug_info    0x0000000000016065     0x16e6 build/obj/USB.o
 .debug_info    0x000000000001774b     0x2ef7 build/obj/main.o
 .debug_info    0x000000000001a642      0x9e0 /usr/lib/gcc/arm-none-eabi/4.9.3/../../../arm-none-eabi/lib/armv7e-m/libg.a(lib_a-callocr.o)
 .debug_info    0x000000000001b022      0x894 /usr/lib/gcc/arm-none-eabi/4.9.3/../../../arm-none-eabi/lib/armv7e-m/libg.a(lib_a-impure.o)
 .debug_info    0x000000000001b8b6      0xd8b /usr/lib/gcc/arm-none-eabi/4.9.3/../../../arm-none-eabi/lib/armv7e-m/libg.a(lib_a-mallocr.o)
 .debug_info    0x000000000001c641       0xce /usr/lib/gcc/arm-none-eabi/4.9.3/../../../arm-none-eabi/lib/armv7e-m/libg.a(lib_a-memcpy.o)
 .debug_info    0x000000000001c70f      0x131 /usr/lib/gcc/arm-none-eabi/4.9.3/../../../arm-none-eabi/lib/armv7e-m/libg.a(lib_a-memmove.o)
 .debug_info    0x000000000001c840      0x117 /usr/lib/gcc/arm-none-eabi/4.9.3/../../../arm-none-eabi/lib/armv7e-m/libg.a(lib_a-memset.o)
 .debug_info    0x000000000001c957      0x8b4 /usr/lib/gcc/arm-none-eabi/4.9.3/../../../arm-none-eabi/lib/armv7e-m/libg.a(lib_a-mlock.o)
 .debug_info    0x000000000001d20b      0x9ee /usr/lib/gcc/arm-none-eabi/4.9.3/../../../arm-none-eabi/lib/armv7e-m/libg.a(lib_a-sprintf.o)
 .debug_info    0x000000000001dbf9       0xb5 /usr/lib/gcc/arm-none-eabi/4.9.3/../../../arm-none-eabi/lib/armv7e-m/libg.a(lib_a-strlen.o)
 .debug_info    0x000000000001dcae      0x4f2 /usr/lib/gcc/arm-none-eabi/4.9.3/../../../arm-none-eabi/lib/armv7e-m/libg.a(lib_a-strstr.o)
 .debug_info    0x000000000001e1a0      0x9a7 /usr/lib/gcc/arm-none-eabi/4.9.3/../../../arm-none-eabi/lib/armv7e-m/libg.a(lib_a-strtol.o)
 .debug_info    0x000000000001eb47     0x1663 /usr/lib/gcc/arm-none-eabi/4.9.3/../../../arm-none-eabi/lib/armv7e-m/libg.a(lib_a-svfprintf.o)
 .debug_info    0x00000000000201aa       0x6f /usr/lib/gcc/arm-none-eabi/4.9.3/../../../arm-none-eabi/lib/armv7e-m/libg.a(lib_a-ctype_.o)
 .debug_info    0x0000000000020219     0x1341 /usr/lib/gcc/arm-none-eabi/4.9.3/../../../arm-none-eabi/lib/armv7e-m/libg.a(lib_a-dtoa.o)
 .debug_info    0x000000000002155a      0xc1c /usr/lib/gcc/arm-none-eabi/4.9.3/../../../arm-none-eabi/lib/armv7e-m/libg.a(lib_a-freer.o)
 .debug_info    0x0000000000022176      0xc24 /usr/lib/gcc/arm-none-eabi/4.9.3/../../../arm-none-eabi/lib/armv7e-m/libg.a(lib_a-locale.o)
 .debug_info    0x0000000000022d9a      0x129 /usr/lib/gcc/arm-none-eabi/4.9.3/../../../arm-none-eabi/lib/armv7e-m/libg.a(lib_a-memchr.o)
 .debug_info    0x0000000000022ec3      0x113 /usr/lib/gcc/arm-none-eabi/4.9.3/../../../arm-none-eabi/lib/armv7e-m/libg.a(lib_a-memcmp.o)
 .debug_info    0x0000000000022fd6     0x167c /usr/lib/gcc/arm-none-eabi/4.9.3/../../../arm-none-eabi/lib/armv7e-m/libg.a(lib_a-mprec.o)
 .debug_info    0x0000000000024652       0xd3 /usr/lib/gcc/arm-none-eabi/4.9.3/../../../arm-none-eabi/lib/armv7e-m/libg.a(lib_a-s_fpclassify.o)
 .debug_info    0x0000000000024725      0x116 /usr/lib/gcc/arm-none-eabi/4.9.3/../../../arm-none-eabi/lib/armv7e-m/libg.a(lib_a-strchr.o)
 .debug_info    0x000000000002483b     0x1025 /usr/lib/gcc/arm-none-eabi/4.9.3/../../../arm-none-eabi/lib/armv7e-m/libg.a(lib_a-svfiprintf.o)
 .debug_info    0x0000000000025860      0xcbc /usr/lib/gcc/arm-none-eabi/4.9.3/../../../arm-none-eabi/lib/armv7e-m/libg.a(lib_a-reallocr.o)
 .debug_info    0x000000000002651c       0xbb /usr/lib/gcc/arm-none-eabi/4.9.3/armv7e-m/libgcc.a(_arm_addsubdf3.o)
 .debug_info    0x00000000000265d7       0xbb /usr/lib/gcc/arm-none-eabi/4.9.3/armv7e-m/libgcc.a(_arm_muldivdf3.o)
 .debug_info    0x0000000000026692       0xbb /usr/lib/gcc/arm-none-eabi/4.9.3/armv7e-m/libgcc.a(_arm_cmpdf2.o)
 .debug_info    0x000000000002674d       0xbb /usr/lib/gcc/arm-none-eabi/4.9.3/armv7e-m/libgcc.a(_arm_fixdfsi.o)
 .debug_info    0x0000000000026808       0xb6 /usr/lib/gcc/arm-none-eabi/4.9.3/armv7e-m/libgcc.a(_aeabi_uldivmod.o)
 .debug_info    0x00000000000268be      0x164 /usr/lib/gcc/arm-none-eabi/4.9.3/armv7e-m/libgcc.a(bpabi.o)
 .debug_info    0x0000000000026a22       0xba /usr/lib/gcc/arm-none-eabi/4.9.3/armv7e-m/libgcc.a(_dvmd_tls.o)
 .debug_info    0x0000000000026adc      0x5bc /usr/lib/gcc/arm-none-eabi/4.9.3/armv7e-m/libgcc.a(_divdi3.o)
 .debug_info    0x0000000000027098      0x57c /usr/lib/gcc/arm-none-eabi/4.9.3/armv7e-m/libgcc.a(_udivdi3.o)

.debug_abbrev   0x0000000000000000     0x79c3
 .debug_abbrev  0x0000000000000000       0xfd build/obj/crt0.o
 .debug_abbrev  0x00000000000000fd       0xaf build/obj/vectors.o
 .debug_abbrev  0x00000000000001ac       0x42 build/obj/chcore.o
 .debug_abbrev  0x00000000000001ee      0x216 build/obj/chcore_v7m.o
 .debug_abbrev  0x0000000000000404      0x10e build/obj/nvic.o
 .debug_abbrev  0x0000000000000512      0x1f2 build/obj/chsys.o
 .debug_abbrev  0x0000000000000704      0x21b build/obj/chdebug.o
 .debug_abbrev  0x000000000000091f      0x151 build/obj/chvt.o
 .debug_abbrev  0x0000000000000a70      0x31b build/obj/chschd.o
 .debug_abbrev  0x0000000000000d8b      0x375 build/obj/chthreads.o
 .debug_abbrev  0x0000000000001100      0x1ba build/obj/chregistry.o
 .debug_abbrev  0x00000000000012ba      0x2f8 build/obj/chmtx.o
 .debug_abbrev  0x00000000000015b2      0x2cc build/obj/chevents.o
 .debug_abbrev  0x000000000000187e      0x35d build/obj/chqueues.o
 .debug_abbrev  0x0000000000001bdb      0x13b build/obj/chmemcore.o
 .debug_abbrev  0x0000000000001d16      0x1f2 build/obj/chheap.o
 .debug_abbrev  0x0000000000001f08      0x1ca build/obj/hal.o
 .debug_abbrev  0x00000000000020d2      0x2ce build/obj/adc.o
 .debug_abbrev  0x00000000000023a0      0x1c6 build/obj/pwm.o
 .debug_abbrev  0x0000000000002566      0x2c0 build/obj/serial.o
 .debug_abbrev  0x0000000000002826      0x3e1 build/obj/serial_usb.o
 .debug_abbrev  0x0000000000002c07      0x19a build/obj/tm.o
 .debug_abbrev  0x0000000000002da1      0x43a build/obj/usb.o
 .debug_abbrev  0x00000000000031db      0x250 build/obj/stm32_dma.o
 .debug_abbrev  0x000000000000342b      0x12b build/obj/hal_lld.o
 .debug_abbrev  0x0000000000003556      0x323 build/obj/adc_lld.o
 .debug_abbrev  0x0000000000003879      0x1aa build/obj/pal_lld.o
 .debug_abbrev  0x0000000000003a23      0x50b build/obj/usb_lld.o
 .debug_abbrev  0x0000000000003f2e      0x256 build/obj/pwm_lld.o
 .debug_abbrev  0x0000000000004184      0x32a build/obj/serial_lld.o
 .debug_abbrev  0x00000000000044ae       0xe3 build/obj/board.o
 .debug_abbrev  0x0000000000004591      0x228 build/obj/syscalls.o
 .debug_abbrev  0x00000000000047b9      0x322 build/obj/USB.o
 .debug_abbrev  0x0000000000004adb      0x4ba build/obj/main.o
 .debug_abbrev  0x0000000000004f95      0x213 /usr/lib/gcc/arm-none-eabi/4.9.3/../../../arm-none-eabi/lib/armv7e-m/libg.a(lib_a-callocr.o)
 .debug_abbrev  0x00000000000051a8      0x180 /usr/lib/gcc/arm-none-eabi/4.9.3/../../../arm-none-eabi/lib/armv7e-m/libg.a(lib_a-impure.o)
 .debug_abbrev  0x0000000000005328      0x2ad /usr/lib/gcc/arm-none-eabi/4.9.3/../../../arm-none-eabi/lib/armv7e-m/libg.a(lib_a-mallocr.o)
 .debug_abbrev  0x00000000000055d5       0x14 /usr/lib/gcc/arm-none-eabi/4.9.3/../../../arm-none-eabi/lib/armv7e-m/libg.a(lib_a-memcpy.o)
 .debug_abbrev  0x00000000000055e9       0xab /usr/lib/gcc/arm-none-eabi/4.9.3/../../../arm-none-eabi/lib/armv7e-m/libg.a(lib_a-memmove.o)
 .debug_abbrev  0x0000000000005694       0x9f /usr/lib/gcc/arm-none-eabi/4.9.3/../../../arm-none-eabi/lib/armv7e-m/libg.a(lib_a-memset.o)
 .debug_abbrev  0x0000000000005733      0x19a /usr/lib/gcc/arm-none-eabi/4.9.3/../../../arm-none-eabi/lib/armv7e-m/libg.a(lib_a-mlock.o)
 .debug_abbrev  0x00000000000058cd      0x218 /usr/lib/gcc/arm-none-eabi/4.9.3/../../../arm-none-eabi/lib/armv7e-m/libg.a(lib_a-sprintf.o)
 .debug_abbrev  0x0000000000005ae5       0x70 /usr/lib/gcc/arm-none-eabi/4.9.3/../../../arm-none-eabi/lib/armv7e-m/libg.a(lib_a-strlen.o)
 .debug_abbrev  0x0000000000005b55      0x1fb /usr/lib/gcc/arm-none-eabi/4.9.3/../../../arm-none-eabi/lib/armv7e-m/libg.a(lib_a-strstr.o)
 .debug_abbrev  0x0000000000005d50      0x207 /usr/lib/gcc/arm-none-eabi/4.9.3/../../../arm-none-eabi/lib/armv7e-m/libg.a(lib_a-strtol.o)
 .debug_abbrev  0x0000000000005f57      0x36f /usr/lib/gcc/arm-none-eabi/4.9.3/../../../arm-none-eabi/lib/armv7e-m/libg.a(lib_a-svfprintf.o)
 .debug_abbrev  0x00000000000062c6       0x4e /usr/lib/gcc/arm-none-eabi/4.9.3/../../../arm-none-eabi/lib/armv7e-m/libg.a(lib_a-ctype_.o)
 .debug_abbrev  0x0000000000006314      0x2bc /usr/lib/gcc/arm-none-eabi/4.9.3/../../../arm-none-eabi/lib/armv7e-m/libg.a(lib_a-dtoa.o)
 .debug_abbrev  0x00000000000065d0      0x27b /usr/lib/gcc/arm-none-eabi/4.9.3/../../../arm-none-eabi/lib/armv7e-m/libg.a(lib_a-freer.o)
 .debug_abbrev  0x000000000000684b      0x2ac /usr/lib/gcc/arm-none-eabi/4.9.3/../../../arm-none-eabi/lib/armv7e-m/libg.a(lib_a-locale.o)
 .debug_abbrev  0x0000000000006af7       0xba /usr/lib/gcc/arm-none-eabi/4.9.3/../../../arm-none-eabi/lib/armv7e-m/libg.a(lib_a-memchr.o)
 .debug_abbrev  0x0000000000006bb1       0x7f /usr/lib/gcc/arm-none-eabi/4.9.3/../../../arm-none-eabi/lib/armv7e-m/libg.a(lib_a-memcmp.o)
 .debug_abbrev  0x0000000000006c30      0x39d /usr/lib/gcc/arm-none-eabi/4.9.3/../../../arm-none-eabi/lib/armv7e-m/libg.a(lib_a-mprec.o)
 .debug_abbrev  0x0000000000006fcd       0x6d /usr/lib/gcc/arm-none-eabi/4.9.3/../../../arm-none-eabi/lib/armv7e-m/libg.a(lib_a-s_fpclassify.o)
 .debug_abbrev  0x000000000000703a       0x83 /usr/lib/gcc/arm-none-eabi/4.9.3/../../../arm-none-eabi/lib/armv7e-m/libg.a(lib_a-strchr.o)
 .debug_abbrev  0x00000000000070bd      0x2ba /usr/lib/gcc/arm-none-eabi/4.9.3/../../../arm-none-eabi/lib/armv7e-m/libg.a(lib_a-svfiprintf.o)
 .debug_abbrev  0x0000000000007377      0x260 /usr/lib/gcc/arm-none-eabi/4.9.3/../../../arm-none-eabi/lib/armv7e-m/libg.a(lib_a-reallocr.o)
 .debug_abbrev  0x00000000000075d7       0x14 /usr/lib/gcc/arm-none-eabi/4.9.3/armv7e-m/libgcc.a(_arm_addsubdf3.o)
 .debug_abbrev  0x00000000000075eb       0x14 /usr/lib/gcc/arm-none-eabi/4.9.3/armv7e-m/libgcc.a(_arm_muldivdf3.o)
 .debug_abbrev  0x00000000000075ff       0x14 /usr/lib/gcc/arm-none-eabi/4.9.3/armv7e-m/libgcc.a(_arm_cmpdf2.o)
 .debug_abbrev  0x0000000000007613       0x14 /usr/lib/gcc/arm-none-eabi/4.9.3/armv7e-m/libgcc.a(_arm_fixdfsi.o)
 .debug_abbrev  0x0000000000007627       0x14 /usr/lib/gcc/arm-none-eabi/4.9.3/armv7e-m/libgcc.a(_aeabi_uldivmod.o)
 .debug_abbrev  0x000000000000763b       0xb7 /usr/lib/gcc/arm-none-eabi/4.9.3/armv7e-m/libgcc.a(bpabi.o)
 .debug_abbrev  0x00000000000076f2       0x14 /usr/lib/gcc/arm-none-eabi/4.9.3/armv7e-m/libgcc.a(_dvmd_tls.o)
 .debug_abbrev  0x0000000000007706      0x169 /usr/lib/gcc/arm-none-eabi/4.9.3/armv7e-m/libgcc.a(_divdi3.o)
 .debug_abbrev  0x000000000000786f      0x154 /usr/lib/gcc/arm-none-eabi/4.9.3/armv7e-m/libgcc.a(_udivdi3.o)

.debug_loc      0x0000000000000000    0x1442a
 .debug_loc     0x0000000000000000       0xba build/obj/crt0.o
 .debug_loc     0x00000000000000ba       0x5a build/obj/chcore_v7m.o
 .debug_loc     0x0000000000000114      0x158 build/obj/nvic.o
 .debug_loc     0x000000000000026c       0x26 build/obj/chsys.o
 .debug_loc     0x0000000000000292       0xc9 build/obj/chdebug.o
 .debug_loc     0x000000000000035b       0xb4 build/obj/chvt.o
 .debug_loc     0x000000000000040f      0x2a4 build/obj/chschd.o
 .debug_loc     0x00000000000006b3      0x46f build/obj/chthreads.o
 .debug_loc     0x0000000000000b22       0x5b build/obj/chregistry.o
 .debug_loc     0x0000000000000b7d      0x371 build/obj/chmtx.o
 .debug_loc     0x0000000000000eee      0x6d8 build/obj/chevents.o
 .debug_loc     0x00000000000015c6      0x6de build/obj/chqueues.o
 .debug_loc     0x0000000000001ca4       0xb8 build/obj/chmemcore.o
 .debug_loc     0x0000000000001d5c      0x3e2 build/obj/chheap.o
 .debug_loc     0x000000000000213e       0x87 build/obj/hal.o
 .debug_loc     0x00000000000021c5      0x450 build/obj/adc.o
 .debug_loc     0x0000000000002615      0x220 build/obj/pwm.o
 .debug_loc     0x0000000000002835      0x4ff build/obj/serial.o
 .debug_loc     0x0000000000002d34      0x733 build/obj/serial_usb.o
 .debug_loc     0x0000000000003467       0x58 build/obj/tm.o
 .debug_loc     0x00000000000034bf      0xbf3 build/obj/usb.o
 .debug_loc     0x00000000000040b2      0x277 build/obj/stm32_dma.o
 .debug_loc     0x0000000000004329      0x2bf build/obj/adc_lld.o
 .debug_loc     0x00000000000045e8      0x129 build/obj/pal_lld.o
 .debug_loc     0x0000000000004711      0xe9f build/obj/usb_lld.o
 .debug_loc     0x00000000000055b0      0x1f7 build/obj/pwm_lld.o
 .debug_loc     0x00000000000057a7      0x247 build/obj/serial_lld.o
 .debug_loc     0x00000000000059ee      0x1ac build/obj/syscalls.o
 .debug_loc     0x0000000000005b9a       0xfb build/obj/USB.o
 .debug_loc     0x0000000000005c95      0xee4 build/obj/main.o
 .debug_loc     0x0000000000006b79      0x231 /usr/lib/gcc/arm-none-eabi/4.9.3/../../../arm-none-eabi/lib/armv7e-m/libg.a(lib_a-callocr.o)
 .debug_loc     0x0000000000006daa      0xdc4 /usr/lib/gcc/arm-none-eabi/4.9.3/../../../arm-none-eabi/lib/armv7e-m/libg.a(lib_a-mallocr.o)
 .debug_loc     0x0000000000007b6e      0x2d7 /usr/lib/gcc/arm-none-eabi/4.9.3/../../../arm-none-eabi/lib/armv7e-m/libg.a(lib_a-memmove.o)
 .debug_loc     0x0000000000007e45      0x1ae /usr/lib/gcc/arm-none-eabi/4.9.3/../../../arm-none-eabi/lib/armv7e-m/libg.a(lib_a-memset.o)
 .debug_loc     0x0000000000007ff3       0x79 /usr/lib/gcc/arm-none-eabi/4.9.3/../../../arm-none-eabi/lib/armv7e-m/libg.a(lib_a-sprintf.o)
 .debug_loc     0x000000000000806c       0x21 /usr/lib/gcc/arm-none-eabi/4.9.3/../../../arm-none-eabi/lib/armv7e-m/libg.a(lib_a-strlen.o)
 .debug_loc     0x000000000000808d      0xb17 /usr/lib/gcc/arm-none-eabi/4.9.3/../../../arm-none-eabi/lib/armv7e-m/libg.a(lib_a-strstr.o)
 .debug_loc     0x0000000000008ba4      0x33f /usr/lib/gcc/arm-none-eabi/4.9.3/../../../arm-none-eabi/lib/armv7e-m/libg.a(lib_a-strtol.o)
 .debug_loc     0x0000000000008ee3     0x25f9 /usr/lib/gcc/arm-none-eabi/4.9.3/../../../arm-none-eabi/lib/armv7e-m/libg.a(lib_a-svfprintf.o)
 .debug_loc     0x000000000000b4dc     0x28e6 /usr/lib/gcc/arm-none-eabi/4.9.3/../../../arm-none-eabi/lib/armv7e-m/libg.a(lib_a-dtoa.o)
 .debug_loc     0x000000000000ddc2      0x4fd /usr/lib/gcc/arm-none-eabi/4.9.3/../../../arm-none-eabi/lib/armv7e-m/libg.a(lib_a-freer.o)
 .debug_loc     0x000000000000e2bf      0x131 /usr/lib/gcc/arm-none-eabi/4.9.3/../../../arm-none-eabi/lib/armv7e-m/libg.a(lib_a-locale.o)
 .debug_loc     0x000000000000e3f0      0x180 /usr/lib/gcc/arm-none-eabi/4.9.3/../../../arm-none-eabi/lib/armv7e-m/libg.a(lib_a-memchr.o)
 .debug_loc     0x000000000000e570      0x14e /usr/lib/gcc/arm-none-eabi/4.9.3/../../../arm-none-eabi/lib/armv7e-m/libg.a(lib_a-memcmp.o)
 .debug_loc     0x000000000000e6be     0x1ca6 /usr/lib/gcc/arm-none-eabi/4.9.3/../../../arm-none-eabi/lib/armv7e-m/libg.a(lib_a-mprec.o)
 .debug_loc     0x0000000000010364       0xa8 /usr/lib/gcc/arm-none-eabi/4.9.3/../../../arm-none-eabi/lib/armv7e-m/libg.a(lib_a-s_fpclassify.o)
 .debug_loc     0x000000000001040c      0x1c2 /usr/lib/gcc/arm-none-eabi/4.9.3/../../../arm-none-eabi/lib/armv7e-m/libg.a(lib_a-strchr.o)
 .debug_loc     0x00000000000105ce     0x1065 /usr/lib/gcc/arm-none-eabi/4.9.3/../../../arm-none-eabi/lib/armv7e-m/libg.a(lib_a-svfiprintf.o)
 .debug_loc     0x0000000000011633     0x1218 /usr/lib/gcc/arm-none-eabi/4.9.3/../../../arm-none-eabi/lib/armv7e-m/libg.a(lib_a-reallocr.o)
 .debug_loc     0x000000000001284b       0xa0 /usr/lib/gcc/arm-none-eabi/4.9.3/armv7e-m/libgcc.a(bpabi.o)
 .debug_loc     0x00000000000128eb      0xdef /usr/lib/gcc/arm-none-eabi/4.9.3/armv7e-m/libgcc.a(_divdi3.o)
 .debug_loc     0x00000000000136da      0xd50 /usr/lib/gcc/arm-none-eabi/4.9.3/armv7e-m/libgcc.a(_udivdi3.o)

.debug_aranges  0x0000000000000000     0x10d8
 .debug_aranges
                0x0000000000000000       0x38 build/obj/crt0.o
 .debug_aranges
                0x0000000000000038       0x20 build/obj/vectors.o
 .debug_aranges
                0x0000000000000058       0x20 build/obj/chcore.o
 .debug_aranges
                0x0000000000000078       0x50 build/obj/chcore_v7m.o
 .debug_aranges
                0x00000000000000c8       0x30 build/obj/nvic.o
 .debug_aranges
                0x00000000000000f8       0x30 build/obj/chsys.o
 .debug_aranges
                0x0000000000000128       0x88 build/obj/chdebug.o
 .debug_aranges
                0x00000000000001b0       0x30 build/obj/chvt.o
 .debug_aranges
                0x00000000000001e0       0x68 build/obj/chschd.o
 .debug_aranges
                0x0000000000000248       0x80 build/obj/chthreads.o
 .debug_aranges
                0x00000000000002c8       0x28 build/obj/chregistry.o
 .debug_aranges
                0x00000000000002f0       0x58 build/obj/chmtx.o
 .debug_aranges
                0x0000000000000348       0xa0 build/obj/chevents.o
 .debug_aranges
                0x00000000000003e8       0x70 build/obj/chqueues.o
 .debug_aranges
                0x0000000000000458       0x38 build/obj/chmemcore.o
 .debug_aranges
                0x0000000000000490       0x40 build/obj/chheap.o
 .debug_aranges
                0x00000000000004d0       0x30 build/obj/hal.o
 .debug_aranges
                0x0000000000000500       0x70 build/obj/adc.o
 .debug_aranges
                0x0000000000000570       0x50 build/obj/pwm.o
 .debug_aranges
                0x00000000000005c0       0x88 build/obj/serial.o
 .debug_aranges
                0x0000000000000648       0xb0 build/obj/serial_usb.o
 .debug_aranges
                0x00000000000006f8       0x38 build/obj/tm.o
 .debug_aranges
                0x0000000000000730       0xa8 build/obj/usb.o
 .debug_aranges
                0x00000000000007d8       0xb0 build/obj/stm32_dma.o
 .debug_aranges
                0x0000000000000888       0x28 build/obj/hal_lld.o
 .debug_aranges
                0x00000000000008b0       0x70 build/obj/adc_lld.o
 .debug_aranges
                0x0000000000000920       0x28 build/obj/pal_lld.o
 .debug_aranges
                0x0000000000000948       0xd0 build/obj/usb_lld.o
 .debug_aranges
                0x0000000000000a18       0x58 build/obj/pwm_lld.o
 .debug_aranges
                0x0000000000000a70       0x40 build/obj/serial_lld.o
 .debug_aranges
                0x0000000000000ab0       0x28 build/obj/board.o
 .debug_aranges