Archive member included to satisfy reference by file (symbol)

/usr/lib/gcc/arm-none-eabi/4.9.3/../../../arm-none-eabi/lib/armv7e-m/libg.a(lib_a-calloc.o)
                              build/obj/main.o (calloc)
/usr/lib/gcc/arm-none-eabi/4.9.3/../../../arm-none-eabi/lib/armv7e-m/libg.a(lib_a-callocr.o)
                              /usr/lib/gcc/arm-none-eabi/4.9.3/../../../arm-none-eabi/lib/armv7e-m/libg.a(lib_a-calloc.o) (_calloc_r)
/usr/lib/gcc/arm-none-eabi/4.9.3/../../../arm-none-eabi/lib/armv7e-m/libg.a(lib_a-impure.o)
                              /usr/lib/gcc/arm-none-eabi/4.9.3/../../../arm-none-eabi/lib/armv7e-m/libg.a(lib_a-calloc.o) (_impure_ptr)
/usr/lib/gcc/arm-none-eabi/4.9.3/../../../arm-none-eabi/lib/armv7e-m/libg.a(lib_a-itoa.o)
                              build/obj/main.o (itoa)
/usr/lib/gcc/arm-none-eabi/4.9.3/../../../arm-none-eabi/lib/armv7e-m/libg.a(lib_a-malloc.o)
                              build/obj/main.o (free)
/usr/lib/gcc/arm-none-eabi/4.9.3/../../../arm-none-eabi/lib/armv7e-m/libg.a(lib_a-mallocr.o)
                              /usr/lib/gcc/arm-none-eabi/4.9.3/../../../arm-none-eabi/lib/armv7e-m/libg.a(lib_a-callocr.o) (_malloc_r)
/usr/lib/gcc/arm-none-eabi/4.9.3/../../../arm-none-eabi/lib/armv7e-m/libg.a(lib_a-memcpy.o)
                              build/obj/memstreams.o (memcpy)
/usr/lib/gcc/arm-none-eabi/4.9.3/../../../arm-none-eabi/lib/armv7e-m/libg.a(lib_a-memmove.o)
                              build/obj/main.o (memmove)
/usr/lib/gcc/arm-none-eabi/4.9.3/../../../arm-none-eabi/lib/armv7e-m/libg.a(lib_a-memset.o)
                              build/obj/usb.o (memset)
/usr/lib/gcc/arm-none-eabi/4.9.3/../../../arm-none-eabi/lib/armv7e-m/libg.a(lib_a-mlock.o)
                              /usr/lib/gcc/arm-none-eabi/4.9.3/../../../arm-none-eabi/lib/armv7e-m/libg.a(lib_a-mallocr.o) (__malloc_lock)
/usr/lib/gcc/arm-none-eabi/4.9.3/../../../arm-none-eabi/lib/armv7e-m/libg.a(lib_a-sprintf.o)
                              build/obj/main.o (sprintf)
/usr/lib/gcc/arm-none-eabi/4.9.3/../../../arm-none-eabi/lib/armv7e-m/libg.a(lib_a-strcasecmp.o)
                              build/obj/shell.o (strcasecmp)
/usr/lib/gcc/arm-none-eabi/4.9.3/../../../arm-none-eabi/lib/armv7e-m/libg.a(lib_a-strlen.o)
                              build/obj/main.o (strlen)
/usr/lib/gcc/arm-none-eabi/4.9.3/../../../arm-none-eabi/lib/armv7e-m/libg.a(lib_a-strpbrk.o)
                              build/obj/shell.o (strpbrk)
/usr/lib/gcc/arm-none-eabi/4.9.3/../../../arm-none-eabi/lib/armv7e-m/libg.a(lib_a-strspn.o)
                              build/obj/shell.o (strspn)
/usr/lib/gcc/arm-none-eabi/4.9.3/../../../arm-none-eabi/lib/armv7e-m/libg.a(lib_a-strstr.o)
                              build/obj/main.o (strstr)
/usr/lib/gcc/arm-none-eabi/4.9.3/../../../arm-none-eabi/lib/armv7e-m/libg.a(lib_a-strtol.o)
                              build/obj/main.o (strtol)
/usr/lib/gcc/arm-none-eabi/4.9.3/../../../arm-none-eabi/lib/armv7e-m/libg.a(lib_a-svfprintf.o)
                              /usr/lib/gcc/arm-none-eabi/4.9.3/../../../arm-none-eabi/lib/armv7e-m/libg.a(lib_a-sprintf.o) (_svfprintf_r)
/usr/lib/gcc/arm-none-eabi/4.9.3/../../../arm-none-eabi/lib/armv7e-m/libg.a(lib_a-utoa.o)
                              /usr/lib/gcc/arm-none-eabi/4.9.3/../../../arm-none-eabi/lib/armv7e-m/libg.a(lib_a-itoa.o) (__utoa)
/usr/lib/gcc/arm-none-eabi/4.9.3/../../../arm-none-eabi/lib/armv7e-m/libg.a(lib_a-ctype_.o)
                              /usr/lib/gcc/arm-none-eabi/4.9.3/../../../arm-none-eabi/lib/armv7e-m/libg.a(lib_a-strcasecmp.o) (__ctype_ptr__)
/usr/lib/gcc/arm-none-eabi/4.9.3/../../../arm-none-eabi/lib/armv7e-m/libg.a(lib_a-dtoa.o)
                              /usr/lib/gcc/arm-none-eabi/4.9.3/../../../arm-none-eabi/lib/armv7e-m/libg.a(lib_a-svfprintf.o) (_dtoa_r)
/usr/lib/gcc/arm-none-eabi/4.9.3/../../../arm-none-eabi/lib/armv7e-m/libg.a(lib_a-freer.o)
                              /usr/lib/gcc/arm-none-eabi/4.9.3/../../../arm-none-eabi/lib/armv7e-m/libg.a(lib_a-malloc.o) (_free_r)
/usr/lib/gcc/arm-none-eabi/4.9.3/../../../arm-none-eabi/lib/armv7e-m/libg.a(lib_a-locale.o)
                              /usr/lib/gcc/arm-none-eabi/4.9.3/../../../arm-none-eabi/lib/armv7e-m/libg.a(lib_a-svfprintf.o) (_localeconv_r)
/usr/lib/gcc/arm-none-eabi/4.9.3/../../../arm-none-eabi/lib/armv7e-m/libg.a(lib_a-memchr.o)
                              /usr/lib/gcc/arm-none-eabi/4.9.3/../../../arm-none-eabi/lib/armv7e-m/libg.a(lib_a-strstr.o) (memchr)
/usr/lib/gcc/arm-none-eabi/4.9.3/../../../arm-none-eabi/lib/armv7e-m/libg.a(lib_a-memcmp.o)
                              /usr/lib/gcc/arm-none-eabi/4.9.3/../../../arm-none-eabi/lib/armv7e-m/libg.a(lib_a-strstr.o) (memcmp)
/usr/lib/gcc/arm-none-eabi/4.9.3/../../../arm-none-eabi/lib/armv7e-m/libg.a(lib_a-mprec.o)
                              /usr/lib/gcc/arm-none-eabi/4.9.3/../../../arm-none-eabi/lib/armv7e-m/libg.a(lib_a-dtoa.o) (_Balloc)
[...]
Memory Configuration

Name             Origin             Length             Attributes
flash            0x0000000008000000 0x0000000000100000
ram              0x0000000020000000 0x000000000001c000
ethram           0x000000002001c000 0x0000000000004000
ccmram           0x0000000010000000 0x0000000000010000
*default*        0x0000000000000000 0xffffffffffffffff

Linker script and memory map

LOAD build/obj/crt0.o
LOAD build/obj/vectors.o
LOAD build/obj/chcore.o
LOAD build/obj/chcore_v7m.o
LOAD build/obj/nvic.o
LOAD build/obj/chsys.o
LOAD build/obj/chdebug.o
LOAD build/obj/chlists.o
LOAD build/obj/chvt.o
LOAD build/obj/chschd.o
LOAD build/obj/chthreads.o
LOAD build/obj/chdynamic.o
LOAD build/obj/chregistry.o
LOAD build/obj/chsem.o
LOAD build/obj/chmtx.o
LOAD build/obj/chcond.o
LOAD build/obj/chevents.o
LOAD build/obj/chmsg.o
LOAD build/obj/chmboxes.o
LOAD build/obj/chqueues.o
LOAD build/obj/chmemcore.o
LOAD build/obj/chheap.o
LOAD build/obj/chmempools.o
LOAD build/obj/test.o
LOAD build/obj/testthd.o
LOAD build/obj/testsem.o
LOAD build/obj/testmtx.o
LOAD build/obj/testmsg.o
LOAD build/obj/testmbox.o
LOAD build/obj/testevt.o
LOAD build/obj/testheap.o
LOAD build/obj/testpools.o
LOAD build/obj/testdyn.o
LOAD build/obj/testqueues.o
LOAD build/obj/testbmk.o
LOAD build/obj/hal.o
LOAD build/obj/adc.o
LOAD build/obj/can.o
LOAD build/obj/ext.o
LOAD build/obj/gpt.o
LOAD build/obj/i2c.o
LOAD build/obj/icu.o
LOAD build/obj/mac.o
LOAD build/obj/mmc_spi.o
LOAD build/obj/mmcsd.o
LOAD build/obj/pal.o
LOAD build/obj/pwm.o
LOAD build/obj/rtc.o
LOAD build/obj/sdc.o
LOAD build/obj/serial.o
LOAD build/obj/serial_usb.o
LOAD build/obj/spi.o
LOAD build/obj/tm.o
LOAD build/obj/uart.o
LOAD build/obj/usb.o
LOAD build/obj/stm32_dma.o
LOAD build/obj/hal_lld.o
LOAD build/obj/adc_lld.o
LOAD build/obj/ext_lld_isr.o
LOAD build/obj/can_lld.o
LOAD build/obj/ext_lld.o
LOAD build/obj/mac_lld.o
LOAD build/obj/sdc_lld.o
LOAD build/obj/pal_lld.o
LOAD build/obj/i2c_lld.o
LOAD build/obj/usb_lld.o
LOAD build/obj/rtc_lld.o
LOAD build/obj/spi_lld.o
LOAD build/obj/gpt_lld.o
LOAD build/obj/icu_lld.o
LOAD build/obj/pwm_lld.o
LOAD build/obj/serial_lld.o
LOAD build/obj/uart_lld.o
LOAD build/obj/board.o
LOAD build/obj/shell.o
LOAD build/obj/chprintf.o
LOAD build/obj/memstreams.o
LOAD build/obj/syscalls.o
LOAD build/obj/USB.o
LOAD build/obj/protocol.o
LOAD build/obj/main.o
                0x0000000000000400                __main_stack_size__ = 0x400
                0x0000000000000400                __process_stack_size__ = 0x400
                0x0000000020000000                __ram_start__ = ORIGIN (ram)
                0x000000000001c000                __ram_size__ = LENGTH (ram)
                0x000000002001c000                __ram_end__ = (__ram_start__ + __ram_size__)
                0x0000000000000000                . = 0x0
                0x0000000000000000                _text = .

startup         0x0000000008000000      0x1ac
 *(vectors)
 vectors        0x0000000008000000      0x1ac build/obj/vectors.o
                0x0000000008000000                _vectors

constructors    0x00000000080001ac        0x0
                0x00000000080001ac                PROVIDE (__init_array_start, .)
 *(SORT(.init_array.*))
 *(.init_array)
                0x00000000080001ac                PROVIDE (__init_array_end, .)

destructors     0x00000000080001ac        0x0
                0x00000000080001ac                PROVIDE (__fini_array_start, .)
 *(.fini_array)
 *(SORT(.fini_array.*))
                0x00000000080001ac                PROVIDE (__fini_array_end, .)

.text           0x00000000080001b0     0x9ea8
 *(.text.startup.*)
 .text.startup.main
                0x00000000080001b0       0x78 build/obj/main.o
                0x00000000080001b0                main
 *(.text)
 *fill*         0x0000000008000228        0x8 
 .text          0x0000000008000230      0x134 /usr/lib/gcc/arm-none-eabi/4.9.3/../../../arm-none-eabi/lib/armv7e-m/libg.a(lib_a-memcpy.o)
                0x0000000008000230                memcpy
 *fill*         0x0000000008000364        0xc 
 .text          0x0000000008000370      0x370 /usr/lib/gcc/arm-none-eabi/4.9.3/armv7e-m/libgcc.a(_arm_addsubdf3.o)
                0x0000000008000370                __aeabi_drsub
                0x0000000008000378                __aeabi_dsub
                0x0000000008000378                __subdf3
                0x000000000800037c                __adddf3
                0x000000000800037c                __aeabi_dadd
                0x00000000080005f4                __aeabi_ui2d
                0x00000000080005f4                __floatunsidf
                0x0000000008000614                __floatsidf
                0x0000000008000614                __aeabi_i2d
                0x0000000008000638                __extendsfdf2
                0x0000000008000638                __aeabi_f2d
                0x0000000008000674                __aeabi_ul2d
                0x0000000008000674                __floatundidf
                0x0000000008000684                __floatdidf
                0x0000000008000684                __aeabi_l2d
 .text          0x00000000080006e0      0x424 /usr/lib/gcc/arm-none-eabi/4.9.3/armv7e-m/libgcc.a(_arm_muldivdf3.o)
                0x00000000080006e0                __aeabi_dmul
                0x00000000080006e0                __muldf3
                0x0000000008000934                __aeabi_ddiv
                0x0000000008000934                __divdf3
 *fill*         0x0000000008000b04        0xc 
 .text          0x0000000008000b10      0x110 /usr/lib/gcc/arm-none-eabi/4.9.3/armv7e-m/libgcc.a(_arm_cmpdf2.o)
                0x0000000008000b10                __gtdf2
                0x0000000008000b10                __gedf2
                0x0000000008000b18                __ltdf2
                0x0000000008000b18                __ledf2
                0x0000000008000b20                __cmpdf2
                0x0000000008000b20                __eqdf2
                0x0000000008000b20                __nedf2
                0x0000000008000b9c                __aeabi_cdrcmple
                0x0000000008000bac                __aeabi_cdcmple
                0x0000000008000bac                __aeabi_cdcmpeq
                0x0000000008000bbc                __aeabi_dcmpeq
                0x0000000008000bd0                __aeabi_dcmplt
                0x0000000008000be4                __aeabi_dcmple
                0x0000000008000bf8                __aeabi_dcmpge
                0x0000000008000c0c                __aeabi_dcmpgt
 .text          0x0000000008000c20       0x50 /usr/lib/gcc/arm-none-eabi/4.9.3/armv7e-m/libgcc.a(_arm_fixdfsi.o)
                0x0000000008000c20                __fixdfsi
                0x0000000008000c20                __aeabi_d2iz
 .text          0x0000000008000c70       0x30 /usr/lib/gcc/arm-none-eabi/4.9.3/armv7e-m/libgcc.a(_aeabi_uldivmod.o)
                0x0000000008000c70                __aeabi_uldivmod
 .text          0x0000000008000ca0       0x60 /usr/lib/gcc/arm-none-eabi/4.9.3/armv7e-m/libgcc.a(bpabi.o)
                0x0000000008000ca0                __gnu_ldivmod_helper
                0x0000000008000cd0                __gnu_uldivmod_helper
 .text          0x0000000008000d00        0x4 /usr/lib/gcc/arm-none-eabi/4.9.3/armv7e-m/libgcc.a(_dvmd_tls.o)
                0x0000000008000d00                __aeabi_ldiv0
                0x0000000008000d00                __aeabi_idiv0
 *fill*         0x0000000008000d04        0xc 
 .text          0x0000000008000d10      0x29c /usr/lib/gcc/arm-none-eabi/4.9.3/armv7e-m/libgcc.a(_divdi3.o)
                0x0000000008000d10                __divdi3
 *fill*         0x0000000008000fac        0x4 
 .text          0x0000000008000fb0      0x26c /usr/lib/gcc/arm-none-eabi/4.9.3/armv7e-m/libgcc.a(_udivdi3.o)
                0x0000000008000fb0                __udivdi3
 *(.text.*)
 *fill*         0x000000000800121c        0x4 
 .text.__late_init
                0x0000000008001220        0x4 build/obj/crt0.o
                0x0000000008001220                __late_init
 *fill*         0x0000000008001224        0xc 
 .text._default_exit
                0x0000000008001230        0x4 build/obj/crt0.o
                0x0000000008001230                _default_exit
 *fill*         0x0000000008001234        0xc 
 .text.ResetHandler
                0x0000000008001240      0x100 build/obj/crt0.o
                0x0000000008001240                ResetHandler
 .text._unhandled_exception
                0x0000000008001340        0x4 build/obj/vectors.o
                0x0000000008001340                Vector58
                0x0000000008001340                VectorE8
                0x0000000008001340                Vector9C
                0x0000000008001340                VectorAC
                0x0000000008001340                Vector1A0
                0x0000000008001340                Vector5C
                0x0000000008001340                NMIVector
                0x0000000008001340                Vector11C
                0x0000000008001340                Vector19C
                0x0000000008001340                Vector8C
                0x0000000008001340                VectorDC
                0x0000000008001340                Vector168
                0x0000000008001340                Vector110
                0x0000000008001340                VectorC8
                0x0000000008001340                Vector94
                0x0000000008001340                VectorA8
                0x0000000008001340                VectorB4
                0x0000000008001340                Vector160
                0x0000000008001340                VectorEC
                0x0000000008001340                UsageFaultVector
                0x0000000008001340                DebugMonitorVector
                0x0000000008001340                Vector40
                0x0000000008001340                VectorF8
                0x0000000008001340                Vector108
                0x0000000008001340                VectorBC
                0x0000000008001340                Vector190
                0x0000000008001340                Vector148
                0x0000000008001340                Vector188
                0x0000000008001340                PendSVVector
                0x0000000008001340                Vector198
                0x0000000008001340                Vector118
                0x0000000008001340                Vector64
                0x0000000008001340                VectorCC
                0x0000000008001340                Vector54
                0x0000000008001340                Vector98
                0x0000000008001340                VectorD8
                0x0000000008001340                Vector138
                0x0000000008001340                Vector24
                0x0000000008001340                Vector178
                0x0000000008001340                Vector1A4
                0x0000000008001340                BusFaultVector
                0x0000000008001340                VectorD0
                0x0000000008001340                Vector140
                0x0000000008001340                VectorE4
                0x0000000008001340                VectorC0
                0x0000000008001340                HardFaultVector
                0x0000000008001340                Vector134
                0x0000000008001340                VectorF0
                0x0000000008001340                Vector13C
                0x0000000008001340                Vector100
                0x0000000008001340                VectorE0
                0x0000000008001340                VectorF4
                0x0000000008001340                MemManageVector
                0x0000000008001340                VectorA0
                0x0000000008001340                VectorC4
                0x0000000008001340                Vector180
                0x0000000008001340                VectorB0
                0x0000000008001340                Vector90
                0x0000000008001340                Vector114
                0x0000000008001340                Vector164
                0x0000000008001340                Vector60
                0x0000000008001340                Vector1C
                0x0000000008001340                Vector17C
                0x0000000008001340                Vector48
                0x0000000008001340                Vector1A8
                0x0000000008001340                Vector16C
                0x0000000008001340                Vector4C
                0x0000000008001340                Vector144
                0x0000000008001340                Vector15C
                0x0000000008001340                Vector68
                0x0000000008001340                _unhandled_exception
                0x0000000008001340                Vector170
                0x0000000008001340                Vector104
                0x0000000008001340                Vector184
                0x0000000008001340                Vector10C
                0x0000000008001340                Vector50
                0x0000000008001340                Vector194
                0x0000000008001340                Vector44
                0x0000000008001340                Vector28
                0x0000000008001340                VectorB8
                0x0000000008001340                Vector34
                0x0000000008001340                VectorA4
                0x0000000008001340                Vector20
                0x0000000008001340                Vector18C
                0x0000000008001340                Vector174
 *fill*         0x0000000008001344        0xc 
 .text.port_halt
                0x0000000008001350        0x4 build/obj/chcore.o
                0x0000000008001350                port_halt
 *fill*         0x0000000008001354        0xc 
 .text._port_switch_from_isr
                0x0000000008001360       0x10 build/obj/chcore_v7m.o
                0x0000000008001360                _port_switch_from_isr
 .text.SVCallVector
                0x0000000008001370       0x14 build/obj/chcore_v7m.o
                0x0000000008001370                SVCallVector
 *fill*         0x0000000008001384        0xc 
 .text._port_init
                0x0000000008001390       0x30 build/obj/chcore_v7m.o
                0x0000000008001390                _port_init
 .text._port_irq_epilogue
                0x00000000080013c0       0x78 build/obj/chcore_v7m.o
                0x00000000080013c0                _port_irq_epilogue
 *fill*         0x0000000008001438        0x8 
 .text.SysTickVector
                0x0000000008001440       0x2c build/obj/chcore_v7m.o
                0x0000000008001440                SysTickVector
 *fill*         0x000000000800146c        0x4 
 .text._port_switch
                0x0000000008001470       0x10 build/obj/chcore_v7m.o
                0x0000000008001470                _port_switch
 .text._port_thread_start
                0x0000000008001480       0x18 build/obj/chcore_v7m.o
                0x0000000008001480                _port_thread_start
 *fill*         0x0000000008001498        0x8 
 .text.nvicEnableVector
                0x00000000080014a0       0x48 build/obj/nvic.o
                0x00000000080014a0                nvicEnableVector
 *fill*         0x00000000080014e8        0x8 
 .text.nvicSetSystemHandlerPriority
                0x00000000080014f0       0x2c build/obj/nvic.o
                0x00000000080014f0                nvicSetSystemHandlerPriority
 *fill*         0x000000000800151c        0x4 
 .text._idle_thread
                0x0000000008001520       0x14 build/obj/chsys.o
                0x0000000008001520                _idle_thread
 *fill*         0x0000000008001534        0xc 
 .text.chSysInit
                0x0000000008001540       0x70 build/obj/chsys.o
                0x0000000008001540                chSysInit
 .text.chSysTimerHandlerI
                0x00000000080015b0       0x68 build/obj/chsys.o
                0x00000000080015b0                chSysTimerHandlerI
 *fill*         0x0000000008001618        0x8 
 .text.dbg_check_enable
                0x0000000008001620       0x28 build/obj/chdebug.o
                0x0000000008001620                dbg_check_enable
 *fill*         0x0000000008001648        0x8 
 .text.dbg_check_lock
                0x0000000008001650       0x30 build/obj/chdebug.o
                0x0000000008001650                dbg_check_lock
 .text.dbg_check_unlock
                0x0000000008001680       0x38 build/obj/chdebug.o
                0x0000000008001680                dbg_check_unlock
 *fill*         0x00000000080016b8        0x8 
 .text.dbg_check_lock_from_isr
                0x00000000080016c0       0x30 build/obj/chdebug.o
                0x00000000080016c0                dbg_check_lock_from_isr
 .text.dbg_check_unlock_from_isr
                0x00000000080016f0       0x38 build/obj/chdebug.o
                0x00000000080016f0                dbg_check_unlock_from_isr
 *fill*         0x0000000008001728        0x8 
 .text.dbg_check_enter_isr
                0x0000000008001730       0x40 build/obj/chdebug.o
                0x0000000008001730                dbg_check_enter_isr
 .text.dbg_check_leave_isr
                0x0000000008001770       0x40 build/obj/chdebug.o
                0x0000000008001770                dbg_check_leave_isr
 .text.chDbgCheckClassI
                0x00000000080017b0       0x2c build/obj/chdebug.o
                0x00000000080017b0                chDbgCheckClassI
 *fill*         0x00000000080017dc        0x4 
 .text.chDbgCheckClassS
                0x00000000080017e0       0x2c build/obj/chdebug.o
                0x00000000080017e0                chDbgCheckClassS
 *fill*         0x000000000800180c        0x4 
 .text._trace_init
                0x0000000008001810       0x14 build/obj/chdebug.o
                0x0000000008001810                _trace_init
 *fill*         0x0000000008001824        0xc 
 .text.dbg_trace
                0x0000000008001830       0x40 build/obj/chdebug.o
                0x0000000008001830                dbg_trace
 .text.chDbgPanic
                0x0000000008001870        0xc build/obj/chdebug.o
                0x0000000008001870                chDbgPanic
 *fill*         0x000000000800187c        0x4 
 .text._vt_init
                0x0000000008001880       0x18 build/obj/chvt.o
                0x0000000008001880                _vt_init
 *fill*         0x0000000008001898        0x8 
 .text.chVTSetI
                0x00000000080018a0       0x54 build/obj/chvt.o
                0x00000000080018a0                chVTSetI
 *fill*         0x00000000080018f4        0xc 
 .text.chVTResetI
                0x0000000008001900       0x48 build/obj/chvt.o
                0x0000000008001900                chVTResetI
 *fill*         0x0000000008001948        0x8 
 .text._scheduler_init
                0x0000000008001950       0x14 build/obj/chschd.o
                0x0000000008001950                _scheduler_init
 *fill*         0x0000000008001964        0xc 
 .text.chSchReadyI
                0x0000000008001970       0x44 build/obj/chschd.o
                0x0000000008001970                chSchReadyI
 *fill*         0x00000000080019b4        0xc 
 .text.wakeup   0x00000000080019c0       0x54 build/obj/chschd.o
 *fill*         0x0000000008001a14        0xc 
 .text.chSchGoSleepS
                0x0000000008001a20       0x50 build/obj/chschd.o
                0x0000000008001a20                chSchGoSleepS
 .text.chSchGoSleepTimeoutS
                0x0000000008001a70       0x50 build/obj/chschd.o
                0x0000000008001a70                chSchGoSleepTimeoutS
 .text.chSchWakeupS
                0x0000000008001ac0       0x64 build/obj/chschd.o
                0x0000000008001ac0                chSchWakeupS
 *fill*         0x0000000008001b24        0xc 
 .text.chSchDoRescheduleBehind
                0x0000000008001b30       0x4c build/obj/chschd.o
                0x0000000008001b30                chSchDoRescheduleBehind
 *fill*         0x0000000008001b7c        0x4 
 .text.chSchDoRescheduleAhead
                0x0000000008001b80       0x60 build/obj/chschd.o
                0x0000000008001b80                chSchDoRescheduleAhead
 .text.chSchRescheduleS
                0x0000000008001be0       0x24 build/obj/chschd.o
                0x0000000008001be0                chSchRescheduleS
 *fill*         0x0000000008001c04        0xc 
 .text.chSchDoReschedule
                0x0000000008001c10       0x18 build/obj/chschd.o
                0x0000000008001c10                chSchDoReschedule
 *fill*         0x0000000008001c28        0x8 
 .text._thread_init
                0x0000000008001c30       0x58 build/obj/chthreads.o
                0x0000000008001c30                _thread_init
 *fill*         0x0000000008001c88        0x8 
 .text._thread_memfill
                0x0000000008001c90       0x10 build/obj/chthreads.o
                0x0000000008001c90                _thread_memfill
 .text.chThdCreateI
                0x0000000008001ca0       0xa4 build/obj/chthreads.o
                0x0000000008001ca0                chThdCreateI
 *fill*         0x0000000008001d44        0xc 
 .text.chThdCreateStatic
                0x0000000008001d50       0x64 build/obj/chthreads.o
                0x0000000008001d50                chThdCreateStatic
 *fill*         0x0000000008001db4        0xc 
 .text.chThdSleep
                0x0000000008001dc0       0x30 build/obj/chthreads.o
                0x0000000008001dc0                chThdSleep
 .text.chThdExitS
                0x0000000008001df0       0x4c build/obj/chthreads.o
                0x0000000008001df0                chThdExitS
 *fill*         0x0000000008001e3c        0x4 
 .text.chThdExit
                0x0000000008001e40       0x18 build/obj/chthreads.o
                0x0000000008001e40                chThdExit
 *fill*         0x0000000008001e58        0x8 
 .text.chMtxInit
                0x0000000008001e60       0x1c build/obj/chmtx.o
                0x0000000008001e60                chMtxInit
 *fill*         0x0000000008001e7c        0x4 
 .text.chEvtSignalI
                0x0000000008001e80       0x4c build/obj/chevents.o
                0x0000000008001e80                chEvtSignalI
 *fill*         0x0000000008001ecc        0x4 
 .text.chEvtBroadcastFlagsI
                0x0000000008001ed0       0x34 build/obj/chevents.o
                0x0000000008001ed0                chEvtBroadcastFlagsI
 *fill*         0x0000000008001f04        0xc 
 .text.qwait    0x0000000008001f10       0x2c build/obj/chqueues.o
 *fill*         0x0000000008001f3c        0x4 
 .text.chIQInit
                0x0000000008001f40       0x20 build/obj/chqueues.o
                0x0000000008001f40                chIQInit
 .text.chIQResetI
                0x0000000008001f60       0x30 build/obj/chqueues.o
                0x0000000008001f60                chIQResetI
 .text.chIQPutI
                0x0000000008001f90       0x58 build/obj/chqueues.o
                0x0000000008001f90                chIQPutI
 *fill*         0x0000000008001fe8        0x8 
 .text.chIQGetTimeout
                0x0000000008001ff0       0x64 build/obj/chqueues.o
                0x0000000008001ff0                chIQGetTimeout
 *fill*         0x0000000008002054        0xc 
 .text.chIQReadTimeout
                0x0000000008002060       0x90 build/obj/chqueues.o
                0x0000000008002060                chIQReadTimeout
 .text.chOQInit
                0x00000000080020f0       0x1c build/obj/chqueues.o
                0x00000000080020f0                chOQInit
 *fill*         0x000000000800210c        0x4 
 .text.chOQResetI
                0x0000000008002110       0x34 build/obj/chqueues.o
                0x0000000008002110                chOQResetI
 *fill*         0x0000000008002144        0xc 
 .text.chOQPutTimeout
                0x0000000008002150       0x6c build/obj/chqueues.o
                0x0000000008002150                chOQPutTimeout
 *fill*         0x00000000080021bc        0x4 
 .text.chOQGetI
                0x00000000080021c0       0x4c build/obj/chqueues.o
                0x00000000080021c0                chOQGetI
 *fill*         0x000000000800220c        0x4 
 .text.chOQWriteTimeout
                0x0000000008002210       0xa4 build/obj/chqueues.o
                0x0000000008002210                chOQWriteTimeout
 *fill*         0x00000000080022b4        0xc 
 .text._core_init
                0x00000000080022c0       0x28 build/obj/chmemcore.o
                0x00000000080022c0                _core_init
 *fill*         0x00000000080022e8        0x8 
 .text.chCoreAllocI
                0x00000000080022f0       0x2c build/obj/chmemcore.o
                0x00000000080022f0                chCoreAllocI
 *fill*         0x000000000800231c        0x4 
 .text.chCoreAlloc
                0x0000000008002320       0x24 build/obj/chmemcore.o
                0x0000000008002320                chCoreAlloc
 *fill*         0x0000000008002344        0xc 
 .text._heap_init
                0x0000000008002350       0x1c build/obj/chheap.o
                0x0000000008002350                _heap_init
 *fill*         0x000000000800236c        0x4 
 .text.halInit  0x0000000008002370       0x2c build/obj/hal.o
                0x0000000008002370                halInit
 *fill*         0x000000000800239c        0x4 
 .text.halPolledDelay
                0x00000000080023a0       0x28 build/obj/hal.o
                0x00000000080023a0                halPolledDelay
 *fill*         0x00000000080023c8        0x8 
 .text.adcInit  0x00000000080023d0        0x4 build/obj/adc.o
                0x00000000080023d0                adcInit
 *fill*         0x00000000080023d4        0xc 
 .text.adcObjectInit
                0x00000000080023e0       0x18 build/obj/adc.o
                0x00000000080023e0                adcObjectInit
 *fill*         0x00000000080023f8        0x8 
 .text.adcStart
                0x0000000008002400       0x48 build/obj/adc.o
                0x0000000008002400                adcStart
 *fill*         0x0000000008002448        0x8 
 .text.adcStartConversionI
                0x0000000008002450       0x54 build/obj/adc.o
                0x0000000008002450                adcStartConversionI
 *fill*         0x00000000080024a4        0xc 
 .text.adcConvert
                0x00000000080024b0       0x54 build/obj/adc.o
                0x00000000080024b0                adcConvert
 *fill*         0x0000000008002504        0xc 
 .text.readt    0x0000000008002510        0x8 build/obj/serial.o
 *fill*         0x0000000008002518        0x8 
 .text.read     0x0000000008002520        0xc build/obj/serial.o
 *fill*         0x000000000800252c        0x4 
 .text.writet   0x0000000008002530        0x8 build/obj/serial.o
 *fill*         0x0000000008002538        0x8 
 .text.write    0x0000000008002540        0xc build/obj/serial.o
 *fill*         0x000000000800254c        0x4 
 .text.gett     0x0000000008002550        0x8 build/obj/serial.o
 *fill*         0x0000000008002558        0x8 
 .text.get      0x0000000008002560        0xc build/obj/serial.o
 *fill*         0x000000000800256c        0x4 
 .text.putt     0x0000000008002570        0x8 build/obj/serial.o
 *fill*         0x0000000008002578        0x8 
 .text.put      0x0000000008002580        0xc build/obj/serial.o
 *fill*         0x000000000800258c        0x4 
 .text.sdInit   0x0000000008002590        0x4 build/obj/serial.o
                0x0000000008002590                sdInit
 *fill*         0x0000000008002594        0xc 
 .text.sdObjectInit
                0x00000000080025a0       0x40 build/obj/serial.o
                0x00000000080025a0                sdObjectInit
 .text.sdIncomingDataI
                0x00000000080025e0       0x50 build/obj/serial.o
                0x00000000080025e0                sdIncomingDataI
 .text.onotify  0x0000000008002630       0x68 build/obj/serial_usb.o
 *fill*         0x0000000008002698        0x8 
 .text.inotify  0x00000000080026a0       0x78 build/obj/serial_usb.o
 *fill*         0x0000000008002718        0x8 
 .text.readt    0x0000000008002720        0x8 build/obj/serial_usb.o
 *fill*         0x0000000008002728        0x8 
 .text.read     0x0000000008002730        0xc build/obj/serial_usb.o
 *fill*         0x000000000800273c        0x4 
 .text.writet   0x0000000008002740        0x8 build/obj/serial_usb.o
 *fill*         0x0000000008002748        0x8 
 .text.write    0x0000000008002750        0xc build/obj/serial_usb.o
 *fill*         0x000000000800275c        0x4 
 .text.gett     0x0000000008002760        0x8 build/obj/serial_usb.o
 *fill*         0x0000000008002768        0x8 
 .text.get      0x0000000008002770        0xc build/obj/serial_usb.o
 *fill*         0x000000000800277c        0x4 
 .text.putt     0x0000000008002780        0x8 build/obj/serial_usb.o
 *fill*         0x0000000008002788        0x8 
 .text.put      0x0000000008002790        0xc build/obj/serial_usb.o
 *fill*         0x000000000800279c        0x4 
 .text.sduInit  0x00000000080027a0        0x4 build/obj/serial_usb.o
                0x00000000080027a0                sduInit
 *fill*         0x00000000080027a4        0xc 
 .text.sduObjectInit
                0x00000000080027b0       0x4c build/obj/serial_usb.o
                0x00000000080027b0                sduObjectInit
 *fill*         0x00000000080027fc        0x4 
 .text.sduStart
                0x0000000008002800       0x60 build/obj/serial_usb.o
                0x0000000008002800                sduStart
 .text.sduConfigureHookI
                0x0000000008002860       0x4c build/obj/serial_usb.o
                0x0000000008002860                sduConfigureHookI
 *fill*         0x00000000080028ac        0x4 
 .text.sduRequestsHook
                0x00000000080028b0       0x40 build/obj/serial_usb.o
                0x00000000080028b0                sduRequestsHook
 .text.sduDataTransmitted
                0x00000000080028f0       0x8c build/obj/serial_usb.o
                0x00000000080028f0                sduDataTransmitted
 *fill*         0x000000000800297c        0x4 
 .text.sduDataReceived
                0x0000000008002980       0x78 build/obj/serial_usb.o
                0x0000000008002980                sduDataReceived
 *fill*         0x00000000080029f8        0x8 
 .text.sduInterruptTransmitted
                0x0000000008002a00        0x4 build/obj/serial_usb.o
                0x0000000008002a00                sduInterruptTransmitted
 *fill*         0x0000000008002a04        0xc 
 .text.tm_start
                0x0000000008002a10        0xc build/obj/tm.o
 *fill*         0x0000000008002a1c        0x4 
 .text.tm_stop  0x0000000008002a20       0x38 build/obj/tm.o
 *fill*         0x0000000008002a58        0x8 
 .text.tmInit   0x0000000008002a60       0x40 build/obj/tm.o
                0x0000000008002a60                tmInit
 .text.usbInit  0x0000000008002aa0        0x4 build/obj/usb.o
                0x0000000008002aa0                usbInit
 *fill*         0x0000000008002aa4        0xc 
 .text.usbObjectInit
                0x0000000008002ab0       0x1c build/obj/usb.o
                0x0000000008002ab0                usbObjectInit
 *fill*         0x0000000008002acc        0x4 
 .text.usbStart
                0x0000000008002ad0       0x54 build/obj/usb.o
                0x0000000008002ad0                usbStart
 *fill*         0x0000000008002b24        0xc 
 .text.usbInitEndpointI
                0x0000000008002b30       0x64 build/obj/usb.o
                0x0000000008002b30                usbInitEndpointI
 *fill*         0x0000000008002b94        0xc 
 .text.usbPrepareQueuedReceive
                0x0000000008002ba0       0x1c build/obj/usb.o
                0x0000000008002ba0                usbPrepareQueuedReceive
 *fill*         0x0000000008002bbc        0x4 
 .text.usbPrepareQueuedTransmit
                0x0000000008002bc0       0x1c build/obj/usb.o
                0x0000000008002bc0                usbPrepareQueuedTransmit
 *fill*         0x0000000008002bdc        0x4 
 .text.usbStartReceiveI
                0x0000000008002be0       0x3c build/obj/usb.o
                0x0000000008002be0                usbStartReceiveI
 *fill*         0x0000000008002c1c        0x4 
 .text.usbStartTransmitI
                0x0000000008002c20       0x3c build/obj/usb.o
                0x0000000008002c20                usbStartTransmitI
 *fill*         0x0000000008002c5c        0x4 
 .text._usb_reset
                0x0000000008002c60       0x28 build/obj/usb.o
                0x0000000008002c60                _usb_reset
 *fill*         0x0000000008002c88        0x8 
 .text._usb_ep0setup
                0x0000000008002c90      0x374 build/obj/usb.o
                0x0000000008002c90                _usb_ep0setup
 *fill*         0x0000000008003004        0xc 
 .text._usb_ep0in
                0x0000000008003010       0xd4 build/obj/usb.o
                0x0000000008003010                _usb_ep0in
 *fill*         0x00000000080030e4        0xc 
 .text._usb_ep0out
                0x00000000080030f0       0x84 build/obj/usb.o
                0x00000000080030f0                _usb_ep0out
 *fill*         0x0000000008003174        0xc 
 .text.Vector6C
                0x0000000008003180       0x30 build/obj/stm32_dma.o
                0x0000000008003180                Vector6C
 .text.Vector70
                0x00000000080031b0       0x34 build/obj/stm32_dma.o
                0x00000000080031b0                Vector70
 *fill*         0x00000000080031e4        0xc 
 .text.Vector74
                0x00000000080031f0       0x34 build/obj/stm32_dma.o
                0x00000000080031f0                Vector74
 *fill*         0x0000000008003224        0xc 
 .text.Vector78
                0x0000000008003230       0x34 build/obj/stm32_dma.o
                0x0000000008003230                Vector78
 *fill*         0x0000000008003264        0xc 
 .text.Vector7C
                0x0000000008003270       0x30 build/obj/stm32_dma.o
                0x0000000008003270                Vector7C
 .text.Vector80
                0x00000000080032a0       0x34 build/obj/stm32_dma.o
                0x00000000080032a0                Vector80
 *fill*         0x00000000080032d4        0xc 
 .text.Vector84
                0x00000000080032e0       0x34 build/obj/stm32_dma.o
                0x00000000080032e0                Vector84
 *fill*         0x0000000008003314        0xc 
 .text.VectorFC
                0x0000000008003320       0x34 build/obj/stm32_dma.o
                0x0000000008003320                VectorFC
 *fill*         0x0000000008003354        0xc 
 .text.Vector120
                0x0000000008003360       0x30 build/obj/stm32_dma.o
                0x0000000008003360                Vector120
 .text.Vector124
                0x0000000008003390       0x34 build/obj/stm32_dma.o
                0x0000000008003390                Vector124
 *fill*         0x00000000080033c4        0xc 
 .text.Vector128
                0x00000000080033d0       0x34 build/obj/stm32_dma.o
                0x00000000080033d0                Vector128
 *fill*         0x0000000008003404        0xc 
 .text.Vector12C
                0x0000000008003410       0x34 build/obj/stm32_dma.o
                0x0000000008003410                Vector12C
 *fill*         0x0000000008003444        0xc 
 .text.Vector130
                0x0000000008003450       0x30 build/obj/stm32_dma.o
                0x0000000008003450                Vector130
 .text.Vector150
                0x0000000008003480       0x34 build/obj/stm32_dma.o
                0x0000000008003480                Vector150
 *fill*         0x00000000080034b4        0xc 
 .text.Vector154
                0x00000000080034c0       0x34 build/obj/stm32_dma.o
                0x00000000080034c0                Vector154
 *fill*         0x00000000080034f4        0xc 
 .text.Vector158
                0x0000000008003500       0x34 build/obj/stm32_dma.o
                0x0000000008003500                Vector158
 *fill*         0x0000000008003534        0xc 
 .text.dmaInit  0x0000000008003540       0x4c build/obj/stm32_dma.o
                0x0000000008003540                dmaInit
 *fill*         0x000000000800358c        0x4 
 .text.dmaStreamAllocate
                0x0000000008003590       0xac build/obj/stm32_dma.o
                0x0000000008003590                dmaStreamAllocate
 *fill*         0x000000000800363c        0x4 
 .text.hal_lld_init
                0x0000000008003640       0x9c build/obj/hal_lld.o
                0x0000000008003640                hal_lld_init
 *fill*         0x00000000080036dc        0x4 
 .text.stm32_clock_init
                0x00000000080036e0       0xc0 build/obj/hal_lld.o
                0x00000000080036e0                stm32_clock_init
 .text.adc_lld_init
                0x00000000080037a0       0x34 build/obj/adc_lld.o
                0x00000000080037a0                adc_lld_init
 *fill*         0x00000000080037d4        0xc 
 .text.adc_lld_start
                0x00000000080037e0       0x70 build/obj/adc_lld.o
                0x00000000080037e0                adc_lld_start
 .text.adc_lld_start_conversion
                0x0000000008003850       0x84 build/obj/adc_lld.o
                0x0000000008003850                adc_lld_start_conversion
 *fill*         0x00000000080038d4        0xc 
 .text.adc_lld_stop_conversion
                0x00000000080038e0       0x30 build/obj/adc_lld.o
                0x00000000080038e0                adc_lld_stop_conversion
 .text.Vector88
                0x0000000008003910       0x80 build/obj/adc_lld.o
                0x0000000008003910                Vector88
 .text.adc_lld_serve_rx_interrupt
                0x0000000008003990       0xe8 build/obj/adc_lld.o
 *fill*         0x0000000008003a78        0x8 
 .text.adcSTM32EnableTSVREFE
                0x0000000008003a80       0x10 build/obj/adc_lld.o
                0x0000000008003a80                adcSTM32EnableTSVREFE
 .text._pal_lld_init
                0x0000000008003a90      0x1cc build/obj/pal_lld.o
                0x0000000008003a90                _pal_lld_init
 *fill*         0x0000000008003c5c        0x4 
 .text._pal_lld_setgroupmode
                0x0000000008003c60       0xac build/obj/pal_lld.o
                0x0000000008003c60                _pal_lld_setgroupmode
 *fill*         0x0000000008003d0c        0x4 
 .text.usb_lld_pump
                0x0000000008003d10      0x378 build/obj/usb_lld.o
 *fill*         0x0000000008004088        0x8 
 .text.otg_disable_ep.isra.0
                0x0000000008004090       0x74 build/obj/usb_lld.o
 *fill*         0x0000000008004104        0xc 
 .text.otg_epout_handler.constprop.8
                0x0000000008004110       0x68 build/obj/usb_lld.o
 *fill*         0x0000000008004178        0x8 
 .text.usb_lld_init
                0x0000000008004180       0x44 build/obj/usb_lld.o
                0x0000000008004180                usb_lld_init
 *fill*         0x00000000080041c4        0xc 
 .text.usb_lld_start
                0x00000000080041d0       0xe0 build/obj/usb_lld.o
                0x00000000080041d0                usb_lld_start
 .text.usb_lld_reset
                0x00000000080042b0       0xd4 build/obj/usb_lld.o
                0x00000000080042b0                usb_lld_reset
 *fill*         0x0000000008004384        0xc 
 .text.usb_lld_set_address
                0x0000000008004390       0x18 build/obj/usb_lld.o
                0x0000000008004390                usb_lld_set_address
 *fill*         0x00000000080043a8        0x8 
 .text.usb_lld_init_endpoint
                0x00000000080043b0      0x18c build/obj/usb_lld.o
                0x00000000080043b0                usb_lld_init_endpoint
 *fill*         0x000000000800453c        0x4 
 .text.usb_lld_get_status_out
                0x0000000008004540       0x1c build/obj/usb_lld.o
                0x0000000008004540                usb_lld_get_status_out
 *fill*         0x000000000800455c        0x4 
 .text.usb_lld_get_status_in
                0x0000000008004560       0x1c build/obj/usb_lld.o
                0x0000000008004560                usb_lld_get_status_in
 *fill*         0x000000000800457c        0x4 
 .text.usb_lld_read_setup
                0x0000000008004580       0x14 build/obj/usb_lld.o
                0x0000000008004580                usb_lld_read_setup
 *fill*         0x0000000008004594        0xc 
 .text.usb_lld_prepare_receive
                0x00000000080045a0       0x30 build/obj/usb_lld.o
                0x00000000080045a0                usb_lld_prepare_receive
 .text.usb_lld_prepare_transmit
                0x00000000080045d0       0x50 build/obj/usb_lld.o
                0x00000000080045d0                usb_lld_prepare_transmit
 .text.otg_epin_handler.constprop.9
                0x0000000008004620       0xe4 build/obj/usb_lld.o
 *fill*         0x0000000008004704        0xc 
 .text.Vector14C
                0x0000000008004710      0x108 build/obj/usb_lld.o
                0x0000000008004710                Vector14C
 *fill*         0x0000000008004818        0x8 
 .text.usb_lld_start_out
                0x0000000008004820       0x14 build/obj/usb_lld.o
                0x0000000008004820                usb_lld_start_out
 *fill*         0x0000000008004834        0xc 
 .text.usb_lld_start_in
                0x0000000008004840       0x28 build/obj/usb_lld.o
                0x0000000008004840                usb_lld_start_in
 *fill*         0x0000000008004868        0x8 
 .text.usb_lld_stall_out
                0x0000000008004870       0x14 build/obj/usb_lld.o
                0x0000000008004870                usb_lld_stall_out
 *fill*         0x0000000008004884        0xc 
 .text.usb_lld_stall_in
                0x0000000008004890       0x14 build/obj/usb_lld.o
                0x0000000008004890                usb_lld_stall_in
 *fill*         0x00000000080048a4        0xc 
 .text.usb_lld_clear_out
                0x00000000080048b0       0x14 build/obj/usb_lld.o
                0x00000000080048b0                usb_lld_clear_out
 *fill*         0x00000000080048c4        0xc 
 .text.usb_lld_clear_in
                0x00000000080048d0       0x14 build/obj/usb_lld.o
                0x00000000080048d0                usb_lld_clear_in
 *fill*         0x00000000080048e4        0xc 
 .text.notify1  0x00000000080048f0       0x14 build/obj/serial_lld.o
 *fill*         0x0000000008004904        0xc 
 .text.VectorD4
                0x0000000008004910      0x13c build/obj/serial_lld.o
                0x0000000008004910                VectorD4
 *fill*         0x0000000008004a4c        0x4 
 .text.sd_lld_init
                0x0000000008004a50       0x20 build/obj/serial_lld.o
                0x0000000008004a50                sd_lld_init
 .text.__early_init
                0x0000000008004a70        0x4 build/obj/board.o
                0x0000000008004a70                __early_init
 *fill*         0x0000000008004a74        0xc 
 .text.boardInit
                0x0000000008004a80        0x4 build/obj/board.o
                0x0000000008004a80                boardInit
 *fill*         0x0000000008004a84        0xc 
 .text._sbrk_r  0x0000000008004a90       0x28 build/obj/syscalls.o
                0x0000000008004a90                _sbrk_r
 *fill*         0x0000000008004ab8        0x8 
 .text.get_descriptor
                0x0000000008004ac0       0x30 build/obj/USB.o
 .text.usb_event
                0x0000000008004af0       0x48 build/obj/USB.o
 *fill*         0x0000000008004b38        0x8 
 .text.isUSBActive
                0x0000000008004b40       0x1c build/obj/USB.o
                0x0000000008004b40                isUSBActive
 *fill*         0x0000000008004b5c        0x4 
 .text.initializeUSB
                0x0000000008004b60       0x4c build/obj/USB.o
                0x0000000008004b60                initializeUSB
 *fill*         0x0000000008004bac        0x4 
 .text.adccb    0x0000000008004bb0        0x4 build/obj/main.o
 *fill*         0x0000000008004bb4        0xc 
 .text.adcSampleThread
                0x0000000008004bc0       0x2c build/obj/main.o
 *fill*         0x0000000008004bec        0x4 
 .text.usbThread
                0x0000000008004bf0       0x3c build/obj/main.o
 *fill*         0x0000000008004c2c        0x4 
 .text.decodeRequest
                0x0000000008004c30       0xe8 build/obj/main.o
                0x0000000008004c30                decodeRequest
 *fill*         0x0000000008004d18        0x8 
 .text.decodeNextNetstring.part.0
                0x0000000008004d20       0x6c build/obj/main.o
 *fill*         0x0000000008004d8c        0x4 
 .text.consumeNetstrings
                0x0000000008004d90       0x24 build/obj/main.o
                0x0000000008004d90                consumeNetstrings
 *fill*         0x0000000008004db4        0xc 
 .text.read     0x0000000008004dc0       0x88 build/obj/main.o
                0x0000000008004dc0                read
 *fill*         0x0000000008004e48        0x8 
 .text.write    0x0000000008004e50       0x74 build/obj/main.o
                0x0000000008004e50                write
 *fill*         0x0000000008004ec4        0xc 
 .text._calloc_r
                0x0000000008004ed0       0x60 /usr/lib/gcc/arm-none-eabi/4.9.3/../../../arm-none-eabi/lib/armv7e-m/libg.a(lib_a-callocr.o)
                0x0000000008004ed0                _calloc_r
 .text.__itoa   0x0000000008004f30       0x30 /usr/lib/gcc/arm-none-eabi/4.9.3/../../../arm-none-eabi/lib/armv7e-m/libg.a(lib_a-itoa.o)
                0x0000000008004f30                __itoa
 .text.itoa     0x0000000008004f60        0x4 /usr/lib/gcc/arm-none-eabi/4.9.3/../../../arm-none-eabi/lib/armv7e-m/libg.a(lib_a-itoa.o)
                0x0000000008004f60                itoa
 *fill*         0x0000000008004f64        0xc 
 .text._malloc_r
                0x0000000008004f70      0x524 /usr/lib/gcc/arm-none-eabi/4.9.3/../../../arm-none-eabi/lib/armv7e-m/libg.a(lib_a-mallocr.o)
                0x0000000008004f70                _malloc_r
 *fill*         0x0000000008005494        0xc 
 .text.memmove  0x00000000080054a0       0xc8 /usr/lib/gcc/arm-none-eabi/4.9.3/../../../arm-none-eabi/lib/armv7e-m/libg.a(lib_a-memmove.o)
                0x00000000080054a0                memmove
 *fill*         0x0000000008005568        0x8 
 .text.memset   0x0000000008005570       0x9c /usr/lib/gcc/arm-none-eabi/4.9.3/../../../arm-none-eabi/lib/armv7e-m/libg.a(lib_a-memset.o)
                0x0000000008005570                memset
 *fill*         0x000000000800560c        0x4 
 .text.__malloc_lock
                0x0000000008005610        0x4 /usr/lib/gcc/arm-none-eabi/4.9.3/../../../arm-none-eabi/lib/armv7e-m/libg.a(lib_a-mlock.o)
                0x0000000008005610                __malloc_lock
 *fill*         0x0000000008005614        0xc 
 .text.__malloc_unlock
                0x0000000008005620        0x4 /usr/lib/gcc/arm-none-eabi/4.9.3/../../../arm-none-eabi/lib/armv7e-m/libg.a(lib_a-mlock.o)
                0x0000000008005620                __malloc_unlock
 *fill*         0x0000000008005624        0xc 
 .text.sprintf  0x0000000008005630       0x4c /usr/lib/gcc/arm-none-eabi/4.9.3/../../../arm-none-eabi/lib/armv7e-m/libg.a(lib_a-sprintf.o)
                0x0000000008005630                sprintf
 *fill*         0x000000000800567c        0x4 
 .text.strlen   0x0000000008005680       0x5c /usr/lib/gcc/arm-none-eabi/4.9.3/../../../arm-none-eabi/lib/armv7e-m/libg.a(lib_a-strlen.o)
                0x0000000008005680                strlen
 *fill*         0x00000000080056dc        0x4 
 .text.critical_factorization
                0x00000000080056e0       0xb8 /usr/lib/gcc/arm-none-eabi/4.9.3/../../../arm-none-eabi/lib/armv7e-m/libg.a(lib_a-strstr.o)
 *fill*         0x0000000008005798        0x8 
 .text.two_way_long_needle
                0x00000000080057a0      0x1f8 /usr/lib/gcc/arm-none-eabi/4.9.3/../../../arm-none-eabi/lib/armv7e-m/libg.a(lib_a-strstr.o)
 *fill*         0x0000000008005998        0x8 
 .text.strstr   0x00000000080059a0      0x220 /usr/lib/gcc/arm-none-eabi/4.9.3/../../../arm-none-eabi/lib/armv7e-m/libg.a(lib_a-strstr.o)
                0x00000000080059a0                strstr
 .text._strtol_r
                0x0000000008005bc0      0x11c /usr/lib/gcc/arm-none-eabi/4.9.3/../../../arm-none-eabi/lib/armv7e-m/libg.a(lib_a-strtol.o)
                0x0000000008005bc0                _strtol_r
 *fill*         0x0000000008005cdc        0x4 
 .text.strtol   0x0000000008005ce0       0x18 /usr/lib/gcc/arm-none-eabi/4.9.3/../../../arm-none-eabi/lib/armv7e-m/libg.a(lib_a-strtol.o)
                0x0000000008005ce0                strtol
 *fill*         0x0000000008005cf8        0x8 
 .text._svfprintf_r
                0x0000000008005d00     0x1494 /usr/lib/gcc/arm-none-eabi/4.9.3/../../../arm-none-eabi/lib/armv7e-m/libg.a(lib_a-svfprintf.o)
                0x0000000008005d00                _svfprintf_r
 *fill*         0x0000000008007194        0xc 
 .text.__utoa   0x00000000080071a0       0x80 /usr/lib/gcc/arm-none-eabi/4.9.3/../../../arm-none-eabi/lib/armv7e-m/libg.a(lib_a-utoa.o)
                0x00000000080071a0                __utoa
 .text.quorem   0x0000000008007220      0x12c /usr/lib/gcc/arm-none-eabi/4.9.3/../../../arm-none-eabi/lib/armv7e-m/libg.a(lib_a-dtoa.o)
 *fill*         0x000000000800734c        0x4 
 .text._dtoa_r  0x0000000008007350      0xe98 /usr/lib/gcc/arm-none-eabi/4.9.3/../../../arm-none-eabi/lib/armv7e-m/libg.a(lib_a-dtoa.o)
                0x0000000008007350                _dtoa_r
 *fill*         0x00000000080081e8        0x8 
 .text._malloc_trim_r
                0x00000000080081f0       0x9c /usr/lib/gcc/arm-none-eabi/4.9.3/../../../arm-none-eabi/lib/armv7e-m/libg.a(lib_a-freer.o)
                0x00000000080081f0                _malloc_trim_r
 *fill*         0x000000000800828c        0x4 
 .text._free_r  0x0000000008008290      0x1b0 /usr/lib/gcc/arm-none-eabi/4.9.3/../../../arm-none-eabi/lib/armv7e-m/libg.a(lib_a-freer.o)
                0x0000000008008290                _free_r
 .text._localeconv_r
                0x0000000008008440        0x8 /usr/lib/gcc/arm-none-eabi/4.9.3/../../../arm-none-eabi/lib/armv7e-m/libg.a(lib_a-locale.o)
                0x0000000008008440                _localeconv_r
 *fill*         0x0000000008008448        0x8 
 .text.memchr   0x0000000008008450       0x94 /usr/lib/gcc/arm-none-eabi/4.9.3/../../../arm-none-eabi/lib/armv7e-m/libg.a(lib_a-memchr.o)
                0x0000000008008450                memchr
 *fill*         0x00000000080084e4        0xc 
 .text.memcmp   0x00000000080084f0       0x64 /usr/lib/gcc/arm-none-eabi/4.9.3/../../../arm-none-eabi/lib/armv7e-m/libg.a(lib_a-memcmp.o)
                0x00000000080084f0                memcmp
 *fill*         0x0000000008008554        0xc 
 .text._Balloc  0x0000000008008560       0x4c /usr/lib/gcc/arm-none-eabi/4.9.3/../../../arm-none-eabi/lib/armv7e-m/libg.a(lib_a-mprec.o)
                0x0000000008008560                _Balloc
 *fill*         0x00000000080085ac        0x4 
 .text._Bfree   0x00000000080085b0       0x14 /usr/lib/gcc/arm-none-eabi/4.9.3/../../../arm-none-eabi/lib/armv7e-m/libg.a(lib_a-mprec.o)
                0x00000000080085b0                _Bfree
 *fill*         0x00000000080085c4        0xc 
 .text.__multadd
                0x00000000080085d0       0x84 /usr/lib/gcc/arm-none-eabi/4.9.3/../../../arm-none-eabi/lib/armv7e-m/libg.a(lib_a-mprec.o)
                0x00000000080085d0                __multadd
 *fill*         0x0000000008008654        0xc 
 .text.__hi0bits
                0x0000000008008660       0x40 /usr/lib/gcc/arm-none-eabi/4.9.3/../../../arm-none-eabi/lib/armv7e-m/libg.a(lib_a-mprec.o)
                0x0000000008008660                __hi0bits
 .text.__lo0bits
                0x00000000080086a0       0x5c /usr/lib/gcc/arm-none-eabi/4.9.3/../../../arm-none-eabi/lib/armv7e-m/libg.a(lib_a-mprec.o)
                0x00000000080086a0                __lo0bits
 *fill*         0x00000000080086fc        0x4 
 .text.__i2b    0x0000000008008700       0x14 /usr/lib/gcc/arm-none-eabi/4.9.3/../../../arm-none-eabi/lib/armv7e-m/libg.a(lib_a-mprec.o)
                0x0000000008008700                __i2b
 *fill*         0x0000000008008714        0xc 
 .text.__multiply
                0x0000000008008720      0x134 /usr/lib/gcc/arm-none-eabi/4.9.3/../../../arm-none-eabi/lib/armv7e-m/libg.a(lib_a-mprec.o)
                0x0000000008008720                __multiply
 *fill*         0x0000000008008854        0xc 
 .text.__pow5mult
                0x0000000008008860       0xa0 /usr/lib/gcc/arm-none-eabi/4.9.3/../../../arm-none-eabi/lib/armv7e-m/libg.a(lib_a-mprec.o)
                0x0000000008008860                __pow5mult
 .text.__lshift
                0x0000000008008900       0xac /usr/lib/gcc/arm-none-eabi/4.9.3/../../../arm-none-eabi/lib/armv7e-m/libg.a(lib_a-mprec.o)
                0x0000000008008900                __lshift
 *fill*         0x00000000080089ac        0x4 
 .text.__mcmp   0x00000000080089b0       0x48 /usr/lib/gcc/arm-none-eabi/4.9.3/../../../arm-none-eabi/lib/armv7e-m/libg.a(lib_a-mprec.o)
                0x00000000080089b0                __mcmp
 *fill*         0x00000000080089f8        0x8 
 .text.__mdiff  0x0000000008008a00       0xd4 /usr/lib/gcc/arm-none-eabi/4.9.3/../../../arm-none-eabi/lib/armv7e-m/libg.a(lib_a-mprec.o)
                0x0000000008008a00                __mdiff
 *fill*         0x0000000008008ad4        0xc 
 .text.__d2b    0x0000000008008ae0       0xb8 /usr/lib/gcc/arm-none-eabi/4.9.3/../../../arm-none-eabi/lib/armv7e-m/libg.a(lib_a-mprec.o)
                0x0000000008008ae0                __d2b
 *fill*         0x0000000008008b98        0x8 
 .text.__fpclassifyd
                0x0000000008008ba0       0x58 /usr/lib/gcc/arm-none-eabi/4.9.3/../../../arm-none-eabi/lib/armv7e-m/libg.a(lib_a-s_fpclassify.o)
                0x0000000008008ba0                __fpclassifyd
 *fill*         0x0000000008008bf8        0x8 
 .text.strchr   0x0000000008008c00       0xcc /usr/lib/gcc/arm-none-eabi/4.9.3/../../../arm-none-eabi/lib/armv7e-m/libg.a(lib_a-strchr.o)
                0x0000000008008c00                strchr
 *fill*         0x0000000008008ccc        0x4 
 .text.__ssprint_r
                0x0000000008008cd0      0x104 /usr/lib/gcc/arm-none-eabi/4.9.3/../../../arm-none-eabi/lib/armv7e-m/libg.a(lib_a-svfiprintf.o)
                0x0000000008008cd0                __ssprint_r
 *fill*         0x0000000008008dd4        0xc 
 .text._realloc_r
                0x0000000008008de0      0x3ec /usr/lib/gcc/arm-none-eabi/4.9.3/../../../arm-none-eabi/lib/armv7e-m/libg.a(lib_a-reallocr.o)
                0x0000000008008de0                _realloc_r
 *(.rodata)
 *(.rodata.*)
 *fill*         0x00000000080091cc        0x4 
 .rodata.str1.4
                0x00000000080091d0        0x5 build/obj/chsys.o
 *fill*         0x00000000080091d5        0xb 
 .rodata.str1.4
                0x00000000080091e0       0x56 build/obj/chdebug.o
 *fill*         0x0000000008009236        0xa 
 .rodata.str1.4
                0x0000000008009240       0x31 build/obj/chvt.o
 *fill*         0x0000000008009271        0xf 
 .rodata.str1.4
                0x0000000008009280       0x23 build/obj/chschd.o
 *fill*         0x00000000080092a3        0xd 
 .rodata.str1.4
                0x00000000080092b0       0x94 build/obj/chthreads.o
 *fill*         0x0000000008009344        0xc 
 .rodata.ch_debug
                0x0000000008009350       0x16 build/obj/chregistry.o
                0x0000000008009350                ch_debug
 *fill*         0x0000000008009366        0xa 
 .rodata.str1.4
                0x0000000008009370       0xab build/obj/chmtx.o
 *fill*         0x000000000800941b        0x5 
 .rodata.str1.4
                0x0000000008009420       0x90 build/obj/chevents.o
 .rodata.str1.4
                0x00000000080094b0       0x29 build/obj/chqueues.o
 *fill*         0x00000000080094d9        0x7 
 .rodata.str1.4
                0x00000000080094e0      0x10e build/obj/adc.o
 *fill*         0x00000000080095ee        0x2 
 .rodata.str1.4
                0x00000000080095f0       0x5f build/obj/serial.o
 *fill*         0x000000000800964f        0x1 
 .rodata.vmt    0x0000000008009650       0x20 build/obj/serial.o
 .rodata.str1.4
                0x0000000008009670       0x2e build/obj/serial_usb.o
 *fill*         0x000000000800969e        0x2 
 .rodata.vmt    0x00000000080096a0       0x20 build/obj/serial_usb.o
 .rodata.zero_status
                0x00000000080096c0        0x2 build/obj/usb.o
 *fill*         0x00000000080096c2        0xe 
 .rodata.active_status
                0x00000000080096d0        0x2 build/obj/usb.o
 *fill*         0x00000000080096d2        0xe 
 .rodata.str1.4
                0x00000000080096e0      0x122 build/obj/usb.o
 *fill*         0x0000000008009802        0xe 
 .rodata.halted_status
                0x0000000008009810        0x2 build/obj/usb.o
 *fill*         0x0000000008009812        0xe 
 .rodata.str1.4
                0x0000000008009820       0x47 build/obj/stm32_dma.o
 *fill*         0x0000000008009867        0x9 
 .rodata._stm32_dma_streams
                0x0000000008009870       0xc0 build/obj/stm32_dma.o
                0x0000000008009870                _stm32_dma_streams
 .rodata.str1.4
                0x0000000008009930       0x14 build/obj/adc_lld.o
 *fill*         0x0000000008009944        0xc 
 .rodata.fsparams
                0x0000000008009950        0xc build/obj/usb_lld.o
 *fill*         0x000000000800995c        0x4 
 .rodata.str1.4
                0x0000000008009960       0x25 build/obj/usb_lld.o
 *fill*         0x0000000008009985        0xb 
 .rodata.ep0config
                0x0000000008009990       0x24 build/obj/usb_lld.o
 *fill*         0x00000000080099b4        0xc 
 .rodata.pal_default_config
                0x00000000080099c0       0xfc build/obj/board.o
                0x00000000080099c0                pal_default_config
 *fill*         0x0000000008009abc        0x4 
 .rodata.str1.4
                0x0000000008009ac0        0xc build/obj/syscalls.o
 *fill*         0x0000000008009acc        0x4 
 .rodata.ep1config
                0x0000000008009ad0       0x24 build/obj/USB.o
 *fill*         0x0000000008009af4        0xc 
 .rodata.vcom_configuration_descriptor
                0x0000000008009b00        0x8 build/obj/USB.o
 *fill*         0x0000000008009b08        0x8 
 .rodata.ep2config
                0x0000000008009b10       0x24 build/obj/USB.o
 *fill*         0x0000000008009b34        0xc 
 .rodata.usbcfg
                0x0000000008009b40       0x10 build/obj/USB.o
 .rodata.vcom_configuration_descriptor_data
                0x0000000008009b50       0x43 build/obj/USB.o
 *fill*         0x0000000008009b93        0xd 
 .rodata.vcom_device_descriptor_data
                0x0000000008009ba0       0x12 build/obj/USB.o
 *fill*         0x0000000008009bb2        0xe 
 .rodata.vcom_string0
                0x0000000008009bc0        0x4 build/obj/USB.o
 *fill*         0x0000000008009bc4        0xc 
 .rodata.vcom_string1
                0x0000000008009bd0       0x26 build/obj/USB.o
 *fill*         0x0000000008009bf6        0xa 
 .rodata.vcom_string2
                0x0000000008009c00       0x38 build/obj/USB.o
 *fill*         0x0000000008009c38        0x8 
 .rodata.vcom_string3
                0x0000000008009c40        0x8 build/obj/USB.o
 *fill*         0x0000000008009c48        0x8 
 .rodata.vcom_strings
                0x0000000008009c50       0x20 build/obj/USB.o
 .rodata.serusbcfg
                0x0000000008009c70        0x8 build/obj/USB.o
 *fill*         0x0000000008009c78        0x8 
 .rodata.vcom_device_descriptor
                0x0000000008009c80        0x8 build/obj/USB.o
 *fill*         0x0000000008009c88        0x8 
 .rodata.str1.4
                0x0000000008009c90       0xbb build/obj/main.o
 *fill*         0x0000000008009d4b        0x5 
 .rodata.adcgrpcfg
                0x0000000008009d50       0x28 build/obj/main.o
 *fill*         0x0000000008009d78        0x8 
 .rodata.str1.4
                0x0000000008009d80        0x2 /usr/lib/gcc/arm-none-eabi/4.9.3/../../../arm-none-eabi/lib/armv7e-m/libg.a(lib_a-impure.o)
                                          0x4 (size before relaxing)
 *fill*         0x0000000008009d82        0xe 
 .rodata.zeroes.6911
                0x0000000008009d90       0x10 /usr/lib/gcc/arm-none-eabi/4.9.3/../../../arm-none-eabi/lib/armv7e-m/libg.a(lib_a-svfprintf.o)
 .rodata.blanks.6910
                0x0000000008009da0       0x10 /usr/lib/gcc/arm-none-eabi/4.9.3/../../../arm-none-eabi/lib/armv7e-m/libg.a(lib_a-svfprintf.o)
 .rodata.str1.4
                0x0000000008009db0       0x3f /usr/lib/gcc/arm-none-eabi/4.9.3/../../../arm-none-eabi/lib/armv7e-m/libg.a(lib_a-svfprintf.o)
                                         0x44 (size before relaxing)
 *fill*         0x0000000008009def        0x1 
 .rodata.str1.4
                0x0000000008009df0       0x25 /usr/lib/gcc/arm-none-eabi/4.9.3/../../../arm-none-eabi/lib/armv7e-m/libg.a(lib_a-utoa.o)
                                         0x28 (size before relaxing)
 *fill*         0x0000000008009e15        0xb 
 .rodata._ctype_
                0x0000000008009e20      0x104 /usr/lib/gcc/arm-none-eabi/4.9.3/../../../arm-none-eabi/lib/armv7e-m/libg.a(lib_a-ctype_.o)
                0x0000000008009e20                _ctype_
 *fill*         0x0000000008009f24        0xc 
 .rodata.str1.4
                0x0000000008009f30       0x10 /usr/lib/gcc/arm-none-eabi/4.9.3/../../../arm-none-eabi/lib/armv7e-m/libg.a(lib_a-dtoa.o)
                                         0x14 (size before relaxing)
 .rodata.str1.4
                0x0000000008009f40        0xc /usr/lib/gcc/arm-none-eabi/4.9.3/../../../arm-none-eabi/lib/armv7e-m/libg.a(lib_a-locale.o)
                                         0x14 (size before relaxing)
 *fill*         0x0000000008009f4c        0x4 
 .rodata.__mprec_tens
                0x0000000008009f50       0xc8 /usr/lib/gcc/arm-none-eabi/4.9.3/../../../arm-none-eabi/lib/armv7e-m/libg.a(lib_a-mprec.o)
                0x0000000008009f50                __mprec_tens
 *fill*         0x000000000800a018        0x8 
 .rodata.p05.5302
                0x000000000800a020        0xc /usr/lib/gcc/arm-none-eabi/4.9.3/../../../arm-none-eabi/lib/armv7e-m/libg.a(lib_a-mprec.o)
 *fill*         0x000000000800a02c        0x4 
 .rodata.__mprec_bigtens
                0x000000000800a030       0x28 /usr/lib/gcc/arm-none-eabi/4.9.3/../../../arm-none-eabi/lib/armv7e-m/libg.a(lib_a-mprec.o)
                0x000000000800a030                __mprec_bigtens
 *(.glue_7t)
 .glue_7t       0x000000000800a058        0x0 linker stubs
 *(.glue_7)
 .glue_7        0x000000000800a058        0x0 linker stubs
 *(.gcc*)

.vfp11_veneer   0x000000000800a058        0x0
 .vfp11_veneer  0x000000000800a058        0x0 linker stubs

.v4_bx          0x000000000800a058        0x0
 .v4_bx         0x000000000800a058        0x0 linker stubs

.iplt           0x000000000800a058        0x0
 .iplt          0x000000000800a058        0x0 build/obj/crt0.o

.ARM.extab
 *(.ARM.extab* .gnu.linkonce.armextab.*)

.ARM.exidx      0x000000000800a058        0x8
                [!provide]                        PROVIDE (__exidx_start, .)
 *(.ARM.exidx* .gnu.linkonce.armexidx.*)
 .ARM.exidx     0x000000000800a058        0x8 /usr/lib/gcc/arm-none-eabi/4.9.3/armv7e-m/libgcc.a(_divdi3.o)
 .ARM.exidx     0x000000000800a060        0x0 /usr/lib/gcc/arm-none-eabi/4.9.3/armv7e-m/libgcc.a(_udivdi3.o)
                                          0x8 (size before relaxing)
                [!provide]                        PROVIDE (__exidx_end, .)

.rel.dyn        0x000000000800a060        0x0
 .rel.iplt      0x000000000800a060        0x0 build/obj/crt0.o

.eh_frame_hdr
 *(.eh_frame_hdr)

.eh_frame
 *(.eh_frame)

.textalign      0x000000000800a060        0x0
                0x000000000800a060                . = ALIGN (0x8)
                0x000000000800a060                . = ALIGN (0x4)
                0x000000000800a060                _etext = .
                0x000000000800a060                _textdata = _etext

.stacks         0x0000000020000000      0x800
                0x0000000020000000                . = ALIGN (0x8)
                0x0000000020000000                __main_stack_base__ = .
                0x0000000020000400                . = (. + __main_stack_size__)
 *fill*         0x0000000020000000      0x400 
                0x0000000020000400                . = ALIGN (0x8)
                0x0000000020000400                __main_stack_end__ = .
                0x0000000020000400                __process_stack_base__ = .
                0x0000000020000400                __main_thread_stack_base__ = .
                0x0000000020000800                . = (. + __process_stack_size__)
 *fill*         0x0000000020000400      0x400 
                0x0000000020000800                . = ALIGN (0x8)
                0x0000000020000800                __process_stack_end__ = .
                0x0000000020000800                __main_thread_stack_end__ = .

.data           0x0000000020000800      0x888 load address 0x000000000800a060
                0x0000000020000800                . = ALIGN (0x4)
                0x0000000020000800                PROVIDE (_data, .)
 *(.data)
                0x0000000020000800                . = ALIGN (0x4)
 *(.data.*)
 .data.linecoding
                0x0000000020000800        0x7 build/obj/serial_usb.o
 *fill*         0x0000000020000807        0x1 
 .data.timeOut  0x0000000020000808        0x4 build/obj/main.o
                0x0000000020000808                timeOut
 *fill*         0x000000002000080c        0x4 
 .data.impure_data
                0x0000000020000810      0x428 /usr/lib/gcc/arm-none-eabi/4.9.3/../../../arm-none-eabi/lib/armv7e-m/libg.a(lib_a-impure.o)
 .data._impure_ptr
                0x0000000020000c38        0x4 /usr/lib/gcc/arm-none-eabi/4.9.3/../../../arm-none-eabi/lib/armv7e-m/libg.a(lib_a-impure.o)
                0x0000000020000c38                _impure_ptr
 .data.__malloc_av_
                0x0000000020000c3c      0x408 /usr/lib/gcc/arm-none-eabi/4.9.3/../../../arm-none-eabi/lib/armv7e-m/libg.a(lib_a-mallocr.o)
                0x0000000020000c3c                __malloc_av_
 .data.__malloc_trim_threshold
                0x0000000020001044        0x4 /usr/lib/gcc/arm-none-eabi/4.9.3/../../../arm-none-eabi/lib/armv7e-m/libg.a(lib_a-mallocr.o)
                0x0000000020001044                __malloc_trim_threshold
 .data.__malloc_sbrk_base
                0x0000000020001048        0x4 /usr/lib/gcc/arm-none-eabi/4.9.3/../../../arm-none-eabi/lib/armv7e-m/libg.a(lib_a-mallocr.o)
                0x0000000020001048                __malloc_sbrk_base
 .data.__ctype_ptr__
                0x000000002000104c        0x4 /usr/lib/gcc/arm-none-eabi/4.9.3/../../../arm-none-eabi/lib/armv7e-m/libg.a(lib_a-ctype_.o)
                0x000000002000104c                __ctype_ptr__
 .data.lconv    0x0000000020001050       0x38 /usr/lib/gcc/arm-none-eabi/4.9.3/../../../arm-none-eabi/lib/armv7e-m/libg.a(lib_a-locale.o)
                0x0000000020001088                . = ALIGN (0x4)
 *(.ramtext)
                0x0000000020001088                . = ALIGN (0x4)
                0x0000000020001088                PROVIDE (_edata, .)

.igot.plt       0x0000000020001088        0x0 load address 0x000000000800a8e8
 .igot.plt      0x0000000020001088        0x0 build/obj/crt0.o

.bss            0x0000000020001088     0x10a4 load address 0x000000000800a8e8
                0x0000000020001088                . = ALIGN (0x4)
                0x0000000020001088                PROVIDE (_bss_start, .)
 *(.bss)
                0x0000000020001088                . = ALIGN (0x4)
 *(.bss.*)
 .bss.mainthread.4860
                0x0000000020001088       0x4c build/obj/chsys.o
 *fill*         0x00000000200010d4        0x4 
 .bss._idle_thread_wa
                0x00000000200010d8       0xe0 build/obj/chsys.o
                0x00000000200010d8                _idle_thread_wa
 .bss.dbg_isr_cnt
                0x00000000200011b8        0x4 build/obj/chdebug.o
                0x00000000200011b8                dbg_isr_cnt
 .bss.dbg_trace_buffer
                0x00000000200011bc      0x408 build/obj/chdebug.o
                0x00000000200011bc                dbg_trace_buffer
 .bss.dbg_lock_cnt
                0x00000000200015c4        0x4 build/obj/chdebug.o
                0x00000000200015c4                dbg_lock_cnt
 .bss.dbg_panic_msg
                0x00000000200015c8        0x4 build/obj/chdebug.o
                0x00000000200015c8                dbg_panic_msg
 .bss.vtlist    0x00000000200015cc       0x10 build/obj/chvt.o
                0x00000000200015cc                vtlist
 .bss.rlist     0x00000000200015dc       0x1c build/obj/chschd.o
                0x00000000200015dc                rlist
 .bss.endmem    0x00000000200015f8        0x4 build/obj/chmemcore.o
 .bss.nextmem   0x00000000200015fc        0x4 build/obj/chmemcore.o
 .bss.default_heap
                0x0000000020001600       0x20 build/obj/chheap.o
 .bss.measurement_offset
                0x0000000020001620        0x4 build/obj/tm.o
 .bss.dma_isr_redir
                0x0000000020001624       0x80 build/obj/stm32_dma.o
 .bss.dma_streams_mask
                0x00000000200016a4        0x4 build/obj/stm32_dma.o
 .bss.ADCD1     0x00000000200016a8       0x34 build/obj/adc_lld.o
                0x00000000200016a8                ADCD1
 *fill*         0x00000000200016dc        0x4 
 .bss.USBD1     0x00000000200016e0      0x1b8 build/obj/usb_lld.o
                0x00000000200016e0                USBD1
 .bss.ep0_state
                0x0000000020001898       0x14 build/obj/usb_lld.o
 .bss.ep0setup_buffer
                0x00000000200018ac        0x8 build/obj/usb_lld.o
 .bss.SD1       0x00000000200018b4       0x78 build/obj/serial_lld.o
                0x00000000200018b4                SD1
 .bss.ep2instate
                0x000000002000192c       0x14 build/obj/USB.o
 .bss.SDU1      0x0000000020001940      0x258 build/obj/USB.o
                0x0000000020001940                SDU1
 .bss.ep1instate
                0x0000000020001b98       0x14 build/obj/USB.o
 .bss.ep1outstate
                0x0000000020001bac       0x10 build/obj/USB.o
 .bss.chunkBuffer
                0x0000000020001bbc       0x40 build/obj/main.o
                0x0000000020001bbc                chunkBuffer
 .bss.writePtr  0x0000000020001bfc        0x4 build/obj/main.o
                0x0000000020001bfc                writePtr
 .bss.bytesRead
                0x0000000020001c00        0x4 build/obj/main.o
                0x0000000020001c00                bytesRead
 .bss.messageBuffer
                0x0000000020001c04      0x100 build/obj/main.o
                0x0000000020001c04                messageBuffer
 .bss.what      0x0000000020001d04        0x4 build/obj/main.o
                0x0000000020001d04                what
 .bss.usbThreadWA
                0x0000000020001d08      0x150 build/obj/main.o
 .bss.receiveBuffer
                0x0000000020001e58       0x80 build/obj/main.o
                0x0000000020001e58                receiveBuffer
 .bss.samples   0x0000000020001ed8       0x10 build/obj/main.o
 .bss.adcSampleThreadWA
                0x0000000020001ee8      0x110 build/obj/main.o
 .bss.writeBuffer
                0x0000000020001ff8      0x100 build/obj/main.o
 .bss.__malloc_max_total_mem
                0x00000000200020f8        0x4 /usr/lib/gcc/arm-none-eabi/4.9.3/../../../arm-none-eabi/lib/armv7e-m/libg.a(lib_a-mallocr.o)
                0x00000000200020f8                __malloc_max_total_mem
 .bss.__malloc_max_sbrked_mem
                0x00000000200020fc        0x4 /usr/lib/gcc/arm-none-eabi/4.9.3/../../../arm-none-eabi/lib/armv7e-m/libg.a(lib_a-mallocr.o)
                0x00000000200020fc                __malloc_max_sbrked_mem
 .bss.__malloc_top_pad
                0x0000000020002100        0x4 /usr/lib/gcc/arm-none-eabi/4.9.3/../../../arm-none-eabi/lib/armv7e-m/libg.a(lib_a-mallocr.o)
                0x0000000020002100                __malloc_top_pad
 .bss.__malloc_current_mallinfo
                0x0000000020002104       0x28 /usr/lib/gcc/arm-none-eabi/4.9.3/../../../arm-none-eabi/lib/armv7e-m/libg.a(lib_a-mallocr.o)
                0x0000000020002104                __malloc_current_mallinfo
                0x000000002000212c                . = ALIGN (0x4)
 *(COMMON)
                0x000000002000212c                . = ALIGN (0x4)
                0x000000002000212c                PROVIDE (_bss_end, .)
                [!provide]                        PROVIDE (end, .)
                0x000000002000212c                _end = .
                0x000000002000212c                __heap_base__ = _end
                0x000000002001c000                __heap_end__ = __ram_end__
LOAD /usr/lib/gcc/arm-none-eabi/4.9.3/../../../arm-none-eabi/lib/armv7e-m/libm.a
START GROUP
LOAD /usr/lib/gcc/arm-none-eabi/4.9.3/armv7e-m/libgcc.a
LOAD /usr/lib/gcc/arm-none-eabi/4.9.3/../../../arm-none-eabi/lib/armv7e-m/libg.a
LOAD /usr/lib/gcc/arm-none-eabi/4.9.3/../../../arm-none-eabi/lib/armv7e-m/libc.a
END GROUP
OUTPUT(build/ch.elf elf32-littlearm)

.debug_info     0x0000000000000000    0x26120
 .debug_info    0x0000000000000000      0x2b3 build/obj/crt0.o
 .debug_info    0x00000000000002b3      0x1cd build/obj/vectors.o
 .debug_info    0x0000000000000480       0x92 build/obj/chcore.o
 .debug_info    0x0000000000000512      0x8ba build/obj/chcore_v7m.o
 .debug_info    0x0000000000000dcc      0x406 build/obj/nvic.o
 .debug_info    0x00000000000011d2      0x8ac build/obj/chsys.o
 .debug_info    0x0000000000001a7e      0x94a build/obj/chdebug.o
 .debug_info    0x00000000000023c8      0x277 build/obj/chvt.o
 .debug_info    0x000000000000263f      0xaf3 build/obj/chschd.o
 .debug_info    0x0000000000003132      0xdfd build/obj/chthreads.o
 .debug_info    0x0000000000003f2f      0x6bb build/obj/chregistry.o
 .debug_info    0x00000000000045ea      0xb60 build/obj/chmtx.o
 .debug_info    0x000000000000514a      0xff7 build/obj/chevents.o
 .debug_info    0x0000000000006141      0xcdc build/obj/chqueues.o
 .debug_info    0x0000000000006e1d      0x226 build/obj/chmemcore.o
 .debug_info    0x0000000000007043      0x75e build/obj/chheap.o
 .debug_info    0x00000000000077a1      0x3d5 build/obj/hal.o
 .debug_info    0x0000000000007b76      0xfc8 build/obj/adc.o
 .debug_info    0x0000000000008b3e     0x10da build/obj/serial.o
 .debug_info    0x0000000000009c18     0x1f23 build/obj/serial_usb.o
 .debug_info    0x000000000000bb3b      0x2d9 build/obj/tm.o
 .debug_info    0x000000000000be14     0x21aa build/obj/usb.o
 .debug_info    0x000000000000dfbe      0xbfc build/obj/stm32_dma.o
 .debug_info    0x000000000000ebba      0x491 build/obj/hal_lld.o
 .debug_info    0x000000000000f04b     0x1167 build/obj/adc_lld.o
 .debug_info    0x00000000000101b2      0x6fc build/obj/pal_lld.o
 .debug_info    0x00000000000108ae     0x28fc build/obj/usb_lld.o
 .debug_info    0x00000000000131aa      0xfe1 build/obj/serial_lld.o
 .debug_info    0x000000000001418b      0x1f4 build/obj/board.o
 .debug_info    0x000000000001437f      0xc42 build/obj/syscalls.o
 .debug_info    0x0000000000014fc1     0x16e6 build/obj/USB.o
 .debug_info    0x00000000000166a7     0x27b8 build/obj/main.o
 .debug_info    0x0000000000018e5f      0x9e0 /usr/lib/gcc/arm-none-eabi/4.9.3/../../../arm-none-eabi/lib/armv7e-m/libg.a(lib_a-callocr.o)
 .debug_info    0x000000000001983f      0x894 /usr/lib/gcc/arm-none-eabi/4.9.3/../../../arm-none-eabi/lib/armv7e-m/libg.a(lib_a-impure.o)
 .debug_info    0x000000000001a0d3      0x16d /usr/lib/gcc/arm-none-eabi/4.9.3/../../../arm-none-eabi/lib/armv7e-m/libg.a(lib_a-itoa.o)
 .debug_info    0x000000000001a240      0xd8b /usr/lib/gcc/arm-none-eabi/4.9.3/../../../arm-none-eabi/lib/armv7e-m/libg.a(lib_a-mallocr.o)
 .debug_info    0x000000000001afcb       0xce /usr/lib/gcc/arm-none-eabi/4.9.3/../../../arm-none-eabi/lib/armv7e-m/libg.a(lib_a-memcpy.o)
 .debug_info    0x000000000001b099      0x131 /usr/lib/gcc/arm-none-eabi/4.9.3/../../../arm-none-eabi/lib/armv7e-m/libg.a(lib_a-memmove.o)
 .debug_info    0x000000000001b1ca      0x117 /usr/lib/gcc/arm-none-eabi/4.9.3/../../../arm-none-eabi/lib/armv7e-m/libg.a(lib_a-memset.o)
 .debug_info    0x000000000001b2e1      0x8b4 /usr/lib/gcc/arm-none-eabi/4.9.3/../../../arm-none-eabi/lib/armv7e-m/libg.a(lib_a-mlock.o)
 .debug_info    0x000000000001bb95      0x9ee /usr/lib/gcc/arm-none-eabi/4.9.3/../../../arm-none-eabi/lib/armv7e-m/libg.a(lib_a-sprintf.o)
 .debug_info    0x000000000001c583       0xb5 /usr/lib/gcc/arm-none-eabi/4.9.3/../../../arm-none-eabi/lib/armv7e-m/libg.a(lib_a-strlen.o)
 .debug_info    0x000000000001c638      0x4f2 /usr/lib/gcc/arm-none-eabi/4.9.3/../../../arm-none-eabi/lib/armv7e-m/libg.a(lib_a-strstr.o)
 .debug_info    0x000000000001cb2a      0x9a7 /usr/lib/gcc/arm-none-eabi/4.9.3/../../../arm-none-eabi/lib/armv7e-m/libg.a(lib_a-strtol.o)
 .debug_info    0x000000000001d4d1     0x1663 /usr/lib/gcc/arm-none-eabi/4.9.3/../../../arm-none-eabi/lib/armv7e-m/libg.a(lib_a-svfprintf.o)
 .debug_info    0x000000000001eb34      0x182 /usr/lib/gcc/arm-none-eabi/4.9.3/../../../arm-none-eabi/lib/armv7e-m/libg.a(lib_a-utoa.o)
 .debug_info    0x000000000001ecb6       0x6f /usr/lib/gcc/arm-none-eabi/4.9.3/../../../arm-none-eabi/lib/armv7e-m/libg.a(lib_a-ctype_.o)
 .debug_info    0x000000000001ed25     0x1341 /usr/lib/gcc/arm-none-eabi/4.9.3/../../../arm-none-eabi/lib/armv7e-m/libg.a(lib_a-dtoa.o)
 .debug_info    0x0000000000020066      0xc1c /usr/lib/gcc/arm-none-eabi/4.9.3/../../../arm-none-eabi/lib/armv7e-m/libg.a(lib_a-freer.o)
 .debug_info    0x0000000000020c82      0xc24 /usr/lib/gcc/arm-none-eabi/4.9.3/../../../arm-none-eabi/lib/armv7e-m/libg.a(lib_a-locale.o)
 .debug_info    0x00000000000218a6      0x129 /usr/lib/gcc/arm-none-eabi/4.9.3/../../../arm-none-eabi/lib/armv7e-m/libg.a(lib_a-memchr.o)
 .debug_info    0x00000000000219cf      0x113 /usr/lib/gcc/arm-none-eabi/4.9.3/../../../arm-none-eabi/lib/armv7e-m/libg.a(lib_a-memcmp.o)
 .debug_info    0x0000000000021ae2     0x167c /usr/lib/gcc/arm-none-eabi/4.9.3/../../../arm-none-eabi/lib/armv7e-m/libg.a(lib_a-mprec.o)
 .debug_info    0x000000000002315e       0xd3 /usr/lib/gcc/arm-none-eabi/4.9.3/../../../arm-none-eabi/lib/armv7e-m/libg.a(lib_a-s_fpclassify.o)
 .debug_info    0x0000000000023231      0x116 /usr/lib/gcc/arm-none-eabi/4.9.3/../../../arm-none-eabi/lib/armv7e-m/libg.a(lib_a-strchr.o)
 .debug_info    0x0000000000023347     0x1025 /usr/lib/gcc/arm-none-eabi/4.9.3/../../../arm-none-eabi/lib/armv7e-m/libg.a(lib_a-svfiprintf.o)
 .debug_info    0x000000000002436c      0xcbc /usr/lib/gcc/arm-none-eabi/4.9.3/../../../arm-none-eabi/lib/armv7e-m/libg.a(lib_a-reallocr.o)
 .debug_info    0x0000000000025028       0xbb /usr/lib/gcc/arm-none-eabi/4.9.3/armv7e-m/libgcc.a(_arm_addsubdf3.o)
 .debug_info    0x00000000000250e3       0xbb /usr/lib/gcc/arm-none-eabi/4.9.3/armv7e-m/libgcc.a(_arm_muldivdf3.o)
 .debug_info    0x000000000002519e       0xbb /usr/lib/gcc/arm-none-eabi/4.9.3/armv7e-m/libgcc.a(_arm_cmpdf2.o)
 .debug_info    0x0000000000025259       0xbb /usr/lib/gcc/arm-none-eabi/4.9.3/armv7e-m/libgcc.a(_arm_fixdfsi.o)
 .debug_info    0x0000000000025314       0xb6 /usr/lib/gcc/arm-none-eabi/4.9.3/armv7e-m/libgcc.a(_aeabi_uldivmod.o)
 .debug_info    0x00000000000253ca      0x164 /usr/lib/gcc/arm-none-eabi/4.9.3/armv7e-m/libgcc.a(bpabi.o)
 .debug_info    0x000000000002552e       0xba /usr/lib/gcc/arm-none-eabi/4.9.3/armv7e-m/libgcc.a(_dvmd_tls.o)
 .debug_info    0x00000000000255e8      0x5bc /usr/lib/gcc/arm-none-eabi/4.9.3/armv7e-m/libgcc.a(_divdi3.o)
 .debug_info    0x0000000000025ba4      0x57c /usr/lib/gcc/arm-none-eabi/4.9.3/armv7e-m/libgcc.a(_udivdi3.o)

.debug_abbrev   0x0000000000000000     0x77b0
 .debug_abbrev  0x0000000000000000       0xfd build/obj/crt0.o
 .debug_abbrev  0x00000000000000fd       0xaf build/obj/vectors.o
 .debug_abbrev  0x00000000000001ac       0x42 build/obj/chcore.o
 .debug_abbrev  0x00000000000001ee      0x216 build/obj/chcore_v7m.o
 .debug_abbrev  0x0000000000000404      0x10e build/obj/nvic.o
 .debug_abbrev  0x0000000000000512      0x1f2 build/obj/chsys.o
 .debug_abbrev  0x0000000000000704      0x21b build/obj/chdebug.o
 .debug_abbrev  0x000000000000091f      0x151 build/obj/chvt.o
 .debug_abbrev  0x0000000000000a70      0x31b build/obj/chschd.o
 .debug_abbrev  0x0000000000000d8b      0x375 build/obj/chthreads.o
 .debug_abbrev  0x0000000000001100      0x1ba build/obj/chregistry.o
 .debug_abbrev  0x00000000000012ba      0x2f8 build/obj/chmtx.o
 .debug_abbrev  0x00000000000015b2      0x2cc build/obj/chevents.o
 .debug_abbrev  0x000000000000187e      0x35d build/obj/chqueues.o
 .debug_abbrev  0x0000000000001bdb      0x13b build/obj/chmemcore.o
 .debug_abbrev  0x0000000000001d16      0x1f2 build/obj/chheap.o
 .debug_abbrev  0x0000000000001f08      0x1ca build/obj/hal.o
 .debug_abbrev  0x00000000000020d2      0x2ce build/obj/adc.o
 .debug_abbrev  0x00000000000023a0      0x2c0 build/obj/serial.o
 .debug_abbrev  0x0000000000002660      0x3e1 build/obj/serial_usb.o
 .debug_abbrev  0x0000000000002a41      0x19a build/obj/tm.o
 .debug_abbrev  0x0000000000002bdb      0x43a build/obj/usb.o
 .debug_abbrev  0x0000000000003015      0x250 build/obj/stm32_dma.o
 .debug_abbrev  0x0000000000003265      0x12b build/obj/hal_lld.o
 .debug_abbrev  0x0000000000003390      0x323 build/obj/adc_lld.o
 .debug_abbrev  0x00000000000036b3      0x1aa build/obj/pal_lld.o
 .debug_abbrev  0x000000000000385d      0x50b build/obj/usb_lld.o
 .debug_abbrev  0x0000000000003d68      0x32a build/obj/serial_lld.o
 .debug_abbrev  0x0000000000004092       0xe3 build/obj/board.o
 .debug_abbrev  0x0000000000004175      0x228 build/obj/syscalls.o
 .debug_abbrev  0x000000000000439d      0x322 build/obj/USB.o
 .debug_abbrev  0x00000000000046bf      0x512 build/obj/main.o
 .debug_abbrev  0x0000000000004bd1      0x213 /usr/lib/gcc/arm-none-eabi/4.9.3/../../../arm-none-eabi/lib/armv7e-m/libg.a(lib_a-callocr.o)
 .debug_abbrev  0x0000000000004de4      0x180 /usr/lib/gcc/arm-none-eabi/4.9.3/../../../arm-none-eabi/lib/armv7e-m/libg.a(lib_a-impure.o)
 .debug_abbrev  0x0000000000004f64       0xca /usr/lib/gcc/arm-none-eabi/4.9.3/../../../arm-none-eabi/lib/armv7e-m/libg.a(lib_a-itoa.o)
 .debug_abbrev  0x000000000000502e      0x2ad /usr/lib/gcc/arm-none-eabi/4.9.3/../../../arm-none-eabi/lib/armv7e-m/libg.a(lib_a-mallocr.o)
 .debug_abbrev  0x00000000000052db       0x14 /usr/lib/gcc/arm-none-eabi/4.9.3/../../../arm-none-eabi/lib/armv7e-m/libg.a(lib_a-memcpy.o)
 .debug_abbrev  0x00000000000052ef       0xab /usr/lib/gcc/arm-none-eabi/4.9.3/../../../arm-none-eabi/lib/armv7e-m/libg.a(lib_a-memmove.o)
 .debug_abbrev  0x000000000000539a       0x9f /usr/lib/gcc/arm-none-eabi/4.9.3/../../../arm-none-eabi/lib/armv7e-m/libg.a(lib_a-memset.o)
 .debug_abbrev  0x0000000000005439      0x19a /usr/lib/gcc/arm-none-eabi/4.9.3/../../../arm-none-eabi/lib/armv7e-m/libg.a(lib_a-mlock.o)
 .debug_abbrev  0x00000000000055d3      0x218 /usr/lib/gcc/arm-none-eabi/4.9.3/../../../arm-none-eabi/lib/armv7e-m/libg.a(lib_a-sprintf.o)
 .debug_abbrev  0x00000000000057eb       0x70 /usr/lib/gcc/arm-none-eabi/4.9.3/../../../arm-none-eabi/lib/armv7e-m/libg.a(lib_a-strlen.o)
 .debug_abbrev  0x000000000000585b      0x1fb /usr/lib/gcc/arm-none-eabi/4.9.3/../../../arm-none-eabi/lib/armv7e-m/libg.a(lib_a-strstr.o)
 .debug_abbrev  0x0000000000005a56      0x207 /usr/lib/gcc/arm-none-eabi/4.9.3/../../../arm-none-eabi/lib/armv7e-m/libg.a(lib_a-strtol.o)
 .debug_abbrev  0x0000000000005c5d      0x36f /usr/lib/gcc/arm-none-eabi/4.9.3/../../../arm-none-eabi/lib/armv7e-m/libg.a(lib_a-svfprintf.o)
 .debug_abbrev  0x0000000000005fcc       0xe7 /usr/lib/gcc/arm-none-eabi/4.9.3/../../../arm-none-eabi/lib/armv7e-m/libg.a(lib_a-utoa.o)
 .debug_abbrev  0x00000000000060b3       0x4e /usr/lib/gcc/arm-none-eabi/4.9.3/../../../arm-none-eabi/lib/armv7e-m/libg.a(lib_a-ctype_.o)
 .debug_abbrev  0x0000000000006101      0x2bc /usr/lib/gcc/arm-none-eabi/4.9.3/../../../arm-none-eabi/lib/armv7e-m/libg.a(lib_a-dtoa.o)
 .debug_abbrev  0x00000000000063bd      0x27b /usr/lib/gcc/arm-none-eabi/4.9.3/../../../arm-none-eabi/lib/armv7e-m/libg.a(lib_a-freer.o)
 .debug_abbrev  0x0000000000006638      0x2ac /usr/lib/gcc/arm-none-eabi/4.9.3/../../../arm-none-eabi/lib/armv7e-m/libg.a(lib_a-locale.o)
 .debug_abbrev  0x00000000000068e4       0xba /usr/lib/gcc/arm-none-eabi/4.9.3/../../../arm-none-eabi/lib/armv7e-m/libg.a(lib_a-memchr.o)
 .debug_abbrev  0x000000000000699e       0x7f /usr/lib/gcc/arm-none-eabi/4.9.3/../../../arm-none-eabi/lib/armv7e-m/libg.a(lib_a-memcmp.o)
 .debug_abbrev  0x0000000000006a1d      0x39d /usr/lib/gcc/arm-none-eabi/4.9.3/../../../arm-none-eabi/lib/armv7e-m/libg.a(lib_a-mprec.o)
 .debug_abbrev  0x0000000000006dba       0x6d /usr/lib/gcc/arm-none-eabi/4.9.3/../../../arm-none-eabi/lib/armv7e-m/libg.a(lib_a-s_fpclassify.o)
 .debug_abbrev  0x0000000000006e27       0x83 /usr/lib/gcc/arm-none-eabi/4.9.3/../../../arm-none-eabi/lib/armv7e-m/libg.a(lib_a-strchr.o)
 .debug_abbrev  0x0000000000006eaa      0x2ba /usr/lib/gcc/arm-none-eabi/4.9.3/../../../arm-none-eabi/lib/armv7e-m/libg.a(lib_a-svfiprintf.o)
 .debug_abbrev  0x0000000000007164      0x260 /usr/lib/gcc/arm-none-eabi/4.9.3/../../../arm-none-eabi/lib/armv7e-m/libg.a(lib_a-reallocr.o)
 .debug_abbrev  0x00000000000073c4       0x14 /usr/lib/gcc/arm-none-eabi/4.9.3/armv7e-m/libgcc.a(_arm_addsubdf3.o)
 .debug_abbrev  0x00000000000073d8       0x14 /usr/lib/gcc/arm-none-eabi/4.9.3/armv7e-m/libgcc.a(_arm_muldivdf3.o)
 .debug_abbrev  0x00000000000073ec       0x14 /usr/lib/gcc/arm-none-eabi/4.9.3/armv7e-m/libgcc.a(_arm_cmpdf2.o)
 .debug_abbrev  0x0000000000007400       0x14 /usr/lib/gcc/arm-none-eabi/4.9.3/armv7e-m/libgcc.a(_arm_fixdfsi.o)
 .debug_abbrev  0x0000000000007414       0x14 /usr/lib/gcc/arm-none-eabi/4.9.3/armv7e-m/libgcc.a(_aeabi_uldivmod.o)
 .debug_abbrev  0x0000000000007428       0xb7 /usr/lib/gcc/arm-none-eabi/4.9.3/armv7e-m/libgcc.a(bpabi.o)
 .debug_abbrev  0x00000000000074df       0x14 /usr/lib/gcc/arm-none-eabi/4.9.3/armv7e-m/libgcc.a(_dvmd_tls.o)
 .debug_abbrev  0x00000000000074f3      0x169 /usr/lib/gcc/arm-none-eabi/4.9.3/armv7e-m/libgcc.a(_divdi3.o)
 .debug_abbrev  0x000000000000765c      0x154 /usr/lib/gcc/arm-none-eabi/4.9.3/armv7e-m/libgcc.a(_udivdi3.o)

.debug_loc      0x0000000000000000    0x13ade
 .debug_loc     0x0000000000000000       0xba build/obj/crt0.o
 .debug_loc     0x00000000000000ba       0x5a build/obj/chcore_v7m.o
 .debug_loc     0x0000000000000114      0x158 build/obj/nvic.o
 .debug_loc     0x000000000000026c       0x26 build/obj/chsys.o
 .debug_loc     0x0000000000000292       0xc9 build/obj/chdebug.o
 .debug_loc     0x000000000000035b       0xb4 build/obj/chvt.o
 .debug_loc     0x000000000000040f      0x2a4 build/obj/chschd.o
 .debug_loc     0x00000000000006b3      0x46f build/obj/chthreads.o
 .debug_loc     0x0000000000000b22       0x5b build/obj/chregistry.o
 .debug_loc     0x0000000000000b7d      0x371 build/obj/chmtx.o
 .debug_loc     0x0000000000000eee      0x6d8 build/obj/chevents.o
 .debug_loc     0x00000000000015c6      0x6de build/obj/chqueues.o
 .debug_loc     0x0000000000001ca4       0xb8 build/obj/chmemcore.o
 .debug_loc     0x0000000000001d5c      0x3e2 build/obj/chheap.o
 .debug_loc     0x000000000000213e       0x87 build/obj/hal.o
 .debug_loc     0x00000000000021c5      0x450 build/obj/adc.o
 .debug_loc     0x0000000000002615      0x4ff build/obj/serial.o
 .debug_loc     0x0000000000002b14      0x733 build/obj/serial_usb.o
 .debug_loc     0x0000000000003247       0x58 build/obj/tm.o
 .debug_loc     0x000000000000329f      0xbf3 build/obj/usb.o
 .debug_loc     0x0000000000003e92      0x277 build/obj/stm32_dma.o
 .debug_loc     0x0000000000004109      0x2bf build/obj/adc_lld.o
 .debug_loc     0x00000000000043c8      0x129 build/obj/pal_lld.o
 .debug_loc     0x00000000000044f1      0xe9f build/obj/usb_lld.o
 .debug_loc     0x0000000000005390      0x247 build/obj/serial_lld.o
 .debug_loc     0x00000000000055d7      0x1ac build/obj/syscalls.o
 .debug_loc     0x0000000000005783       0xfb build/obj/USB.o
 .debug_loc     0x000000000000587e      0x69a build/obj/main.o
 .debug_loc     0x0000000000005f18      0x231 /usr/lib/gcc/arm-none-eabi/4.9.3/../../../arm-none-eabi/lib/armv7e-m/libg.a(lib_a-callocr.o)
 .debug_loc     0x0000000000006149      0x161 /usr/lib/gcc/arm-none-eabi/4.9.3/../../../arm-none-eabi/lib/armv7e-m/libg.a(lib_a-itoa.o)
 .debug_loc     0x00000000000062aa      0xdc4 /usr/lib/gcc/arm-none-eabi/4.9.3/../../../arm-none-eabi/lib/armv7e-m/libg.a(lib_a-mallocr.o)
 .debug_loc     0x000000000000706e      0x2d7 /usr/lib/gcc/arm-none-eabi/4.9.3/../../../arm-none-eabi/lib/armv7e-m/libg.a(lib_a-memmove.o)
 .debug_loc     0x0000000000007345      0x1ae /usr/lib/gcc/arm-none-eabi/4.9.3/../../../arm-none-eabi/lib/armv7e-m/libg.a(lib_a-memset.o)
 .debug_loc     0x00000000000074f3       0x79 /usr/lib/gcc/arm-none-eabi/4.9.3/../../../arm-none-eabi/lib/armv7e-m/libg.a(lib_a-sprintf.o)
 .debug_loc     0x000000000000756c       0x21 /usr/lib/gcc/arm-none-eabi/4.9.3/../../../arm-none-eabi/lib/armv7e-m/libg.a(lib_a-strlen.o)
 .debug_loc     0x000000000000758d      0xb17 /usr/lib/gcc/arm-none-eabi/4.9.3/../../../arm-none-eabi/lib/armv7e-m/libg.a(lib_a-strstr.o)
 .debug_loc     0x00000000000080a4      0x33f /usr/lib/gcc/arm-none-eabi/4.9.3/../../../arm-none-eabi/lib/armv7e-m/libg.a(lib_a-strtol.o)
 .debug_loc     0x00000000000083e3     0x25f9 /usr/lib/gcc/arm-none-eabi/4.9.3/../../../arm-none-eabi/lib/armv7e-m/libg.a(lib_a-svfprintf.o)
 .debug_loc     0x000000000000a9dc      0x1b4 /usr/lib/gcc/arm-none-eabi/4.9.3/../../../arm-none-eabi/lib/armv7e-m/libg.a(lib_a-utoa.o)
 .debug_loc     0x000000000000ab90     0x28e6 /usr/lib/gcc/arm-none-eabi/4.9.3/../../../arm-none-eabi/lib/armv7e-m/libg.a(lib_a-dtoa.o)
 .debug_loc     0x000000000000d476      0x4fd /usr/lib/gcc/arm-none-eabi/4.9.3/../../../arm-none-eabi/lib/armv7e-m/libg.a(lib_a-freer.o)
 .debug_loc     0x000000000000d973      0x131 /usr/lib/gcc/arm-none-eabi/4.9.3/../../../arm-none-eabi/lib/armv7e-m/libg.a(lib_a-locale.o)
 .debug_loc     0x000000000000daa4      0x180 /usr/lib/gcc/arm-none-eabi/4.9.3/../../../arm-none-eabi/lib/armv7e-m/libg.a(lib_a-memchr.o)
 .debug_loc     0x000000000000dc24      0x14e /usr/lib/gcc/arm-none-eabi/4.9.3/../../../arm-none-eabi/lib/armv7e-m/libg.a(lib_a-memcmp.o)
 .debug_loc     0x000000000000dd72     0x1ca6 /usr/lib/gcc/arm-none-eabi/4.9.3/../../../arm-none-eabi/lib/armv7e-m/libg.a(lib_a-mprec.o)
 .debug_loc     0x000000000000fa18       0xa8 /usr/lib/gcc/arm-none-eabi/4.9.3/../../../arm-none-eabi/lib/armv7e-m/libg.a(lib_a-s_fpclassify.o)
 .debug_loc     0x000000000000fac0      0x1c2 /usr/lib/gcc/arm-none-eabi/4.9.3/../../../arm-none-eabi/lib/armv7e-m/libg.a(lib_a-strchr.o)
 .debug_loc     0x000000000000fc82     0x1065 /usr/lib/gcc/arm-none-eabi/4.9.3/../../../arm-none-eabi/lib/armv7e-m/libg.a(lib_a-svfiprintf.o)
 .debug_loc     0x0000000000010ce7     0x1218 /usr/lib/gcc/arm-none-eabi/4.9.3/../../../arm-none-eabi/lib/armv7e-m/libg.a(lib_a-reallocr.o)
 .debug_loc     0x0000000000011eff       0xa0 /usr/lib/gcc/arm-none-eabi/4.9.3/armv7e-m/libgcc.a(bpabi.o)
 .debug_loc     0x0000000000011f9f      0xdef /usr/lib/gcc/arm-none-eabi/4.9.3/armv7e-m/libgcc.a(_divdi3.o)
 .debug_loc     0x0000000000012d8e      0xd50 /usr/lib/gcc/arm-none-eabi/4.9.3/armv7e-m/libgcc.a(_udivdi3.o)

.debug_aranges  0x0000000000000000     0x1088
 .debug_aranges
                0x0000000000000000       0x38 build/obj/crt0.o
 .debug_aranges
                0x0000000000000038       0x20 build/obj/vectors.o
 .debug_aranges
                0x0000000000000058       0x20 build/obj/chcore.o
 .debug_aranges
                0x0000000000000078       0x50 build/obj/chcore_v7m.o
 .debug_aranges
                0x00000000000000c8       0x30 build/obj/nvic.o
 .debug_aranges
                0x00000000000000f8       0x30 build/obj/chsys.o
 .debug_aranges
                0x0000000000000128       0x88 build/obj/chdebug.o
 .debug_aranges
                0x00000000000001b0       0x30 build/obj/chvt.o
 .debug_aranges
                0x00000000000001e0       0x68 build/obj/chschd.o
 .debug_aranges
                0x0000000000000248       0x80 build/obj/chthreads.o
 .debug_aranges
                0x00000000000002c8       0x28 build/obj/chregistry.o
 .debug_aranges
                0x00000000000002f0       0x58 build/obj/chmtx.o
 .debug_aranges
                0x0000000000000348       0xa0 build/obj/chevents.o
 .debug_aranges
                0x00000000000003e8       0x70 build/obj/chqueues.o
 .debug_aranges
                0x0000000000000458       0x38 build/obj/chmemcore.o
 .debug_aranges
                0x0000000000000490       0x40 build/obj/chheap.o
 .debug_aranges
                0x00000000000004d0       0x30 build/obj/hal.o
 .debug_aranges
                0x0000000000000500       0x70 build/obj/adc.o
 .debug_aranges
                0x0000000000000570       0x88 build/obj/serial.o
 .debug_aranges
                0x00000000000005f8       0xb0 build/obj/serial_usb.o
 .debug_aranges
                0x00000000000006a8       0x38 build/obj/tm.o
 .debug_aranges
                0x00000000000006e0       0xa8 build/obj/usb.o
 .debug_aranges
                0x0000000000000788       0xb0 build/obj/stm32_dma.o
 .debug_aranges
                0x0000000000000838       0x28 build/obj/hal_lld.o
 .debug_aranges
                0x0000000000000860       0x70 build/obj/adc_lld.o
 .debug_aranges
                0x00000000000008d0       0x28 build/obj/pal_lld.o
 .debug_aranges
                0x00000000000008f8       0xd0 build/obj/usb_lld.o
 .debug_aranges
                0x00000000000009c8       0x40 build/obj/serial_lld.o
 .debug_aranges
                0x0000000000000a08       0x28 build/obj/board.o
 .debug_aranges
                0x0000000000000a30       0x50 build/obj/syscalls.o
 .debug_aranges
                0x0000000000000a80       0x38 build/obj/USB.o
 .debug_aranges
                0x0000000000000ab8       0x88 build/obj/main.o
 .debug_aranges
                0x0000000000000b40       0x20 /usr/lib/gcc/arm-none-eabi/4.9.3/../../../arm-none-eabi/lib/armv7e-m/libg.a(lib_a-callocr.o)
 .debug_aranges
                0x0000000000000b60       0x18 /usr/lib/gcc/arm-none-eabi/4.9.3/../../../arm-none-eabi/lib/armv7e-m/libg.a(lib_a-impure.o)
 .debug_aranges