Archive member included to satisfy reference by file (symbol)

c:/chibistudio/tools/gnu tools arm embedded/7.0 2017q4/bin/../lib/gcc/arm-none-eabi/7.2.1/../../../../arm-none-eabi/lib/thumb/v7e-m\libg.a(lib_a-atoi.o)
                              ./build/stm32f407_discovery/obj/readThread.o (symbol from plugin) (atoi)
c:/chibistudio/tools/gnu tools arm embedded/7.0 2017q4/bin/../lib/gcc/arm-none-eabi/7.2.1/../../../../arm-none-eabi/lib/thumb/v7e-m\libg.a(lib_a-strtok.o)
                              ./build/stm32f407_discovery/obj/readThread.o (symbol from plugin) (strtok)
c:/chibistudio/tools/gnu tools arm embedded/7.0 2017q4/bin/../lib/gcc/arm-none-eabi/7.2.1/../../../../arm-none-eabi/lib/thumb/v7e-m\libg.a(lib_a-strtok_r.o)
                              c:/chibistudio/tools/gnu tools arm embedded/7.0 2017q4/bin/../lib/gcc/arm-none-eabi/7.2.1/../../../../arm-none-eabi/lib/thumb/v7e-m\libg.a(lib_a-strtok.o) (__strtok_r)
c:/chibistudio/tools/gnu tools arm embedded/7.0 2017q4/bin/../lib/gcc/arm-none-eabi/7.2.1/../../../../arm-none-eabi/lib/thumb/v7e-m\libg.a(lib_a-strtol.o)
                              c:/chibistudio/tools/gnu tools arm embedded/7.0 2017q4/bin/../lib/gcc/arm-none-eabi/7.2.1/../../../../arm-none-eabi/lib/thumb/v7e-m\libg.a(lib_a-atoi.o) (_strtol_r)
c:/chibistudio/tools/gnu tools arm embedded/7.0 2017q4/bin/../lib/gcc/arm-none-eabi/7.2.1/../../../../arm-none-eabi/lib/thumb/v7e-m\libg.a(lib_a-impure.o)
                              c:/chibistudio/tools/gnu tools arm embedded/7.0 2017q4/bin/../lib/gcc/arm-none-eabi/7.2.1/../../../../arm-none-eabi/lib/thumb/v7e-m\libg.a(lib_a-strtok.o) (_impure_ptr)
c:/chibistudio/tools/gnu tools arm embedded/7.0 2017q4/bin/../lib/gcc/arm-none-eabi/7.2.1/../../../../arm-none-eabi/lib/thumb/v7e-m\libg.a(lib_a-locale.o)
                              c:/chibistudio/tools/gnu tools arm embedded/7.0 2017q4/bin/../lib/gcc/arm-none-eabi/7.2.1/../../../../arm-none-eabi/lib/thumb/v7e-m\libg.a(lib_a-strtol.o) (__locale_ctype_ptr_l)
c:/chibistudio/tools/gnu tools arm embedded/7.0 2017q4/bin/../lib/gcc/arm-none-eabi/7.2.1/../../../../arm-none-eabi/lib/thumb/v7e-m\libg.a(lib_a-mbtowc_r.o)
                              c:/chibistudio/tools/gnu tools arm embedded/7.0 2017q4/bin/../lib/gcc/arm-none-eabi/7.2.1/../../../../arm-none-eabi/lib/thumb/v7e-m\libg.a(lib_a-locale.o) (__ascii_mbtowc)
c:/chibistudio/tools/gnu tools arm embedded/7.0 2017q4/bin/../lib/gcc/arm-none-eabi/7.2.1/../../../../arm-none-eabi/lib/thumb/v7e-m\libg.a(lib_a-strcmp.o)
                              c:/chibistudio/tools/gnu tools arm embedded/7.0 2017q4/bin/../lib/gcc/arm-none-eabi/7.2.1/../../../../arm-none-eabi/lib/thumb/v7e-m\libg.a(lib_a-locale.o) (strcmp)
c:/chibistudio/tools/gnu tools arm embedded/7.0 2017q4/bin/../lib/gcc/arm-none-eabi/7.2.1/../../../../arm-none-eabi/lib/thumb/v7e-m\libg.a(lib_a-wctomb_r.o)
                              c:/chibistudio/tools/gnu tools arm embedded/7.0 2017q4/bin/../lib/gcc/arm-none-eabi/7.2.1/../../../../arm-none-eabi/lib/thumb/v7e-m\libg.a(lib_a-locale.o) (__ascii_wctomb)
c:/chibistudio/tools/gnu tools arm embedded/7.0 2017q4/bin/../lib/gcc/arm-none-eabi/7.2.1/../../../../arm-none-eabi/lib/thumb/v7e-m\libg.a(lib_a-ctype_.o)
                              c:/chibistudio/tools/gnu tools arm embedded/7.0 2017q4/bin/../lib/gcc/arm-none-eabi/7.2.1/../../../../arm-none-eabi/lib/thumb/v7e-m\libg.a(lib_a-locale.o) (_ctype_)
c:/chibistudio/tools/gnu tools arm embedded/7.0 2017q4/bin/../lib/gcc/arm-none-eabi/7.2.1/../../../../arm-none-eabi/lib/thumb/v7e-m\libg.a(lib_a-memcpy.o)
                              C:\Users\mvshv\AppData\Local\Temp\ccWdQC2T.ltrans0.ltrans.o (memcpy)
c:/chibistudio/tools/gnu tools arm embedded/7.0 2017q4/bin/../lib/gcc/arm-none-eabi/7.2.1/../../../../arm-none-eabi/lib/thumb/v7e-m\libg.a(lib_a-memset.o)
                              C:\Users\mvshv\AppData\Local\Temp\ccWdQC2T.ltrans0.ltrans.o (memset)
c:/chibistudio/tools/gnu tools arm embedded/7.0 2017q4/bin/../lib/gcc/arm-none-eabi/7.2.1/../../../../arm-none-eabi/lib/thumb/v7e-m\libg.a(lib_a-sprintf.o)
                              C:\Users\mvshv\AppData\Local\Temp\ccWdQC2T.ltrans0.ltrans.o (sprintf)
c:/chibistudio/tools/gnu tools arm embedded/7.0 2017q4/bin/../lib/gcc/arm-none-eabi/7.2.1/../../../../arm-none-eabi/lib/thumb/v7e-m\libg.a(lib_a-strstr.o)
                              C:\Users\mvshv\AppData\Local\Temp\ccWdQC2T.ltrans0.ltrans.o (strstr)
c:/chibistudio/tools/gnu tools arm embedded/7.0 2017q4/bin/../lib/gcc/arm-none-eabi/7.2.1/../../../../arm-none-eabi/lib/thumb/v7e-m\libg.a(lib_a-svfprintf.o)
                              c:/chibistudio/tools/gnu tools arm embedded/7.0 2017q4/bin/../lib/gcc/arm-none-eabi/7.2.1/../../../../arm-none-eabi/lib/thumb/v7e-m\libg.a(lib_a-sprintf.o) (_svfprintf_r)
c:/chibistudio/tools/gnu tools arm embedded/7.0 2017q4/bin/../lib/gcc/arm-none-eabi/7.2.1/../../../../arm-none-eabi/lib/thumb/v7e-m\libg.a(lib_a-dtoa.o)
[...]
Memory Configuration

Name             Origin             Length             Attributes
flash0           0x08000000         0x00100000
flash1           0x00000000         0x00000000
flash2           0x00000000         0x00000000
flash3           0x00000000         0x00000000
flash4           0x00000000         0x00000000
flash5           0x00000000         0x00000000
flash6           0x00000000         0x00000000
flash7           0x00000000         0x00000000
ram0             0x20000000         0x00020000
ram1             0x20000000         0x0001c000
ram2             0x2001c000         0x00004000
ram3             0x00000000         0x00000000
ram4             0x10000000         0x00010000
ram5             0x40024000         0x00001000
ram6             0x00000000         0x00000000
ram7             0x00000000         0x00000000
*default*        0x00000000         0xffffffff

Linker script and memory map

LOAD ./build/stm32f407_discovery/obj/crt0_v7m.o
LOAD ./build/stm32f407_discovery/obj/vectors.o
LOAD ./build/stm32f407_discovery/obj/chcoreasm_v7m.o
LOAD C:\Users\mvshv\AppData\Local\Temp\ccWdQC2T.ltrans0.ltrans.o

.mstack         0x20000000      0x400
                0x20000000                . = ALIGN (0x8)
                0x20000000                __main_stack_base__ = .
                0x20000400                . = (. + __main_stack_size__)
 *fill*         0x20000000      0x400 
                0x20000400                . = ALIGN (0x8)
                0x20000400                __main_stack_end__ = .

.pstack         0x20000400      0x400
                0x20000400                __process_stack_base__ = .
                0x20000400                __main_thread_stack_base__ = .
                0x20000800                . = (. + __process_stack_size__)
 *fill*         0x20000400      0x400 
                0x20000800                . = ALIGN (0x8)
                0x20000800                __process_stack_end__ = .
                0x20000800                __main_thread_stack_end__ = .

.vectors        0x08000000      0x1e0
 *(.vectors)
 .vectors       0x08000000      0x1e0 ./build/stm32f407_discovery/obj/vectors.o
                0x08000000                _vectors

.xtors          0x080001e0        0x0
                0x080001e0                __init_array_start = .
 *(SORT_BY_NAME(.init_array.*))
 *(.init_array)
                0x080001e0                __init_array_end = .
                0x080001e0                __fini_array_start = .
 *(.fini_array)
 *(SORT_BY_NAME(.fini_array.*))
                0x080001e0                __fini_array_end = .

.text           0x080001e0     0x9784
 *(.text)
 .text          0x080001e0       0xd8 ./build/stm32f407_discovery/obj/crt0_v7m.o
                0x080001e0                _crt0_entry
 .text          0x080002b8        0x8 ./build/stm32f407_discovery/obj/vectors.o
                0x080002b8                Reset_Handler
                0x080002ba                VectorE8
                0x080002ba                Vector9C
                0x080002ba                VectorAC
                0x080002ba                DebugMon_Handler
                0x080002ba                Vector1A0
                0x080002ba                Vector5C
                0x080002ba                Vector11C
                0x080002ba                HardFault_Handler
                0x080002ba                Vector1B8
                0x080002ba                Vector19C
                0x080002ba                Vector8C
                0x080002ba                SysTick_Handler
                0x080002ba                VectorDC
                0x080002ba                PendSV_Handler
                0x080002ba                Vector168
                0x080002ba                NMI_Handler
                0x080002ba                Vector110
                0x080002ba                Vector1D8
                0x080002ba                VectorC8
                0x080002ba                Vector94
                0x080002ba                VectorA8
                0x080002ba                Vector160
                0x080002ba                Vector1B0
                0x080002ba                UsageFault_Handler
                0x080002ba                VectorEC
                0x080002ba                Vector40
                0x080002ba                VectorF8
                0x080002ba                Vector108
                0x080002ba                VectorBC
                0x080002ba                Vector190
                0x080002ba                Vector1C4
                0x080002ba                Vector1CC
                0x080002ba                Vector148
                0x080002ba                Vector188
                0x080002ba                Vector198
                0x080002ba                Vector118
                0x080002ba                Vector64
                0x080002ba                Vector58
                0x080002ba                VectorCC
                0x080002ba                Vector54
                0x080002ba                Vector98
                0x080002ba                VectorD8
                0x080002ba                Vector138
                0x080002ba                Vector24
                0x080002ba                Vector1AC
                0x080002ba                Vector178
                0x080002ba                Vector1A4
                0x080002ba                VectorD0
                0x080002ba                Vector1B4
                0x080002ba                Vector140
                0x080002ba                VectorE4
                0x080002ba                VectorC0
                0x080002ba                Vector1C0
                0x080002ba                Vector134
                0x080002ba                Vector1D0
                0x080002ba                VectorF0
                0x080002ba                Vector13C
                0x080002ba                Vector100
                0x080002ba                VectorE0
                0x080002ba                VectorF4
                0x080002ba                MemManage_Handler
                0x080002ba                VectorA0
                0x080002ba                VectorC4
                0x080002ba                Vector180
                0x080002ba                Vector90
                0x080002ba                Vector114
                0x080002ba                Vector164
                0x080002ba                Vector60
                0x080002ba                Vector1C
                0x080002ba                Vector1BC
                0x080002ba                Vector1D4
                0x080002ba                Vector17C
                0x080002ba                Vector48
                0x080002ba                Vector1A8
                0x080002ba                Vector16C
                0x080002ba                VectorD4
                0x080002ba                Vector4C
                0x080002ba                Vector144
                0x080002ba                Vector15C
                0x080002ba                Vector68
                0x080002ba                Vector20
                0x080002ba                Vector170
                0x080002ba                Vector104
                0x080002ba                Vector184
                0x080002ba                Vector10C
                0x080002ba                BusFault_Handler
                0x080002ba                Vector50
                0x080002ba                Vector1C8
                0x080002ba                Vector194
                0x080002ba                Vector1DC
                0x080002ba                Vector44
                0x080002ba                Vector28
                0x080002ba                Vector34
                0x080002ba                VectorA4
                0x080002ba                Vector18C
                0x080002be                _unhandled_exception
 .text          0x080002c0       0x34 ./build/stm32f407_discovery/obj/chcoreasm_v7m.o
                0x080002c0                _port_switch
                0x080002d0                _port_thread_start
                0x080002e4                _port_switch_from_isr
                0x080002f0                _port_exit_from_isr
 .text          0x080002f4      0x134 c:/chibistudio/tools/gnu tools arm embedded/7.0 2017q4/bin/../lib/gcc/arm-none-eabi/7.2.1/../../../../arm-none-eabi/lib/thumb/v7e-m\libg.a(lib_a-memcpy.o)
                0x080002f4                memcpy
 *fill*         0x08000428        0x8 
 .text          0x08000430       0xa0 c:/chibistudio/tools/gnu tools arm embedded/7.0 2017q4/bin/../lib/gcc/arm-none-eabi/7.2.1/../../../../arm-none-eabi/lib/thumb/v7e-m\libg.a(lib_a-memchr.o)
                0x08000430                memchr
 *fill*         0x080004d0       0x30 
 .text          0x08000500       0xdc c:/chibistudio/tools/gnu tools arm embedded/7.0 2017q4/bin/../lib/gcc/arm-none-eabi/7.2.1/../../../../arm-none-eabi/lib/thumb/v7e-m\libg.a(lib_a-strlen.o)
                0x08000500                strlen
 .text          0x080005dc      0x378 c:/chibistudio/tools/gnu tools arm embedded/7.0 2017q4/bin/../lib/gcc/arm-none-eabi/7.2.1/thumb/v7e-m\libgcc.a(_arm_addsubdf3.o)
                0x080005dc                __aeabi_drsub
                0x080005e4                __aeabi_dsub
                0x080005e4                __subdf3
                0x080005e8                __aeabi_dadd
                0x080005e8                __adddf3
                0x08000860                __floatunsidf
                0x08000860                __aeabi_ui2d
                0x08000880                __floatsidf
                0x08000880                __aeabi_i2d
                0x080008a4                __aeabi_f2d
                0x080008a4                __extendsfdf2
                0x080008e8                __floatundidf
                0x080008e8                __aeabi_ul2d
                0x080008f8                __floatdidf
                0x080008f8                __aeabi_l2d
 .text          0x08000954      0x424 c:/chibistudio/tools/gnu tools arm embedded/7.0 2017q4/bin/../lib/gcc/arm-none-eabi/7.2.1/thumb/v7e-m\libgcc.a(_arm_muldivdf3.o)
                0x08000954                __aeabi_dmul
                0x08000954                __muldf3
                0x08000ba8                __divdf3
                0x08000ba8                __aeabi_ddiv
 .text          0x08000d78      0x110 c:/chibistudio/tools/gnu tools arm embedded/7.0 2017q4/bin/../lib/gcc/arm-none-eabi/7.2.1/thumb/v7e-m\libgcc.a(_arm_cmpdf2.o)
                0x08000d78                __gtdf2
                0x08000d78                __gedf2
                0x08000d80                __ltdf2
                0x08000d80                __ledf2
                0x08000d88                __nedf2
                0x08000d88                __eqdf2
                0x08000d88                __cmpdf2
                0x08000e04                __aeabi_cdrcmple
                0x08000e14                __aeabi_cdcmpeq
                0x08000e14                __aeabi_cdcmple
                0x08000e24                __aeabi_dcmpeq
                0x08000e38                __aeabi_dcmplt
                0x08000e4c                __aeabi_dcmple
                0x08000e60                __aeabi_dcmpge
                0x08000e74                __aeabi_dcmpgt
 .text          0x08000e88       0x2c c:/chibistudio/tools/gnu tools arm embedded/7.0 2017q4/bin/../lib/gcc/arm-none-eabi/7.2.1/thumb/v7e-m\libgcc.a(_arm_unorddf2.o)
                0x08000e88                __unorddf2
                0x08000e88                __aeabi_dcmpun
 .text          0x08000eb4       0x50 c:/chibistudio/tools/gnu tools arm embedded/7.0 2017q4/bin/../lib/gcc/arm-none-eabi/7.2.1/thumb/v7e-m\libgcc.a(_arm_fixdfsi.o)
                0x08000eb4                __aeabi_d2iz
                0x08000eb4                __fixdfsi
 .text          0x08000f04       0x30 c:/chibistudio/tools/gnu tools arm embedded/7.0 2017q4/bin/../lib/gcc/arm-none-eabi/7.2.1/thumb/v7e-m\libgcc.a(_aeabi_uldivmod.o)
                0x08000f04                __aeabi_uldivmod
 .text          0x08000f34      0x2cc c:/chibistudio/tools/gnu tools arm embedded/7.0 2017q4/bin/../lib/gcc/arm-none-eabi/7.2.1/thumb/v7e-m\libgcc.a(_udivmoddi4.o)
                0x08000f34                __udivmoddi4
 .text          0x08001200        0x4 c:/chibistudio/tools/gnu tools arm embedded/7.0 2017q4/bin/../lib/gcc/arm-none-eabi/7.2.1/thumb/v7e-m\libgcc.a(_dvmd_tls.o)
                0x08001200                __aeabi_idiv0
                0x08001200                __aeabi_ldiv0
 *(.text.*)
 *fill*         0x08001204        0xc 
 .text.chTMStartMeasurementX.constprop.3
                0x08001210        0xc C:\Users\mvshv\AppData\Local\Temp\ccWdQC2T.ltrans0.ltrans.o
 *fill*         0x0800121c        0x4 
 .text.get_descriptor
                0x08001220       0x30 C:\Users\mvshv\AppData\Local\Temp\ccWdQC2T.ltrans0.ltrans.o
 .text._port_irq_epilogue
                0x08001250       0x54 C:\Users\mvshv\AppData\Local\Temp\ccWdQC2T.ltrans0.ltrans.o
 *fill*         0x080012a4        0xc 
 .text.chTMStopMeasurementX
                0x080012b0       0x44 C:\Users\mvshv\AppData\Local\Temp\ccWdQC2T.ltrans0.ltrans.o
 *fill*         0x080012f4        0xc 
 .text.trace_next
                0x08001300       0x38 C:\Users\mvshv\AppData\Local\Temp\ccWdQC2T.ltrans0.ltrans.o
 *fill*         0x08001338        0x8 
 .text._trace_switch.part.0
                0x08001340       0x2c C:\Users\mvshv\AppData\Local\Temp\ccWdQC2T.ltrans0.ltrans.o
 *fill*         0x0800136c        0x4 
 .text._trace_isr_leave
                0x08001370       0x2c C:\Users\mvshv\AppData\Local\Temp\ccWdQC2T.ltrans0.ltrans.o
 *fill*         0x0800139c        0x4 
 .text._trace_isr_enter
                0x080013a0       0x2c C:\Users\mvshv\AppData\Local\Temp\ccWdQC2T.ltrans0.ltrans.o
 *fill*         0x080013cc        0x4 
 .text.chSysPolledDelayX
                0x080013d0       0x14 C:\Users\mvshv\AppData\Local\Temp\ccWdQC2T.ltrans0.ltrans.o
 *fill*         0x080013e4        0xc 
 .text.chSysHalt
                0x080013f0       0x24 C:\Users\mvshv\AppData\Local\Temp\ccWdQC2T.ltrans0.ltrans.o
 *fill*         0x08001414        0xc 
 .text.chDbgCheckClassS
                0x08001420       0x20 C:\Users\mvshv\AppData\Local\Temp\ccWdQC2T.ltrans0.ltrans.o
 .text.chDbgCheckClassI
                0x08001440       0x20 C:\Users\mvshv\AppData\Local\Temp\ccWdQC2T.ltrans0.ltrans.o
 .text.chCoreAllocAlignedWithOffsetI
                0x08001460       0x50 C:\Users\mvshv\AppData\Local\Temp\ccWdQC2T.ltrans0.ltrans.o
 .text.chCoreAllocAlignedI
                0x080014b0        0x8 C:\Users\mvshv\AppData\Local\Temp\ccWdQC2T.ltrans0.ltrans.o
 *fill*         0x080014b8        0x8 
 .text.chSchReadyI
                0x080014c0       0x44 C:\Users\mvshv\AppData\Local\Temp\ccWdQC2T.ltrans0.ltrans.o
 *fill*         0x08001504        0xc 
 .text.chThdDequeueAllI.constprop.34
                0x08001510       0x4c C:\Users\mvshv\AppData\Local\Temp\ccWdQC2T.ltrans0.ltrans.o
 *fill*         0x0800155c        0x4 
 .text.chEvtBroadcastFlagsI
                0x08001560       0x88 C:\Users\mvshv\AppData\Local\Temp\ccWdQC2T.ltrans0.ltrans.o
 *fill*         0x080015e8        0x8 
 .text.chThdResumeI
                0x080015f0       0x2c C:\Users\mvshv\AppData\Local\Temp\ccWdQC2T.ltrans0.ltrans.o
 *fill*         0x0800161c        0x4 
 .text._dbg_check_leave_isr
                0x08001620       0x2c C:\Users\mvshv\AppData\Local\Temp\ccWdQC2T.ltrans0.ltrans.o
 *fill*         0x0800164c        0x4 
 .text._dbg_check_enter_isr
                0x08001650       0x2c C:\Users\mvshv\AppData\Local\Temp\ccWdQC2T.ltrans0.ltrans.o
 *fill*         0x0800167c        0x4 
 .text._dbg_check_unlock_from_isr
                0x08001680       0x24 C:\Users\mvshv\AppData\Local\Temp\ccWdQC2T.ltrans0.ltrans.o
 *fill*         0x080016a4        0xc 
 .text._dbg_check_lock_from_isr
                0x080016b0       0x24 C:\Users\mvshv\AppData\Local\Temp\ccWdQC2T.ltrans0.ltrans.o
 *fill*         0x080016d4        0xc 
 .text.wakeup   0x080016e0       0x64 C:\Users\mvshv\AppData\Local\Temp\ccWdQC2T.ltrans0.ltrans.o
 *fill*         0x08001744        0xc 
 .text._idle_thread
                0x08001750        0x4 C:\Users\mvshv\AppData\Local\Temp\ccWdQC2T.ltrans0.ltrans.o
 *fill*         0x08001754        0xc 
 .text.pwm_lld_serve_interrupt
                0x08001760       0x5c C:\Users\mvshv\AppData\Local\Temp\ccWdQC2T.ltrans0.ltrans.o
 *fill*         0x080017bc        0x4 
 .text.pwm_lld_start
                0x080017c0      0x154 C:\Users\mvshv\AppData\Local\Temp\ccWdQC2T.ltrans0.ltrans.o
 *fill*         0x08001914        0xc 
 .text.usb_lld_start_in
                0x08001920       0xa8 C:\Users\mvshv\AppData\Local\Temp\ccWdQC2T.ltrans0.ltrans.o
 *fill*         0x080019c8        0x8 
 .text.usb_lld_start_out
                0x080019d0       0x80 C:\Users\mvshv\AppData\Local\Temp\ccWdQC2T.ltrans0.ltrans.o
 .text.otg_epout_handler
                0x08001a50       0x98 C:\Users\mvshv\AppData\Local\Temp\ccWdQC2T.ltrans0.ltrans.o
 *fill*         0x08001ae8        0x8 
 .text.otg_txfifo_handler
                0x08001af0       0xa4 C:\Users\mvshv\AppData\Local\Temp\ccWdQC2T.ltrans0.ltrans.o
 *fill*         0x08001b94        0xc 
 .text.otg_epin_handler
                0x08001ba0       0x9c C:\Users\mvshv\AppData\Local\Temp\ccWdQC2T.ltrans0.ltrans.o
 *fill*         0x08001c3c        0x4 
 .text.usb_lld_serve_interrupt
                0x08001c40      0x41c C:\Users\mvshv\AppData\Local\Temp\ccWdQC2T.ltrans0.ltrans.o
 *fill*         0x0800205c        0x4 
 .text._pal_lld_setgroupmode
                0x08002060       0xb0 C:\Users\mvshv\AppData\Local\Temp\ccWdQC2T.ltrans0.ltrans.o
 .text.adc_lld_stop_conversion
                0x08002110       0x34 C:\Users\mvshv\AppData\Local\Temp\ccWdQC2T.ltrans0.ltrans.o
 *fill*         0x08002144        0xc 
 .text.adc_lld_serve_rx_interrupt
                0x08002150       0xec C:\Users\mvshv\AppData\Local\Temp\ccWdQC2T.ltrans0.ltrans.o
 *fill*         0x0800223c        0x4 
 .text.usbStartTransmitI
                0x08002240       0x50 C:\Users\mvshv\AppData\Local\Temp\ccWdQC2T.ltrans0.ltrans.o
 .text._usb_ep0out
                0x08002290       0x88 C:\Users\mvshv\AppData\Local\Temp\ccWdQC2T.ltrans0.ltrans.o
 *fill*         0x08002318        0x8 
 .text.usbStartReceiveI
                0x08002320       0x50 C:\Users\mvshv\AppData\Local\Temp\ccWdQC2T.ltrans0.ltrans.o
 .text._usb_ep0in
                0x08002370       0xcc C:\Users\mvshv\AppData\Local\Temp\ccWdQC2T.ltrans0.ltrans.o
 *fill*         0x0800243c        0x4 
 .text.sduInterruptTransmitted
                0x08002440        0x4 C:\Users\mvshv\AppData\Local\Temp\ccWdQC2T.ltrans0.ltrans.o
 *fill*         0x08002444        0xc 
 .text.sduRequestsHook
                0x08002450       0x40 C:\Users\mvshv\AppData\Local\Temp\ccWdQC2T.ltrans0.ltrans.o
 .text._ctl     0x08002490       0x1c C:\Users\mvshv\AppData\Local\Temp\ccWdQC2T.ltrans0.ltrans.o
 *fill*         0x080024ac        0x4 
 .text.sdu_start_receive
                0x080024b0       0x50 C:\Users\mvshv\AppData\Local\Temp\ccWdQC2T.ltrans0.ltrans.o
 .text.ibnotify
                0x08002500        0x8 C:\Users\mvshv\AppData\Local\Temp\ccWdQC2T.ltrans0.ltrans.o
 *fill*         0x08002508        0x8 
 .text.sduDataReceived
                0x08002510       0xac C:\Users\mvshv\AppData\Local\Temp\ccWdQC2T.ltrans0.ltrans.o
 *fill*         0x080025bc        0x4 
 .text.obqPostFullBufferS
                0x080025c0       0x50 C:\Users\mvshv\AppData\Local\Temp\ccWdQC2T.ltrans0.ltrans.o
 .text.obqGetFullBufferI
                0x08002610       0x24 C:\Users\mvshv\AppData\Local\Temp\ccWdQC2T.ltrans0.ltrans.o
 *fill*         0x08002634        0xc 
 .text.obnotify
                0x08002640       0x48 C:\Users\mvshv\AppData\Local\Temp\ccWdQC2T.ltrans0.ltrans.o
 *fill*         0x08002688        0x8 
 .text.sof_handler
                0x08002690       0xa4 C:\Users\mvshv\AppData\Local\Temp\ccWdQC2T.ltrans0.ltrans.o
 *fill*         0x08002734        0xc 
 .text.sduDataTransmitted
                0x08002740       0xd8 C:\Users\mvshv\AppData\Local\Temp\ccWdQC2T.ltrans0.ltrans.o
 *fill*         0x08002818        0x8 
 .text.ibqReleaseEmptyBufferS
                0x08002820       0x40 C:\Users\mvshv\AppData\Local\Temp\ccWdQC2T.ltrans0.ltrans.o
 .text.stSetAlarm
                0x08002860       0x1c C:\Users\mvshv\AppData\Local\Temp\ccWdQC2T.ltrans0.ltrans.o
 *fill*         0x0800287c        0x4 
 .text.chSchWakeupS.constprop.8
                0x08002880       0x78 C:\Users\mvshv\AppData\Local\Temp\ccWdQC2T.ltrans0.ltrans.o
 *fill*         0x080028f8        0x8 
 .text.chSchGoSleepS
                0x08002900       0x54 C:\Users\mvshv\AppData\Local\Temp\ccWdQC2T.ltrans0.ltrans.o
 *fill*         0x08002954        0xc 
 .text.chSchGoSleepTimeoutS
                0x08002960      0x150 C:\Users\mvshv\AppData\Local\Temp\ccWdQC2T.ltrans0.ltrans.o
 .text.ibqGetFullBufferTimeoutS
                0x08002ab0       0x60 C:\Users\mvshv\AppData\Local\Temp\ccWdQC2T.ltrans0.ltrans.o
 .text.obqGetEmptyBufferTimeoutS
                0x08002b10       0x60 C:\Users\mvshv\AppData\Local\Temp\ccWdQC2T.ltrans0.ltrans.o
 .text.writeAnalog
                0x08002b70       0x2c C:\Users\mvshv\AppData\Local\Temp\ccWdQC2T.ltrans0.ltrans.o
 *fill*         0x08002b9c        0x4 
 .text.usbInitEndpointI
                0x08002ba0      0x1a8 C:\Users\mvshv\AppData\Local\Temp\ccWdQC2T.ltrans0.ltrans.o
 *fill*         0x08002d48        0x8 
 .text.usb_event
                0x08002d50       0xf0 C:\Users\mvshv\AppData\Local\Temp\ccWdQC2T.ltrans0.ltrans.o
 .text._usb_ep0setup
                0x08002e40      0x3cc C:\Users\mvshv\AppData\Local\Temp\ccWdQC2T.ltrans0.ltrans.o
 *fill*         0x0800320c        0x4 
 .text.SVC_Handler
                0x08003210       0x14 C:\Users\mvshv\AppData\Local\Temp\ccWdQC2T.ltrans0.ltrans.o
                0x08003210                SVC_Handler
 *fill*         0x08003224        0xc 
 .text.chSchDoRescheduleAhead
                0x08003230       0x80 C:\Users\mvshv\AppData\Local\Temp\ccWdQC2T.ltrans0.ltrans.o
                0x08003230                chSchDoReschedule
 .text._dbg_check_unlock
                0x080032b0       0x20 C:\Users\mvshv\AppData\Local\Temp\ccWdQC2T.ltrans0.ltrans.o
                0x080032b0                _dbg_check_unlock
 .text.chSysUnlock.lto_priv.44
                0x080032d0       0x30 C:\Users\mvshv\AppData\Local\Temp\ccWdQC2T.ltrans0.ltrans.o
 .text.chSysUnlock.lto_priv.41
                0x08003300       0x30 C:\Users\mvshv\AppData\Local\Temp\ccWdQC2T.ltrans0.ltrans.o
 .text._dbg_check_lock
                0x08003330       0x20 C:\Users\mvshv\AppData\Local\Temp\ccWdQC2T.ltrans0.ltrans.o
                0x08003330                _dbg_check_lock
 .text.chCoreAllocAlignedWithOffset
                0x08003350       0x4c C:\Users\mvshv\AppData\Local\Temp\ccWdQC2T.ltrans0.ltrans.o
 *fill*         0x0800339c        0x4 
 .text._sbrk_r  0x080033a0       0x28 C:\Users\mvshv\AppData\Local\Temp\ccWdQC2T.ltrans0.ltrans.o
                0x080033a0                _sbrk_r
 *fill*         0x080033c8        0x8 
 .text.adcSampleThread
                0x080033d0       0xf4 C:\Users\mvshv\AppData\Local\Temp\ccWdQC2T.ltrans0.ltrans.o
 *fill*         0x080034c4        0xc 
 .text.chRegFindThreadByWorkingArea
                0x080034d0      0x458 C:\Users\mvshv\AppData\Local\Temp\ccWdQC2T.ltrans0.ltrans.o
 *fill*         0x08003928        0x8 
 .text.chThdCreateStatic.constprop.2
                0x08003930       0xa0 C:\Users\mvshv\AppData\Local\Temp\ccWdQC2T.ltrans0.ltrans.o
 .text.chThdSleep
                0x080039d0       0x44 C:\Users\mvshv\AppData\Local\Temp\ccWdQC2T.ltrans0.ltrans.o
 *fill*         0x08003a14        0xc 
 .text.writeThrFunction
                0x08003a20      0x184 C:\Users\mvshv\AppData\Local\Temp\ccWdQC2T.ltrans0.ltrans.o
 *fill*         0x08003ba4        0xc 
 .text.usbThreadFunction
                0x08003bb0       0x48 C:\Users\mvshv\AppData\Local\Temp\ccWdQC2T.ltrans0.ltrans.o
 *fill*         0x08003bf8        0x8 
 .text.chThdExit
                0x08003c00       0x58 C:\Users\mvshv\AppData\Local\Temp\ccWdQC2T.ltrans0.ltrans.o
                0x08003c00                chThdExit
 *fill*         0x08003c58        0x8 
 .text.pwmEnableChannel
                0x08003c60       0x68 C:\Users\mvshv\AppData\Local\Temp\ccWdQC2T.ltrans0.ltrans.o
 *fill*         0x08003cc8        0x8 
 .text.startup.main
                0x08003cd0      0xa8c C:\Users\mvshv\AppData\Local\Temp\ccWdQC2T.ltrans0.ltrans.o
                0x08003cd0                main
 *fill*         0x0800475c        0x4 
 .text.readThrFunction
                0x08004760      0x384 C:\Users\mvshv\AppData\Local\Temp\ccWdQC2T.ltrans0.ltrans.o
 *fill*         0x08004ae4        0xc 
 .text.obqWriteTimeout
                0x08004af0      0x140 C:\Users\mvshv\AppData\Local\Temp\ccWdQC2T.ltrans0.ltrans.o
 .text._writet  0x08004c30        0x8 C:\Users\mvshv\AppData\Local\Temp\ccWdQC2T.ltrans0.ltrans.o
 *fill*         0x08004c38        0x8 
 .text._write   0x08004c40        0xc C:\Users\mvshv\AppData\Local\Temp\ccWdQC2T.ltrans0.ltrans.o
 *fill*         0x08004c4c        0x4 
 .text.obqPutTimeout
                0x08004c50       0x90 C:\Users\mvshv\AppData\Local\Temp\ccWdQC2T.ltrans0.ltrans.o
 .text._putt    0x08004ce0        0x8 C:\Users\mvshv\AppData\Local\Temp\ccWdQC2T.ltrans0.ltrans.o
 *fill*         0x08004ce8        0x8 
 .text._put     0x08004cf0        0xc C:\Users\mvshv\AppData\Local\Temp\ccWdQC2T.ltrans0.ltrans.o
 *fill*         0x08004cfc        0x4 
 .text.ibqReadTimeout
                0x08004d00      0x140 C:\Users\mvshv\AppData\Local\Temp\ccWdQC2T.ltrans0.ltrans.o
 .text._readt   0x08004e40        0x8 C:\Users\mvshv\AppData\Local\Temp\ccWdQC2T.ltrans0.ltrans.o
 *fill*         0x08004e48        0x8 
 .text._read    0x08004e50        0xc C:\Users\mvshv\AppData\Local\Temp\ccWdQC2T.ltrans0.ltrans.o
 *fill*         0x08004e5c        0x4 
 .text.ibqGetTimeout
                0x08004e60       0x84 C:\Users\mvshv\AppData\Local\Temp\ccWdQC2T.ltrans0.ltrans.o
 *fill*         0x08004ee4        0xc 
 .text._gett    0x08004ef0        0x8 C:\Users\mvshv\AppData\Local\Temp\ccWdQC2T.ltrans0.ltrans.o
 *fill*         0x08004ef8        0x8 
 .text._get     0x08004f00        0xc C:\Users\mvshv\AppData\Local\Temp\ccWdQC2T.ltrans0.ltrans.o
 *fill*         0x08004f0c        0x4 
 .text.__early_init
                0x08004f10      0x27c C:\Users\mvshv\AppData\Local\Temp\ccWdQC2T.ltrans0.ltrans.o
                0x08004f10                __early_init
 *fill*         0x0800518c        0x4 
 .text.VectorB8
                0x08005190       0x30 C:\Users\mvshv\AppData\Local\Temp\ccWdQC2T.ltrans0.ltrans.o
                0x08005190                VectorB8
 .text.VectorB4
                0x080051c0       0x30 C:\Users\mvshv\AppData\Local\Temp\ccWdQC2T.ltrans0.ltrans.o
                0x080051c0                VectorB4
 .text.VectorB0
                0x080051f0       0xe8 C:\Users\mvshv\AppData\Local\Temp\ccWdQC2T.ltrans0.ltrans.o
                0x080051f0                VectorB0
 *fill*         0x080052d8        0x8 
 .text.Vector174
                0x080052e0       0x30 C:\Users\mvshv\AppData\Local\Temp\ccWdQC2T.ltrans0.ltrans.o
                0x080052e0                Vector174
 .text.Vector14C
                0x08005310       0x30 C:\Users\mvshv\AppData\Local\Temp\ccWdQC2T.ltrans0.ltrans.o
                0x08005310                Vector14C
 .text.Vector158
                0x08005340       0x44 C:\Users\mvshv\AppData\Local\Temp\ccWdQC2T.ltrans0.ltrans.o
                0x08005340                Vector158
 *fill*         0x08005384        0xc 
 .text.Vector154
                0x08005390       0x44 C:\Users\mvshv\AppData\Local\Temp\ccWdQC2T.ltrans0.ltrans.o
                0x08005390                Vector154
 *fill*         0x080053d4        0xc 
 .text.Vector150
                0x080053e0       0x44 C:\Users\mvshv\AppData\Local\Temp\ccWdQC2T.ltrans0.ltrans.o
                0x080053e0                Vector150
 *fill*         0x08005424        0xc 
 .text.Vector130
                0x08005430       0x40 C:\Users\mvshv\AppData\Local\Temp\ccWdQC2T.ltrans0.ltrans.o
                0x08005430                Vector130
 .text.Vector12C
                0x08005470       0x44 C:\Users\mvshv\AppData\Local\Temp\ccWdQC2T.ltrans0.ltrans.o
                0x08005470                Vector12C
 *fill*         0x080054b4        0xc 
 .text.Vector128
                0x080054c0       0x44 C:\Users\mvshv\AppData\Local\Temp\ccWdQC2T.ltrans0.ltrans.o
                0x080054c0                Vector128
 *fill*         0x08005504        0xc 
 .text.Vector124
                0x08005510       0x44 C:\Users\mvshv\AppData\Local\Temp\ccWdQC2T.ltrans0.ltrans.o
                0x08005510                Vector124
 *fill*         0x08005554        0xc 
 .text.Vector120
                0x08005560       0x40 C:\Users\mvshv\AppData\Local\Temp\ccWdQC2T.ltrans0.ltrans.o
                0x08005560                Vector120
 .text.VectorFC
                0x080055a0       0x44 C:\Users\mvshv\AppData\Local\Temp\ccWdQC2T.ltrans0.ltrans.o
                0x080055a0                VectorFC
 *fill*         0x080055e4        0xc 
 .text.Vector84
                0x080055f0       0x44 C:\Users\mvshv\AppData\Local\Temp\ccWdQC2T.ltrans0.ltrans.o
                0x080055f0                Vector84
 *fill*         0x08005634        0xc 
 .text.Vector80
                0x08005640       0x44 C:\Users\mvshv\AppData\Local\Temp\ccWdQC2T.ltrans0.ltrans.o
                0x08005640                Vector80
 *fill*         0x08005684        0xc 
 .text.Vector7C
                0x08005690       0x40 C:\Users\mvshv\AppData\Local\Temp\ccWdQC2T.ltrans0.ltrans.o
                0x08005690                Vector7C
 .text.Vector78
                0x080056d0       0x44 C:\Users\mvshv\AppData\Local\Temp\ccWdQC2T.ltrans0.ltrans.o
                0x080056d0                Vector78
 *fill*         0x08005714        0xc 
 .text.Vector74
                0x08005720       0x44 C:\Users\mvshv\AppData\Local\Temp\ccWdQC2T.ltrans0.ltrans.o
                0x08005720                Vector74
 *fill*         0x08005764        0xc 
 .text.Vector70
                0x08005770       0x44 C:\Users\mvshv\AppData\Local\Temp\ccWdQC2T.ltrans0.ltrans.o
                0x08005770                Vector70
 *fill*         0x080057b4        0xc 
 .text.Vector6C
                0x080057c0       0x40 C:\Users\mvshv\AppData\Local\Temp\ccWdQC2T.ltrans0.ltrans.o
                0x080057c0                Vector6C
 .text.Vector88
                0x08005800       0x94 C:\Users\mvshv\AppData\Local\Temp\ccWdQC2T.ltrans0.ltrans.o
                0x08005800                Vector88
 *fill*         0x08005894        0xc 
 .text.__init_ram_areas
                0x080058a0       0x68 C:\Users\mvshv\AppData\Local\Temp\ccWdQC2T.ltrans0.ltrans.o
                0x080058a0                __init_ram_areas
 *fill*         0x08005908        0x8 
 .text.__default_exit
                0x08005910        0x4 C:\Users\mvshv\AppData\Local\Temp\ccWdQC2T.ltrans0.ltrans.o
                0x08005910                __default_exit
 *fill*         0x08005914        0xc 
 .text.__late_init
                0x08005920        0x4 C:\Users\mvshv\AppData\Local\Temp\ccWdQC2T.ltrans0.ltrans.o
                0x08005920                __late_init
 *fill*         0x08005924        0xc 
 .text.__core_init
                0x08005930        0x4 C:\Users\mvshv\AppData\Local\Temp\ccWdQC2T.ltrans0.ltrans.o
                0x08005930                __core_init
 .text.atoi     0x08005934        0x8 c:/chibistudio/tools/gnu tools arm embedded/7.0 2017q4/bin/../lib/gcc/arm-none-eabi/7.2.1/../../../../arm-none-eabi/lib/thumb/v7e-m\libg.a(lib_a-atoi.o)
                0x08005934                atoi
 .text.strtok   0x0800593c       0x10 c:/chibistudio/tools/gnu tools arm embedded/7.0 2017q4/bin/../lib/gcc/arm-none-eabi/7.2.1/../../../../arm-none-eabi/lib/thumb/v7e-m\libg.a(lib_a-strtok.o)
                0x0800593c                strtok
 .text.__strtok_r
                0x0800594c       0x64 c:/chibistudio/tools/gnu tools arm embedded/7.0 2017q4/bin/../lib/gcc/arm-none-eabi/7.2.1/../../../../arm-none-eabi/lib/thumb/v7e-m\libg.a(lib_a-strtok_r.o)
                0x0800594c                __strtok_r
 .text.strtok_r
                0x080059b0        0x8 c:/chibistudio/tools/gnu tools arm embedded/7.0 2017q4/bin/../lib/gcc/arm-none-eabi/7.2.1/../../../../arm-none-eabi/lib/thumb/v7e-m\libg.a(lib_a-strtok_r.o)
                0x080059b0                strtok_r
 .text._strtol_l.isra.0
                0x080059b8      0x124 c:/chibistudio/tools/gnu tools arm embedded/7.0 2017q4/bin/../lib/gcc/arm-none-eabi/7.2.1/../../../../arm-none-eabi/lib/thumb/v7e-m\libg.a(lib_a-strtol.o)
 .text.strtol   0x08005adc       0x2c c:/chibistudio/tools/gnu tools arm embedded/7.0 2017q4/bin/../lib/gcc/arm-none-eabi/7.2.1/../../../../arm-none-eabi/lib/thumb/v7e-m\libg.a(lib_a-strtol.o)
                0x08005adc                strtol
 .text.__locale_ctype_ptr_l
                0x08005b08        0x8 c:/chibistudio/tools/gnu tools arm embedded/7.0 2017q4/bin/../lib/gcc/arm-none-eabi/7.2.1/../../../../arm-none-eabi/lib/thumb/v7e-m\libg.a(lib_a-locale.o)
                0x08005b08                __locale_ctype_ptr_l
 .text.__ascii_mbtowc
                0x08005b10       0x2c c:/chibistudio/tools/gnu tools arm embedded/7.0 2017q4/bin/../lib/gcc/arm-none-eabi/7.2.1/../../../../arm-none-eabi/lib/thumb/v7e-m\libg.a(lib_a-mbtowc_r.o)
                0x08005b10                __ascii_mbtowc
 .text.__ascii_wctomb
                0x08005b3c       0x1c c:/chibistudio/tools/gnu tools arm embedded/7.0 2017q4/bin/../lib/gcc/arm-none-eabi/7.2.1/../../../../arm-none-eabi/lib/thumb/v7e-m\libg.a(lib_a-wctomb_r.o)
                0x08005b3c                __ascii_wctomb
 .text.memset   0x08005b58       0x94 c:/chibistudio/tools/gnu tools arm embedded/7.0 2017q4/bin/../lib/gcc/arm-none-eabi/7.2.1/../../../../arm-none-eabi/lib/thumb/v7e-m\libg.a(lib_a-memset.o)
                0x08005b58                memset
 .text.sprintf  0x08005bec       0x44 c:/chibistudio/tools/gnu tools arm embedded/7.0 2017q4/bin/../lib/gcc/arm-none-eabi/7.2.1/../../../../arm-none-eabi/lib/thumb/v7e-m\libg.a(lib_a-sprintf.o)
                0x08005bec                sprintf
 .text.critical_factorization
                0x08005c30       0xb4 c:/chibistudio/tools/gnu tools arm embedded/7.0 2017q4/bin/../lib/gcc/arm-none-eabi/7.2.1/../../../../arm-none-eabi/lib/thumb/v7e-m\libg.a(lib_a-strstr.o)
 .text.two_way_long_needle
                0x08005ce4      0x1f8 c:/chibistudio/tools/gnu tools arm embedded/7.0 2017q4/bin/../lib/gcc/arm-none-eabi/7.2.1/../../../../arm-none-eabi/lib/thumb/v7e-m\libg.a(lib_a-strstr.o)
 .text.strstr   0x08005edc      0x1f8 c:/chibistudio/tools/gnu tools arm embedded/7.0 2017q4/bin/../lib/gcc/arm-none-eabi/7.2.1/../../../../arm-none-eabi/lib/thumb/v7e-m\libg.a(lib_a-strstr.o)
                0x08005edc                strstr
 .text._svfprintf_r
                0x080060d4     0x14a0 c:/chibistudio/tools/gnu tools arm embedded/7.0 2017q4/bin/../lib/gcc/arm-none-eabi/7.2.1/../../../../arm-none-eabi/lib/thumb/v7e-m\libg.a(lib_a-svfprintf.o)
                0x080060d4                _svfprintf_r
 .text.quorem   0x08007574      0x124 c:/chibistudio/tools/gnu tools arm embedded/7.0 2017q4/bin/../lib/gcc/arm-none-eabi/7.2.1/../../../../arm-none-eabi/lib/thumb/v7e-m\libg.a(lib_a-dtoa.o)
 .text._dtoa_r  0x08007698      0xdf4 c:/chibistudio/tools/gnu tools arm embedded/7.0 2017q4/bin/../lib/gcc/arm-none-eabi/7.2.1/../../../../arm-none-eabi/lib/thumb/v7e-m\libg.a(lib_a-dtoa.o)
                0x08007698                _dtoa_r
 .text._localeconv_r
                0x0800848c       0x1c c:/chibistudio/tools/gnu tools arm embedded/7.0 2017q4/bin/../lib/gcc/arm-none-eabi/7.2.1/../../../../arm-none-eabi/lib/thumb/v7e-m\libg.a(lib_a-localeconv.o)
                0x0800848c                _localeconv_r
 .text._malloc_r
                0x080084a8      0x548 c:/chibistudio/tools/gnu tools arm embedded/7.0 2017q4/bin/../lib/gcc/arm-none-eabi/7.2.1/../../../../arm-none-eabi/lib/thumb/v7e-m\libg.a(lib_a-mallocr.o)
                0x080084a8                _malloc_r
 .text.memcmp   0x080089f0       0x64 c:/chibistudio/tools/gnu tools arm embedded/7.0 2017q4/bin/../lib/gcc/arm-none-eabi/7.2.1/../../../../arm-none-eabi/lib/thumb/v7e-m\libg.a(lib_a-memcmp.o)
                0x080089f0                memcmp
 .text.__malloc_lock
                0x08008a54        0xc c:/chibistudio/tools/gnu tools arm embedded/7.0 2017q4/bin/../lib/gcc/arm-none-eabi/7.2.1/../../../../arm-none-eabi/lib/thumb/v7e-m\libg.a(lib_a-mlock.o)
                0x08008a54                __malloc_lock
 .text.__malloc_unlock
                0x08008a60        0xc c:/chibistudio/tools/gnu tools arm embedded/7.0 2017q4/bin/../lib/gcc/arm-none-eabi/7.2.1/../../../../arm-none-eabi/lib/thumb/v7e-m\libg.a(lib_a-mlock.o)
                0x08008a60                __malloc_unlock
 .text._Balloc  0x08008a6c       0x4c c:/chibistudio/tools/gnu tools arm embedded/7.0 2017q4/bin/../lib/gcc/arm-none-eabi/7.2.1/../../../../arm-none-eabi/lib/thumb/v7e-m\libg.a(lib_a-mprec.o)
                0x08008a6c                _Balloc
 .text._Bfree   0x08008ab8       0x14 c:/chibistudio/tools/gnu tools arm embedded/7.0 2017q4/bin/../lib/gcc/arm-none-eabi/7.2.1/../../../../arm-none-eabi/lib/thumb/v7e-m\libg.a(lib_a-mprec.o)
                0x08008ab8                _Bfree
 .text.__multadd
                0x08008acc       0x80 c:/chibistudio/tools/gnu tools arm embedded/7.0 2017q4/bin/../lib/gcc/arm-none-eabi/7.2.1/../../../../arm-none-eabi/lib/thumb/v7e-m\libg.a(lib_a-mprec.o)
                0x08008acc                __multadd
 .text.__hi0bits
                0x08008b4c       0x40 c:/chibistudio/tools/gnu tools arm embedded/7.0 2017q4/bin/../lib/gcc/arm-none-eabi/7.2.1/../../../../arm-none-eabi/lib/thumb/v7e-m\libg.a(lib_a-mprec.o)
                0x08008b4c                __hi0bits
 .text.__lo0bits
                0x08008b8c       0x60 c:/chibistudio/tools/gnu tools arm embedded/7.0 2017q4/bin/../lib/gcc/arm-none-eabi/7.2.1/../../../../arm-none-eabi/lib/thumb/v7e-m\libg.a(lib_a-mprec.o)
                0x08008b8c                __lo0bits
 .text.__i2b    0x08008bec       0x14 c:/chibistudio/tools/gnu tools arm embedded/7.0 2017q4/bin/../lib/gcc/arm-none-eabi/7.2.1/../../../../arm-none-eabi/lib/thumb/v7e-m\libg.a(lib_a-mprec.o)
                0x08008bec                __i2b
 .text.__multiply
                0x08008c00      0x14c c:/chibistudio/tools/gnu tools arm embedded/7.0 2017q4/bin/../lib/gcc/arm-none-eabi/7.2.1/../../../../arm-none-eabi/lib/thumb/v7e-m\libg.a(lib_a-mprec.o)
                0x08008c00                __multiply
 .text.__pow5mult
                0x08008d4c       0xa0 c:/chibistudio/tools/gnu tools arm embedded/7.0 2017q4/bin/../lib/gcc/arm-none-eabi/7.2.1/../../../../arm-none-eabi/lib/thumb/v7e-m\libg.a(lib_a-mprec.o)
                0x08008d4c                __pow5mult
 .text.__lshift
                0x08008dec       0xac c:/chibistudio/tools/gnu tools arm embedded/7.0 2017q4/bin/../lib/gcc/arm-none-eabi/7.2.1/../../../../arm-none-eabi/lib/thumb/v7e-m\libg.a(lib_a-mprec.o)
                0x08008dec                __lshift
 .text.__mcmp   0x08008e98       0x38 c:/chibistudio/tools/gnu tools arm embedded/7.0 2017q4/bin/../lib/gcc/arm-none-eabi/7.2.1/../../../../arm-none-eabi/lib/thumb/v7e-m\libg.a(lib_a-mprec.o)
                0x08008e98                __mcmp
 .text.__mdiff  0x08008ed0       0xec c:/chibistudio/tools/gnu tools arm embedded/7.0 2017q4/bin/../lib/gcc/arm-none-eabi/7.2.1/../../../../arm-none-eabi/lib/thumb/v7e-m\libg.a(lib_a-mprec.o)
                0x08008ed0                __mdiff
 .text.__d2b    0x08008fbc       0xb0 c:/chibistudio/tools/gnu tools arm embedded/7.0 2017q4/bin/../lib/gcc/arm-none-eabi/7.2.1/../../../../arm-none-eabi/lib/thumb/v7e-m\libg.a(lib_a-mprec.o)
                0x08008fbc                __d2b
 .text.strchr   0x0800906c       0xe8 c:/chibistudio/tools/gnu tools arm embedded/7.0 2017q4/bin/../lib/gcc/arm-none-eabi/7.2.1/../../../../arm-none-eabi/lib/thumb/v7e-m\libg.a(lib_a-strchr.o)
                0x0800906c                strchr
 .text.__ssprint_r
                0x08009154       0xf4 c:/chibistudio/tools/gnu tools arm embedded/7.0 2017q4/bin/../lib/gcc/arm-none-eabi/7.2.1/../../../../arm-none-eabi/lib/thumb/v7e-m\libg.a(lib_a-svfiprintf.o)
                0x08009154                __ssprint_r
 .text._calloc_r
                0x08009248       0x68 c:/chibistudio/tools/gnu tools arm embedded/7.0 2017q4/bin/../lib/gcc/arm-none-eabi/7.2.1/../../../../arm-none-eabi/lib/thumb/v7e-m\libg.a(lib_a-callocr.o)
                0x08009248                _calloc_r
 .text._malloc_trim_r
                0x080092b0       0xa0 c:/chibistudio/tools/gnu tools arm embedded/7.0 2017q4/bin/../lib/gcc/arm-none-eabi/7.2.1/../../../../arm-none-eabi/lib/thumb/v7e-m\libg.a(lib_a-freer.o)
                0x080092b0                _malloc_trim_r
 .text._free_r  0x08009350      0x1e8 c:/chibistudio/tools/gnu tools arm embedded/7.0 2017q4/bin/../lib/gcc/arm-none-eabi/7.2.1/../../../../arm-none-eabi/lib/thumb/v7e-m\libg.a(lib_a-freer.o)
                0x08009350                _free_r
 .text.__retarget_lock_acquire_recursive
                0x08009538        0x4 c:/chibistudio/tools/gnu tools arm embedded/7.0 2017q4/bin/../lib/gcc/arm-none-eabi/7.2.1/../../../../arm-none-eabi/lib/thumb/v7e-m\libg.a(lib_a-lock.o)
                0x08009538                __retarget_lock_acquire_recursive
 .text.__retarget_lock_release_recursive
                0x0800953c        0x4 c:/chibistudio/tools/gnu tools arm embedded/7.0 2017q4/bin/../lib/gcc/arm-none-eabi/7.2.1/../../../../arm-none-eabi/lib/thumb/v7e-m\libg.a(lib_a-lock.o)
                0x0800953c                __retarget_lock_release_recursive
 .text.memmove  0x08009540       0xc8 c:/chibistudio/tools/gnu tools arm embedded/7.0 2017q4/bin/../lib/gcc/arm-none-eabi/7.2.1/../../../../arm-none-eabi/lib/thumb/v7e-m\libg.a(lib_a-memmove.o)
                0x08009540                memmove
 .text._realloc_r
                0x08009608      0x35c c:/chibistudio/tools/gnu tools arm embedded/7.0 2017q4/bin/../lib/gcc/arm-none-eabi/7.2.1/../../../../arm-none-eabi/lib/thumb/v7e-m\libg.a(lib_a-reallocr.o)
                0x08009608                _realloc_r
 *(.glue_7t)
 .glue_7t       0x08009964        0x0 linker stubs
 *(.glue_7)
 .glue_7        0x08009964        0x0 linker stubs
 *(.gcc*)

.vfp11_veneer   0x08009964        0x0
 .vfp11_veneer  0x08009964        0x0 linker stubs

.v4_bx          0x08009964        0x0
 .v4_bx         0x08009964        0x0 linker stubs

.iplt           0x08009964        0x0
 .iplt          0x08009964        0x0 ./build/stm32f407_discovery/obj/crt0_v7m.o

.rodata         0x08009968      0xcb4
                0x08009968                . = ALIGN (0x4)
                0x08009968                __rodata_base__ = .
 *(.rodata)
 *(.rodata.*)
 .rodata.__func__.6090.lto_priv.50
                0x08009968        0xc C:\Users\mvshv\AppData\Local\Temp\ccWdQC2T.ltrans0.ltrans.o
 .rodata.__func__.6090.lto_priv.51
                0x08009974        0xc C:\Users\mvshv\AppData\Local\Temp\ccWdQC2T.ltrans0.ltrans.o
 .rodata.__func__.6090.lto_priv.52
                0x08009980        0xc C:\Users\mvshv\AppData\Local\Temp\ccWdQC2T.ltrans0.ltrans.o
 .rodata.__func__.6090.lto_priv.53
                0x0800998c        0xc C:\Users\mvshv\AppData\Local\Temp\ccWdQC2T.ltrans0.ltrans.o
 .rodata.__func__.6090.lto_priv.54
                0x08009998        0xc C:\Users\mvshv\AppData\Local\Temp\ccWdQC2T.ltrans0.ltrans.o
 .rodata.__func__.6090.lto_priv.55
                0x080099a4        0xc C:\Users\mvshv\AppData\Local\Temp\ccWdQC2T.ltrans0.ltrans.o
 .rodata.__func__.6090.lto_priv.56
                0x080099b0        0xc C:\Users\mvshv\AppData\Local\Temp\ccWdQC2T.ltrans0.ltrans.o
 .rodata.__func__.6090.lto_priv.57
                0x080099bc        0xc C:\Users\mvshv\AppData\Local\Temp\ccWdQC2T.ltrans0.ltrans.o
 .rodata.__func__.6176
                0x080099c8        0xc C:\Users\mvshv\AppData\Local\Temp\ccWdQC2T.ltrans0.ltrans.o
 .rodata.__func__.6291
                0x080099d4       0x14 C:\Users\mvshv\AppData\Local\Temp\ccWdQC2T.ltrans0.ltrans.o
 .rodata.__func__.6491.lto_priv.58
                0x080099e8        0xc C:\Users\mvshv\AppData\Local\Temp\ccWdQC2T.ltrans0.ltrans.o
 .rodata.__func__.6491.lto_priv.59
                0x080099f4        0xc C:\Users\mvshv\AppData\Local\Temp\ccWdQC2T.ltrans0.ltrans.o
 .rodata.__func__.6491.lto_priv.60
                0x08009a00        0xc C:\Users\mvshv\AppData\Local\Temp\ccWdQC2T.ltrans0.ltrans.o
 .rodata.__func__.6981
                0x08009a0c        0xc C:\Users\mvshv\AppData\Local\Temp\ccWdQC2T.ltrans0.ltrans.o
 .rodata.__func__.6984.lto_priv.71
                0x08009a18        0xb C:\Users\mvshv\AppData\Local\Temp\ccWdQC2T.ltrans0.ltrans.o
 *fill*         0x08009a23        0x1 
 .rodata.__func__.6984.lto_priv.72
                0x08009a24        0xb C:\Users\mvshv\AppData\Local\Temp\ccWdQC2T.ltrans0.ltrans.o
 *fill*         0x08009a2f        0x1 
 .rodata.__func__.6988.lto_priv.67
                0x08009a30       0x11 C:\Users\mvshv\AppData\Local\Temp\ccWdQC2T.ltrans0.ltrans.o
 *fill*         0x08009a41        0x3 
 .rodata.__func__.6988.lto_priv.68
                0x08009a44       0x1e C:\Users\mvshv\AppData\Local\Temp\ccWdQC2T.ltrans0.ltrans.o
 *fill*         0x08009a62        0x2 
 .rodata.__func__.7003.lto_priv.63
                0x08009a64        0xc C:\Users\mvshv\AppData\Local\Temp\ccWdQC2T.ltrans0.ltrans.o
 .rodata.__func__.7003.lto_priv.64
                0x08009a70        0xc C:\Users\mvshv\AppData\Local\Temp\ccWdQC2T.ltrans0.ltrans.o
 .rodata.__func__.7006.lto_priv.69
                0x08009a7c       0x15 C:\Users\mvshv\AppData\Local\Temp\ccWdQC2T.ltrans0.ltrans.o
 *fill*         0x08009a91        0x3 
 .rodata.__func__.7006.lto_priv.70
                0x08009a94        0xb C:\Users\mvshv\AppData\Local\Temp\ccWdQC2T.ltrans0.ltrans.o
 *fill*         0x08009a9f        0x1 
 .rodata.__func__.7007
                0x08009aa0        0xc C:\Users\mvshv\AppData\Local\Temp\ccWdQC2T.ltrans0.ltrans.o
 .rodata.__func__.7012
                0x08009aac       0x12 C:\Users\mvshv\AppData\Local\Temp\ccWdQC2T.ltrans0.ltrans.o
 *fill*         0x08009abe        0x2 
 .rodata.__func__.7017
                0x08009ac0        0xd C:\Users\mvshv\AppData\Local\Temp\ccWdQC2T.ltrans0.ltrans.o
 *fill*         0x08009acd        0x3 
 .rodata.__func__.7023
                0x08009ad0        0xd C:\Users\mvshv\AppData\Local\Temp\ccWdQC2T.ltrans0.ltrans.o
 *fill*         0x08009add        0x3 
 .rodata.__func__.7024
                0x08009ae0        0xd C:\Users\mvshv\AppData\Local\Temp\ccWdQC2T.ltrans0.ltrans.o
 *fill*         0x08009aed        0x3 
 .rodata.__func__.7039
                0x08009af0        0xb C:\Users\mvshv\AppData\Local\Temp\ccWdQC2T.ltrans0.ltrans.o
 *fill*         0x08009afb        0x1 
 .rodata.__func__.7084
                0x08009afc        0xd C:\Users\mvshv\AppData\Local\Temp\ccWdQC2T.ltrans0.ltrans.o
 *fill*         0x08009b09        0x3 
 .rodata.__func__.7383
                0x08009b0c       0x10 C:\Users\mvshv\AppData\Local\Temp\ccWdQC2T.ltrans0.ltrans.o
 .rodata.__func__.8056
                0x08009b1c        0x8 C:\Users\mvshv\AppData\Local\Temp\ccWdQC2T.ltrans0.ltrans.o
 .rodata.__func__.8091
                0x08009b24        0x9 C:\Users\mvshv\AppData\Local\Temp\ccWdQC2T.ltrans0.ltrans.o
 *fill*         0x08009b2d        0x3 
 .rodata.__func__.8093
                0x08009b30        0x9 C:\Users\mvshv\AppData\Local\Temp\ccWdQC2T.ltrans0.ltrans.o
 *fill*         0x08009b39        0x3 
 .rodata.__func__.8094
                0x08009b3c        0xd C:\Users\mvshv\AppData\Local\Temp\ccWdQC2T.ltrans0.ltrans.o
 *fill*         0x08009b49        0x3 
 .rodata.__func__.8097
                0x08009b4c        0x9 C:\Users\mvshv\AppData\Local\Temp\ccWdQC2T.ltrans0.ltrans.o
 *fill*         0x08009b55        0x3 
 .rodata.__func__.8098.lto_priv.37
                0x08009b58        0x9 C:\Users\mvshv\AppData\Local\Temp\ccWdQC2T.ltrans0.ltrans.o
 *fill*         0x08009b61        0x3 
 .rodata.__func__.8098.lto_priv.38
                0x08009b64        0x9 C:\Users\mvshv\AppData\Local\Temp\ccWdQC2T.ltrans0.ltrans.o
 *fill*         0x08009b6d        0x3 
 .rodata.__func__.8099.lto_priv.73
                0x08009b70        0x9 C:\Users\mvshv\AppData\Local\Temp\ccWdQC2T.ltrans0.ltrans.o
 *fill*         0x08009b79        0x3 
 .rodata.__func__.8099.lto_priv.74
                0x08009b7c        0x9 C:\Users\mvshv\AppData\Local\Temp\ccWdQC2T.ltrans0.ltrans.o
 *fill*         0x08009b85        0x3 
 .rodata.__func__.8101
                0x08009b88        0xb C:\Users\mvshv\AppData\Local\Temp\ccWdQC2T.ltrans0.ltrans.o
 *fill*         0x08009b93        0x1 
 .rodata.__func__.8104
                0x08009b94        0x9 C:\Users\mvshv\AppData\Local\Temp\ccWdQC2T.ltrans0.ltrans.o
 *fill*         0x08009b9d        0x3 
 .rodata.__func__.8106
                0x08009ba0        0xe C:\Users\mvshv\AppData\Local\Temp\ccWdQC2T.ltrans0.ltrans.o
 *fill*         0x08009bae        0x2 
 .rodata.__func__.8107
                0x08009bb0        0xe C:\Users\mvshv\AppData\Local\Temp\ccWdQC2T.ltrans0.ltrans.o
 *fill*         0x08009bbe        0x2 
 .rodata.__func__.8109
                0x08009bc0        0x9 C:\Users\mvshv\AppData\Local\Temp\ccWdQC2T.ltrans0.ltrans.o
 *fill*         0x08009bc9        0x3 
 .rodata.__func__.8113
                0x08009bcc       0x11 C:\Users\mvshv\AppData\Local\Temp\ccWdQC2T.ltrans0.ltrans.o
 *fill*         0x08009bdd        0x3 
 .rodata.__func__.8114
                0x08009be0        0x9 C:\Users\mvshv\AppData\Local\Temp\ccWdQC2T.ltrans0.ltrans.o
 *fill*         0x08009be9        0x3 
 .rodata.__func__.8115
                0x08009bec       0x14 C:\Users\mvshv\AppData\Local\Temp\ccWdQC2T.ltrans0.ltrans.o
 .rodata.__func__.8119
                0x08009c00        0x9 C:\Users\mvshv\AppData\Local\Temp\ccWdQC2T.ltrans0.ltrans.o
 *fill*         0x08009c09        0x3 
 .rodata.__func__.8124
                0x08009c0c        0x9 C:\Users\mvshv\AppData\Local\Temp\ccWdQC2T.ltrans0.ltrans.o
 *fill*         0x08009c15        0x3 
 .rodata.__func__.8129
                0x08009c18        0x9 C:\Users\mvshv\AppData\Local\Temp\ccWdQC2T.ltrans0.ltrans.o
 *fill*         0x08009c21        0x3 
 .rodata.__func__.8131
                0x08009c24        0xb C:\Users\mvshv\AppData\Local\Temp\ccWdQC2T.ltrans0.ltrans.o
 *fill*         0x08009c2f        0x1 
 .rodata.__func__.8134
                0x08009c30        0x9 C:\Users\mvshv\AppData\Local\Temp\ccWdQC2T.ltrans0.ltrans.o
 *fill*         0x08009c39        0x3 
 .rodata.__func__.8137
                0x08009c3c        0x5 C:\Users\mvshv\AppData\Local\Temp\ccWdQC2T.ltrans0.ltrans.o
 *fill*         0x08009c41        0x3 
 .rodata.__func__.8139
                0x08009c44        0xa C:\Users\mvshv\AppData\Local\Temp\ccWdQC2T.ltrans0.ltrans.o
 *fill*         0x08009c4e        0x2 
 .rodata.__func__.8144
                0x08009c50        0xa C:\Users\mvshv\AppData\Local\Temp\ccWdQC2T.ltrans0.ltrans.o
 *fill*         0x08009c5a        0x2 
 .rodata.__func__.8149
                0x08009c5c        0xa C:\Users\mvshv\AppData\Local\Temp\ccWdQC2T.ltrans0.ltrans.o
 *fill*         0x08009c66        0x2 
 .rodata.__func__.8154
                0x08009c68        0xa C:\Users\mvshv\AppData\Local\Temp\ccWdQC2T.ltrans0.ltrans.o
 *fill*         0x08009c72        0x2 
 .rodata.__func__.8159
                0x08009c74        0xa C:\Users\mvshv\AppData\Local\Temp\ccWdQC2T.ltrans0.ltrans.o
 *fill*         0x08009c7e        0x2 
 .rodata.__func__.8164.lto_priv.61
                0x08009c80        0x9 C:\Users\mvshv\AppData\Local\Temp\ccWdQC2T.ltrans0.ltrans.o
 *fill*         0x08009c89        0x3 
 .rodata.__func__.8164.lto_priv.62
                0x08009c8c        0xa C:\Users\mvshv\AppData\Local\Temp\ccWdQC2T.ltrans0.ltrans.o
 *fill*         0x08009c96        0x2 
 .rodata.__func__.8169
                0x08009c98        0xa C:\Users\mvshv\AppData\Local\Temp\ccWdQC2T.ltrans0.ltrans.o
 *fill*         0x08009ca2        0x2 
 .rodata.__func__.8174
                0x08009ca4        0xa C:\Users\mvshv\AppData\Local\Temp\ccWdQC2T.ltrans0.ltrans.o
 *fill*         0x08009cae        0x2 
 .rodata.__func__.8188
                0x08009cb0       0x12 C:\Users\mvshv\AppData\Local\Temp\ccWdQC2T.ltrans0.ltrans.o
 *fill*         0x08009cc2        0x2 
 .rodata.__func__.8191
                0x08009cc4        0xc C:\Users\mvshv\AppData\Local\Temp\ccWdQC2T.ltrans0.ltrans.o
 .rodata.__func__.8509
                0x08009cd0       0x13 C:\Users\mvshv\AppData\Local\Temp\ccWdQC2T.ltrans0.ltrans.o
 *fill*         0x08009ce3        0x1 
 .rodata.__func__.8523
                0x08009ce4       0x19 C:\Users\mvshv\AppData\Local\Temp\ccWdQC2T.ltrans0.ltrans.o
 *fill*         0x08009cfd        0x3 
 .rodata.__func__.8530
                0x08009d00       0x17 C:\Users\mvshv\AppData\Local\Temp\ccWdQC2T.ltrans0.ltrans.o
 *fill*         0x08009d17        0x1 
 .rodata.__func__.8540
                0x08009d18        0xe C:\Users\mvshv\AppData\Local\Temp\ccWdQC2T.ltrans0.ltrans.o
 *fill*         0x08009d26        0x2 
 .rodata.__func__.8544
                0x08009d28        0xf C:\Users\mvshv\AppData\Local\Temp\ccWdQC2T.ltrans0.ltrans.o
 *fill*         0x08009d37        0x1 
 .rodata.__func__.8545
                0x08009d38        0x9 C:\Users\mvshv\AppData\Local\Temp\ccWdQC2T.ltrans0.ltrans.o
 *fill*         0x08009d41        0x3 
 .rodata.__func__.8546
                0x08009d44       0x1b C:\Users\mvshv\AppData\Local\Temp\ccWdQC2T.ltrans0.ltrans.o
 *fill*         0x08009d5f        0x1 
 .rodata.__func__.8562
                0x08009d60       0x11 C:\Users\mvshv\AppData\Local\Temp\ccWdQC2T.ltrans0.ltrans.o
 *fill*         0x08009d71        0x3 
 .rodata.__func__.8567
                0x08009d74       0x15 C:\Users\mvshv\AppData\Local\Temp\ccWdQC2T.ltrans0.ltrans.o
 *fill*         0x08009d89        0x3 
 .rodata.__func__.8569
                0x08009d8c       0x17 C:\Users\mvshv\AppData\Local\Temp\ccWdQC2T.ltrans0.ltrans.o
 *fill*         0x08009da3        0x1 
 .rodata.__func__.8578
                0x08009da4       0x11 C:\Users\mvshv\AppData\Local\Temp\ccWdQC2T.ltrans0.ltrans.o
 *fill*         0x08009db5        0x3 
 .rodata.__func__.8583
                0x08009db8       0x1a C:\Users\mvshv\AppData\Local\Temp\ccWdQC2T.ltrans0.ltrans.o
 *fill*         0x08009dd2        0x2 
 .rodata.__func__.8586
                0x08009dd4       0x12 C:\Users\mvshv\AppData\Local\Temp\ccWdQC2T.ltrans0.ltrans.o
 *fill*         0x08009de6        0x2 
 .rodata.__func__.8592
                0x08009de8       0x13 C:\Users\mvshv\AppData\Local\Temp\ccWdQC2T.ltrans0.ltrans.o
 *fill*         0x08009dfb        0x1 
 .rodata.__func__.8607
                0x08009dfc       0x10 C:\Users\mvshv\AppData\Local\Temp\ccWdQC2T.ltrans0.ltrans.o
 .rodata.__func__.8621
                0x08009e0c        0xa C:\Users\mvshv\AppData\Local\Temp\ccWdQC2T.ltrans0.ltrans.o
 *fill*         0x08009e16        0x2 
 .rodata.__func__.8625
                0x08009e18        0xa C:\Users\mvshv\AppData\Local\Temp\ccWdQC2T.ltrans0.ltrans.o
 *fill*         0x08009e22        0x2 
 .rodata.__func__.8629
                0x08009e24        0xb C:\Users\mvshv\AppData\Local\Temp\ccWdQC2T.ltrans0.ltrans.o
 *fill*         0x08009e2f        0x1 
 .rodata.__func__.8643
                0x08009e30        0xc C:\Users\mvshv\AppData\Local\Temp\ccWdQC2T.ltrans0.ltrans.o
 .rodata._dbg_check_enter_isr.str1.4
                0x08009e3c        0x5 C:\Users\mvshv\AppData\Local\Temp\ccWdQC2T.ltrans0.ltrans.o
 *fill*         0x08009e41        0x3 
 .rodata._dbg_check_leave_isr.str1.4
                0x08009e44        0x5 C:\Users\mvshv\AppData\Local\Temp\ccWdQC2T.ltrans0.ltrans.o
 *fill*         0x08009e49        0x3 
 .rodata._dbg_check_lock.str1.4
                0x08009e4c        0x5 C:\Users\mvshv\AppData\Local\Temp\ccWdQC2T.ltrans0.ltrans.o
 *fill*         0x08009e51        0x3 
 .rodata._dbg_check_lock_from_isr.str1.4
                0x08009e54        0x5 C:\Users\mvshv\AppData\Local\Temp\ccWdQC2T.ltrans0.ltrans.o
 *fill*         0x08009e59        0x3 
 .rodata._dbg_check_unlock.str1.4
                0x08009e5c        0x5 C:\Users\mvshv\AppData\Local\Temp\ccWdQC2T.ltrans0.ltrans.o
 *fill*         0x08009e61        0x3 
 .rodata._dbg_check_unlock_from_isr.str1.4
                0x08009e64        0x5 C:\Users\mvshv\AppData\Local\Temp\ccWdQC2T.ltrans0.ltrans.o
 *fill*         0x08009e69        0x3 
 .rodata._stm32_dma_streams
                0x08009e6c       0xc0 C:\Users\mvshv\AppData\Local\Temp\ccWdQC2T.ltrans0.ltrans.o
 .rodata.active_status
                0x08009f2c        0x2 C:\Users\mvshv\AppData\Local\Temp\ccWdQC2T.ltrans0.ltrans.o
 *fill*         0x08009f2e        0x2 
 .rodata.adcSampleThread.str1.4
                0x08009f30        0xb C:\Users\mvshv\AppData\Local\Temp\ccWdQC2T.ltrans0.ltrans.o
 *fill*         0x08009f3b        0x1 
 .rodata.adcgrpcfg
                0x08009f3c       0x28 C:\Users\mvshv\AppData\Local\Temp\ccWdQC2T.ltrans0.ltrans.o
 .rodata.chDbgCheckClassI.str1.4
                0x08009f64        0x6 C:\Users\mvshv\AppData\Local\Temp\ccWdQC2T.ltrans0.ltrans.o
 *fill*         0x08009f6a        0x2 
 .rodata.chDbgCheckClassS.str1.4
                0x08009f6c        0x6 C:\Users\mvshv\AppData\Local\Temp\ccWdQC2T.ltrans0.ltrans.o
 *fill*         0x08009f72        0x2 
 .rodata.chSchWakeupS.constprop.8.str1.4
                0x08009f74        0xf C:\Users\mvshv\AppData\Local\Temp\ccWdQC2T.ltrans0.ltrans.o
 *fill*         0x08009f83        0x1 
 .rodata.chThdCreateStatic.constprop.2.str1.4
                0x08009f84        0x7 C:\Users\mvshv\AppData\Local\Temp\ccWdQC2T.ltrans0.ltrans.o
 *fill*         0x08009f8b        0x1 
 .rodata.ch_debug
                0x08009f8c       0x16 C:\Users\mvshv\AppData\Local\Temp\ccWdQC2T.ltrans0.ltrans.o
 *fill*         0x08009fa2        0x2 
 .rodata.ep0config
                0x08009fa4       0x24 C:\Users\mvshv\AppData\Local\Temp\ccWdQC2T.ltrans0.ltrans.o
 .rodata.ep1config
                0x08009fc8       0x24 C:\Users\mvshv\AppData\Local\Temp\ccWdQC2T.ltrans0.ltrans.o
 .rodata.ep2config
                0x08009fec       0x24 C:\Users\mvshv\AppData\Local\Temp\ccWdQC2T.ltrans0.ltrans.o
 .rodata.fsparams
                0x0800a010        0xc C:\Users\mvshv\AppData\Local\Temp\ccWdQC2T.ltrans0.ltrans.o
 .rodata.halted_status
                0x0800a01c        0x2 C:\Users\mvshv\AppData\Local\Temp\ccWdQC2T.ltrans0.ltrans.o
 *fill*         0x0800a01e        0x2 
 .rodata.hsparams
                0x0800a020        0xc C:\Users\mvshv\AppData\Local\Temp\ccWdQC2T.ltrans0.ltrans.o
 .rodata.main.str1.4
                0x0800a02c        0xd C:\Users\mvshv\AppData\Local\Temp\ccWdQC2T.ltrans0.ltrans.o
 *fill*         0x0800a039        0x3 
 .rodata.ram_areas
                0x0800a03c       0x80 C:\Users\mvshv\AppData\Local\Temp\ccWdQC2T.ltrans0.ltrans.o
 .rodata.readThrFunction.str1.4
                0x0800a0bc       0xb3 C:\Users\mvshv\AppData\Local\Temp\ccWdQC2T.ltrans0.ltrans.o
 *fill*         0x0800a16f        0x1 
 .rodata.serusbcfg
                0x0800a170        0x8 C:\Users\mvshv\AppData\Local\Temp\ccWdQC2T.ltrans0.ltrans.o
 .rodata.usbThreadFunction.str1.4
                0x0800a178        0x8 C:\Users\mvshv\AppData\Local\Temp\ccWdQC2T.ltrans0.ltrans.o
 .rodata.usbcfg
                0x0800a180       0x10 C:\Users\mvshv\AppData\Local\Temp\ccWdQC2T.ltrans0.ltrans.o
 .rodata.vcom_configuration_descriptor
                0x0800a190        0x8 C:\Users\mvshv\AppData\Local\Temp\ccWdQC2T.ltrans0.ltrans.o
 .rodata.vcom_configuration_descriptor_data
                0x0800a198       0x43 C:\Users\mvshv\AppData\Local\Temp\ccWdQC2T.ltrans0.ltrans.o
 *fill*         0x0800a1db        0x1 
 .rodata.vcom_device_descriptor
                0x0800a1dc        0x8 C:\Users\mvshv\AppData\Local\Temp\ccWdQC2T.ltrans0.ltrans.o
 .rodata.vcom_device_descriptor_data
                0x0800a1e4       0x12 C:\Users\mvshv\AppData\Local\Temp\ccWdQC2T.ltrans0.ltrans.o
 *fill*         0x0800a1f6        0x2 
 .rodata.vcom_string0
                0x0800a1f8        0x4 C:\Users\mvshv\AppData\Local\Temp\ccWdQC2T.ltrans0.ltrans.o
 .rodata.vcom_string1
                0x0800a1fc       0x26 C:\Users\mvshv\AppData\Local\Temp\ccWdQC2T.ltrans0.ltrans.o
 *fill*         0x0800a222        0x2 
 .rodata.vcom_string2
                0x0800a224       0x38 C:\Users\mvshv\AppData\Local\Temp\ccWdQC2T.ltrans0.ltrans.o
 .rodata.vcom_string3
                0x0800a25c        0x8 C:\Users\mvshv\AppData\Local\Temp\ccWdQC2T.ltrans0.ltrans.o
 .rodata.vcom_strings
                0x0800a264       0x20 C:\Users\mvshv\AppData\Local\Temp\ccWdQC2T.ltrans0.ltrans.o
 .rodata.vmt    0x0800a284       0x28 C:\Users\mvshv\AppData\Local\Temp\ccWdQC2T.ltrans0.ltrans.o
 .rodata.writeAnalog.str1.4
                0x0800a2ac        0x7 C:\Users\mvshv\AppData\Local\Temp\ccWdQC2T.ltrans0.ltrans.o
 *fill*         0x0800a2b3        0x1 
 .rodata.writeThrFunction.str1.4
                0x0800a2b4       0xdd C:\Users\mvshv\AppData\Local\Temp\ccWdQC2T.ltrans0.ltrans.o
 *fill*         0x0800a391        0x3 
 .rodata.zero_status
                0x0800a394        0x2 C:\Users\mvshv\AppData\Local\Temp\ccWdQC2T.ltrans0.ltrans.o
 *fill*         0x0800a396        0x2 
 .rodata._setlocale_r.str1.4
                0x0800a398        0xa c:/chibistudio/tools/gnu tools arm embedded/7.0 2017q4/bin/../lib/gcc/arm-none-eabi/7.2.1/../../../../arm-none-eabi/lib/thumb/v7e-m\libg.a(lib_a-locale.o)
                                  0xd (size before relaxing)
 *fill*         0x0800a3a2        0x2 
 .rodata.str1.4
                0x0800a3a4        0x2 c:/chibistudio/tools/gnu tools arm embedded/7.0 2017q4/bin/../lib/gcc/arm-none-eabi/7.2.1/../../../../arm-none-eabi/lib/thumb/v7e-m\libg.a(lib_a-locale.o)
 *fill*         0x0800a3a6        0x2 
 .rodata._ctype_
                0x0800a3a8      0x101 c:/chibistudio/tools/gnu tools arm embedded/7.0 2017q4/bin/../lib/gcc/arm-none-eabi/7.2.1/../../../../arm-none-eabi/lib/thumb/v7e-m\libg.a(lib_a-ctype_.o)
                0x0800a3a8                _ctype_
 *fill*         0x0800a4a9        0x3 
 .rodata._svfprintf_r.str1.4
                0x0800a4ac       0x3f c:/chibistudio/tools/gnu tools arm embedded/7.0 2017q4/bin/../lib/gcc/arm-none-eabi/7.2.1/../../../../arm-none-eabi/lib/thumb/v7e-m\libg.a(lib_a-svfprintf.o)
                                 0x42 (size before relaxing)
 *fill*         0x0800a4eb        0x1 
 .rodata.blanks.7276
                0x0800a4ec       0x10 c:/chibistudio/tools/gnu tools arm embedded/7.0 2017q4/bin/../lib/gcc/arm-none-eabi/7.2.1/../../../../arm-none-eabi/lib/thumb/v7e-m\libg.a(lib_a-svfprintf.o)
 .rodata.zeroes.7277
                0x0800a4fc       0x10 c:/chibistudio/tools/gnu tools arm embedded/7.0 2017q4/bin/../lib/gcc/arm-none-eabi/7.2.1/../../../../arm-none-eabi/lib/thumb/v7e-m\libg.a(lib_a-svfprintf.o)
 .rodata._dtoa_r.str1.4
                0x0800a50c       0x10 c:/chibistudio/tools/gnu tools arm embedded/7.0 2017q4/bin/../lib/gcc/arm-none-eabi/7.2.1/../../../../arm-none-eabi/lib/thumb/v7e-m\libg.a(lib_a-dtoa.o)
                                 0x12 (size before relaxing)
 *fill*         0x0800a51c        0x4 
 .rodata.__mprec_bigtens
                0x0800a520       0x28 c:/chibistudio/tools/gnu tools arm embedded/7.0 2017q4/bin/../lib/gcc/arm-none-eabi/7.2.1/../../../../arm-none-eabi/lib/thumb/v7e-m\libg.a(lib_a-mprec.o)
                0x0800a520                __mprec_bigtens
 .rodata.__mprec_tens
                0x0800a548       0xc8 c:/chibistudio/tools/gnu tools arm embedded/7.0 2017q4/bin/../lib/gcc/arm-none-eabi/7.2.1/../../../../arm-none-eabi/lib/thumb/v7e-m\libg.a(lib_a-mprec.o)
                0x0800a548                __mprec_tens
 .rodata.p05.6092
                0x0800a610        0xc c:/chibistudio/tools/gnu tools arm embedded/7.0 2017q4/bin/../lib/gcc/arm-none-eabi/7.2.1/../../../../arm-none-eabi/lib/thumb/v7e-m\libg.a(lib_a-mprec.o)
                0x0800a61c                . = ALIGN (0x4)
                0x0800a61c                __rodata_end__ = .

.ARM.extab
 *(.ARM.extab* .gnu.linkonce.armextab.*)

.ARM.exidx      0x0800a61c        0x8
                0x0800a61c                __exidx_start = .
 *(.ARM.exidx* .gnu.linkonce.armexidx.*)
 .ARM.exidx     0x0800a61c        0x8 c:/chibistudio/tools/gnu tools arm embedded/7.0 2017q4/bin/../lib/gcc/arm-none-eabi/7.2.1/thumb/v7e-m\libgcc.a(_udivmoddi4.o)
                0x0800a624                __exidx_end = .

.rel.dyn        0x0800a624        0x0
 .rel.iplt      0x0800a624        0x0 ./build/stm32f407_discovery/obj/crt0_v7m.o

.eh_frame_hdr
 *(.eh_frame_hdr)

.eh_frame
 *(.eh_frame)
                0x20000000                __ram0_start__ = ORIGIN (ram0)
                0x00020000                __ram0_size__ = LENGTH (ram0)
                0x20020000                __ram0_end__ = (__ram0_start__ + __ram0_size__)
                0x20000000                __ram1_start__ = ORIGIN (ram1)
                0x0001c000                __ram1_size__ = LENGTH (ram1)
                0x2001c000                __ram1_end__ = (__ram1_start__ + __ram1_size__)
                0x2001c000                __ram2_start__ = ORIGIN (ram2)
                0x00004000                __ram2_size__ = LENGTH (ram2)
                0x20020000                __ram2_end__ = (__ram2_start__ + __ram2_size__)
                0x00000000                __ram3_start__ = ORIGIN (ram3)
                0x00000000                __ram3_size__ = LENGTH (ram3)
                0x00000000                __ram3_end__ = (__ram3_start__ + __ram3_size__)
                0x10000000                __ram4_start__ = ORIGIN (ram4)
                0x00010000                __ram4_size__ = LENGTH (ram4)
                0x10010000                __ram4_end__ = (__ram4_start__ + __ram4_size__)
                0x40024000                __ram5_start__ = ORIGIN (ram5)
                0x00001000                __ram5_size__ = LENGTH (ram5)
                0x40025000                __ram5_end__ = (__ram5_start__ + __ram5_size__)
                0x00000000                __ram6_start__ = ORIGIN (ram6)
                0x00000000                __ram6_size__ = LENGTH (ram6)
                0x00000000                __ram6_end__ = (__ram6_start__ + __ram6_size__)
                0x00000000                __ram7_start__ = ORIGIN (ram7)
                0x00000000                __ram7_size__ = LENGTH (ram7)
                0x00000000                __ram7_end__ = (__ram7_start__ + __ram7_size__)

.data           0x20000800      0x9e4 load address 0x0800a624
                0x20000800                . = ALIGN (0x4)
                [!provide]                PROVIDE (_textdata, LOADADDR (.data))
                [!provide]                PROVIDE (_data, .)
                0x0800a624                _textdata_start = LOADADDR (.data)
                0x20000800                _data_start = .
 *(.data)
 *(.data.*)
 .data.linecoding
                0x20000800        0x7 C:\Users\mvshv\AppData\Local\Temp\ccWdQC2T.ltrans0.ltrans.o
 *fill*         0x20000807        0x1 
 .data.pwmcfg   0x20000808       0x34 C:\Users\mvshv\AppData\Local\Temp\ccWdQC2T.ltrans0.ltrans.o
 .data._impure_ptr
                0x2000083c        0x4 c:/chibistudio/tools/gnu tools arm embedded/7.0 2017q4/bin/../lib/gcc/arm-none-eabi/7.2.1/../../../../arm-none-eabi/lib/thumb/v7e-m\libg.a(lib_a-impure.o)
                0x2000083c                _impure_ptr
 .data.impure_data
                0x20000840      0x428 c:/chibistudio/tools/gnu tools arm embedded/7.0 2017q4/bin/../lib/gcc/arm-none-eabi/7.2.1/../../../../arm-none-eabi/lib/thumb/v7e-m\libg.a(lib_a-impure.o)
 .data.__global_locale
                0x20000c68      0x16c c:/chibistudio/tools/gnu tools arm embedded/7.0 2017q4/bin/../lib/gcc/arm-none-eabi/7.2.1/../../../../arm-none-eabi/lib/thumb/v7e-m\libg.a(lib_a-locale.o)
                0x20000c68                __global_locale
 .data.__malloc_av_
                0x20000dd4      0x408 c:/chibistudio/tools/gnu tools arm embedded/7.0 2017q4/bin/../lib/gcc/arm-none-eabi/7.2.1/../../../../arm-none-eabi/lib/thumb/v7e-m\libg.a(lib_a-mallocr.o)
                0x20000dd4                __malloc_av_
 .data.__malloc_sbrk_base
                0x200011dc        0x4 c:/chibistudio/tools/gnu tools arm embedded/7.0 2017q4/bin/../lib/gcc/arm-none-eabi/7.2.1/../../../../arm-none-eabi/lib/thumb/v7e-m\libg.a(lib_a-mallocr.o)
                0x200011dc                __malloc_sbrk_base
 .data.__malloc_trim_threshold
                0x200011e0        0x4 c:/chibistudio/tools/gnu tools arm embedded/7.0 2017q4/bin/../lib/gcc/arm-none-eabi/7.2.1/../../../../arm-none-eabi/lib/thumb/v7e-m\libg.a(lib_a-mallocr.o)
                0x200011e0                __malloc_trim_threshold
 *(.ramtext)
                0x200011e4                . = ALIGN (0x4)
                [!provide]                PROVIDE (_edata, .)
                0x200011e4                _data_end = .

.igot.plt       0x200011e4        0x0 load address 0x0800b008
 .igot.plt      0x200011e4        0x0 ./build/stm32f407_discovery/obj/crt0_v7m.o

.bss            0x200011e8     0x1cf0 load address 0x0800b008
                0x200011e8                . = ALIGN (0x4)
                0x200011e8                _bss_start = .
 *(.bss)
 *(.bss.*)
 .bss.ADCD1     0x200011e8       0x34 C:\Users\mvshv\AppData\Local\Temp\ccWdQC2T.ltrans0.ltrans.o
 .bss.PWMD3     0x2000121c       0x1c C:\Users\mvshv\AppData\Local\Temp\ccWdQC2T.ltrans0.ltrans.o
 .bss.PWMD4     0x20001238       0x1c C:\Users\mvshv\AppData\Local\Temp\ccWdQC2T.ltrans0.ltrans.o
 .bss.SDU1      0x20001254      0x490 C:\Users\mvshv\AppData\Local\Temp\ccWdQC2T.ltrans0.ltrans.o
 .bss.USBD1     0x200016e4       0x78 C:\Users\mvshv\AppData\Local\Temp\ccWdQC2T.ltrans0.ltrans.o
 .bss.USBD2     0x2000175c       0x78 C:\Users\mvshv\AppData\Local\Temp\ccWdQC2T.ltrans0.ltrans.o
 *fill*         0x200017d4        0x4 
 .bss.adcSampleThreadWA
                0x200017d8      0x108 C:\Users\mvshv\AppData\Local\Temp\ccWdQC2T.ltrans0.ltrans.o
 .bss.ch        0x200018e0      0x888 C:\Users\mvshv\AppData\Local\Temp\ccWdQC2T.ltrans0.ltrans.o
 .bss.ch_factory
                0x20002168       0x44 C:\Users\mvshv\AppData\Local\Temp\ccWdQC2T.ltrans0.ltrans.o
 *fill*         0x200021ac        0x4 
 .bss.ch_idle_thread_wa
                0x200021b0       0xd8 C:\Users\mvshv\AppData\Local\Temp\ccWdQC2T.ltrans0.ltrans.o
 .bss.ch_memcore
                0x20002288        0x8 C:\Users\mvshv\AppData\Local\Temp\ccWdQC2T.ltrans0.ltrans.o
 .bss.default_heap
                0x20002290       0x1c C:\Users\mvshv\AppData\Local\Temp\ccWdQC2T.ltrans0.ltrans.o
 .bss.dma_isr_redir
                0x200022ac       0x80 C:\Users\mvshv\AppData\Local\Temp\ccWdQC2T.ltrans0.ltrans.o
 .bss.dma_streams_mask
                0x2000232c        0x4 C:\Users\mvshv\AppData\Local\Temp\ccWdQC2T.ltrans0.ltrans.o
 .bss.ep0_state
                0x20002330       0x10 C:\Users\mvshv\AppData\Local\Temp\ccWdQC2T.ltrans0.ltrans.o
 .bss.ep0setup_buffer
                0x20002340        0x8 C:\Users\mvshv\AppData\Local\Temp\ccWdQC2T.ltrans0.ltrans.o
 .bss.ep1instate
                0x20002348       0x10 C:\Users\mvshv\AppData\Local\Temp\ccWdQC2T.ltrans0.ltrans.o
 .bss.ep1outstate
                0x20002358       0x10 C:\Users\mvshv\AppData\Local\Temp\ccWdQC2T.ltrans0.ltrans.o
 .bss.ep2instate
                0x20002368       0x10 C:\Users\mvshv\AppData\Local\Temp\ccWdQC2T.ltrans0.ltrans.o
 .bss.readThrWA
                0x20002378      0x4c8 C:\Users\mvshv\AppData\Local\Temp\ccWdQC2T.ltrans0.ltrans.o
 .bss.samples   0x20002840       0x30 C:\Users\mvshv\AppData\Local\Temp\ccWdQC2T.ltrans0.ltrans.o
 .bss.usbThreadWA
                0x20002870      0x148 C:\Users\mvshv\AppData\Local\Temp\ccWdQC2T.ltrans0.ltrans.o
 .bss.writeThrWA
                0x200029b8      0x4c8 C:\Users\mvshv\AppData\Local\Temp\ccWdQC2T.ltrans0.ltrans.o
 .bss.__malloc_current_mallinfo
                0x20002e80       0x28 c:/chibistudio/tools/gnu tools arm embedded/7.0 2017q4/bin/../lib/gcc/arm-none-eabi/7.2.1/../../../../arm-none-eabi/lib/thumb/v7e-m\libg.a(lib_a-mallocr.o)
                0x20002e80                __malloc_current_mallinfo
 .bss.__malloc_max_sbrked_mem
                0x20002ea8        0x4 c:/chibistudio/tools/gnu tools arm embedded/7.0 2017q4/bin/../lib/gcc/arm-none-eabi/7.2.1/../../../../arm-none-eabi/lib/thumb/v7e-m\libg.a(lib_a-mallocr.o)
                0x20002ea8                __malloc_max_sbrked_mem
 .bss.__malloc_max_total_mem
                0x20002eac        0x4 c:/chibistudio/tools/gnu tools arm embedded/7.0 2017q4/bin/../lib/gcc/arm-none-eabi/7.2.1/../../../../arm-none-eabi/lib/thumb/v7e-m\libg.a(lib_a-mallocr.o)
                0x20002eac                __malloc_max_total_mem
 .bss.__malloc_top_pad
                0x20002eb0        0x4 c:/chibistudio/tools/gnu tools arm embedded/7.0 2017q4/bin/../lib/gcc/arm-none-eabi/7.2.1/../../../../arm-none-eabi/lib/thumb/v7e-m\libg.a(lib_a-mallocr.o)
                0x20002eb0                __malloc_top_pad
 *(COMMON)
 COMMON         0x20002eb4       0x21 c:/chibistudio/tools/gnu tools arm embedded/7.0 2017q4/bin/../lib/gcc/arm-none-eabi/7.2.1/../../../../arm-none-eabi/lib/thumb/v7e-m\libg.a(lib_a-lock.o)
                0x20002eb4                __lock___atexit_recursive_mutex
                0x20002eb8                __lock___arc4random_mutex
                0x20002ebc                __lock___env_recursive_mutex
                0x20002ec0                __lock___sinit_recursive_mutex
                0x20002ec4                __lock___malloc_recursive_mutex
                0x20002ec8                __lock___at_quick_exit_mutex
                0x20002ecc                __lock___dd_hash_mutex
                0x20002ed0                __lock___tz_mutex
                0x20002ed4                __lock___sfp_recursive_mutex
                0x20002ed8                . = ALIGN (0x4)
 *fill*         0x20002ed5        0x3 
                0x20002ed8                _bss_end = .
                [!provide]                PROVIDE (end, .)

.ram0_init      0x20002ed8        0x0 load address 0x0800b008
                0x20002ed8                . = ALIGN (0x4)
                0x0800b008                __ram0_init_text__ = LOADADDR (.ram0_init)
                0x20002ed8                __ram0_init__ = .
 *(.ram0_init)
 *(.ram0_init.*)
                0x20002ed8                . = ALIGN (0x4)

.ram0           0x20002ed8        0x0 load address 0x0800b008
                0x20002ed8                . = ALIGN (0x4)
                0x20002ed8                __ram0_clear__ = .
 *(.ram0_clear)
 *(.ram0_clear.*)
                0x20002ed8                . = ALIGN (0x4)
                0x20002ed8                __ram0_noinit__ = .
 *(.ram0)
 *(.ram0.*)
                0x20002ed8                . = ALIGN (0x4)
                0x20002ed8                __ram0_free__ = .

.ram1_init      0x20000000        0x0 load address 0x0800b008
                0x20000000                . = ALIGN (0x4)
                0x0800b008                __ram1_init_text__ = LOADADDR (.ram1_init)
                0x20000000                __ram1_init__ = .
 *(.ram1_init)
 *(.ram1_init.*)
                0x20000000                . = ALIGN (0x4)

.ram1           0x20000000        0x0 load address 0x0800b008
                0x20000000                . = ALIGN (0x4)
                0x20000000                __ram1_clear__ = .
 *(.ram1_clear)
 *(.ram1_clear.*)
                0x20000000                . = ALIGN (0x4)
                0x20000000                __ram1_noinit__ = .
 *(.ram1)
 *(.ram1.*)
                0x20000000                . = ALIGN (0x4)
                0x20000000                __ram1_free__ = .

.ram2_init      0x2001c000        0x0 load address 0x0800b008
                0x2001c000                . = ALIGN (0x4)
                0x0800b008                __ram2_init_text__ = LOADADDR (.ram2_init)
                0x2001c000                __ram2_init__ = .
 *(.ram2_init)
 *(.ram2_init.*)
                0x2001c000                . = ALIGN (0x4)

.ram2           0x2001c000        0x0 load address 0x0800b008
                0x2001c000                . = ALIGN (0x4)
                0x2001c000                __ram2_clear__ = .
 *(.ram2_clear)
 *(.ram2_clear.*)
                0x2001c000                . = ALIGN (0x4)
                0x2001c000                __ram2_noinit__ = .
 *(.ram2)
 *(.ram2.*)
                0x2001c000                . = ALIGN (0x4)
                0x2001c000                __ram2_free__ = .

.ram3_init      0x00000000        0x0 load address 0x0800b008
                0x00000000                . = ALIGN (0x4)
                0x0800b008                __ram3_init_text__ = LOADADDR (.ram3_init)
                0x00000000                __ram3_init__ = .
 *(.ram3_init)
 *(.ram3_init.*)
                0x00000000                . = ALIGN (0x4)

.ram3           0x00000000        0x0 load address 0x0800b008
                0x00000000                . = ALIGN (0x4)
                0x00000000                __ram3_clear__ = .
 *(.ram3_clear)
 *(.ram3_clear.*)
                0x00000000                . = ALIGN (0x4)
                0x00000000                __ram3_noinit__ = .
 *(.ram3)
 *(.ram3.*)
                0x00000000                . = ALIGN (0x4)
                0x00000000                __ram3_free__ = .

.ram4_init      0x10000000        0x0 load address 0x0800b008
                0x10000000                . = ALIGN (0x4)
                0x0800b008                __ram4_init_text__ = LOADADDR (.ram4_init)
                0x10000000                __ram4_init__ = .
 *(.ram4_init)
 *(.ram4_init.*)
                0x10000000                . = ALIGN (0x4)

.ram4           0x10000000        0x0 load address 0x0800b008
                0x10000000                . = ALIGN (0x4)
                0x10000000                __ram4_clear__ = .
 *(.ram4_clear)
 *(.ram4_clear.*)
                0x10000000                . = ALIGN (0x4)
                0x10000000                __ram4_noinit__ = .
 *(.ram4)
 *(.ram4.*)
                0x10000000                . = ALIGN (0x4)
                0x10000000                __ram4_free__ = .

.ram5_init      0x40024000        0x0 load address 0x0800b008
                0x40024000                . = ALIGN (0x4)
                0x0800b008                __ram5_init_text__ = LOADADDR (.ram5_init)
                0x40024000                __ram5_init__ = .
 *(.ram5_init)
 *(.ram5_init.*)
                0x40024000                . = ALIGN (0x4)

.ram5           0x40024000        0x0 load address 0x0800b008
                0x40024000                . = ALIGN (0x4)
                0x40024000                __ram5_clear__ = .
 *(.ram5_clear)
 *(.ram5_clear.*)
                0x40024000                . = ALIGN (0x4)
                0x40024000                __ram5_noinit__ = .
 *(.ram5)
 *(.ram5.*)
                0x40024000                . = ALIGN (0x4)
                0x40024000                __ram5_free__ = .

.ram6_init      0x00000000        0x0 load address 0x0800b008
                0x00000000                . = ALIGN (0x4)
                0x0800b008                __ram6_init_text__ = LOADADDR (.ram6_init)
                0x00000000                __ram6_init__ = .
 *(.ram6_init)
 *(.ram6_init.*)
                0x00000000                . = ALIGN (0x4)

.ram6           0x00000000        0x0 load address 0x0800b008
                0x00000000                . = ALIGN (0x4)
                0x00000000                __ram6_clear__ = .
 *(.ram6_clear)
 *(.ram6_clear.*)
                0x00000000                . = ALIGN (0x4)
                0x00000000                __ram6_noinit__ = .
 *(.ram6)
 *(.ram6.*)
                0x00000000                . = ALIGN (0x4)
                0x00000000                __ram6_free__ = .

.ram7_init      0x00000000        0x0 load address 0x0800b008
                0x00000000                . = ALIGN (0x4)
                0x0800b008                __ram7_init_text__ = LOADADDR (.ram7_init)
                0x00000000                __ram7_init__ = .
 *(.ram7_init)
 *(.ram7_init.*)
                0x00000000                . = ALIGN (0x4)

.ram7           0x00000000        0x0 load address 0x0800b008
                0x00000000                . = ALIGN (0x4)
                0x00000000                __ram7_clear__ = .
 *(.ram7_clear)
 *(.ram7_clear.*)
                0x00000000                . = ALIGN (0x4)
                0x00000000                __ram7_noinit__ = .
 *(.ram7)
 *(.ram7.*)
                0x00000000                . = ALIGN (0x4)
                0x00000000                __ram7_free__ = .

.heap           0x20002ed8    0x1d128
                0x20002ed8                . = ALIGN (0x8)
                0x20002ed8                __heap_base__ = .
                0x20020000                . = (ORIGIN (HEAP_RAM) + LENGTH (HEAP_RAM))
 *fill*         0x20002ed8    0x1d128 
                0x20020000                __heap_end__ = .
                0x00000400                __process_stack_size__ = 0x400
                0x00000400                __main_stack_size__ = 0x400
START GROUP
LOAD c:/chibistudio/tools/gnu tools arm embedded/7.0 2017q4/bin/../lib/gcc/arm-none-eabi/7.2.1/thumb/v7e-m\libgcc.a
LOAD c:/chibistudio/tools/gnu tools arm embedded/7.0 2017q4/bin/../lib/gcc/arm-none-eabi/7.2.1/../../../../arm-none-eabi/lib/thumb/v7e-m\libg.a
LOAD c:/chibistudio/tools/gnu tools arm embedded/7.0 2017q4/bin/../lib/gcc/arm-none-eabi/7.2.1/../../../../arm-none-eabi/lib/thumb/v7e-m\libc.a
END GROUP
OUTPUT(build/stm32f407_discovery/ch.elf elf32-littlearm)

.ARM.attributes
                0x00000000       0x2f
 .ARM.attributes
                0x00000000       0x21 ./build/stm32f407_discovery/obj/crt0_v7m.o
 .ARM.attributes
                0x00000021       0x21 ./build/stm32f407_discovery/obj/vectors.o
 .ARM.attributes
                0x00000042       0x21 ./build/stm32f407_discovery/obj/chcoreasm_v7m.o
 .ARM.attributes
                0x00000063       0x31 C:\Users\mvshv\AppData\Local\Temp\ccWdQC2T.ltrans0.ltrans.o
 .ARM.attributes
                0x00000094       0x2e c:/chibistudio/tools/gnu tools arm embedded/7.0 2017q4/bin/../lib/gcc/arm-none-eabi/7.2.1/../../../../arm-none-eabi/lib/thumb/v7e-m\libg.a(lib_a-atoi.o)
 .ARM.attributes
                0x000000c2       0x2e c:/chibistudio/tools/gnu tools arm embedded/7.0 2017q4/bin/../lib/gcc/arm-none-eabi/7.2.1/../../../../arm-none-eabi/lib/thumb/v7e-m\libg.a(lib_a-strtok.o)
 .ARM.attributes
                0x000000f0       0x2e c:/chibistudio/tools/gnu tools arm embedded/7.0 2017q4/bin/../lib/gcc/arm-none-eabi/7.2.1/../../../../arm-none-eabi/lib/thumb/v7e-m\libg.a(lib_a-strtok_r.o)
 .ARM.attributes
                0x0000011e       0x2e c:/chibistudio/tools/gnu tools arm embedded/7.0 2017q4/bin/../lib/gcc/arm-none-eabi/7.2.1/../../../../arm-none-eabi/lib/thumb/v7e-m\libg.a(lib_a-strtol.o)
 .ARM.attributes
                0x0000014c       0x2e c:/chibistudio/tools/gnu tools arm embedded/7.0 2017q4/bin/../lib/gcc/arm-none-eabi/7.2.1/../../../../arm-none-eabi/lib/thumb/v7e-m\libg.a(lib_a-impure.o)
 .ARM.attributes
                0x0000017a       0x2e c:/chibistudio/tools/gnu tools arm embedded/7.0 2017q4/bin/../lib/gcc/arm-none-eabi/7.2.1/../../../../arm-none-eabi/lib/thumb/v7e-m\libg.a(lib_a-locale.o)
 .ARM.attributes
                0x000001a8       0x2e c:/chibistudio/tools/gnu tools arm embedded/7.0 2017q4/bin/../lib/gcc/arm-none-eabi/7.2.1/../../../../arm-none-eabi/lib/thumb/v7e-m\libg.a(lib_a-mbtowc_r.o)
 .ARM.attributes
                0x000001d6       0x2e c:/chibistudio/tools/gnu tools arm embedded/7.0 2017q4/bin/../lib/gcc/arm-none-eabi/7.2.1/../../../../arm-none-eabi/lib/thumb/v7e-m\libg.a(lib_a-wctomb_r.o)
 .ARM.attributes
                0x00000204       0x2e c:/chibistudio/tools/gnu tools arm embedded/7.0 2017q4/bin/../lib/gcc/arm-none-eabi/7.2.1/../../../../arm-none-eabi/lib/thumb/v7e-m\libg.a(lib_a-ctype_.o)
 .ARM.attributes
                0x00000232       0x1c c:/chibistudio/tools/gnu tools arm embedded/7.0 2017q4/bin/../lib/gcc/arm-none-eabi/7.2.1/../../../../arm-none-eabi/lib/thumb/v7e-m\libg.a(lib_a-memcpy.o)
 .ARM.attributes
                0x0000024e       0x2e c:/chibistudio/tools/gnu tools arm embedded/7.0 2017q4/bin/../lib/gcc/arm-none-eabi/7.2.1/../../../../arm-none-eabi/lib/thumb/v7e-m\libg.a(lib_a-memset.o)
 .ARM.attributes
                0x0000027c       0x2e c:/chibistudio/tools/gnu tools arm embedded/7.0 2017q4/bin/../lib/gcc/arm-none-eabi/7.2.1/../../../../arm-none-eabi/lib/thumb/v7e-m\libg.a(lib_a-sprintf.o)
 .ARM.attributes
                0x000002aa       0x2e c:/chibistudio/tools/gnu tools arm embedded/7.0 2017q4/bin/../lib/gcc/arm-none-eabi/7.2.1/../../../../arm-none-eabi/lib/thumb/v7e-m\libg.a(lib_a-strstr.o)
 .ARM.attributes
                0x000002d8       0x2e c:/chibistudio/tools/gnu tools arm embedded/7.0 2017q4/bin/../lib/gcc/arm-none-eabi/7.2.1/../../../../arm-none-eabi/lib/thumb/v7e-m\libg.a(lib_a-svfprintf.o)
 .ARM.attributes
                0x00000306       0x2e c:/chibistudio/tools/gnu tools arm embedded/7.0 2017q4/bin/../lib/gcc/arm-none-eabi/7.2.1/../../../../arm-none-eabi/lib/thumb/v7e-m\libg.a(lib_a-dtoa.o)
 .ARM.attributes
                0x00000334       0x2e c:/chibistudio/tools/gnu tools arm embedded/7.0 2017q4/bin/../lib/gcc/arm-none-eabi/7.2.1/../../../../arm-none-eabi/lib/thumb/v7e-m\libg.a(lib_a-localeconv.o)
 .ARM.attributes
                0x00000362       0x2e c:/chibistudio/tools/gnu tools arm embedded/7.0 2017q4/bin/../lib/gcc/arm-none-eabi/7.2.1/../../../../arm-none-eabi/lib/thumb/v7e-m\libg.a(lib_a-mallocr.o)
 .ARM.attributes
                0x00000390       0x1c c:/chibistudio/tools/gnu tools arm embedded/7.0 2017q4/bin/../lib/gcc/arm-none-eabi/7.2.1/../../../../arm-none-eabi/lib/thumb/v7e-m\libg.a(lib_a-memchr.o)
 .ARM.attributes
                0x000003ac       0x2e c:/chibistudio/tools/gnu tools arm embedded/7.0 2017q4/bin/../lib/gcc/arm-none-eabi/7.2.1/../../../../arm-none-eabi/lib/thumb/v7e-m\libg.a(lib_a-memcmp.o)
 .ARM.attributes
                0x000003da       0x2e c:/chibistudio/tools/gnu tools arm embedded/7.0 2017q4/bin/../lib/gcc/arm-none-eabi/7.2.1/../../../../arm-none-eabi/lib/thumb/v7e-m\libg.a(lib_a-mlock.o)
 .ARM.attributes
                0x00000408       0x2e c:/chibistudio/tools/gnu tools arm embedded/7.0 2017q4/bin/../lib/gcc/arm-none-eabi/7.2.1/../../../../arm-none-eabi/lib/thumb/v7e-m\libg.a(lib_a-mprec.o)
 .ARM.attributes
                0x00000436       0x2e c:/chibistudio/tools/gnu tools arm embedded/7.0 2017q4/bin/../lib/gcc/arm-none-eabi/7.2.1/../../../../arm-none-eabi/lib/thumb/v7e-m\libg.a(lib_a-strchr.o)
 .ARM.attributes
                0x00000464       0x1c c:/chibistudio/tools/gnu tools arm embedded/7.0 2017q4/bin/../lib/gcc/arm-none-eabi/7.2.1/../../../../arm-none-eabi/lib/thumb/v7e-m\libg.a(lib_a-strlen.o)
 .ARM.attributes
                0x00000480       0x2e c:/chibistudio/tools/gnu tools arm embedded/7.0 2017q4/bin/../lib/gcc/arm-none-eabi/7.2.1/../../../../arm-none-eabi/lib/thumb/v7e-m\libg.a(lib_a-svfiprintf.o)
 .ARM.attributes
                0x000004ae       0x2e c:/chibistudio/tools/gnu tools arm embedded/7.0 2017q4/bin/../lib/gcc/arm-none-eabi/7.2.1/../../../../arm-none-eabi/lib/thumb/v7e-m\libg.a(lib_a-callocr.o)
 .ARM.attributes
                0x000004dc       0x2e c:/chibistudio/tools/gnu tools arm embedded/7.0 2017q4/bin/../lib/gcc/arm-none-eabi/7.2.1/../../../../arm-none-eabi/lib/thumb/v7e-m\libg.a(lib_a-freer.o)
 .ARM.attributes
                0x0000050a       0x2e c:/chibistudio/tools/gnu tools arm embedded/7.0 2017q4/bin/../lib/gcc/arm-none-eabi/7.2.1/../../../../arm-none-eabi/lib/thumb/v7e-m\libg.a(lib_a-lock.o)
 .ARM.attributes
                0x00000538       0x2e c:/chibistudio/tools/gnu tools arm embedded/7.0 2017q4/bin/../lib/gcc/arm-none-eabi/7.2.1/../../../../arm-none-eabi/lib/thumb/v7e-m\libg.a(lib_a-memmove.o)
 .ARM.attributes
                0x00000566       0x2e c:/chibistudio/tools/gnu tools arm embedded/7.0 2017q4/bin/../lib/gcc/arm-none-eabi/7.2.1/../../../../arm-none-eabi/lib/thumb/v7e-m\libg.a(lib_a-reallocr.o)
 .ARM.attributes
                0x00000594       0x1e c:/chibistudio/tools/gnu tools arm embedded/7.0 2017q4/bin/../lib/gcc/arm-none-eabi/7.2.1/thumb/v7e-m\libgcc.a(_arm_addsubdf3.o)
 .ARM.attributes
                0x000005b2       0x1e c:/chibistudio/tools/gnu tools arm embedded/7.0 2017q4/bin/../lib/gcc/arm-none-eabi/7.2.1/thumb/v7e-m\libgcc.a(_arm_muldivdf3.o)
 .ARM.attributes
                0x000005d0       0x1e c:/chibistudio/tools/gnu tools arm embedded/7.0 2017q4/bin/../lib/gcc/arm-none-eabi/7.2.1/thumb/v7e-m\libgcc.a(_arm_cmpdf2.o)
 .ARM.attributes
                0x000005ee       0x1e c:/chibistudio/tools/gnu tools arm embedded/7.0 2017q4/bin/../lib/gcc/arm-none-eabi/7.2.1/thumb/v7e-m\libgcc.a(_arm_unorddf2.o)
 .ARM.attributes
                0x0000060c       0x1e c:/chibistudio/tools/gnu tools arm embedded/7.0 2017q4/bin/../lib/gcc/arm-none-eabi/7.2.1/thumb/v7e-m\libgcc.a(_arm_fixdfsi.o)
 .ARM.attributes
                0x0000062a       0x1e c:/chibistudio/tools/gnu tools arm embedded/7.0 2017q4/bin/../lib/gcc/arm-none-eabi/7.2.1/thumb/v7e-m\libgcc.a(_aeabi_uldivmod.o)
 .ARM.attributes
                0x00000648       0x2e c:/chibistudio/tools/gnu tools arm embedded/7.0 2017q4/bin/../lib/gcc/arm-none-eabi/7.2.1/thumb/v7e-m\libgcc.a(_udivmoddi4.o)
 .ARM.attributes
                0x00000676       0x1e c:/chibistudio/tools/gnu tools arm embedded/7.0 2017q4/bin/../lib/gcc/arm-none-eabi/7.2.1/thumb/v7e-m\libgcc.a(_dvmd_tls.o)

.comment        0x00000000       0x7e
 .comment       0x00000000       0x7e C:\Users\mvshv\AppData\Local\Temp\ccWdQC2T.ltrans0.ltrans.o
                                 0x7f (size before relaxing)

.debug_line     0x00000000     0x348e
 .debug_line    0x00000000       0xc8 ./build/stm32f407_discovery/obj/crt0_v7m.o
 .debug_line    0x000000c8       0x72 ./build/stm32f407_discovery/obj/vectors.o
 .debug_line    0x0000013a       0x87 ./build/stm32f407_discovery/obj/chcoreasm_v7m.o
 .debug_line    0x000001c1     0x32cd C:\Users\mvshv\AppData\Local\Temp\ccWdQC2T.ltrans0.ltrans.o

.debug_info     0x00000000     0xf77b
 .debug_info    0x00000000       0x26 ./build/stm32f407_discovery/obj/crt0_v7m.o
 .debug_info    0x00000026       0x26 ./build/stm32f407_discovery/obj/vectors.o
 .debug_info    0x0000004c       0x26 ./build/stm32f407_discovery/obj/chcoreasm_v7m.o
 .debug_info    0x00000072     0xf709 C:\Users\mvshv\AppData\Local\Temp\ccWdQC2T.ltrans0.ltrans.o

.debug_abbrev   0x00000000      0x8e0
 .debug_abbrev  0x00000000       0x14 ./build/stm32f407_discovery/obj/crt0_v7m.o
 .debug_abbrev  0x00000014       0x14 ./build/stm32f407_discovery/obj/vectors.o
 .debug_abbrev  0x00000028       0x14 ./build/stm32f407_discovery/obj/chcoreasm_v7m.o
 .debug_abbrev  0x0000003c      0x8a4 C:\Users\mvshv\AppData\Local\Temp\ccWdQC2T.ltrans0.ltrans.o

.debug_aranges  0x00000000      0x450
 .debug_aranges
                0x00000000       0x20 ./build/stm32f407_discovery/obj/crt0_v7m.o
 .debug_aranges
                0x00000020       0x20 ./build/stm32f407_discovery/obj/vectors.o
 .debug_aranges
                0x00000040       0x20 ./build/stm32f407_discovery/obj/chcoreasm_v7m.o
 .debug_aranges
                0x00000060      0x3f0 C:\Users\mvshv\AppData\Local\Temp\ccWdQC2T.ltrans0.ltrans.o

.debug_str      0x00000000     0x399f
 .debug_str     0x00000000       0x86 ./build/stm32f407_discovery/obj/crt0_v7m.o
 .debug_str     0x00000086       0x3d ./build/stm32f407_discovery/obj/vectors.o
                                 0x85 (size before relaxing)
 .debug_str     0x000000c3       0x41 ./build/stm32f407_discovery/obj/chcoreasm_v7m.o
                                 0x89 (size before relaxing)
 .debug_str     0x00000104     0x389b C:\Users\mvshv\AppData\Local\Temp\ccWdQC2T.ltrans0.ltrans.o
                               0x3b68 (size before relaxing)

.debug_loc      0x00000000     0x6470
 .debug_loc     0x00000000     0x6470 C:\Users\mvshv\AppData\Local\Temp\ccWdQC2T.ltrans0.ltrans.o

.debug_ranges   0x00000000     0x2638
 .debug_ranges  0x00000000     0x2638 C:\Users\mvshv\AppData\Local\Temp\ccWdQC2T.ltrans0.ltrans.o

.debug_frame    0x00000000     0x1a74
 .debug_frame   0x00000000      0xdd8 C:\Users\mvshv\AppData\Local\Temp\ccWdQC2T.ltrans0.ltrans.o
 .debug_frame   0x00000dd8       0x30 c:/chibistudio/tools/gnu tools arm embedded/7.0 2017q4/bin/../lib/gcc/arm-none-eabi/7.2.1/../../../../arm-none-eabi/lib/thumb/v7e-m\libg.a(lib_a-atoi.o)
 .debug_frame   0x00000e08       0x20 c:/chibistudio/tools/gnu tools arm embedded/7.0 2017q4/bin/../lib/gcc/arm-none-eabi/7.2.1/../../../../arm-none-eabi/lib/thumb/v7e-m\libg.a(lib_a-strtok.o)
 .debug_frame   0x00000e28       0x48 c:/chibistudio/tools/gnu tools arm embedded/7.0 2017q4/bin/../lib/gcc/arm-none-eabi/7.2.1/../../../../arm-none-eabi/lib/thumb/v7e-m\libg.a(lib_a-strtok_r.o)
 .debug_frame   0x00000e70       0x98 c:/chibistudio/tools/gnu tools arm embedded/7.0 2017q4/bin/../lib/gcc/arm-none-eabi/7.2.1/../../../../arm-none-eabi/lib/thumb/v7e-m\libg.a(lib_a-strtol.o)
 .debug_frame   0x00000f08       0x6c c:/chibistudio/tools/gnu tools arm embedded/7.0 2017q4/bin/../lib/gcc/arm-none-eabi/7.2.1/../../../../arm-none-eabi/lib/thumb/v7e-m\libg.a(lib_a-locale.o)
 .debug_frame   0x00000f74       0x4c c:/chibistudio/tools/gnu tools arm embedded/7.0 2017q4/bin/../lib/gcc/arm-none-eabi/7.2.1/../../../../arm-none-eabi/lib/thumb/v7e-m\libg.a(lib_a-mbtowc_r.o)
 .debug_frame   0x00000fc0       0x3c c:/chibistudio/tools/gnu tools arm embedded/7.0 2017q4/bin/../lib/gcc/arm-none-eabi/7.2.1/../../../../arm-none-eabi/lib/thumb/v7e-m\libg.a(lib_a-wctomb_r.o)
 .debug_frame   0x00000ffc       0x38 c:/chibistudio/tools/gnu tools arm embedded/7.0 2017q4/bin/../lib/gcc/arm-none-eabi/7.2.1/../../../../arm-none-eabi/lib/thumb/v7e-m\libg.a(lib_a-memset.o)