Archive member included to satisfy reference by file (symbol)

/usr/bin/../lib/gcc/arm-none-eabi/7.3.1/../../../../arm-none-eabi/lib/thumb/v7e-m/libg.a(lib_a-atoi.o)
                              ./build/stm32f407_discovery/obj/communicationThread.o (symbol from plugin) (atoi)
/usr/bin/../lib/gcc/arm-none-eabi/7.3.1/../../../../arm-none-eabi/lib/thumb/v7e-m/libg.a(lib_a-strtok_r.o)
                              ./build/stm32f407_discovery/obj/communicationThread.o (symbol from plugin) (strtok_r)
/usr/bin/../lib/gcc/arm-none-eabi/7.3.1/../../../../arm-none-eabi/lib/thumb/v7e-m/libg.a(lib_a-strtol.o)
                              /usr/bin/../lib/gcc/arm-none-eabi/7.3.1/../../../../arm-none-eabi/lib/thumb/v7e-m/libg.a(lib_a-atoi.o) (_strtol_r)
/usr/bin/../lib/gcc/arm-none-eabi/7.3.1/../../../../arm-none-eabi/lib/thumb/v7e-m/libg.a(lib_a-impure.o)
                              /usr/bin/../lib/gcc/arm-none-eabi/7.3.1/../../../../arm-none-eabi/lib/thumb/v7e-m/libg.a(lib_a-strtol.o) (_impure_ptr)
/usr/bin/../lib/gcc/arm-none-eabi/7.3.1/../../../../arm-none-eabi/lib/thumb/v7e-m/libg.a(lib_a-locale.o)
                              /usr/bin/../lib/gcc/arm-none-eabi/7.3.1/../../../../arm-none-eabi/lib/thumb/v7e-m/libg.a(lib_a-strtol.o) (__locale_ctype_ptr_l)
/usr/bin/../lib/gcc/arm-none-eabi/7.3.1/../../../../arm-none-eabi/lib/thumb/v7e-m/libg.a(lib_a-mbtowc_r.o)
                              /usr/bin/../lib/gcc/arm-none-eabi/7.3.1/../../../../arm-none-eabi/lib/thumb/v7e-m/libg.a(lib_a-locale.o) (__ascii_mbtowc)
/usr/bin/../lib/gcc/arm-none-eabi/7.3.1/../../../../arm-none-eabi/lib/thumb/v7e-m/libg.a(lib_a-strcmp.o)
                              /usr/bin/../lib/gcc/arm-none-eabi/7.3.1/../../../../arm-none-eabi/lib/thumb/v7e-m/libg.a(lib_a-locale.o) (strcmp)
/usr/bin/../lib/gcc/arm-none-eabi/7.3.1/../../../../arm-none-eabi/lib/thumb/v7e-m/libg.a(lib_a-wctomb_r.o)
                              /usr/bin/../lib/gcc/arm-none-eabi/7.3.1/../../../../arm-none-eabi/lib/thumb/v7e-m/libg.a(lib_a-locale.o) (__ascii_wctomb)
/usr/bin/../lib/gcc/arm-none-eabi/7.3.1/../../../../arm-none-eabi/lib/thumb/v7e-m/libg.a(lib_a-ctype_.o)
                              /usr/bin/../lib/gcc/arm-none-eabi/7.3.1/../../../../arm-none-eabi/lib/thumb/v7e-m/libg.a(lib_a-locale.o) (_ctype_)
/usr/bin/../lib/gcc/arm-none-eabi/7.3.1/../../../../arm-none-eabi/lib/thumb/v7e-m/libg.a(lib_a-memcpy.o)
                              /tmp/cc2hX0XN.ltrans0.ltrans.o (memcpy)
/usr/bin/../lib/gcc/arm-none-eabi/7.3.1/../../../../arm-none-eabi/lib/thumb/v7e-m/libg.a(lib_a-memset.o)
                              /tmp/cc2hX0XN.ltrans0.ltrans.o (memset)
/usr/bin/../lib/gcc/arm-none-eabi/7.3.1/../../../../arm-none-eabi/lib/thumb/v7e-m/libg.a(lib_a-sprintf.o)
                              /tmp/cc2hX0XN.ltrans0.ltrans.o (sprintf)
/usr/bin/../lib/gcc/arm-none-eabi/7.3.1/../../../../arm-none-eabi/lib/thumb/v7e-m/libg.a(lib_a-strstr.o)
                              /tmp/cc2hX0XN.ltrans0.ltrans.o (strstr)
/usr/bin/../lib/gcc/arm-none-eabi/7.3.1/../../../../arm-none-eabi/lib/thumb/v7e-m/libg.a(lib_a-svfprintf.o)
                              /usr/bin/../lib/gcc/arm-none-eabi/7.3.1/../../../../arm-none-eabi/lib/thumb/v7e-m/libg.a(lib_a-sprintf.o) (_svfprintf_r)
/usr/bin/../lib/gcc/arm-none-eabi/7.3.1/../../../../arm-none-eabi/lib/thumb/v7e-m/libg.a(lib_a-dtoa.o)
                              /usr/bin/../lib/gcc/arm-none-eabi/7.3.1/../../../../arm-none-eabi/lib/thumb/v7e-m/libg.a(lib_a-svfprintf.o) (_dtoa_r)
/usr/bin/../lib/gcc/arm-none-eabi/7.3.1/../../../../arm-none-eabi/lib/thumb/v7e-m/libg.a(lib_a-freer.o)
                              /usr/bin/../lib/gcc/arm-none-eabi/7.3.1/../../../../arm-none-eabi/lib/thumb/v7e-m/libg.a(lib_a-svfprintf.o) (_free_r)
/usr/bin/../lib/gcc/arm-none-eabi/7.3.1/../../../../arm-none-eabi/lib/thumb/v7e-m/libg.a(lib_a-localeconv.o)
                              /usr/bin/../lib/gcc/arm-none-eabi/7.3.1/../../../../arm-none-eabi/lib/thumb/v7e-m/libg.a(lib_a-svfprintf.o) (_localeconv_r)
/usr/bin/../lib/gcc/arm-none-eabi/7.3.1/../../../../arm-none-eabi/lib/thumb/v7e-m/libg.a(lib_a-mallocr.o)
                              /usr/bin/../lib/gcc/arm-none-eabi/7.3.1/../../../../arm-none-eabi/lib/thumb/v7e-m/libg.a(lib_a-svfprintf.o) (_malloc_r)
/usr/bin/../lib/gcc/arm-none-eabi/7.3.1/../../../../arm-none-eabi/lib/thumb/v7e-m/libg.a(lib_a-memchr.o)
                              /usr/bin/../lib/gcc/arm-none-eabi/7.3.1/../../../../arm-none-eabi/lib/thumb/v7e-m/libg.a(lib_a-strstr.o) (memchr)
/usr/bin/../lib/gcc/arm-none-eabi/7.3.1/../../../../arm-none-eabi/lib/thumb/v7e-m/libg.a(lib_a-memcmp.o)
                              /usr/bin/../lib/gcc/arm-none-eabi/7.3.1/../../../../arm-none-eabi/lib/thumb/v7e-m/libg.a(lib_a-strstr.o) (memcmp)
/usr/bin/../lib/gcc/arm-none-eabi/7.3.1/../../../../arm-none-eabi/lib/thumb/v7e-m/libg.a(lib_a-mlock.o)
[...]
Memory Configuration

Name             Origin             Length             Attributes
flash0           0x0000000008000000 0x0000000000100000
flash1           0x0000000000000000 0x0000000000000000
flash2           0x0000000000000000 0x0000000000000000
flash3           0x0000000000000000 0x0000000000000000
flash4           0x0000000000000000 0x0000000000000000
flash5           0x0000000000000000 0x0000000000000000
flash6           0x0000000000000000 0x0000000000000000
flash7           0x0000000000000000 0x0000000000000000
ram0             0x0000000020000000 0x0000000000020000
ram1             0x0000000020000000 0x000000000001c000
ram2             0x000000002001c000 0x0000000000004000
ram3             0x0000000000000000 0x0000000000000000
ram4             0x0000000010000000 0x0000000000010000
ram5             0x0000000040024000 0x0000000000001000
ram6             0x0000000000000000 0x0000000000000000
ram7             0x0000000000000000 0x0000000000000000
*default*        0x0000000000000000 0xffffffffffffffff

Linker script and memory map

LOAD ./build/stm32f407_discovery/obj/crt0_v7m.o
LOAD ./build/stm32f407_discovery/obj/vectors.o
LOAD ./build/stm32f407_discovery/obj/chcoreasm_v7m.o
LOAD /tmp/cc2hX0XN.ltrans0.ltrans.o

.mstack         0x0000000020000000      0x400
                0x0000000020000000                . = ALIGN (0x8)
                0x0000000020000000                __main_stack_base__ = .
                0x0000000020000400                . = (. + __main_stack_size__)
 *fill*         0x0000000020000000      0x400 
                0x0000000020000400                . = ALIGN (0x8)
                0x0000000020000400                __main_stack_end__ = .

.pstack         0x0000000020000400      0x400
                0x0000000020000400                __process_stack_base__ = .
                0x0000000020000400                __main_thread_stack_base__ = .
                0x0000000020000800                . = (. + __process_stack_size__)
 *fill*         0x0000000020000400      0x400 
                0x0000000020000800                . = ALIGN (0x8)
                0x0000000020000800                __process_stack_end__ = .
                0x0000000020000800                __main_thread_stack_end__ = .

.vectors        0x0000000008000000      0x1e0
 *(.vectors)
 .vectors       0x0000000008000000      0x1e0 ./build/stm32f407_discovery/obj/vectors.o
                0x0000000008000000                _vectors

.xtors          0x00000000080001e0        0x0
                0x00000000080001e0                __init_array_start = .
 *(SORT_BY_NAME(.init_array.*))
 *(.init_array)
                0x00000000080001e0                __init_array_end = .
                0x00000000080001e0                __fini_array_start = .
 *(.fini_array)
 *(SORT_BY_NAME(.fini_array.*))
                0x00000000080001e0                __fini_array_end = .

.text           0x00000000080001e0     0x9dac
 *(.text)
 .text          0x00000000080001e0       0xd8 ./build/stm32f407_discovery/obj/crt0_v7m.o
                0x00000000080001e0                _crt0_entry
 .text          0x00000000080002b8        0x8 ./build/stm32f407_discovery/obj/vectors.o
                0x00000000080002b8                Reset_Handler
                0x00000000080002ba                Vector58
                0x00000000080002ba                VectorE8
                0x00000000080002ba                Vector9C
                0x00000000080002ba                VectorAC
                0x00000000080002ba                DebugMon_Handler
                0x00000000080002ba                Vector1A0
                0x00000000080002ba                Vector5C
                0x00000000080002ba                Vector11C
                0x00000000080002ba                HardFault_Handler
                0x00000000080002ba                Vector1B8
                0x00000000080002ba                Vector19C
                0x00000000080002ba                Vector8C
                0x00000000080002ba                SysTick_Handler
                0x00000000080002ba                VectorDC
                0x00000000080002ba                PendSV_Handler
                0x00000000080002ba                Vector168
                0x00000000080002ba                NMI_Handler
                0x00000000080002ba                Vector110
                0x00000000080002ba                Vector1D8
                0x00000000080002ba                VectorC8
                0x00000000080002ba                Vector94
                0x00000000080002ba                VectorA8
                0x00000000080002ba                Vector160
                0x00000000080002ba                Vector1B0
                0x00000000080002ba                UsageFault_Handler
                0x00000000080002ba                VectorEC
                0x00000000080002ba                Vector40
                0x00000000080002ba                VectorF8
                0x00000000080002ba                Vector108
                0x00000000080002ba                VectorBC
                0x00000000080002ba                Vector190
                0x00000000080002ba                Vector1C4
                0x00000000080002ba                Vector1CC
                0x00000000080002ba                Vector148
                0x00000000080002ba                Vector188
                0x00000000080002ba                Vector198
                0x00000000080002ba                Vector118
                0x00000000080002ba                Vector64
                0x00000000080002ba                VectorCC
                0x00000000080002ba                Vector54
                0x00000000080002ba                Vector98
                0x00000000080002ba                VectorD8
                0x00000000080002ba                Vector138
                0x00000000080002ba                Vector24
                0x00000000080002ba                Vector1AC
                0x00000000080002ba                Vector178
                0x00000000080002ba                Vector1A4
                0x00000000080002ba                VectorD0
                0x00000000080002ba                Vector1B4
                0x00000000080002ba                Vector140
                0x00000000080002ba                VectorE4
                0x00000000080002ba                VectorC0
                0x00000000080002ba                Vector1C0
                0x00000000080002ba                Vector134
                0x00000000080002ba                Vector1D0
                0x00000000080002ba                VectorF0
                0x00000000080002ba                Vector13C
                0x00000000080002ba                Vector100
                0x00000000080002ba                VectorE0
                0x00000000080002ba                VectorF4
                0x00000000080002ba                MemManage_Handler
                0x00000000080002ba                VectorA0
                0x00000000080002ba                VectorC4
                0x00000000080002ba                Vector180
                0x00000000080002ba                Vector90
                0x00000000080002ba                Vector114
                0x00000000080002ba                Vector164
                0x00000000080002ba                Vector60
                0x00000000080002ba                Vector1C
                0x00000000080002ba                Vector1BC
                0x00000000080002ba                Vector1D4
                0x00000000080002ba                Vector17C
                0x00000000080002ba                Vector48
                0x00000000080002ba                Vector1A8
                0x00000000080002ba                Vector16C
                0x00000000080002ba                VectorD4
                0x00000000080002ba                Vector4C
                0x00000000080002ba                Vector144
                0x00000000080002ba                Vector15C
                0x00000000080002ba                Vector68
                0x00000000080002ba                Vector170
                0x00000000080002ba                Vector104
                0x00000000080002ba                Vector184
                0x00000000080002ba                Vector10C
                0x00000000080002ba                BusFault_Handler
                0x00000000080002ba                Vector50
                0x00000000080002ba                Vector1C8
                0x00000000080002ba                Vector194
                0x00000000080002ba                Vector1DC
                0x00000000080002ba                Vector44
                0x00000000080002ba                Vector28
                0x00000000080002ba                Vector34
                0x00000000080002ba                VectorA4
                0x00000000080002ba                Vector20
                0x00000000080002ba                Vector18C
                0x00000000080002be                _unhandled_exception
 .text          0x00000000080002c0       0x34 ./build/stm32f407_discovery/obj/chcoreasm_v7m.o
                0x00000000080002c0                _port_switch
                0x00000000080002d0                _port_thread_start
                0x00000000080002e4                _port_switch_from_isr
                0x00000000080002f0                _port_exit_from_isr
 .text          0x00000000080002f4      0x134 /usr/bin/../lib/gcc/arm-none-eabi/7.3.1/../../../../arm-none-eabi/lib/thumb/v7e-m/libg.a(lib_a-memcpy.o)
                0x00000000080002f4                memcpy
 *fill*         0x0000000008000428        0x8 
 .text          0x0000000008000430       0xa0 /usr/bin/../lib/gcc/arm-none-eabi/7.3.1/../../../../arm-none-eabi/lib/thumb/v7e-m/libg.a(lib_a-memchr.o)
                0x0000000008000430                memchr
 *fill*         0x00000000080004d0       0x30 
 .text          0x0000000008000500       0xdc /usr/bin/../lib/gcc/arm-none-eabi/7.3.1/../../../../arm-none-eabi/lib/thumb/v7e-m/libg.a(lib_a-strlen.o)
                0x0000000008000500                strlen
 .text          0x00000000080005dc      0x378 /usr/bin/../lib/gcc/arm-none-eabi/7.3.1/thumb/v7e-m/libgcc.a(_arm_addsubdf3.o)
                0x00000000080005dc                __aeabi_drsub
                0x00000000080005e4                __aeabi_dsub
                0x00000000080005e4                __subdf3
                0x00000000080005e8                __adddf3
                0x00000000080005e8                __aeabi_dadd
                0x0000000008000860                __aeabi_ui2d
                0x0000000008000860                __floatunsidf
                0x0000000008000880                __floatsidf
                0x0000000008000880                __aeabi_i2d
                0x00000000080008a4                __extendsfdf2
                0x00000000080008a4                __aeabi_f2d
                0x00000000080008e8                __aeabi_ul2d
                0x00000000080008e8                __floatundidf
                0x00000000080008f8                __floatdidf
                0x00000000080008f8                __aeabi_l2d
 .text          0x0000000008000954      0x424 /usr/bin/../lib/gcc/arm-none-eabi/7.3.1/thumb/v7e-m/libgcc.a(_arm_muldivdf3.o)
                0x0000000008000954                __aeabi_dmul
                0x0000000008000954                __muldf3
                0x0000000008000ba8                __aeabi_ddiv
                0x0000000008000ba8                __divdf3
 .text          0x0000000008000d78      0x110 /usr/bin/../lib/gcc/arm-none-eabi/7.3.1/thumb/v7e-m/libgcc.a(_arm_cmpdf2.o)
                0x0000000008000d78                __gtdf2
                0x0000000008000d78                __gedf2
                0x0000000008000d80                __ltdf2
                0x0000000008000d80                __ledf2
                0x0000000008000d88                __cmpdf2
                0x0000000008000d88                __eqdf2
                0x0000000008000d88                __nedf2
                0x0000000008000e04                __aeabi_cdrcmple
                0x0000000008000e14                __aeabi_cdcmple
                0x0000000008000e14                __aeabi_cdcmpeq
                0x0000000008000e24                __aeabi_dcmpeq
                0x0000000008000e38                __aeabi_dcmplt
                0x0000000008000e4c                __aeabi_dcmple
                0x0000000008000e60                __aeabi_dcmpge
                0x0000000008000e74                __aeabi_dcmpgt
 .text          0x0000000008000e88       0x2c /usr/bin/../lib/gcc/arm-none-eabi/7.3.1/thumb/v7e-m/libgcc.a(_arm_unorddf2.o)
                0x0000000008000e88                __aeabi_dcmpun
                0x0000000008000e88                __unorddf2
 .text          0x0000000008000eb4       0x50 /usr/bin/../lib/gcc/arm-none-eabi/7.3.1/thumb/v7e-m/libgcc.a(_arm_fixdfsi.o)
                0x0000000008000eb4                __fixdfsi
                0x0000000008000eb4                __aeabi_d2iz
 .text          0x0000000008000f04       0x30 /usr/bin/../lib/gcc/arm-none-eabi/7.3.1/thumb/v7e-m/libgcc.a(_aeabi_uldivmod.o)
                0x0000000008000f04                __aeabi_uldivmod
 .text          0x0000000008000f34      0x2cc /usr/bin/../lib/gcc/arm-none-eabi/7.3.1/thumb/v7e-m/libgcc.a(_udivmoddi4.o)
                0x0000000008000f34                __udivmoddi4
 .text          0x0000000008001200        0x4 /usr/bin/../lib/gcc/arm-none-eabi/7.3.1/thumb/v7e-m/libgcc.a(_dvmd_tls.o)
                0x0000000008001200                __aeabi_ldiv0
                0x0000000008001200                __aeabi_idiv0
 *(.text.*)
 *fill*         0x0000000008001204        0xc 
 .text.chTMStartMeasurementX.constprop.5
                0x0000000008001210        0xc /tmp/cc2hX0XN.ltrans0.ltrans.o
 *fill*         0x000000000800121c        0x4 
 .text.get_descriptor
                0x0000000008001220       0x30 /tmp/cc2hX0XN.ltrans0.ltrans.o
 .text._port_irq_epilogue
                0x0000000008001250       0x54 /tmp/cc2hX0XN.ltrans0.ltrans.o
 *fill*         0x00000000080012a4        0xc 
 .text.chTMStopMeasurementX
                0x00000000080012b0       0x44 /tmp/cc2hX0XN.ltrans0.ltrans.o
 *fill*         0x00000000080012f4        0xc 
 .text.trace_next
                0x0000000008001300       0x38 /tmp/cc2hX0XN.ltrans0.ltrans.o
 *fill*         0x0000000008001338        0x8 
 .text._trace_switch.part.0
                0x0000000008001340       0x2c /tmp/cc2hX0XN.ltrans0.ltrans.o
 *fill*         0x000000000800136c        0x4 
 .text._trace_isr_leave
                0x0000000008001370       0x2c /tmp/cc2hX0XN.ltrans0.ltrans.o
 *fill*         0x000000000800139c        0x4 
 .text._trace_isr_enter
                0x00000000080013a0       0x2c /tmp/cc2hX0XN.ltrans0.ltrans.o
 *fill*         0x00000000080013cc        0x4 
 .text.chSysPolledDelayX
                0x00000000080013d0       0x14 /tmp/cc2hX0XN.ltrans0.ltrans.o
 *fill*         0x00000000080013e4        0xc 
 .text.chSysHalt
                0x00000000080013f0       0x24 /tmp/cc2hX0XN.ltrans0.ltrans.o
 *fill*         0x0000000008001414        0xc 
 .text.chDbgCheckClassS
                0x0000000008001420       0x20 /tmp/cc2hX0XN.ltrans0.ltrans.o
 .text.chDbgCheckClassI
                0x0000000008001440       0x20 /tmp/cc2hX0XN.ltrans0.ltrans.o
 .text.chCoreAllocAlignedWithOffsetI
                0x0000000008001460       0x50 /tmp/cc2hX0XN.ltrans0.ltrans.o
 .text.chCoreAllocAlignedI
                0x00000000080014b0        0x8 /tmp/cc2hX0XN.ltrans0.ltrans.o
 *fill*         0x00000000080014b8        0x8 
 .text.chSchReadyI
                0x00000000080014c0       0x44 /tmp/cc2hX0XN.ltrans0.ltrans.o
 *fill*         0x0000000008001504        0xc 
 .text.chThdDequeueAllI.constprop.36
                0x0000000008001510       0x4c /tmp/cc2hX0XN.ltrans0.ltrans.o
 *fill*         0x000000000800155c        0x4 
 .text.chEvtBroadcastFlagsI
                0x0000000008001560       0x88 /tmp/cc2hX0XN.ltrans0.ltrans.o
 *fill*         0x00000000080015e8        0x8 
 .text.chThdResumeI
                0x00000000080015f0       0x2c /tmp/cc2hX0XN.ltrans0.ltrans.o
 *fill*         0x000000000800161c        0x4 
 .text._dbg_check_leave_isr
                0x0000000008001620       0x2c /tmp/cc2hX0XN.ltrans0.ltrans.o
 *fill*         0x000000000800164c        0x4 
 .text._dbg_check_enter_isr
                0x0000000008001650       0x2c /tmp/cc2hX0XN.ltrans0.ltrans.o
 *fill*         0x000000000800167c        0x4 
 .text._dbg_check_unlock_from_isr
                0x0000000008001680       0x24 /tmp/cc2hX0XN.ltrans0.ltrans.o
 *fill*         0x00000000080016a4        0xc 
 .text._dbg_check_lock_from_isr
                0x00000000080016b0       0x24 /tmp/cc2hX0XN.ltrans0.ltrans.o
 *fill*         0x00000000080016d4        0xc 
 .text.wakeup   0x00000000080016e0       0x64 /tmp/cc2hX0XN.ltrans0.ltrans.o
 *fill*         0x0000000008001744        0xc 
 .text._idle_thread
                0x0000000008001750        0x4 /tmp/cc2hX0XN.ltrans0.ltrans.o
 *fill*         0x0000000008001754        0xc 
 .text.pwm_lld_serve_interrupt
                0x0000000008001760       0x5c /tmp/cc2hX0XN.ltrans0.ltrans.o
 *fill*         0x00000000080017bc        0x4 
 .text.pwm_lld_start
                0x00000000080017c0      0x154 /tmp/cc2hX0XN.ltrans0.ltrans.o
 *fill*         0x0000000008001914        0xc 
 .text.usb_lld_start_in
                0x0000000008001920       0xa8 /tmp/cc2hX0XN.ltrans0.ltrans.o
 *fill*         0x00000000080019c8        0x8 
 .text.usb_lld_start_out
                0x00000000080019d0       0x80 /tmp/cc2hX0XN.ltrans0.ltrans.o
 .text.otg_epout_handler
                0x0000000008001a50       0x98 /tmp/cc2hX0XN.ltrans0.ltrans.o
 *fill*         0x0000000008001ae8        0x8 
 .text.otg_txfifo_handler
                0x0000000008001af0       0xa4 /tmp/cc2hX0XN.ltrans0.ltrans.o
 *fill*         0x0000000008001b94        0xc 
 .text.otg_epin_handler
                0x0000000008001ba0       0x9c /tmp/cc2hX0XN.ltrans0.ltrans.o
 *fill*         0x0000000008001c3c        0x4 
 .text.usb_lld_serve_interrupt
                0x0000000008001c40      0x41c /tmp/cc2hX0XN.ltrans0.ltrans.o
 *fill*         0x000000000800205c        0x4 
 .text._pal_lld_setgroupmode
                0x0000000008002060       0xb0 /tmp/cc2hX0XN.ltrans0.ltrans.o
 .text.adc_lld_stop_conversion
                0x0000000008002110       0x34 /tmp/cc2hX0XN.ltrans0.ltrans.o
 *fill*         0x0000000008002144        0xc 
 .text.adc_lld_serve_rx_interrupt
                0x0000000008002150       0xec /tmp/cc2hX0XN.ltrans0.ltrans.o
 *fill*         0x000000000800223c        0x4 
 .text.usbStartTransmitI
                0x0000000008002240       0x50 /tmp/cc2hX0XN.ltrans0.ltrans.o
 .text._usb_ep0out
                0x0000000008002290       0x88 /tmp/cc2hX0XN.ltrans0.ltrans.o
 *fill*         0x0000000008002318        0x8 
 .text.usbStartReceiveI
                0x0000000008002320       0x50 /tmp/cc2hX0XN.ltrans0.ltrans.o
 .text._usb_ep0in
                0x0000000008002370       0xcc /tmp/cc2hX0XN.ltrans0.ltrans.o
 *fill*         0x000000000800243c        0x4 
 .text.sduInterruptTransmitted
                0x0000000008002440        0x4 /tmp/cc2hX0XN.ltrans0.ltrans.o
 *fill*         0x0000000008002444        0xc 
 .text.sduRequestsHook
                0x0000000008002450       0x40 /tmp/cc2hX0XN.ltrans0.ltrans.o
 .text._ctl     0x0000000008002490       0x1c /tmp/cc2hX0XN.ltrans0.ltrans.o
 *fill*         0x00000000080024ac        0x4 
 .text.sdu_start_receive
                0x00000000080024b0       0x50 /tmp/cc2hX0XN.ltrans0.ltrans.o
 .text.ibnotify
                0x0000000008002500        0x8 /tmp/cc2hX0XN.ltrans0.ltrans.o
 *fill*         0x0000000008002508        0x8 
 .text.sduDataReceived
                0x0000000008002510       0xac /tmp/cc2hX0XN.ltrans0.ltrans.o
 *fill*         0x00000000080025bc        0x4 
 .text.obqPostFullBufferS
                0x00000000080025c0       0x50 /tmp/cc2hX0XN.ltrans0.ltrans.o
 .text.obqGetFullBufferI
                0x0000000008002610       0x24 /tmp/cc2hX0XN.ltrans0.ltrans.o
 *fill*         0x0000000008002634        0xc 
 .text.obnotify
                0x0000000008002640       0x48 /tmp/cc2hX0XN.ltrans0.ltrans.o
 *fill*         0x0000000008002688        0x8 
 .text.sof_handler
                0x0000000008002690       0xa4 /tmp/cc2hX0XN.ltrans0.ltrans.o
 *fill*         0x0000000008002734        0xc 
 .text.sduDataTransmitted
                0x0000000008002740       0xd8 /tmp/cc2hX0XN.ltrans0.ltrans.o
 *fill*         0x0000000008002818        0x8 
 .text.ibqReleaseEmptyBufferS
                0x0000000008002820       0x40 /tmp/cc2hX0XN.ltrans0.ltrans.o
 .text.stSetAlarm
                0x0000000008002860       0x1c /tmp/cc2hX0XN.ltrans0.ltrans.o
 *fill*         0x000000000800287c        0x4 
 .text.chSchWakeupS.constprop.10
                0x0000000008002880       0x78 /tmp/cc2hX0XN.ltrans0.ltrans.o
 *fill*         0x00000000080028f8        0x8 
 .text.chSchGoSleepS
                0x0000000008002900       0x54 /tmp/cc2hX0XN.ltrans0.ltrans.o
 *fill*         0x0000000008002954        0xc 
 .text.chSchGoSleepTimeoutS
                0x0000000008002960      0x150 /tmp/cc2hX0XN.ltrans0.ltrans.o
 .text.obqGetEmptyBufferTimeoutS
                0x0000000008002ab0       0x60 /tmp/cc2hX0XN.ltrans0.ltrans.o
 .text.ibqGetFullBufferTimeoutS
                0x0000000008002b10       0x60 /tmp/cc2hX0XN.ltrans0.ltrans.o
 .text.sendMessage.constprop.1
                0x0000000008002b70       0x30 /tmp/cc2hX0XN.ltrans0.ltrans.o
 .text.usbInitEndpointI
                0x0000000008002ba0      0x1a8 /tmp/cc2hX0XN.ltrans0.ltrans.o
 *fill*         0x0000000008002d48        0x8 
 .text.usb_event
                0x0000000008002d50       0xf0 /tmp/cc2hX0XN.ltrans0.ltrans.o
 .text._usb_ep0setup
                0x0000000008002e40      0x3cc /tmp/cc2hX0XN.ltrans0.ltrans.o
 *fill*         0x000000000800320c        0x4 
 .text.SVC_Handler
                0x0000000008003210       0x14 /tmp/cc2hX0XN.ltrans0.ltrans.o
                0x0000000008003210                SVC_Handler
 *fill*         0x0000000008003224        0xc 
 .text.chSchDoRescheduleAhead
                0x0000000008003230       0x80 /tmp/cc2hX0XN.ltrans0.ltrans.o
                0x0000000008003230                chSchDoReschedule
 .text._dbg_check_unlock
                0x00000000080032b0       0x20 /tmp/cc2hX0XN.ltrans0.ltrans.o
                0x00000000080032b0                _dbg_check_unlock
 .text.chSysUnlock.lto_priv.46
                0x00000000080032d0       0x30 /tmp/cc2hX0XN.ltrans0.ltrans.o
 .text.chSysUnlock.lto_priv.43
                0x0000000008003300       0x30 /tmp/cc2hX0XN.ltrans0.ltrans.o
 .text._dbg_check_lock
                0x0000000008003330       0x20 /tmp/cc2hX0XN.ltrans0.ltrans.o
                0x0000000008003330                _dbg_check_lock
 .text.chCoreAllocAlignedWithOffset
                0x0000000008003350       0x4c /tmp/cc2hX0XN.ltrans0.ltrans.o
 *fill*         0x000000000800339c        0x4 
 .text._sbrk_r  0x00000000080033a0       0x28 /tmp/cc2hX0XN.ltrans0.ltrans.o
                0x00000000080033a0                _sbrk_r
 *fill*         0x00000000080033c8        0x8 
 .text.adcSampleThread
                0x00000000080033d0       0xf4 /tmp/cc2hX0XN.ltrans0.ltrans.o
 *fill*         0x00000000080034c4        0xc 
 .text.chRegFindThreadByWorkingArea
                0x00000000080034d0      0x458 /tmp/cc2hX0XN.ltrans0.ltrans.o
 *fill*         0x0000000008003928        0x8 
 .text.chThdCreateStatic.constprop.4
                0x0000000008003930       0xa0 /tmp/cc2hX0XN.ltrans0.ltrans.o
 .text.chThdSleep
                0x00000000080039d0       0x44 /tmp/cc2hX0XN.ltrans0.ltrans.o
 *fill*         0x0000000008003a14        0xc 
 .text.usbThreadFunction
                0x0000000008003a20      0x110 /tmp/cc2hX0XN.ltrans0.ltrans.o
 .text.chThdExit
                0x0000000008003b30       0x58 /tmp/cc2hX0XN.ltrans0.ltrans.o
                0x0000000008003b30                chThdExit
 *fill*         0x0000000008003b88        0x8 
 .text.pwmEnableChannel
                0x0000000008003b90       0x68 /tmp/cc2hX0XN.ltrans0.ltrans.o
 *fill*         0x0000000008003bf8        0x8 
 .text.startup.main
                0x0000000008003c00      0xa80 /tmp/cc2hX0XN.ltrans0.ltrans.o
                0x0000000008003c00                main
 .text.communicationThrFunction
                0x0000000008004680      0x4a4 /tmp/cc2hX0XN.ltrans0.ltrans.o
 *fill*         0x0000000008004b24        0xc 
 .text.obqWriteTimeout
                0x0000000008004b30      0x140 /tmp/cc2hX0XN.ltrans0.ltrans.o
 .text._writet  0x0000000008004c70        0x8 /tmp/cc2hX0XN.ltrans0.ltrans.o
 *fill*         0x0000000008004c78        0x8 
 .text._write   0x0000000008004c80        0xc /tmp/cc2hX0XN.ltrans0.ltrans.o
 *fill*         0x0000000008004c8c        0x4 
 .text.obqPutTimeout
                0x0000000008004c90       0x90 /tmp/cc2hX0XN.ltrans0.ltrans.o
 .text._putt    0x0000000008004d20        0x8 /tmp/cc2hX0XN.ltrans0.ltrans.o
 *fill*         0x0000000008004d28        0x8 
 .text._put     0x0000000008004d30        0xc /tmp/cc2hX0XN.ltrans0.ltrans.o
 *fill*         0x0000000008004d3c        0x4 
 .text.ibqReadTimeout
                0x0000000008004d40      0x140 /tmp/cc2hX0XN.ltrans0.ltrans.o
 .text._readt   0x0000000008004e80        0x8 /tmp/cc2hX0XN.ltrans0.ltrans.o
 *fill*         0x0000000008004e88        0x8 
 .text._read    0x0000000008004e90        0xc /tmp/cc2hX0XN.ltrans0.ltrans.o
 *fill*         0x0000000008004e9c        0x4 
 .text.ibqGetTimeout
                0x0000000008004ea0       0x84 /tmp/cc2hX0XN.ltrans0.ltrans.o
 *fill*         0x0000000008004f24        0xc 
 .text._gett    0x0000000008004f30        0x8 /tmp/cc2hX0XN.ltrans0.ltrans.o
 *fill*         0x0000000008004f38        0x8 
 .text._get     0x0000000008004f40        0xc /tmp/cc2hX0XN.ltrans0.ltrans.o
 *fill*         0x0000000008004f4c        0x4 
 .text.__early_init
                0x0000000008004f50      0x278 /tmp/cc2hX0XN.ltrans0.ltrans.o
                0x0000000008004f50                __early_init
 *fill*         0x00000000080051c8        0x8 
 .text.VectorB8
                0x00000000080051d0       0x30 /tmp/cc2hX0XN.ltrans0.ltrans.o
                0x00000000080051d0                VectorB8
 .text.VectorB4
                0x0000000008005200       0x30 /tmp/cc2hX0XN.ltrans0.ltrans.o
                0x0000000008005200                VectorB4
 .text.VectorB0
                0x0000000008005230       0xe8 /tmp/cc2hX0XN.ltrans0.ltrans.o
                0x0000000008005230                VectorB0
 *fill*         0x0000000008005318        0x8 
 .text.Vector174
                0x0000000008005320       0x30 /tmp/cc2hX0XN.ltrans0.ltrans.o
                0x0000000008005320                Vector174
 .text.Vector14C
                0x0000000008005350       0x30 /tmp/cc2hX0XN.ltrans0.ltrans.o
                0x0000000008005350                Vector14C
 .text.Vector158
                0x0000000008005380       0x44 /tmp/cc2hX0XN.ltrans0.ltrans.o
                0x0000000008005380                Vector158
 *fill*         0x00000000080053c4        0xc 
 .text.Vector154
                0x00000000080053d0       0x44 /tmp/cc2hX0XN.ltrans0.ltrans.o
                0x00000000080053d0                Vector154
 *fill*         0x0000000008005414        0xc 
 .text.Vector150
                0x0000000008005420       0x44 /tmp/cc2hX0XN.ltrans0.ltrans.o
                0x0000000008005420                Vector150
 *fill*         0x0000000008005464        0xc 
 .text.Vector130
                0x0000000008005470       0x40 /tmp/cc2hX0XN.ltrans0.ltrans.o
                0x0000000008005470                Vector130
 .text.Vector12C
                0x00000000080054b0       0x44 /tmp/cc2hX0XN.ltrans0.ltrans.o
                0x00000000080054b0                Vector12C
 *fill*         0x00000000080054f4        0xc 
 .text.Vector128
                0x0000000008005500       0x44 /tmp/cc2hX0XN.ltrans0.ltrans.o
                0x0000000008005500                Vector128
 *fill*         0x0000000008005544        0xc 
 .text.Vector124
                0x0000000008005550       0x44 /tmp/cc2hX0XN.ltrans0.ltrans.o
                0x0000000008005550                Vector124
 *fill*         0x0000000008005594        0xc 
 .text.Vector120
                0x00000000080055a0       0x40 /tmp/cc2hX0XN.ltrans0.ltrans.o
                0x00000000080055a0                Vector120
 .text.VectorFC
                0x00000000080055e0       0x44 /tmp/cc2hX0XN.ltrans0.ltrans.o
                0x00000000080055e0                VectorFC
 *fill*         0x0000000008005624        0xc 
 .text.Vector84
                0x0000000008005630       0x44 /tmp/cc2hX0XN.ltrans0.ltrans.o
                0x0000000008005630                Vector84
 *fill*         0x0000000008005674        0xc 
 .text.Vector80
                0x0000000008005680       0x44 /tmp/cc2hX0XN.ltrans0.ltrans.o
                0x0000000008005680                Vector80
 *fill*         0x00000000080056c4        0xc 
 .text.Vector7C
                0x00000000080056d0       0x40 /tmp/cc2hX0XN.ltrans0.ltrans.o
                0x00000000080056d0                Vector7C
 .text.Vector78
                0x0000000008005710       0x44 /tmp/cc2hX0XN.ltrans0.ltrans.o
                0x0000000008005710                Vector78
 *fill*         0x0000000008005754        0xc 
 .text.Vector74
                0x0000000008005760       0x44 /tmp/cc2hX0XN.ltrans0.ltrans.o
                0x0000000008005760                Vector74
 *fill*         0x00000000080057a4        0xc 
 .text.Vector70
                0x00000000080057b0       0x44 /tmp/cc2hX0XN.ltrans0.ltrans.o
                0x00000000080057b0                Vector70
 *fill*         0x00000000080057f4        0xc 
 .text.Vector6C
                0x0000000008005800       0x40 /tmp/cc2hX0XN.ltrans0.ltrans.o
                0x0000000008005800                Vector6C
 .text.Vector88
                0x0000000008005840       0x94 /tmp/cc2hX0XN.ltrans0.ltrans.o
                0x0000000008005840                Vector88
 *fill*         0x00000000080058d4        0xc 
 .text.__init_ram_areas
                0x00000000080058e0       0x68 /tmp/cc2hX0XN.ltrans0.ltrans.o
                0x00000000080058e0                __init_ram_areas
 *fill*         0x0000000008005948        0x8 
 .text.__default_exit
                0x0000000008005950        0x4 /tmp/cc2hX0XN.ltrans0.ltrans.o
                0x0000000008005950                __default_exit
 *fill*         0x0000000008005954        0xc 
 .text.__late_init
                0x0000000008005960        0x4 /tmp/cc2hX0XN.ltrans0.ltrans.o
                0x0000000008005960                __late_init
 *fill*         0x0000000008005964        0xc 
 .text.__core_init
                0x0000000008005970        0x4 /tmp/cc2hX0XN.ltrans0.ltrans.o
                0x0000000008005970                __core_init
 .text.atoi     0x0000000008005974        0x8 /usr/bin/../lib/gcc/arm-none-eabi/7.3.1/../../../../arm-none-eabi/lib/thumb/v7e-m/libg.a(lib_a-atoi.o)
                0x0000000008005974                atoi
 .text.__strtok_r
                0x000000000800597c       0x64 /usr/bin/../lib/gcc/arm-none-eabi/7.3.1/../../../../arm-none-eabi/lib/thumb/v7e-m/libg.a(lib_a-strtok_r.o)
                0x000000000800597c                __strtok_r
 .text.strtok_r
                0x00000000080059e0        0x8 /usr/bin/../lib/gcc/arm-none-eabi/7.3.1/../../../../arm-none-eabi/lib/thumb/v7e-m/libg.a(lib_a-strtok_r.o)
                0x00000000080059e0                strtok_r
 .text._strtol_l.isra.0
                0x00000000080059e8      0x124 /usr/bin/../lib/gcc/arm-none-eabi/7.3.1/../../../../arm-none-eabi/lib/thumb/v7e-m/libg.a(lib_a-strtol.o)
 .text.strtol   0x0000000008005b0c       0x2c /usr/bin/../lib/gcc/arm-none-eabi/7.3.1/../../../../arm-none-eabi/lib/thumb/v7e-m/libg.a(lib_a-strtol.o)
                0x0000000008005b0c                strtol
 .text.__locale_ctype_ptr_l
                0x0000000008005b38        0x8 /usr/bin/../lib/gcc/arm-none-eabi/7.3.1/../../../../arm-none-eabi/lib/thumb/v7e-m/libg.a(lib_a-locale.o)
                0x0000000008005b38                __locale_ctype_ptr_l
 .text.__ascii_mbtowc
                0x0000000008005b40       0x2c /usr/bin/../lib/gcc/arm-none-eabi/7.3.1/../../../../arm-none-eabi/lib/thumb/v7e-m/libg.a(lib_a-mbtowc_r.o)
                0x0000000008005b40                __ascii_mbtowc
 .text.__ascii_wctomb
                0x0000000008005b6c       0x1c /usr/bin/../lib/gcc/arm-none-eabi/7.3.1/../../../../arm-none-eabi/lib/thumb/v7e-m/libg.a(lib_a-wctomb_r.o)
                0x0000000008005b6c                __ascii_wctomb
 .text.memset   0x0000000008005b88       0x94 /usr/bin/../lib/gcc/arm-none-eabi/7.3.1/../../../../arm-none-eabi/lib/thumb/v7e-m/libg.a(lib_a-memset.o)
                0x0000000008005b88                memset
 .text.sprintf  0x0000000008005c1c       0x44 /usr/bin/../lib/gcc/arm-none-eabi/7.3.1/../../../../arm-none-eabi/lib/thumb/v7e-m/libg.a(lib_a-sprintf.o)
                0x0000000008005c1c                sprintf
 .text.critical_factorization
                0x0000000008005c60       0xb4 /usr/bin/../lib/gcc/arm-none-eabi/7.3.1/../../../../arm-none-eabi/lib/thumb/v7e-m/libg.a(lib_a-strstr.o)
 .text.two_way_long_needle
                0x0000000008005d14      0x1f8 /usr/bin/../lib/gcc/arm-none-eabi/7.3.1/../../../../arm-none-eabi/lib/thumb/v7e-m/libg.a(lib_a-strstr.o)
 .text.strstr   0x0000000008005f0c      0x1f8 /usr/bin/../lib/gcc/arm-none-eabi/7.3.1/../../../../arm-none-eabi/lib/thumb/v7e-m/libg.a(lib_a-strstr.o)
                0x0000000008005f0c                strstr
 .text._svfprintf_r
                0x0000000008006104     0x19d0 /usr/bin/../lib/gcc/arm-none-eabi/7.3.1/../../../../arm-none-eabi/lib/thumb/v7e-m/libg.a(lib_a-svfprintf.o)
                0x0000000008006104                _svfprintf_r
 .text.quorem   0x0000000008007ad4      0x124 /usr/bin/../lib/gcc/arm-none-eabi/7.3.1/../../../../arm-none-eabi/lib/thumb/v7e-m/libg.a(lib_a-dtoa.o)
 .text._dtoa_r  0x0000000008007bf8      0xdf4 /usr/bin/../lib/gcc/arm-none-eabi/7.3.1/../../../../arm-none-eabi/lib/thumb/v7e-m/libg.a(lib_a-dtoa.o)
                0x0000000008007bf8                _dtoa_r
 .text._malloc_trim_r
                0x00000000080089ec       0xa0 /usr/bin/../lib/gcc/arm-none-eabi/7.3.1/../../../../arm-none-eabi/lib/thumb/v7e-m/libg.a(lib_a-freer.o)
                0x00000000080089ec                _malloc_trim_r
 .text._free_r  0x0000000008008a8c      0x1e8 /usr/bin/../lib/gcc/arm-none-eabi/7.3.1/../../../../arm-none-eabi/lib/thumb/v7e-m/libg.a(lib_a-freer.o)
                0x0000000008008a8c                _free_r
 .text._localeconv_r
                0x0000000008008c74       0x1c /usr/bin/../lib/gcc/arm-none-eabi/7.3.1/../../../../arm-none-eabi/lib/thumb/v7e-m/libg.a(lib_a-localeconv.o)
                0x0000000008008c74                _localeconv_r
 .text._malloc_r
                0x0000000008008c90      0x548 /usr/bin/../lib/gcc/arm-none-eabi/7.3.1/../../../../arm-none-eabi/lib/thumb/v7e-m/libg.a(lib_a-mallocr.o)
                0x0000000008008c90                _malloc_r
 .text.memcmp   0x00000000080091d8       0x64 /usr/bin/../lib/gcc/arm-none-eabi/7.3.1/../../../../arm-none-eabi/lib/thumb/v7e-m/libg.a(lib_a-memcmp.o)
                0x00000000080091d8                memcmp
 .text.__malloc_lock
                0x000000000800923c        0xc /usr/bin/../lib/gcc/arm-none-eabi/7.3.1/../../../../arm-none-eabi/lib/thumb/v7e-m/libg.a(lib_a-mlock.o)
                0x000000000800923c                __malloc_lock
 .text.__malloc_unlock
                0x0000000008009248        0xc /usr/bin/../lib/gcc/arm-none-eabi/7.3.1/../../../../arm-none-eabi/lib/thumb/v7e-m/libg.a(lib_a-mlock.o)
                0x0000000008009248                __malloc_unlock
 .text._Balloc  0x0000000008009254       0x4c /usr/bin/../lib/gcc/arm-none-eabi/7.3.1/../../../../arm-none-eabi/lib/thumb/v7e-m/libg.a(lib_a-mprec.o)
                0x0000000008009254                _Balloc
 .text._Bfree   0x00000000080092a0       0x14 /usr/bin/../lib/gcc/arm-none-eabi/7.3.1/../../../../arm-none-eabi/lib/thumb/v7e-m/libg.a(lib_a-mprec.o)
                0x00000000080092a0                _Bfree
 .text.__multadd
                0x00000000080092b4       0x80 /usr/bin/../lib/gcc/arm-none-eabi/7.3.1/../../../../arm-none-eabi/lib/thumb/v7e-m/libg.a(lib_a-mprec.o)
                0x00000000080092b4                __multadd
 .text.__hi0bits
                0x0000000008009334       0x40 /usr/bin/../lib/gcc/arm-none-eabi/7.3.1/../../../../arm-none-eabi/lib/thumb/v7e-m/libg.a(lib_a-mprec.o)
                0x0000000008009334                __hi0bits
 .text.__lo0bits
                0x0000000008009374       0x60 /usr/bin/../lib/gcc/arm-none-eabi/7.3.1/../../../../arm-none-eabi/lib/thumb/v7e-m/libg.a(lib_a-mprec.o)
                0x0000000008009374                __lo0bits
 .text.__i2b    0x00000000080093d4       0x14 /usr/bin/../lib/gcc/arm-none-eabi/7.3.1/../../../../arm-none-eabi/lib/thumb/v7e-m/libg.a(lib_a-mprec.o)
                0x00000000080093d4                __i2b
 .text.__multiply
                0x00000000080093e8      0x14c /usr/bin/../lib/gcc/arm-none-eabi/7.3.1/../../../../arm-none-eabi/lib/thumb/v7e-m/libg.a(lib_a-mprec.o)
                0x00000000080093e8                __multiply
 .text.__pow5mult
                0x0000000008009534       0xa0 /usr/bin/../lib/gcc/arm-none-eabi/7.3.1/../../../../arm-none-eabi/lib/thumb/v7e-m/libg.a(lib_a-mprec.o)
                0x0000000008009534                __pow5mult
 .text.__lshift
                0x00000000080095d4       0xac /usr/bin/../lib/gcc/arm-none-eabi/7.3.1/../../../../arm-none-eabi/lib/thumb/v7e-m/libg.a(lib_a-mprec.o)
                0x00000000080095d4                __lshift
 .text.__mcmp   0x0000000008009680       0x38 /usr/bin/../lib/gcc/arm-none-eabi/7.3.1/../../../../arm-none-eabi/lib/thumb/v7e-m/libg.a(lib_a-mprec.o)
                0x0000000008009680                __mcmp
 .text.__mdiff  0x00000000080096b8       0xec /usr/bin/../lib/gcc/arm-none-eabi/7.3.1/../../../../arm-none-eabi/lib/thumb/v7e-m/libg.a(lib_a-mprec.o)
                0x00000000080096b8                __mdiff
 .text.__d2b    0x00000000080097a4       0xb0 /usr/bin/../lib/gcc/arm-none-eabi/7.3.1/../../../../arm-none-eabi/lib/thumb/v7e-m/libg.a(lib_a-mprec.o)
                0x00000000080097a4                __d2b
 .text.frexp    0x0000000008009854       0x64 /usr/bin/../lib/gcc/arm-none-eabi/7.3.1/../../../../arm-none-eabi/lib/thumb/v7e-m/libg.a(lib_a-s_frexp.o)
                0x0000000008009854                frexp
 .text.strchr   0x00000000080098b8       0xe8 /usr/bin/../lib/gcc/arm-none-eabi/7.3.1/../../../../arm-none-eabi/lib/thumb/v7e-m/libg.a(lib_a-strchr.o)
                0x00000000080098b8                strchr
 .text.strncpy  0x00000000080099a0       0x64 /usr/bin/../lib/gcc/arm-none-eabi/7.3.1/../../../../arm-none-eabi/lib/thumb/v7e-m/libg.a(lib_a-strncpy.o)
                0x00000000080099a0                strncpy
 .text.__ssprint_r
                0x0000000008009a04       0xf4 /usr/bin/../lib/gcc/arm-none-eabi/7.3.1/../../../../arm-none-eabi/lib/thumb/v7e-m/libg.a(lib_a-svfiprintf.o)
                0x0000000008009a04                __ssprint_r
 .text._calloc_r
                0x0000000008009af8       0x68 /usr/bin/../lib/gcc/arm-none-eabi/7.3.1/../../../../arm-none-eabi/lib/thumb/v7e-m/libg.a(lib_a-callocr.o)
                0x0000000008009af8                _calloc_r
 .text.__retarget_lock_acquire_recursive
                0x0000000008009b60        0x4 /usr/bin/../lib/gcc/arm-none-eabi/7.3.1/../../../../arm-none-eabi/lib/thumb/v7e-m/libg.a(lib_a-lock.o)
                0x0000000008009b60                __retarget_lock_acquire_recursive
 .text.__retarget_lock_release_recursive
                0x0000000008009b64        0x4 /usr/bin/../lib/gcc/arm-none-eabi/7.3.1/../../../../arm-none-eabi/lib/thumb/v7e-m/libg.a(lib_a-lock.o)
                0x0000000008009b64                __retarget_lock_release_recursive
 .text.memmove  0x0000000008009b68       0xc8 /usr/bin/../lib/gcc/arm-none-eabi/7.3.1/../../../../arm-none-eabi/lib/thumb/v7e-m/libg.a(lib_a-memmove.o)
                0x0000000008009b68                memmove
 .text._realloc_r
                0x0000000008009c30      0x35c /usr/bin/../lib/gcc/arm-none-eabi/7.3.1/../../../../arm-none-eabi/lib/thumb/v7e-m/libg.a(lib_a-reallocr.o)
                0x0000000008009c30                _realloc_r
 *(.glue_7t)
 .glue_7t       0x0000000008009f8c        0x0 linker stubs
 *(.glue_7)
 .glue_7        0x0000000008009f8c        0x0 linker stubs
 *(.gcc*)

.vfp11_veneer   0x0000000008009f8c        0x0
 .vfp11_veneer  0x0000000008009f8c        0x0 linker stubs

.v4_bx          0x0000000008009f8c        0x0
 .v4_bx         0x0000000008009f8c        0x0 linker stubs

.iplt           0x0000000008009f8c        0x0
 .iplt          0x0000000008009f8c        0x0 ./build/stm32f407_discovery/obj/crt0_v7m.o

.rodata         0x0000000008009f90      0xcbc
                0x0000000008009f90                . = ALIGN (0x4)
                0x0000000008009f90                __rodata_base__ = .
 *(.rodata)
 *(.rodata.*)
 .rodata.__func__.6090.lto_priv.52
                0x0000000008009f90        0xc /tmp/cc2hX0XN.ltrans0.ltrans.o
 .rodata.__func__.6090.lto_priv.53
                0x0000000008009f9c        0xc /tmp/cc2hX0XN.ltrans0.ltrans.o
 .rodata.__func__.6090.lto_priv.54
                0x0000000008009fa8        0xc /tmp/cc2hX0XN.ltrans0.ltrans.o
 .rodata.__func__.6090.lto_priv.55
                0x0000000008009fb4        0xc /tmp/cc2hX0XN.ltrans0.ltrans.o
 .rodata.__func__.6090.lto_priv.56
                0x0000000008009fc0        0xc /tmp/cc2hX0XN.ltrans0.ltrans.o
 .rodata.__func__.6090.lto_priv.57
                0x0000000008009fcc        0xc /tmp/cc2hX0XN.ltrans0.ltrans.o
 .rodata.__func__.6090.lto_priv.58
                0x0000000008009fd8        0xc /tmp/cc2hX0XN.ltrans0.ltrans.o
 .rodata.__func__.6090.lto_priv.59
                0x0000000008009fe4        0xc /tmp/cc2hX0XN.ltrans0.ltrans.o
 .rodata.__func__.6176
                0x0000000008009ff0        0xc /tmp/cc2hX0XN.ltrans0.ltrans.o
 .rodata.__func__.6291
                0x0000000008009ffc       0x14 /tmp/cc2hX0XN.ltrans0.ltrans.o
 .rodata.__func__.6491.lto_priv.60
                0x000000000800a010        0xc /tmp/cc2hX0XN.ltrans0.ltrans.o
 .rodata.__func__.6491.lto_priv.61
                0x000000000800a01c        0xc /tmp/cc2hX0XN.ltrans0.ltrans.o
 .rodata.__func__.6491.lto_priv.62
                0x000000000800a028        0xc /tmp/cc2hX0XN.ltrans0.ltrans.o
 .rodata.__func__.6981
                0x000000000800a034        0xc /tmp/cc2hX0XN.ltrans0.ltrans.o
 .rodata.__func__.6984.lto_priv.73
                0x000000000800a040        0xb /tmp/cc2hX0XN.ltrans0.ltrans.o
 *fill*         0x000000000800a04b        0x1 
 .rodata.__func__.6984.lto_priv.74
                0x000000000800a04c        0xb /tmp/cc2hX0XN.ltrans0.ltrans.o
 *fill*         0x000000000800a057        0x1 
 .rodata.__func__.6988.lto_priv.69
                0x000000000800a058       0x11 /tmp/cc2hX0XN.ltrans0.ltrans.o
 *fill*         0x000000000800a069        0x3 
 .rodata.__func__.6988.lto_priv.70
                0x000000000800a06c       0x1e /tmp/cc2hX0XN.ltrans0.ltrans.o
 *fill*         0x000000000800a08a        0x2 
 .rodata.__func__.7003.lto_priv.65
                0x000000000800a08c        0xc /tmp/cc2hX0XN.ltrans0.ltrans.o
 .rodata.__func__.7003.lto_priv.66
                0x000000000800a098        0xc /tmp/cc2hX0XN.ltrans0.ltrans.o
 .rodata.__func__.7006.lto_priv.71
                0x000000000800a0a4       0x15 /tmp/cc2hX0XN.ltrans0.ltrans.o
 *fill*         0x000000000800a0b9        0x3 
 .rodata.__func__.7006.lto_priv.72
                0x000000000800a0bc        0xb /tmp/cc2hX0XN.ltrans0.ltrans.o
 *fill*         0x000000000800a0c7        0x1 
 .rodata.__func__.7007
                0x000000000800a0c8        0xc /tmp/cc2hX0XN.ltrans0.ltrans.o
 .rodata.__func__.7012
                0x000000000800a0d4       0x12 /tmp/cc2hX0XN.ltrans0.ltrans.o
 *fill*         0x000000000800a0e6        0x2 
 .rodata.__func__.7017
                0x000000000800a0e8        0xd /tmp/cc2hX0XN.ltrans0.ltrans.o
 *fill*         0x000000000800a0f5        0x3 
 .rodata.__func__.7023
                0x000000000800a0f8        0xd /tmp/cc2hX0XN.ltrans0.ltrans.o
 *fill*         0x000000000800a105        0x3 
 .rodata.__func__.7024
                0x000000000800a108        0xd /tmp/cc2hX0XN.ltrans0.ltrans.o
 *fill*         0x000000000800a115        0x3 
 .rodata.__func__.7039
                0x000000000800a118        0xb /tmp/cc2hX0XN.ltrans0.ltrans.o
 *fill*         0x000000000800a123        0x1 
 .rodata.__func__.7084
                0x000000000800a124        0xd /tmp/cc2hX0XN.ltrans0.ltrans.o
 *fill*         0x000000000800a131        0x3 
 .rodata.__func__.7383
                0x000000000800a134       0x10 /tmp/cc2hX0XN.ltrans0.ltrans.o
 .rodata.__func__.8056
                0x000000000800a144        0x8 /tmp/cc2hX0XN.ltrans0.ltrans.o
 .rodata.__func__.8093
                0x000000000800a14c        0x9 /tmp/cc2hX0XN.ltrans0.ltrans.o
 *fill*         0x000000000800a155        0x3 
 .rodata.__func__.8095
                0x000000000800a158        0x9 /tmp/cc2hX0XN.ltrans0.ltrans.o
 *fill*         0x000000000800a161        0x3 
 .rodata.__func__.8096
                0x000000000800a164        0xd /tmp/cc2hX0XN.ltrans0.ltrans.o
 *fill*         0x000000000800a171        0x3 
 .rodata.__func__.8099
                0x000000000800a174        0x9 /tmp/cc2hX0XN.ltrans0.ltrans.o
 *fill*         0x000000000800a17d        0x3 
 .rodata.__func__.8100.lto_priv.39
                0x000000000800a180        0x9 /tmp/cc2hX0XN.ltrans0.ltrans.o
 *fill*         0x000000000800a189        0x3 
 .rodata.__func__.8100.lto_priv.40
                0x000000000800a18c        0x9 /tmp/cc2hX0XN.ltrans0.ltrans.o
 *fill*         0x000000000800a195        0x3 
 .rodata.__func__.8101.lto_priv.75
                0x000000000800a198        0x9 /tmp/cc2hX0XN.ltrans0.ltrans.o
 *fill*         0x000000000800a1a1        0x3 
 .rodata.__func__.8101.lto_priv.76
                0x000000000800a1a4        0x9 /tmp/cc2hX0XN.ltrans0.ltrans.o
 *fill*         0x000000000800a1ad        0x3 
 .rodata.__func__.8103
                0x000000000800a1b0        0xb /tmp/cc2hX0XN.ltrans0.ltrans.o
 *fill*         0x000000000800a1bb        0x1 
 .rodata.__func__.8106
                0x000000000800a1bc        0x9 /tmp/cc2hX0XN.ltrans0.ltrans.o
 *fill*         0x000000000800a1c5        0x3 
 .rodata.__func__.8108
                0x000000000800a1c8        0xe /tmp/cc2hX0XN.ltrans0.ltrans.o
 *fill*         0x000000000800a1d6        0x2 
 .rodata.__func__.8109
                0x000000000800a1d8        0xe /tmp/cc2hX0XN.ltrans0.ltrans.o
 *fill*         0x000000000800a1e6        0x2 
 .rodata.__func__.8111
                0x000000000800a1e8        0x9 /tmp/cc2hX0XN.ltrans0.ltrans.o
 *fill*         0x000000000800a1f1        0x3 
 .rodata.__func__.8115
                0x000000000800a1f4       0x11 /tmp/cc2hX0XN.ltrans0.ltrans.o
 *fill*         0x000000000800a205        0x3 
 .rodata.__func__.8116
                0x000000000800a208        0x9 /tmp/cc2hX0XN.ltrans0.ltrans.o
 *fill*         0x000000000800a211        0x3 
 .rodata.__func__.8117
                0x000000000800a214       0x14 /tmp/cc2hX0XN.ltrans0.ltrans.o
 .rodata.__func__.8121
                0x000000000800a228        0x9 /tmp/cc2hX0XN.ltrans0.ltrans.o
 *fill*         0x000000000800a231        0x3 
 .rodata.__func__.8126
                0x000000000800a234        0x9 /tmp/cc2hX0XN.ltrans0.ltrans.o
 *fill*         0x000000000800a23d        0x3 
 .rodata.__func__.8131
                0x000000000800a240        0x9 /tmp/cc2hX0XN.ltrans0.ltrans.o
 *fill*         0x000000000800a249        0x3 
 .rodata.__func__.8133
                0x000000000800a24c        0xb /tmp/cc2hX0XN.ltrans0.ltrans.o
 *fill*         0x000000000800a257        0x1 
 .rodata.__func__.8136
                0x000000000800a258        0x9 /tmp/cc2hX0XN.ltrans0.ltrans.o
 *fill*         0x000000000800a261        0x3 
 .rodata.__func__.8139
                0x000000000800a264        0x5 /tmp/cc2hX0XN.ltrans0.ltrans.o
 *fill*         0x000000000800a269        0x3 
 .rodata.__func__.8141
                0x000000000800a26c        0xa /tmp/cc2hX0XN.ltrans0.ltrans.o
 *fill*         0x000000000800a276        0x2 
 .rodata.__func__.8146
                0x000000000800a278        0xa /tmp/cc2hX0XN.ltrans0.ltrans.o
 *fill*         0x000000000800a282        0x2 
 .rodata.__func__.8151
                0x000000000800a284        0xa /tmp/cc2hX0XN.ltrans0.ltrans.o
 *fill*         0x000000000800a28e        0x2 
 .rodata.__func__.8156
                0x000000000800a290        0xa /tmp/cc2hX0XN.ltrans0.ltrans.o
 *fill*         0x000000000800a29a        0x2 
 .rodata.__func__.8161
                0x000000000800a29c        0xa /tmp/cc2hX0XN.ltrans0.ltrans.o
 *fill*         0x000000000800a2a6        0x2 
 .rodata.__func__.8166.lto_priv.63
                0x000000000800a2a8        0x9 /tmp/cc2hX0XN.ltrans0.ltrans.o
 *fill*         0x000000000800a2b1        0x3 
 .rodata.__func__.8166.lto_priv.64
                0x000000000800a2b4        0xa /tmp/cc2hX0XN.ltrans0.ltrans.o
 *fill*         0x000000000800a2be        0x2 
 .rodata.__func__.8171
                0x000000000800a2c0        0xa /tmp/cc2hX0XN.ltrans0.ltrans.o
 *fill*         0x000000000800a2ca        0x2 
 .rodata.__func__.8176
                0x000000000800a2cc        0xa /tmp/cc2hX0XN.ltrans0.ltrans.o
 *fill*         0x000000000800a2d6        0x2 
 .rodata.__func__.8190
                0x000000000800a2d8       0x12 /tmp/cc2hX0XN.ltrans0.ltrans.o
 *fill*         0x000000000800a2ea        0x2 
 .rodata.__func__.8193
                0x000000000800a2ec        0xc /tmp/cc2hX0XN.ltrans0.ltrans.o
 .rodata.__func__.8511
                0x000000000800a2f8       0x13 /tmp/cc2hX0XN.ltrans0.ltrans.o
 *fill*         0x000000000800a30b        0x1 
 .rodata.__func__.8525
                0x000000000800a30c       0x19 /tmp/cc2hX0XN.ltrans0.ltrans.o
 *fill*         0x000000000800a325        0x3 
 .rodata.__func__.8532
                0x000000000800a328       0x17 /tmp/cc2hX0XN.ltrans0.ltrans.o
 *fill*         0x000000000800a33f        0x1 
 .rodata.__func__.8542
                0x000000000800a340        0xe /tmp/cc2hX0XN.ltrans0.ltrans.o
 *fill*         0x000000000800a34e        0x2 
 .rodata.__func__.8546
                0x000000000800a350        0xf /tmp/cc2hX0XN.ltrans0.ltrans.o
 *fill*         0x000000000800a35f        0x1 
 .rodata.__func__.8547
                0x000000000800a360        0x9 /tmp/cc2hX0XN.ltrans0.ltrans.o
 *fill*         0x000000000800a369        0x3 
 .rodata.__func__.8548
                0x000000000800a36c       0x1b /tmp/cc2hX0XN.ltrans0.ltrans.o
 *fill*         0x000000000800a387        0x1 
 .rodata.__func__.8564
                0x000000000800a388       0x11 /tmp/cc2hX0XN.ltrans0.ltrans.o
 *fill*         0x000000000800a399        0x3 
 .rodata.__func__.8569
                0x000000000800a39c       0x15 /tmp/cc2hX0XN.ltrans0.ltrans.o
 *fill*         0x000000000800a3b1        0x3 
 .rodata.__func__.8571
                0x000000000800a3b4       0x17 /tmp/cc2hX0XN.ltrans0.ltrans.o
 *fill*         0x000000000800a3cb        0x1 
 .rodata.__func__.8580
                0x000000000800a3cc       0x11 /tmp/cc2hX0XN.ltrans0.ltrans.o
 *fill*         0x000000000800a3dd        0x3 
 .rodata.__func__.8585
                0x000000000800a3e0       0x1a /tmp/cc2hX0XN.ltrans0.ltrans.o
 *fill*         0x000000000800a3fa        0x2 
 .rodata.__func__.8588
                0x000000000800a3fc       0x12 /tmp/cc2hX0XN.ltrans0.ltrans.o
 *fill*         0x000000000800a40e        0x2 
 .rodata.__func__.8594
                0x000000000800a410       0x13 /tmp/cc2hX0XN.ltrans0.ltrans.o
 *fill*         0x000000000800a423        0x1 
 .rodata.__func__.8609
                0x000000000800a424       0x10 /tmp/cc2hX0XN.ltrans0.ltrans.o
 .rodata.__func__.8623
                0x000000000800a434        0xa /tmp/cc2hX0XN.ltrans0.ltrans.o
 *fill*         0x000000000800a43e        0x2 
 .rodata.__func__.8627
                0x000000000800a440        0xa /tmp/cc2hX0XN.ltrans0.ltrans.o
 *fill*         0x000000000800a44a        0x2 
 .rodata.__func__.8631
                0x000000000800a44c        0xb /tmp/cc2hX0XN.ltrans0.ltrans.o
 *fill*         0x000000000800a457        0x1 
 .rodata.__func__.8645
                0x000000000800a458        0xc /tmp/cc2hX0XN.ltrans0.ltrans.o
 .rodata._dbg_check_enter_isr.str1.4
                0x000000000800a464        0x5 /tmp/cc2hX0XN.ltrans0.ltrans.o
 *fill*         0x000000000800a469        0x3 
 .rodata._dbg_check_leave_isr.str1.4
                0x000000000800a46c        0x5 /tmp/cc2hX0XN.ltrans0.ltrans.o
 *fill*         0x000000000800a471        0x3 
 .rodata._dbg_check_lock.str1.4
                0x000000000800a474        0x5 /tmp/cc2hX0XN.ltrans0.ltrans.o
 *fill*         0x000000000800a479        0x3 
 .rodata._dbg_check_lock_from_isr.str1.4
                0x000000000800a47c        0x5 /tmp/cc2hX0XN.ltrans0.ltrans.o
 *fill*         0x000000000800a481        0x3 
 .rodata._dbg_check_unlock.str1.4
                0x000000000800a484        0x5 /tmp/cc2hX0XN.ltrans0.ltrans.o
 *fill*         0x000000000800a489        0x3 
 .rodata._dbg_check_unlock_from_isr.str1.4
                0x000000000800a48c        0x5 /tmp/cc2hX0XN.ltrans0.ltrans.o
 *fill*         0x000000000800a491        0x3 
 .rodata._stm32_dma_streams
                0x000000000800a494       0xc0 /tmp/cc2hX0XN.ltrans0.ltrans.o
 .rodata.active_status
                0x000000000800a554        0x2 /tmp/cc2hX0XN.ltrans0.ltrans.o
 *fill*         0x000000000800a556        0x2 
 .rodata.adcSampleThread.str1.4
                0x000000000800a558        0xb /tmp/cc2hX0XN.ltrans0.ltrans.o
 *fill*         0x000000000800a563        0x1 
 .rodata.adcgrpcfg
                0x000000000800a564       0x28 /tmp/cc2hX0XN.ltrans0.ltrans.o
 .rodata.chDbgCheckClassI.str1.4
                0x000000000800a58c        0x6 /tmp/cc2hX0XN.ltrans0.ltrans.o
 *fill*         0x000000000800a592        0x2 
 .rodata.chDbgCheckClassS.str1.4
                0x000000000800a594        0x6 /tmp/cc2hX0XN.ltrans0.ltrans.o
 *fill*         0x000000000800a59a        0x2 
 .rodata.chSchWakeupS.constprop.10.str1.4
                0x000000000800a59c        0xf /tmp/cc2hX0XN.ltrans0.ltrans.o
 *fill*         0x000000000800a5ab        0x1 
 .rodata.chThdCreateStatic.constprop.4.str1.4
                0x000000000800a5ac        0x7 /tmp/cc2hX0XN.ltrans0.ltrans.o
 *fill*         0x000000000800a5b3        0x1 
 .rodata.ch_debug
                0x000000000800a5b4       0x16 /tmp/cc2hX0XN.ltrans0.ltrans.o
 *fill*         0x000000000800a5ca        0x2 
 .rodata.communicationThrFunction.str1.4
                0x000000000800a5cc      0x19b /tmp/cc2hX0XN.ltrans0.ltrans.o
 *fill*         0x000000000800a767        0x1 
 .rodata.ep0config
                0x000000000800a768       0x24 /tmp/cc2hX0XN.ltrans0.ltrans.o
 .rodata.ep1config
                0x000000000800a78c       0x24 /tmp/cc2hX0XN.ltrans0.ltrans.o
 .rodata.ep2config
                0x000000000800a7b0       0x24 /tmp/cc2hX0XN.ltrans0.ltrans.o
 .rodata.fsparams
                0x000000000800a7d4        0xc /tmp/cc2hX0XN.ltrans0.ltrans.o
 .rodata.halted_status
                0x000000000800a7e0        0x2 /tmp/cc2hX0XN.ltrans0.ltrans.o
 *fill*         0x000000000800a7e2        0x2 
 .rodata.hsparams
                0x000000000800a7e4        0xc /tmp/cc2hX0XN.ltrans0.ltrans.o
 .rodata.main.str1.4
                0x000000000800a7f0        0xd /tmp/cc2hX0XN.ltrans0.ltrans.o
 *fill*         0x000000000800a7fd        0x3 
 .rodata.ram_areas
                0x000000000800a800       0x80 /tmp/cc2hX0XN.ltrans0.ltrans.o
 .rodata.sendMessage.constprop.1.str1.4
                0x000000000800a880        0x7 /tmp/cc2hX0XN.ltrans0.ltrans.o
 *fill*         0x000000000800a887        0x1 
 .rodata.serusbcfg
                0x000000000800a888        0x8 /tmp/cc2hX0XN.ltrans0.ltrans.o
 .rodata.usbThreadFunction.str1.4
                0x000000000800a890        0x8 /tmp/cc2hX0XN.ltrans0.ltrans.o
 .rodata.usbcfg
                0x000000000800a898       0x10 /tmp/cc2hX0XN.ltrans0.ltrans.o
 .rodata.vcom_configuration_descriptor
                0x000000000800a8a8        0x8 /tmp/cc2hX0XN.ltrans0.ltrans.o
 .rodata.vcom_configuration_descriptor_data
                0x000000000800a8b0       0x43 /tmp/cc2hX0XN.ltrans0.ltrans.o
 *fill*         0x000000000800a8f3        0x1 
 .rodata.vcom_device_descriptor
                0x000000000800a8f4        0x8 /tmp/cc2hX0XN.ltrans0.ltrans.o
 .rodata.vcom_device_descriptor_data
                0x000000000800a8fc       0x12 /tmp/cc2hX0XN.ltrans0.ltrans.o
 *fill*         0x000000000800a90e        0x2 
 .rodata.vcom_string0
                0x000000000800a910        0x4 /tmp/cc2hX0XN.ltrans0.ltrans.o
 .rodata.vcom_string1
                0x000000000800a914       0x26 /tmp/cc2hX0XN.ltrans0.ltrans.o
 *fill*         0x000000000800a93a        0x2 
 .rodata.vcom_string2
                0x000000000800a93c       0x38 /tmp/cc2hX0XN.ltrans0.ltrans.o
 .rodata.vcom_string3
                0x000000000800a974        0x8 /tmp/cc2hX0XN.ltrans0.ltrans.o
 .rodata.vcom_strings
                0x000000000800a97c       0x20 /tmp/cc2hX0XN.ltrans0.ltrans.o
 .rodata.vmt    0x000000000800a99c       0x28 /tmp/cc2hX0XN.ltrans0.ltrans.o
 .rodata.zero_status
                0x000000000800a9c4        0x2 /tmp/cc2hX0XN.ltrans0.ltrans.o
 *fill*         0x000000000800a9c6        0x2 
 .rodata._setlocale_r.str1.4
                0x000000000800a9c8        0xa /usr/bin/../lib/gcc/arm-none-eabi/7.3.1/../../../../arm-none-eabi/lib/thumb/v7e-m/libg.a(lib_a-locale.o)
                                          0xd (size before relaxing)
 *fill*         0x000000000800a9d2        0x2 
 .rodata.str1.4
                0x000000000800a9d4        0x2 /usr/bin/../lib/gcc/arm-none-eabi/7.3.1/../../../../arm-none-eabi/lib/thumb/v7e-m/libg.a(lib_a-locale.o)
 *fill*         0x000000000800a9d6        0x2 
 .rodata._ctype_
                0x000000000800a9d8      0x101 /usr/bin/../lib/gcc/arm-none-eabi/7.3.1/../../../../arm-none-eabi/lib/thumb/v7e-m/libg.a(lib_a-ctype_.o)
                0x000000000800a9d8                _ctype_
 *fill*         0x000000000800aad9        0x3 
 .rodata._svfprintf_r.str1.4
                0x000000000800aadc       0x3f /usr/bin/../lib/gcc/arm-none-eabi/7.3.1/../../../../arm-none-eabi/lib/thumb/v7e-m/libg.a(lib_a-svfprintf.o)
                                         0x42 (size before relaxing)
 *fill*         0x000000000800ab1b        0x1 
 .rodata.blanks.7315
                0x000000000800ab1c       0x10 /usr/bin/../lib/gcc/arm-none-eabi/7.3.1/../../../../arm-none-eabi/lib/thumb/v7e-m/libg.a(lib_a-svfprintf.o)
 .rodata.zeroes.7316
                0x000000000800ab2c       0x10 /usr/bin/../lib/gcc/arm-none-eabi/7.3.1/../../../../arm-none-eabi/lib/thumb/v7e-m/libg.a(lib_a-svfprintf.o)
 .rodata._dtoa_r.str1.4
                0x000000000800ab3c       0x10 /usr/bin/../lib/gcc/arm-none-eabi/7.3.1/../../../../arm-none-eabi/lib/thumb/v7e-m/libg.a(lib_a-dtoa.o)
                                         0x12 (size before relaxing)
 *fill*         0x000000000800ab4c        0x4 
 .rodata.__mprec_bigtens
                0x000000000800ab50       0x28 /usr/bin/../lib/gcc/arm-none-eabi/7.3.1/../../../../arm-none-eabi/lib/thumb/v7e-m/libg.a(lib_a-mprec.o)
                0x000000000800ab50                __mprec_bigtens
 .rodata.__mprec_tens
                0x000000000800ab78       0xc8 /usr/bin/../lib/gcc/arm-none-eabi/7.3.1/../../../../arm-none-eabi/lib/thumb/v7e-m/libg.a(lib_a-mprec.o)
                0x000000000800ab78                __mprec_tens
 .rodata.p05.6092
                0x000000000800ac40        0xc /usr/bin/../lib/gcc/arm-none-eabi/7.3.1/../../../../arm-none-eabi/lib/thumb/v7e-m/libg.a(lib_a-mprec.o)
                0x000000000800ac4c                . = ALIGN (0x4)
                0x000000000800ac4c                __rodata_end__ = .

.ARM.extab
 *(.ARM.extab* .gnu.linkonce.armextab.*)

.ARM.exidx      0x000000000800ac4c        0x8
                0x000000000800ac4c                __exidx_start = .
 *(.ARM.exidx* .gnu.linkonce.armexidx.*)
 .ARM.exidx     0x000000000800ac4c        0x8 /usr/bin/../lib/gcc/arm-none-eabi/7.3.1/thumb/v7e-m/libgcc.a(_udivmoddi4.o)
                0x000000000800ac54                __exidx_end = .

.rel.dyn        0x000000000800ac54        0x0
 .rel.iplt      0x000000000800ac54        0x0 ./build/stm32f407_discovery/obj/crt0_v7m.o

.eh_frame_hdr
 *(.eh_frame_hdr)

.eh_frame
 *(.eh_frame)
                0x0000000020000000                __ram0_start__ = ORIGIN (ram0)
                0x0000000000020000                __ram0_size__ = LENGTH (ram0)
                0x0000000020020000                __ram0_end__ = (__ram0_start__ + __ram0_size__)
                0x0000000020000000                __ram1_start__ = ORIGIN (ram1)
                0x000000000001c000                __ram1_size__ = LENGTH (ram1)
                0x000000002001c000                __ram1_end__ = (__ram1_start__ + __ram1_size__)
                0x000000002001c000                __ram2_start__ = ORIGIN (ram2)
                0x0000000000004000                __ram2_size__ = LENGTH (ram2)
                0x0000000020020000                __ram2_end__ = (__ram2_start__ + __ram2_size__)
                0x0000000000000000                __ram3_start__ = ORIGIN (ram3)
                0x0000000000000000                __ram3_size__ = LENGTH (ram3)
                0x0000000000000000                __ram3_end__ = (__ram3_start__ + __ram3_size__)
                0x0000000010000000                __ram4_start__ = ORIGIN (ram4)
                0x0000000000010000                __ram4_size__ = LENGTH (ram4)
                0x0000000010010000                __ram4_end__ = (__ram4_start__ + __ram4_size__)
                0x0000000040024000                __ram5_start__ = ORIGIN (ram5)
                0x0000000000001000                __ram5_size__ = LENGTH (ram5)
                0x0000000040025000                __ram5_end__ = (__ram5_start__ + __ram5_size__)
                0x0000000000000000                __ram6_start__ = ORIGIN (ram6)
                0x0000000000000000                __ram6_size__ = LENGTH (ram6)
                0x0000000000000000                __ram6_end__ = (__ram6_start__ + __ram6_size__)
                0x0000000000000000                __ram7_start__ = ORIGIN (ram7)
                0x0000000000000000                __ram7_size__ = LENGTH (ram7)
                0x0000000000000000                __ram7_end__ = (__ram7_start__ + __ram7_size__)

.data           0x0000000020000800      0x9e4 load address 0x000000000800ac54
                0x0000000020000800                . = ALIGN (0x4)
                [!provide]                        PROVIDE (_textdata = LOADADDR (.data))
                [!provide]                        PROVIDE (_data = .)
                0x000000000800ac54                _textdata_start = LOADADDR (.data)
                0x0000000020000800                _data_start = .
 *(.data)
 *(.data.*)
 .data.linecoding
                0x0000000020000800        0x7 /tmp/cc2hX0XN.ltrans0.ltrans.o
 *fill*         0x0000000020000807        0x1 
 .data.pwmcfg   0x0000000020000808       0x34 /tmp/cc2hX0XN.ltrans0.ltrans.o
 .data._impure_ptr
                0x000000002000083c        0x4 /usr/bin/../lib/gcc/arm-none-eabi/7.3.1/../../../../arm-none-eabi/lib/thumb/v7e-m/libg.a(lib_a-impure.o)
                0x000000002000083c                _impure_ptr
 .data.impure_data
                0x0000000020000840      0x428 /usr/bin/../lib/gcc/arm-none-eabi/7.3.1/../../../../arm-none-eabi/lib/thumb/v7e-m/libg.a(lib_a-impure.o)
 .data.__global_locale
                0x0000000020000c68      0x16c /usr/bin/../lib/gcc/arm-none-eabi/7.3.1/../../../../arm-none-eabi/lib/thumb/v7e-m/libg.a(lib_a-locale.o)
                0x0000000020000c68                __global_locale
 .data.__malloc_av_
                0x0000000020000dd4      0x408 /usr/bin/../lib/gcc/arm-none-eabi/7.3.1/../../../../arm-none-eabi/lib/thumb/v7e-m/libg.a(lib_a-mallocr.o)
                0x0000000020000dd4                __malloc_av_
 .data.__malloc_sbrk_base
                0x00000000200011dc        0x4 /usr/bin/../lib/gcc/arm-none-eabi/7.3.1/../../../../arm-none-eabi/lib/thumb/v7e-m/libg.a(lib_a-mallocr.o)
                0x00000000200011dc                __malloc_sbrk_base
 .data.__malloc_trim_threshold
                0x00000000200011e0        0x4 /usr/bin/../lib/gcc/arm-none-eabi/7.3.1/../../../../arm-none-eabi/lib/thumb/v7e-m/libg.a(lib_a-mallocr.o)
                0x00000000200011e0                __malloc_trim_threshold
 *(.ramtext)
                0x00000000200011e4                . = ALIGN (0x4)
                [!provide]                        PROVIDE (_edata = .)
                0x00000000200011e4                _data_end = .

.igot.plt       0x00000000200011e4        0x0 load address 0x000000000800b638
 .igot.plt      0x00000000200011e4        0x0 ./build/stm32f407_discovery/obj/crt0_v7m.o

.bss            0x00000000200011e8     0x1970 load address 0x000000000800b638
                0x00000000200011e8                . = ALIGN (0x4)
                0x00000000200011e8                _bss_start = .
 *(.bss)
 *(.bss.*)
 .bss.ADCD1     0x00000000200011e8       0x34 /tmp/cc2hX0XN.ltrans0.ltrans.o
 .bss.PWMD3     0x000000002000121c       0x1c /tmp/cc2hX0XN.ltrans0.ltrans.o
 .bss.PWMD4     0x0000000020001238       0x1c /tmp/cc2hX0XN.ltrans0.ltrans.o
 .bss.SDU1      0x0000000020001254      0x490 /tmp/cc2hX0XN.ltrans0.ltrans.o
 .bss.USBD1     0x00000000200016e4       0x78 /tmp/cc2hX0XN.ltrans0.ltrans.o
 .bss.USBD2     0x000000002000175c       0x78 /tmp/cc2hX0XN.ltrans0.ltrans.o
 *fill*         0x00000000200017d4        0x4 
 .bss.adcSampleThreadWA
                0x00000000200017d8      0x108 /tmp/cc2hX0XN.ltrans0.ltrans.o
 .bss.ch        0x00000000200018e0      0x888 /tmp/cc2hX0XN.ltrans0.ltrans.o
 .bss.ch_factory
                0x0000000020002168       0x44 /tmp/cc2hX0XN.ltrans0.ltrans.o
 *fill*         0x00000000200021ac        0x4 
 .bss.ch_idle_thread_wa
                0x00000000200021b0       0xd8 /tmp/cc2hX0XN.ltrans0.ltrans.o
 .bss.ch_memcore
                0x0000000020002288        0x8 /tmp/cc2hX0XN.ltrans0.ltrans.o
 .bss.communicationThreadWA
                0x0000000020002290      0x4c8 /tmp/cc2hX0XN.ltrans0.ltrans.o
 .bss.default_heap
                0x0000000020002758       0x1c /tmp/cc2hX0XN.ltrans0.ltrans.o
 .bss.dma_isr_redir
                0x0000000020002774       0x80 /tmp/cc2hX0XN.ltrans0.ltrans.o
 .bss.dma_streams_mask
                0x00000000200027f4        0x4 /tmp/cc2hX0XN.ltrans0.ltrans.o
 .bss.ep0_state
                0x00000000200027f8       0x10 /tmp/cc2hX0XN.ltrans0.ltrans.o
 .bss.ep0setup_buffer
                0x0000000020002808        0x8 /tmp/cc2hX0XN.ltrans0.ltrans.o
 .bss.ep1instate
                0x0000000020002810       0x10 /tmp/cc2hX0XN.ltrans0.ltrans.o
 .bss.ep1outstate
                0x0000000020002820       0x10 /tmp/cc2hX0XN.ltrans0.ltrans.o
 .bss.ep2instate
                0x0000000020002830       0x10 /tmp/cc2hX0XN.ltrans0.ltrans.o
 .bss.lastPositionRack
                0x0000000020002840        0x4 /tmp/cc2hX0XN.ltrans0.ltrans.o
 .bss.lastRackRight
                0x0000000020002844        0x1 /tmp/cc2hX0XN.ltrans0.ltrans.o
 *fill*         0x0000000020002845        0x3 
 .bss.readBuffer
                0x0000000020002848       0x80 /tmp/cc2hX0XN.ltrans0.ltrans.o
 .bss.samples   0x00000000200028c8       0x30 /tmp/cc2hX0XN.ltrans0.ltrans.o
 .bss.usbThreadWA
                0x00000000200028f8      0x108 /tmp/cc2hX0XN.ltrans0.ltrans.o
 .bss.writeBuffer
                0x0000000020002a00      0x100 /tmp/cc2hX0XN.ltrans0.ltrans.o
 .bss.__malloc_current_mallinfo
                0x0000000020002b00       0x28 /usr/bin/../lib/gcc/arm-none-eabi/7.3.1/../../../../arm-none-eabi/lib/thumb/v7e-m/libg.a(lib_a-mallocr.o)
                0x0000000020002b00                __malloc_current_mallinfo
 .bss.__malloc_max_sbrked_mem
                0x0000000020002b28        0x4 /usr/bin/../lib/gcc/arm-none-eabi/7.3.1/../../../../arm-none-eabi/lib/thumb/v7e-m/libg.a(lib_a-mallocr.o)
                0x0000000020002b28                __malloc_max_sbrked_mem
 .bss.__malloc_max_total_mem
                0x0000000020002b2c        0x4 /usr/bin/../lib/gcc/arm-none-eabi/7.3.1/../../../../arm-none-eabi/lib/thumb/v7e-m/libg.a(lib_a-mallocr.o)
                0x0000000020002b2c                __malloc_max_total_mem
 .bss.__malloc_top_pad
                0x0000000020002b30        0x4 /usr/bin/../lib/gcc/arm-none-eabi/7.3.1/../../../../arm-none-eabi/lib/thumb/v7e-m/libg.a(lib_a-mallocr.o)
                0x0000000020002b30                __malloc_top_pad
 *(COMMON)
 COMMON         0x0000000020002b34       0x21 /usr/bin/../lib/gcc/arm-none-eabi/7.3.1/../../../../arm-none-eabi/lib/thumb/v7e-m/libg.a(lib_a-lock.o)
                0x0000000020002b34                __lock___atexit_recursive_mutex
                0x0000000020002b38                __lock___arc4random_mutex
                0x0000000020002b3c                __lock___env_recursive_mutex
                0x0000000020002b40                __lock___sinit_recursive_mutex
                0x0000000020002b44                __lock___malloc_recursive_mutex
                0x0000000020002b48                __lock___at_quick_exit_mutex
                0x0000000020002b4c                __lock___dd_hash_mutex
                0x0000000020002b50                __lock___tz_mutex
                0x0000000020002b54                __lock___sfp_recursive_mutex
                0x0000000020002b58                . = ALIGN (0x4)
 *fill*         0x0000000020002b55        0x3 
                0x0000000020002b58                _bss_end = .
                [!provide]                        PROVIDE (end = .)

.ram0_init      0x0000000020002b58        0x0 load address 0x000000000800b638
                0x0000000020002b58                . = ALIGN (0x4)
                0x000000000800b638                __ram0_init_text__ = LOADADDR (.ram0_init)
                0x0000000020002b58                __ram0_init__ = .
 *(.ram0_init)
 *(.ram0_init.*)
                0x0000000020002b58                . = ALIGN (0x4)

.ram0           0x0000000020002b58        0x0 load address 0x000000000800b638
                0x0000000020002b58                . = ALIGN (0x4)
                0x0000000020002b58                __ram0_clear__ = .
 *(.ram0_clear)
 *(.ram0_clear.*)
                0x0000000020002b58                . = ALIGN (0x4)
                0x0000000020002b58                __ram0_noinit__ = .
 *(.ram0)
 *(.ram0.*)
                0x0000000020002b58                . = ALIGN (0x4)
                0x0000000020002b58                __ram0_free__ = .

.ram1_init      0x0000000020000000        0x0 load address 0x000000000800b638
                0x0000000020000000                . = ALIGN (0x4)
                0x000000000800b638                __ram1_init_text__ = LOADADDR (.ram1_init)
                0x0000000020000000                __ram1_init__ = .
 *(.ram1_init)
 *(.ram1_init.*)
                0x0000000020000000                . = ALIGN (0x4)

.ram1           0x0000000020000000        0x0 load address 0x000000000800b638
                0x0000000020000000                . = ALIGN (0x4)
                0x0000000020000000                __ram1_clear__ = .
 *(.ram1_clear)
 *(.ram1_clear.*)
                0x0000000020000000                . = ALIGN (0x4)
                0x0000000020000000                __ram1_noinit__ = .
 *(.ram1)
 *(.ram1.*)
                0x0000000020000000                . = ALIGN (0x4)
                0x0000000020000000                __ram1_free__ = .

.ram2_init      0x000000002001c000        0x0 load address 0x000000000800b638
                0x000000002001c000                . = ALIGN (0x4)
                0x000000000800b638                __ram2_init_text__ = LOADADDR (.ram2_init)
                0x000000002001c000                __ram2_init__ = .
 *(.ram2_init)
 *(.ram2_init.*)
                0x000000002001c000                . = ALIGN (0x4)

.ram2           0x000000002001c000        0x0 load address 0x000000000800b638
                0x000000002001c000                . = ALIGN (0x4)
                0x000000002001c000                __ram2_clear__ = .
 *(.ram2_clear)
 *(.ram2_clear.*)
                0x000000002001c000                . = ALIGN (0x4)
                0x000000002001c000                __ram2_noinit__ = .
 *(.ram2)
 *(.ram2.*)
                0x000000002001c000                . = ALIGN (0x4)
                0x000000002001c000                __ram2_free__ = .

.ram3_init      0x0000000000000000        0x0 load address 0x000000000800b638
                0x0000000000000000                . = ALIGN (0x4)
                0x000000000800b638                __ram3_init_text__ = LOADADDR (.ram3_init)
                0x0000000000000000                __ram3_init__ = .
 *(.ram3_init)
 *(.ram3_init.*)
                0x0000000000000000                . = ALIGN (0x4)

.ram3           0x0000000000000000        0x0 load address 0x000000000800b638
                0x0000000000000000                . = ALIGN (0x4)
                0x0000000000000000                __ram3_clear__ = .
 *(.ram3_clear)
 *(.ram3_clear.*)
                0x0000000000000000                . = ALIGN (0x4)
                0x0000000000000000                __ram3_noinit__ = .
 *(.ram3)
 *(.ram3.*)
                0x0000000000000000                . = ALIGN (0x4)
                0x0000000000000000                __ram3_free__ = .

.ram4_init      0x0000000010000000        0x0 load address 0x000000000800b638
                0x0000000010000000                . = ALIGN (0x4)
                0x000000000800b638                __ram4_init_text__ = LOADADDR (.ram4_init)
                0x0000000010000000                __ram4_init__ = .
 *(.ram4_init)
 *(.ram4_init.*)
                0x0000000010000000                . = ALIGN (0x4)

.ram4           0x0000000010000000        0x0 load address 0x000000000800b638
                0x0000000010000000                . = ALIGN (0x4)
                0x0000000010000000                __ram4_clear__ = .
 *(.ram4_clear)
 *(.ram4_clear.*)
                0x0000000010000000                . = ALIGN (0x4)
                0x0000000010000000                __ram4_noinit__ = .
 *(.ram4)
 *(.ram4.*)
                0x0000000010000000                . = ALIGN (0x4)
                0x0000000010000000                __ram4_free__ = .

.ram5_init      0x0000000040024000        0x0 load address 0x000000000800b638
                0x0000000040024000                . = ALIGN (0x4)
                0x000000000800b638                __ram5_init_text__ = LOADADDR (.ram5_init)
                0x0000000040024000                __ram5_init__ = .
 *(.ram5_init)
 *(.ram5_init.*)
                0x0000000040024000                . = ALIGN (0x4)

.ram5           0x0000000040024000        0x0 load address 0x000000000800b638
                0x0000000040024000                . = ALIGN (0x4)
                0x0000000040024000                __ram5_clear__ = .
 *(.ram5_clear)
 *(.ram5_clear.*)
                0x0000000040024000                . = ALIGN (0x4)
                0x0000000040024000                __ram5_noinit__ = .
 *(.ram5)
 *(.ram5.*)
                0x0000000040024000                . = ALIGN (0x4)
                0x0000000040024000                __ram5_free__ = .

.ram6_init      0x0000000000000000        0x0 load address 0x000000000800b638
                0x0000000000000000                . = ALIGN (0x4)
                0x000000000800b638                __ram6_init_text__ = LOADADDR (.ram6_init)
                0x0000000000000000                __ram6_init__ = .
 *(.ram6_init)
 *(.ram6_init.*)
                0x0000000000000000                . = ALIGN (0x4)

.ram6           0x0000000000000000        0x0 load address 0x000000000800b638
                0x0000000000000000                . = ALIGN (0x4)
                0x0000000000000000                __ram6_clear__ = .
 *(.ram6_clear)
 *(.ram6_clear.*)
                0x0000000000000000                . = ALIGN (0x4)
                0x0000000000000000                __ram6_noinit__ = .
 *(.ram6)
 *(.ram6.*)
                0x0000000000000000                . = ALIGN (0x4)
                0x0000000000000000                __ram6_free__ = .

.ram7_init      0x0000000000000000        0x0 load address 0x000000000800b638
                0x0000000000000000                . = ALIGN (0x4)
                0x000000000800b638                __ram7_init_text__ = LOADADDR (.ram7_init)
                0x0000000000000000                __ram7_init__ = .
 *(.ram7_init)
 *(.ram7_init.*)
                0x0000000000000000                . = ALIGN (0x4)

.ram7           0x0000000000000000        0x0 load address 0x000000000800b638
                0x0000000000000000                . = ALIGN (0x4)
                0x0000000000000000                __ram7_clear__ = .
 *(.ram7_clear)
 *(.ram7_clear.*)
                0x0000000000000000                . = ALIGN (0x4)
                0x0000000000000000                __ram7_noinit__ = .
 *(.ram7)
 *(.ram7.*)
                0x0000000000000000                . = ALIGN (0x4)
                0x0000000000000000                __ram7_free__ = .

.heap           0x0000000020002b58    0x1d4a8
                0x0000000020002b58                . = ALIGN (0x8)
                0x0000000020002b58                __heap_base__ = .
                0x0000000020020000                . = (ORIGIN (HEAP_RAM) + LENGTH (HEAP_RAM))
 *fill*         0x0000000020002b58    0x1d4a8 
                0x0000000020020000                __heap_end__ = .
                0x0000000000000400                __process_stack_size__ = 0x400
                0x0000000000000400                __main_stack_size__ = 0x400
START GROUP
LOAD /usr/bin/../lib/gcc/arm-none-eabi/7.3.1/thumb/v7e-m/libgcc.a
LOAD /usr/bin/../lib/gcc/arm-none-eabi/7.3.1/../../../../arm-none-eabi/lib/thumb/v7e-m/libg.a
LOAD /usr/bin/../lib/gcc/arm-none-eabi/7.3.1/../../../../arm-none-eabi/lib/thumb/v7e-m/libc.a
END GROUP
OUTPUT(build/stm32f407_discovery/formula_node.elf elf32-littlearm)

.ARM.attributes
                0x0000000000000000       0x2f
 .ARM.attributes
                0x0000000000000000       0x21 ./build/stm32f407_discovery/obj/crt0_v7m.o
 .ARM.attributes
                0x0000000000000021       0x21 ./build/stm32f407_discovery/obj/vectors.o
 .ARM.attributes
                0x0000000000000042       0x21 ./build/stm32f407_discovery/obj/chcoreasm_v7m.o
 .ARM.attributes
                0x0000000000000063       0x31 /tmp/cc2hX0XN.ltrans0.ltrans.o
 .ARM.attributes
                0x0000000000000094       0x2e /usr/bin/../lib/gcc/arm-none-eabi/7.3.1/../../../../arm-none-eabi/lib/thumb/v7e-m/libg.a(lib_a-atoi.o)
 .ARM.attributes
                0x00000000000000c2       0x2e /usr/bin/../lib/gcc/arm-none-eabi/7.3.1/../../../../arm-none-eabi/lib/thumb/v7e-m/libg.a(lib_a-strtok_r.o)
 .ARM.attributes
                0x00000000000000f0       0x2e /usr/bin/../lib/gcc/arm-none-eabi/7.3.1/../../../../arm-none-eabi/lib/thumb/v7e-m/libg.a(lib_a-strtol.o)
 .ARM.attributes
                0x000000000000011e       0x2e /usr/bin/../lib/gcc/arm-none-eabi/7.3.1/../../../../arm-none-eabi/lib/thumb/v7e-m/libg.a(lib_a-impure.o)
 .ARM.attributes
                0x000000000000014c       0x2e /usr/bin/../lib/gcc/arm-none-eabi/7.3.1/../../../../arm-none-eabi/lib/thumb/v7e-m/libg.a(lib_a-locale.o)
 .ARM.attributes
                0x000000000000017a       0x2e /usr/bin/../lib/gcc/arm-none-eabi/7.3.1/../../../../arm-none-eabi/lib/thumb/v7e-m/libg.a(lib_a-mbtowc_r.o)
 .ARM.attributes
                0x00000000000001a8       0x2e /usr/bin/../lib/gcc/arm-none-eabi/7.3.1/../../../../arm-none-eabi/lib/thumb/v7e-m/libg.a(lib_a-wctomb_r.o)
 .ARM.attributes
                0x00000000000001d6       0x2e /usr/bin/../lib/gcc/arm-none-eabi/7.3.1/../../../../arm-none-eabi/lib/thumb/v7e-m/libg.a(lib_a-ctype_.o)
 .ARM.attributes
                0x0000000000000204       0x1c /usr/bin/../lib/gcc/arm-none-eabi/7.3.1/../../../../arm-none-eabi/lib/thumb/v7e-m/libg.a(lib_a-memcpy.o)
 .ARM.attributes
                0x0000000000000220       0x2e /usr/bin/../lib/gcc/arm-none-eabi/7.3.1/../../../../arm-none-eabi/lib/thumb/v7e-m/libg.a(lib_a-memset.o)
 .ARM.attributes
                0x000000000000024e       0x2e /usr/bin/../lib/gcc/arm-none-eabi/7.3.1/../../../../arm-none-eabi/lib/thumb/v7e-m/libg.a(lib_a-sprintf.o)
 .ARM.attributes
                0x000000000000027c       0x2e /usr/bin/../lib/gcc/arm-none-eabi/7.3.1/../../../../arm-none-eabi/lib/thumb/v7e-m/libg.a(lib_a-strstr.o)
 .ARM.attributes
                0x00000000000002aa       0x2e /usr/bin/../lib/gcc/arm-none-eabi/7.3.1/../../../../arm-none-eabi/lib/thumb/v7e-m/libg.a(lib_a-svfprintf.o)
 .ARM.attributes
                0x00000000000002d8       0x2e /usr/bin/../lib/gcc/arm-none-eabi/7.3.1/../../../../arm-none-eabi/lib/thumb/v7e-m/libg.a(lib_a-dtoa.o)
 .ARM.attributes
                0x0000000000000306       0x2e /usr/bin/../lib/gcc/arm-none-eabi/7.3.1/../../../../arm-none-eabi/lib/thumb/v7e-m/libg.a(lib_a-freer.o)
 .ARM.attributes
                0x0000000000000334       0x2e /usr/bin/../lib/gcc/arm-none-eabi/7.3.1/../../../../arm-none-eabi/lib/thumb/v7e-m/libg.a(lib_a-localeconv.o)
 .ARM.attributes
                0x0000000000000362       0x2e /usr/bin/../lib/gcc/arm-none-eabi/7.3.1/../../../../arm-none-eabi/lib/thumb/v7e-m/libg.a(lib_a-mallocr.o)
 .ARM.attributes
                0x0000000000000390       0x1c /usr/bin/../lib/gcc/arm-none-eabi/7.3.1/../../../../arm-none-eabi/lib/thumb/v7e-m/libg.a(lib_a-memchr.o)
 .ARM.attributes
                0x00000000000003ac       0x2e /usr/bin/../lib/gcc/arm-none-eabi/7.3.1/../../../../arm-none-eabi/lib/thumb/v7e-m/libg.a(lib_a-memcmp.o)
 .ARM.attributes
                0x00000000000003da       0x2e /usr/bin/../lib/gcc/arm-none-eabi/7.3.1/../../../../arm-none-eabi/lib/thumb/v7e-m/libg.a(lib_a-mlock.o)
 .ARM.attributes
                0x0000000000000408       0x2e /usr/bin/../lib/gcc/arm-none-eabi/7.3.1/../../../../arm-none-eabi/lib/thumb/v7e-m/libg.a(lib_a-mprec.o)
 .ARM.attributes
                0x0000000000000436       0x2e /usr/bin/../lib/gcc/arm-none-eabi/7.3.1/../../../../arm-none-eabi/lib/thumb/v7e-m/libg.a(lib_a-s_frexp.o)
 .ARM.attributes
                0x0000000000000464       0x2e /usr/bin/../lib/gcc/arm-none-eabi/7.3.1/../../../../arm-none-eabi/lib/thumb/v7e-m/libg.a(lib_a-strchr.o)
 .ARM.attributes
                0x0000000000000492       0x1c /usr/bin/../lib/gcc/arm-none-eabi/7.3.1/../../../../arm-none-eabi/lib/thumb/v7e-m/libg.a(lib_a-strlen.o)
 .ARM.attributes
                0x00000000000004ae       0x2e /usr/bin/../lib/gcc/arm-none-eabi/7.3.1/../../../../arm-none-eabi/lib/thumb/v7e-m/libg.a(lib_a-strncpy.o)
 .ARM.attributes
                0x00000000000004dc       0x2e /usr/bin/../lib/gcc/arm-none-eabi/7.3.1/../../../../arm-none-eabi/lib/thumb/v7e-m/libg.a(lib_a-svfiprintf.o)
 .ARM.attributes
                0x000000000000050a       0x2e /usr/bin/../lib/gcc/arm-none-eabi/7.3.1/../../../../arm-none-eabi/lib/thumb/v7e-m/libg.a(lib_a-callocr.o)
 .ARM.attributes
                0x0000000000000538       0x2e /usr/bin/../lib/gcc/arm-none-eabi/7.3.1/../../../../arm-none-eabi/lib/thumb/v7e-m/libg.a(lib_a-lock.o)
 .ARM.attributes
                0x0000000000000566       0x2e /usr/bin/../lib/gcc/arm-none-eabi/7.3.1/../../../../arm-none-eabi/lib/thumb/v7e-m/libg.a(lib_a-memmove.o)
 .ARM.attributes
                0x0000000000000594       0x2e /usr/bin/../lib/gcc/arm-none-eabi/7.3.1/../../../../arm-none-eabi/lib/thumb/v7e-m/libg.a(lib_a-reallocr.o)
 .ARM.attributes
                0x00000000000005c2       0x1e /usr/bin/../lib/gcc/arm-none-eabi/7.3.1/thumb/v7e-m/libgcc.a(_arm_addsubdf3.o)
 .ARM.attributes
                0x00000000000005e0       0x1e /usr/bin/../lib/gcc/arm-none-eabi/7.3.1/thumb/v7e-m/libgcc.a(_arm_muldivdf3.o)
 .ARM.attributes
                0x00000000000005fe       0x1e /usr/bin/../lib/gcc/arm-none-eabi/7.3.1/thumb/v7e-m/libgcc.a(_arm_cmpdf2.o)
 .ARM.attributes
                0x000000000000061c       0x1e /usr/bin/../lib/gcc/arm-none-eabi/7.3.1/thumb/v7e-m/libgcc.a(_arm_unorddf2.o)
 .ARM.attributes
                0x000000000000063a       0x1e /usr/bin/../lib/gcc/arm-none-eabi/7.3.1/thumb/v7e-m/libgcc.a(_arm_fixdfsi.o)
 .ARM.attributes
                0x0000000000000658       0x1e /usr/bin/../lib/gcc/arm-none-eabi/7.3.1/thumb/v7e-m/libgcc.a(_aeabi_uldivmod.o)
 .ARM.attributes
                0x0000000000000676       0x2e /usr/bin/../lib/gcc/arm-none-eabi/7.3.1/thumb/v7e-m/libgcc.a(_udivmoddi4.o)
 .ARM.attributes
                0x00000000000006a4       0x1e /usr/bin/../lib/gcc/arm-none-eabi/7.3.1/thumb/v7e-m/libgcc.a(_dvmd_tls.o)

.comment        0x0000000000000000       0x7f
 .comment       0x0000000000000000       0x7f /tmp/cc2hX0XN.ltrans0.ltrans.o
                                         0x80 (size before relaxing)

.debug_line     0x0000000000000000     0x342a
 .debug_line    0x0000000000000000       0xc9 ./build/stm32f407_discovery/obj/crt0_v7m.o
 .debug_line    0x00000000000000c9       0x73 ./build/stm32f407_discovery/obj/vectors.o
 .debug_line    0x000000000000013c       0x88 ./build/stm32f407_discovery/obj/chcoreasm_v7m.o
 .debug_line    0x00000000000001c4     0x3266 /tmp/cc2hX0XN.ltrans0.ltrans.o

.debug_info     0x0000000000000000     0xf688
 .debug_info    0x0000000000000000       0x26 ./build/stm32f407_discovery/obj/crt0_v7m.o
 .debug_info    0x0000000000000026       0x26 ./build/stm32f407_discovery/obj/vectors.o
 .debug_info    0x000000000000004c       0x26 ./build/stm32f407_discovery/obj/chcoreasm_v7m.o
 .debug_info    0x0000000000000072     0xf616 /tmp/cc2hX0XN.ltrans0.ltrans.o

.debug_abbrev   0x0000000000000000      0x8de
 .debug_abbrev  0x0000000000000000       0x14 ./build/stm32f407_discovery/obj/crt0_v7m.o
 .debug_abbrev  0x0000000000000014       0x14 ./build/stm32f407_discovery/obj/vectors.o
 .debug_abbrev  0x0000000000000028       0x14 ./build/stm32f407_discovery/obj/chcoreasm_v7m.o
 .debug_abbrev  0x000000000000003c      0x8a2 /tmp/cc2hX0XN.ltrans0.ltrans.o

.debug_aranges  0x0000000000000000      0x448
 .debug_aranges
                0x0000000000000000       0x20 ./build/stm32f407_discovery/obj/crt0_v7m.o
 .debug_aranges
                0x0000000000000020       0x20 ./build/stm32f407_discovery/obj/vectors.o
 .debug_aranges
                0x0000000000000040       0x20 ./build/stm32f407_discovery/obj/chcoreasm_v7m.o
 .debug_aranges
                0x0000000000000060      0x3e8 /tmp/cc2hX0XN.ltrans0.ltrans.o

.debug_str      0x0000000000000000     0x39dc
 .debug_str     0x0000000000000000       0x56 ./build/stm32f407_discovery/obj/crt0_v7m.o
 .debug_str     0x0000000000000056       0x3e ./build/stm32f407_discovery/obj/vectors.o
                                         0x55 (size before relaxing)
 .debug_str     0x0000000000000094       0x42 ./build/stm32f407_discovery/obj/chcoreasm_v7m.o
                                         0x59 (size before relaxing)
 .debug_str     0x00000000000000d6     0x3906 /tmp/cc2hX0XN.ltrans0.ltrans.o
                                       0x3baa (size before relaxing)

.debug_loc      0x0000000000000000     0x65f5
 .debug_loc     0x0000000000000000     0x65f5 /tmp/cc2hX0XN.ltrans0.ltrans.o

.debug_ranges   0x0000000000000000     0x2750
 .debug_ranges  0x0000000000000000     0x2750 /tmp/cc2hX0XN.ltrans0.ltrans.o

.debug_frame    0x0000000000000000     0x1a9c
 .debug_frame   0x0000000000000000      0xdc0 /tmp/cc2hX0XN.ltrans0.ltrans.o
 .debug_frame   0x0000000000000dc0       0x30 /usr/bin/../lib/gcc/arm-none-eabi/7.3.1/../../../../arm-none-eabi/lib/thumb/v7e-m/libg.a(lib_a-atoi.o)
 .debug_frame   0x0000000000000df0       0x48 /usr/bin/../lib/gcc/arm-none-eabi/7.3.1/../../../../arm-none-eabi/lib/thumb/v7e-m/libg.a(lib_a-strtok_r.o)
 .debug_frame   0x0000000000000e38       0x98 /usr/bin/../lib/gcc/arm-none-eabi/7.3.1/../../../../arm-none-eabi/lib/thumb/v7e-m/libg.a(lib_a-strtol.o)
 .debug_frame   0x0000000000000ed0       0x6c /usr/bin/../lib/gcc/arm-none-eabi/7.3.1/../../../../arm-none-eabi/lib/thumb/v7e-m/libg.a(lib_a-locale.o)
 .debug_frame   0x0000000000000f3c       0x4c /usr/bin/../lib/gcc/arm-none-eabi/7.3.1/../../../../arm-none-eabi/lib/thumb/v7e-m/libg.a(lib_a-mbtowc_r.o)
 .debug_frame   0x0000000000000f88       0x3c /usr/bin/../lib/gcc/arm-none-eabi/7.3.1/../../../../arm-none-eabi/lib/thumb/v7e-m/libg.a(lib_a-wctomb_r.o)
 .debug_frame   0x0000000000000fc4       0x38 /usr/bin/../lib/gcc/arm-none-eabi/7.3.1/../../../../arm-none-eabi/lib/thumb/v7e-m/libg.a(lib_a-memset.o)
 .debug_frame   0x0000000000000ffc       0x80 /usr/bin/../lib/gcc/arm-none-eabi/7.3.1/../../../../arm-none-eabi/lib/thumb/v7e-m/libg.a(lib_a-sprintf.o)
 .debug_frame   0x000000000000107c       0x9c /usr/bin/../lib/gcc/arm-none-eabi/7.3.1/../../../../arm-none-eabi/lib/thumb/v7e-m/libg.a(lib_a-strstr.o)
 .debug_frame   0x0000000000001118       0x40 /usr/bin/../lib/gcc/arm-none-eabi/7.3.1/../../../../arm-none-eabi/lib/thumb/v7e-m/libg.a(lib_a-svfprintf.o)
 .debug_frame   0x0000000000001158       0x90 /usr/bin/../lib/gcc/arm-none-eabi/7.3.1/../../../../arm-none-eabi/lib/thumb/v7e-m/libg.a(lib_a-dtoa.o)
 .debug_frame   0x00000000000011e8       0x80 /usr/bin/../lib/gcc/arm-none-eabi/7.3.1/../../../../arm-none-eabi/lib/thumb/v7e-m/libg.a(lib_a-freer.o)
 .debug_frame   0x0000000000001268       0x40 /usr/bin/../lib/gcc/arm-none-eabi/7.3.1/../../../../arm-none-eabi/lib/thumb/v7e-m/libg.a(lib_a-localeconv.o)
 .debug_frame   0x00000000000012a8       0x54 /usr/bin/../lib/gcc/arm-none-eabi/7.3.1/../../../../arm-none-eabi/lib/thumb/v7e-m/libg.a(lib_a-mallocr.o)
 .debug_frame   0x00000000000012fc       0x38 /usr/bin/../lib/gcc/arm-none-eabi/7.3.1/../../../../arm-none-eabi/lib/thumb/v7e-m/libg.a(lib_a-memcmp.o)
 .debug_frame   0x0000000000001334       0x30 /usr/bin/../lib/gcc/arm-none-eabi/7.3.1/../../../../arm-none-eabi/lib/thumb/v7e-m/libg.a(lib_a-mlock.o)
 .debug_frame   0x0000000000001364      0x25c /usr/bin/../lib/gcc/arm-none-eabi/7.3.1/../../../../arm-none-eabi/lib/thumb/v7e-m/libg.a(lib_a-mprec.o)
 .debug_frame   0x00000000000015c0       0x30 /usr/bin/../lib/gcc/arm-none-eabi/7.3.1/../../../../arm-none-eabi/lib/thumb/v7e-m/libg.a(lib_a-s_frexp.o)
 .debug_frame   0x00000000000015f0       0x30 /usr/bin/../lib/gcc/arm-none-eabi/7.3.1/../../../../arm-none-eabi/lib/thumb/v7e-m/libg.a(lib_a-strchr.o)
 .debug_frame   0x0000000000001620       0x34 /usr/bin/../lib/gcc/arm-none-eabi/7.3.1/../../../../arm-none-eabi/lib/thumb/v7e-m/libg.a(lib_a-strncpy.o)
 .debug_frame   0x0000000000001654       0x74 /usr/bin/../lib/gcc/arm-none-eabi/7.3.1/../../../../arm-none-eabi/lib/thumb/v7e-m/libg.a(lib_a-svfiprintf.o)
 .debug_frame   0x00000000000016c8       0x28 /usr/bin/../lib/gcc/arm-none-eabi/7.3.1/../../../../arm-none-eabi/lib/thumb/v7e-m/libg.a(lib_a-callocr.o)
 .debug_frame   0x00000000000016f0       0xb0 /usr/bin/../lib/gcc/arm-none-eabi/7.3.1/../../../../arm-none-eabi/lib/thumb/v7e-m/libg.a(lib_a-lock.o)
 .debug_frame   0x00000000000017a0       0x40 /usr/bin/../lib/gcc/arm-none-eabi/7.3.1/../../../../arm-none-eabi/lib/thumb/v7e-m/libg.a(lib_a-memmove.o)
 .debug_frame   0x00000000000017e0       0x58 /usr/bin/../lib/gcc/arm-none-eabi/7.3.1/../../../../arm-none-eabi/lib/thumb/v7e-m/libg.a(lib_a-reallocr.o)
 .debug_frame   0x0000000000001838       0xac /usr/bin/../lib/gcc/arm-none-eabi/7.3.1/thumb/v7e-m/libgcc.a(_arm_addsubdf3.o)
 .debug_frame   0x00000000000018e4       0x50 /usr/bin/../lib/gcc/arm-none-eabi/7.3.1/thumb/v7e-m/libgcc.a(_arm_muldivdf3.o)
 .debug_frame   0x0000000000001934       0xc4 /usr/bin/../lib/gcc/arm-none-eabi/7.3.1/thumb/v7e-m/libgcc.a(_arm_cmpdf2.o)
 .debug_frame   0x00000000000019f8       0x20 /usr/bin/../lib/gcc/arm-none-eabi/7.3.1/thumb/v7e-m/libgcc.a(_arm_unorddf2.o)
 .debug_frame   0x0000000000001a18       0x24 /usr/bin/../lib/gcc/arm-none-eabi/7.3.1/thumb/v7e-m/libgcc.a(_arm_fixdfsi.o)
 .debug_frame   0x0000000000001a3c       0x2c /usr/bin/../lib/gcc/arm-none-eabi/7.3.1/thumb/v7e-m/libgcc.a(_aeabi_uldivmod.o)
 .debug_frame   0x0000000000001a68       0x34 /usr/bin/../lib/gcc/arm-none-eabi/7.3.1/thumb/v7e-m/libgcc.a(_udivmoddi4.o)

Cross Reference Table

Symbol                                            File
ADCD1                                             ./build/stm32f407_discovery/obj/hal_adc_lld.o (symbol from plugin)
                                                  ./build/stm32f407_discovery/obj/main.o (symbol from plugin)
                                                  ./build/stm32f407_discovery/obj/adcThread.o (symbol from plugin)
ADCinit                                           ./build/stm32f407_discovery/obj/main.o (symbol from plugin)
BusFault_Handler                                  ./build/stm32f407_discovery/obj/vectors.o
DebugMon_Handler                                  ./build/stm32f407_discovery/obj/vectors.o
HardFault_Handler                                 ./build/stm32f407_discovery/obj/vectors.o
MemManage_Handler                                 ./build/stm32f407_discovery/obj/vectors.o
NMI_Handler                                       ./build/stm32f407_discovery/obj/vectors.o
PWMD3                                             ./build/stm32f407_discovery/obj/hal_pwm_lld.o (symbol from plugin)
                                                  ./build/stm32f407_discovery/obj/main.o (symbol from plugin)
                                                  ./build/stm32f407_discovery/obj/communicationThread.o (symbol from plugin)
PWMD4                                             ./build/stm32f407_discovery/obj/hal_pwm_lld.o (symbol from plugin)
                                                  ./build/stm32f407_discovery/obj/main.o (symbol from plugin)
                                                  ./build/stm32f407_discovery/obj/communicationThread.o (symbol from plugin)
PWMInit                                           ./build/stm32f407_discovery/obj/main.o (symbol from plugin)
PendSV_Handler                                    ./build/stm32f407_discovery/obj/vectors.o
Reset_Handler                                     ./build/stm32f407_discovery/obj/vectors.o