Archive member included to satisfy reference by file (symbol)

c:/chibistudio/tools/gnu tools arm embedded/7.0 2017q4/bin/../lib/gcc/arm-none-eabi/7.2.1/../../../../arm-none-eabi/lib/thumb/v7e-m\libg.a(lib_a-memcpy.o)
                              C:\Users\mvshv\AppData\Local\Temp\cci99AzF.ltrans0.ltrans.o (memcpy)
c:/chibistudio/tools/gnu tools arm embedded/7.0 2017q4/bin/../lib/gcc/arm-none-eabi/7.2.1/../../../../arm-none-eabi/lib/thumb/v7e-m\libg.a(lib_a-memset.o)
                              C:\Users\mvshv\AppData\Local\Temp\cci99AzF.ltrans0.ltrans.o (memset)
c:/chibistudio/tools/gnu tools arm embedded/7.0 2017q4/bin/../lib/gcc/arm-none-eabi/7.2.1/../../../../arm-none-eabi/lib/thumb/v7e-m\libg.a(lib_a-strchr.o)
                              C:\Users\mvshv\AppData\Local\Temp\cci99AzF.ltrans0.ltrans.o (strchr)
c:/chibistudio/tools/gnu tools arm embedded/7.0 2017q4/bin/../lib/gcc/arm-none-eabi/7.2.1/../../../../arm-none-eabi/lib/thumb/v7e-m\libg.a(lib_a-strcmp.o)
                              C:\Users\mvshv\AppData\Local\Temp\cci99AzF.ltrans0.ltrans.o (strcmp)
c:/chibistudio/tools/gnu tools arm embedded/7.0 2017q4/bin/../lib/gcc/arm-none-eabi/7.2.1/../../../../arm-none-eabi/lib/thumb/v7e-m\libg.a(lib_a-strncmp.o)
                              C:\Users\mvshv\AppData\Local\Temp\cci99AzF.ltrans0.ltrans.o (strncmp)
c:/chibistudio/tools/gnu tools arm embedded/7.0 2017q4/bin/../lib/gcc/arm-none-eabi/7.2.1/../../../../arm-none-eabi/lib/thumb/v7e-m\libg.a(lib_a-strncpy.o)
                              C:\Users\mvshv\AppData\Local\Temp\cci99AzF.ltrans0.ltrans.o (strncpy)
c:/chibistudio/tools/gnu tools arm embedded/7.0 2017q4/bin/../lib/gcc/arm-none-eabi/7.2.1/../../../../arm-none-eabi/lib/thumb/v7e-m\libg.a(lib_a-strpbrk.o)
                              C:\Users\mvshv\AppData\Local\Temp\cci99AzF.ltrans0.ltrans.o (strpbrk)
c:/chibistudio/tools/gnu tools arm embedded/7.0 2017q4/bin/../lib/gcc/arm-none-eabi/7.2.1/../../../../arm-none-eabi/lib/thumb/v7e-m\libg.a(lib_a-strspn.o)
                              C:\Users\mvshv\AppData\Local\Temp\cci99AzF.ltrans0.ltrans.o (strspn)

Discarded input sections

 .data          0x00000000        0x0 ./build/stm32f303_discovery/obj/crt0_v7m.o
 .bss           0x00000000        0x0 ./build/stm32f303_discovery/obj/crt0_v7m.o
 .data          0x00000000        0x0 ./build/stm32f303_discovery/obj/vectors.o
 .bss           0x00000000        0x0 ./build/stm32f303_discovery/obj/vectors.o
 .data          0x00000000        0x0 ./build/stm32f303_discovery/obj/chcoreasm_v7m.o
 .bss           0x00000000        0x0 ./build/stm32f303_discovery/obj/chcoreasm_v7m.o
 .text          0x00000000        0x0 C:\Users\mvshv\AppData\Local\Temp\cci99AzF.ltrans0.ltrans.o
 .data          0x00000000        0x0 C:\Users\mvshv\AppData\Local\Temp\cci99AzF.ltrans0.ltrans.o
 .bss           0x00000000        0x0 C:\Users\mvshv\AppData\Local\Temp\cci99AzF.ltrans0.ltrans.o
 .data          0x00000000        0x0 c:/chibistudio/tools/gnu tools arm embedded/7.0 2017q4/bin/../lib/gcc/arm-none-eabi/7.2.1/../../../../arm-none-eabi/lib/thumb/v7e-m\libg.a(lib_a-memcpy.o)
 .bss           0x00000000        0x0 c:/chibistudio/tools/gnu tools arm embedded/7.0 2017q4/bin/../lib/gcc/arm-none-eabi/7.2.1/../../../../arm-none-eabi/lib/thumb/v7e-m\libg.a(lib_a-memcpy.o)
 .text          0x00000000        0x0 c:/chibistudio/tools/gnu tools arm embedded/7.0 2017q4/bin/../lib/gcc/arm-none-eabi/7.2.1/../../../../arm-none-eabi/lib/thumb/v7e-m\libg.a(lib_a-memset.o)
 .data          0x00000000        0x0 c:/chibistudio/tools/gnu tools arm embedded/7.0 2017q4/bin/../lib/gcc/arm-none-eabi/7.2.1/../../../../arm-none-eabi/lib/thumb/v7e-m\libg.a(lib_a-memset.o)
 .bss           0x00000000        0x0 c:/chibistudio/tools/gnu tools arm embedded/7.0 2017q4/bin/../lib/gcc/arm-none-eabi/7.2.1/../../../../arm-none-eabi/lib/thumb/v7e-m\libg.a(lib_a-memset.o)
 .text          0x00000000        0x0 c:/chibistudio/tools/gnu tools arm embedded/7.0 2017q4/bin/../lib/gcc/arm-none-eabi/7.2.1/../../../../arm-none-eabi/lib/thumb/v7e-m\libg.a(lib_a-strchr.o)
 .data          0x00000000        0x0 c:/chibistudio/tools/gnu tools arm embedded/7.0 2017q4/bin/../lib/gcc/arm-none-eabi/7.2.1/../../../../arm-none-eabi/lib/thumb/v7e-m\libg.a(lib_a-strchr.o)
 .bss           0x00000000        0x0 c:/chibistudio/tools/gnu tools arm embedded/7.0 2017q4/bin/../lib/gcc/arm-none-eabi/7.2.1/../../../../arm-none-eabi/lib/thumb/v7e-m\libg.a(lib_a-strchr.o)
 .data          0x00000000        0x0 c:/chibistudio/tools/gnu tools arm embedded/7.0 2017q4/bin/../lib/gcc/arm-none-eabi/7.2.1/../../../../arm-none-eabi/lib/thumb/v7e-m\libg.a(lib_a-strcmp.o)
 .bss           0x00000000        0x0 c:/chibistudio/tools/gnu tools arm embedded/7.0 2017q4/bin/../lib/gcc/arm-none-eabi/7.2.1/../../../../arm-none-eabi/lib/thumb/v7e-m\libg.a(lib_a-strcmp.o)
[...]
Memory Configuration

Name             Origin             Length             Attributes
flash0           0x08000000         0x00040000
flash1           0x00000000         0x00000000
flash2           0x00000000         0x00000000
flash3           0x00000000         0x00000000
flash4           0x00000000         0x00000000
flash5           0x00000000         0x00000000
flash6           0x00000000         0x00000000
flash7           0x00000000         0x00000000
ram0             0x20000000         0x0000a000
ram1             0x00000000         0x00000000
ram2             0x00000000         0x00000000
ram3             0x00000000         0x00000000
ram4             0x10000000         0x00002000
ram5             0x00000000         0x00000000
ram6             0x00000000         0x00000000
ram7             0x00000000         0x00000000
*default*        0x00000000         0xffffffff

Linker script and memory map

LOAD ./build/stm32f303_discovery/obj/crt0_v7m.o
LOAD ./build/stm32f303_discovery/obj/vectors.o
LOAD ./build/stm32f303_discovery/obj/chcoreasm_v7m.o
LOAD C:\Users\mvshv\AppData\Local\Temp\cci99AzF.ltrans0.ltrans.o

.mstack         0x20000000      0x400
                0x20000000                . = ALIGN (0x8)
                0x20000000                __main_stack_base__ = .
                0x20000400                . = (. + __main_stack_size__)
 *fill*         0x20000000      0x400 
                0x20000400                . = ALIGN (0x8)
                0x20000400                __main_stack_end__ = .

.pstack         0x20000400      0x400
                0x20000400                __process_stack_base__ = .
                0x20000400                __main_thread_stack_base__ = .
                0x20000800                . = (. + __process_stack_size__)
 *fill*         0x20000400      0x400 
                0x20000800                . = ALIGN (0x8)
                0x20000800                __process_stack_end__ = .
                0x20000800                __main_thread_stack_end__ = .

.vectors        0x08000000      0x1a0
 *(.vectors)
 .vectors       0x08000000      0x1a0 ./build/stm32f303_discovery/obj/vectors.o
                0x08000000                _vectors

.xtors          0x080001a0        0x0
                0x080001a0                __init_array_start = .
 *(SORT_BY_NAME(.init_array.*))
 *(.init_array)
                0x080001a0                __init_array_end = .
                0x080001a0                __fini_array_start = .
 *(.fini_array)
 *(SORT_BY_NAME(.fini_array.*))
                0x080001a0                __fini_array_end = .

.text           0x080001a0     0xb0e4
 *(.text)
 .text          0x080001a0       0xd8 ./build/stm32f303_discovery/obj/crt0_v7m.o
                0x080001a0                _crt0_entry
 .text          0x08000278        0x8 ./build/stm32f303_discovery/obj/vectors.o
                0x08000278                Reset_Handler
                0x0800027a                VectorE8
                0x0800027a                Vector9C
                0x0800027a                VectorAC
                0x0800027a                DebugMon_Handler
                0x0800027a                Vector5C
                0x0800027a                Vector11C
                0x0800027a                HardFault_Handler
                0x0800027a                Vector19C
                0x0800027a                Vector8C
                0x0800027a                SysTick_Handler
                0x0800027a                VectorDC
                0x0800027a                PendSV_Handler
                0x0800027a                Vector168
                0x0800027a                NMI_Handler
                0x0800027a                Vector110
                0x0800027a                Vector120
                0x0800027a                VectorC8
                0x0800027a                Vector94
                0x0800027a                VectorA8
                0x0800027a                VectorB4
                0x0800027a                Vector74
                0x0800027a                Vector160
                0x0800027a                UsageFault_Handler
                0x0800027a                VectorEC
                0x0800027a                Vector40
                0x0800027a                VectorF8
                0x0800027a                Vector108
                0x0800027a                VectorBC
                0x0800027a                Vector190
                0x0800027a                Vector150
                0x0800027a                Vector124
                0x0800027a                Vector148
                0x0800027a                Vector188
                0x0800027a                Vector198
                0x0800027a                Vector118
                0x0800027a                Vector64
                0x0800027a                Vector58
                0x0800027a                VectorCC
                0x0800027a                Vector54
                0x0800027a                Vector98
                0x0800027a                VectorD8
                0x0800027a                Vector138
                0x0800027a                Vector24
                0x0800027a                Vector178
                0x0800027a                Vector84
                0x0800027a                VectorD0
                0x0800027a                Vector140
                0x0800027a                VectorE4
                0x0800027a                VectorC0
                0x0800027a                Vector158
                0x0800027a                Vector130
                0x0800027a                Vector134
                0x0800027a                VectorF0
                0x0800027a                Vector12C
                0x0800027a                Vector13C
                0x0800027a                Vector100
                0x0800027a                VectorE0
                0x0800027a                VectorF4
                0x0800027a                MemManage_Handler
                0x0800027a                Vector6C
                0x0800027a                VectorA0
                0x0800027a                VectorC4
                0x0800027a                Vector7C
                0x0800027a                Vector180
                0x0800027a                Vector90
                0x0800027a                Vector114
                0x0800027a                Vector164
                0x0800027a                Vector60
                0x0800027a                Vector1C
                0x0800027a                Vector17C
                0x0800027a                Vector48
                0x0800027a                Vector70
                0x0800027a                VectorD4
                0x0800027a                Vector4C
                0x0800027a                Vector144
                0x0800027a                Vector80
                0x0800027a                Vector15C
                0x0800027a                Vector68
                0x0800027a                Vector78
                0x0800027a                Vector18C
                0x0800027a                Vector170
                0x0800027a                Vector88
                0x0800027a                Vector104
                0x0800027a                Vector184
                0x0800027a                Vector10C
                0x0800027a                Vector14C
                0x0800027a                BusFault_Handler
                0x0800027a                Vector50
                0x0800027a                Vector194
                0x0800027a                Vector154
                0x0800027a                Vector44
                0x0800027a                Vector28
                0x0800027a                VectorB8
                0x0800027a                VectorFC
                0x0800027a                Vector34
                0x0800027a                Vector128
                0x0800027a                VectorA4
                0x0800027a                Vector20
                0x0800027a                Vector174
                0x0800027e                _unhandled_exception
 .text          0x08000280       0x34 ./build/stm32f303_discovery/obj/chcoreasm_v7m.o
                0x08000280                _port_switch
                0x08000290                _port_thread_start
                0x080002a4                _port_switch_from_isr
                0x080002b0                _port_exit_from_isr
 .text          0x080002b4      0x134 c:/chibistudio/tools/gnu tools arm embedded/7.0 2017q4/bin/../lib/gcc/arm-none-eabi/7.2.1/../../../../arm-none-eabi/lib/thumb/v7e-m\libg.a(lib_a-memcpy.o)
                0x080002b4                memcpy
 *fill*         0x080003e8       0x18 
 .text          0x08000400      0x2dc c:/chibistudio/tools/gnu tools arm embedded/7.0 2017q4/bin/../lib/gcc/arm-none-eabi/7.2.1/../../../../arm-none-eabi/lib/thumb/v7e-m\libg.a(lib_a-strcmp.o)
                0x08000408                strcmp
 *(.text.*)
 *fill*         0x080006dc        0x4 
 .text.chTMStartMeasurementX.constprop.62
                0x080006e0        0xc C:\Users\mvshv\AppData\Local\Temp\cci99AzF.ltrans0.ltrans.o
 *fill*         0x080006ec        0x4 
 .text._test_assert_time_window.constprop.1
                0x080006f0       0x34 C:\Users\mvshv\AppData\Local\Temp\cci99AzF.ltrans0.ltrans.o
 *fill*         0x08000724        0xc 
 .text.null_provider
                0x08000730        0x4 C:\Users\mvshv\AppData\Local\Temp\cci99AzF.ltrans0.ltrans.o
 *fill*         0x08000734        0xc 
 .text.tmo      0x08000740        0x4 C:\Users\mvshv\AppData\Local\Temp\cci99AzF.ltrans0.ltrans.o
 *fill*         0x08000744        0xc 
 .text.rt_test_004_001_setup
                0x08000750        0xc C:\Users\mvshv\AppData\Local\Temp\cci99AzF.ltrans0.ltrans.o
 *fill*         0x0800075c        0x4 
 .text._test_assert
                0x08000760       0x28 C:\Users\mvshv\AppData\Local\Temp\cci99AzF.ltrans0.ltrans.o
 *fill*         0x08000788        0x8 
 .text.rt_test_002_004_execute
                0x08000790       0x18 C:\Users\mvshv\AppData\Local\Temp\cci99AzF.ltrans0.ltrans.o
 *fill*         0x080007a8        0x8 
 .text.test_printn.part.0
                0x080007b0       0x58 C:\Users\mvshv\AppData\Local\Temp\cci99AzF.ltrans0.ltrans.o
 *fill*         0x08000808        0x8 
 .text.test_printn
                0x08000810       0x18 C:\Users\mvshv\AppData\Local\Temp\cci99AzF.ltrans0.ltrans.o
 *fill*         0x08000828        0x8 
 .text.test_println
                0x08000830       0x38 C:\Users\mvshv\AppData\Local\Temp\cci99AzF.ltrans0.ltrans.o
 *fill*         0x08000868        0x8 
 .text.test_print
                0x08000870       0x24 C:\Users\mvshv\AppData\Local\Temp\cci99AzF.ltrans0.ltrans.o
 *fill*         0x08000894        0xc 
 .text._test_assert_sequence
                0x080008a0       0x4c C:\Users\mvshv\AppData\Local\Temp\cci99AzF.ltrans0.ltrans.o
 *fill*         0x080008ec        0x4 
 .text.print_line
                0x080008f0       0x2c C:\Users\mvshv\AppData\Local\Temp\cci99AzF.ltrans0.ltrans.o
 *fill*         0x0800091c        0x4 
 .text.get_descriptor
                0x08000920       0x30 C:\Users\mvshv\AppData\Local\Temp\cci99AzF.ltrans0.ltrans.o
 .text._port_irq_epilogue
                0x08000950       0x54 C:\Users\mvshv\AppData\Local\Temp\cci99AzF.ltrans0.ltrans.o
 *fill*         0x080009a4        0xc 
 .text.chTMStopMeasurementX
                0x080009b0       0x44 C:\Users\mvshv\AppData\Local\Temp\cci99AzF.ltrans0.ltrans.o
 *fill*         0x080009f4        0xc 
 .text.trace_next
                0x08000a00       0x38 C:\Users\mvshv\AppData\Local\Temp\cci99AzF.ltrans0.ltrans.o
 *fill*         0x08000a38        0x8 
 .text._trace_switch.constprop.88
                0x08000a40       0x34 C:\Users\mvshv\AppData\Local\Temp\cci99AzF.ltrans0.ltrans.o
 *fill*         0x08000a74        0xc 
 .text._trace_isr_leave
                0x08000a80       0x2c C:\Users\mvshv\AppData\Local\Temp\cci99AzF.ltrans0.ltrans.o
 *fill*         0x08000aac        0x4 
 .text._trace_isr_enter
                0x08000ab0       0x2c C:\Users\mvshv\AppData\Local\Temp\cci99AzF.ltrans0.ltrans.o
 *fill*         0x08000adc        0x4 
 .text.chSysHalt
                0x08000ae0       0x24 C:\Users\mvshv\AppData\Local\Temp\cci99AzF.ltrans0.ltrans.o
 *fill*         0x08000b04        0xc 
 .text.oslib_test_002_003_setup
                0x08000b10       0x1c C:\Users\mvshv\AppData\Local\Temp\cci99AzF.ltrans0.ltrans.o
 *fill*         0x08000b2c        0x4 
 .text.oslib_test_002_002_setup
                0x08000b30        0x4 C:\Users\mvshv\AppData\Local\Temp\cci99AzF.ltrans0.ltrans.o
 *fill*         0x08000b34        0xc 
 .text.chDbgCheckClassS
                0x08000b40       0x20 C:\Users\mvshv\AppData\Local\Temp\cci99AzF.ltrans0.ltrans.o
 .text.chDbgCheckClassI
                0x08000b60       0x20 C:\Users\mvshv\AppData\Local\Temp\cci99AzF.ltrans0.ltrans.o
 .text.chPoolFreeI
                0x08000b80       0x28 C:\Users\mvshv\AppData\Local\Temp\cci99AzF.ltrans0.ltrans.o
 *fill*         0x08000ba8        0x8 
 .text.chCoreAllocAlignedWithOffsetI
                0x08000bb0       0x50 C:\Users\mvshv\AppData\Local\Temp\cci99AzF.ltrans0.ltrans.o
 .text.chCoreAllocAlignedI
                0x08000c00        0x8 C:\Users\mvshv\AppData\Local\Temp\cci99AzF.ltrans0.ltrans.o
 *fill*         0x08000c08        0x8 
 .text.chThdCreateSuspendedI
                0x08000c10       0xa8 C:\Users\mvshv\AppData\Local\Temp\cci99AzF.ltrans0.ltrans.o
 *fill*         0x08000cb8        0x8 
 .text.chSchReadyI
                0x08000cc0       0x44 C:\Users\mvshv\AppData\Local\Temp\cci99AzF.ltrans0.ltrans.o
 *fill*         0x08000d04        0xc 
 .text.chThdDequeueNextI.constprop.89
                0x08000d10       0x30 C:\Users\mvshv\AppData\Local\Temp\cci99AzF.ltrans0.ltrans.o
 .text.chMBFetchI.constprop.19
                0x08000d40       0x50 C:\Users\mvshv\AppData\Local\Temp\cci99AzF.ltrans0.ltrans.o
 .text.chThdDequeueAllI.constprop.91
                0x08000d90       0x4c C:\Users\mvshv\AppData\Local\Temp\cci99AzF.ltrans0.ltrans.o
 *fill*         0x08000ddc        0x4 
 .text.chEvtSignalI
                0x08000de0       0x48 C:\Users\mvshv\AppData\Local\Temp\cci99AzF.ltrans0.ltrans.o
 *fill*         0x08000e28        0x8 
 .text.chEvtBroadcastFlagsI
                0x08000e30       0x3c C:\Users\mvshv\AppData\Local\Temp\cci99AzF.ltrans0.ltrans.o
 *fill*         0x08000e6c        0x4 
 .text.chMtxUnlockS
                0x08000e70       0x84 C:\Users\mvshv\AppData\Local\Temp\cci99AzF.ltrans0.ltrans.o
 *fill*         0x08000ef4        0xc 
 .text.chSemSignalI
                0x08000f00       0x44 C:\Users\mvshv\AppData\Local\Temp\cci99AzF.ltrans0.ltrans.o
 *fill*         0x08000f44        0xc 
 .text.chSysIntegrityCheckI
                0x08000f50       0xb0 C:\Users\mvshv\AppData\Local\Temp\cci99AzF.ltrans0.ltrans.o
 .text._dbg_check_leave_isr
                0x08001000       0x2c C:\Users\mvshv\AppData\Local\Temp\cci99AzF.ltrans0.ltrans.o
 *fill*         0x0800102c        0x4 
 .text._dbg_check_enter_isr
                0x08001030       0x2c C:\Users\mvshv\AppData\Local\Temp\cci99AzF.ltrans0.ltrans.o
 *fill*         0x0800105c        0x4 
 .text._dbg_check_unlock_from_isr
                0x08001060       0x24 C:\Users\mvshv\AppData\Local\Temp\cci99AzF.ltrans0.ltrans.o
 *fill*         0x08001084        0xc 
 .text._dbg_check_lock_from_isr
                0x08001090       0x24 C:\Users\mvshv\AppData\Local\Temp\cci99AzF.ltrans0.ltrans.o
 *fill*         0x080010b4        0xc 
 .text.wakeup   0x080010c0       0x64 C:\Users\mvshv\AppData\Local\Temp\cci99AzF.ltrans0.ltrans.o
 *fill*         0x08001124        0xc 
 .text._dbg_check_enable
                0x08001130       0x1c C:\Users\mvshv\AppData\Local\Temp\cci99AzF.ltrans0.ltrans.o
 *fill*         0x0800114c        0x4 
 .text._dbg_check_suspend
                0x08001150       0x1c C:\Users\mvshv\AppData\Local\Temp\cci99AzF.ltrans0.ltrans.o
 *fill*         0x0800116c        0x4 
 .text.rt_test_002_003_execute
                0x08001170       0x48 C:\Users\mvshv\AppData\Local\Temp\cci99AzF.ltrans0.ltrans.o
 *fill*         0x080011b8        0x8 
 .text._idle_thread
                0x080011c0        0x4 C:\Users\mvshv\AppData\Local\Temp\cci99AzF.ltrans0.ltrans.o
 *fill*         0x080011c4        0xc 
 .text.usb_lld_init_endpoint
                0x080011d0      0x108 C:\Users\mvshv\AppData\Local\Temp\cci99AzF.ltrans0.ltrans.o
 *fill*         0x080012d8        0x8 
 .text.usb_lld_reset
                0x080012e0       0x40 C:\Users\mvshv\AppData\Local\Temp\cci99AzF.ltrans0.ltrans.o
 .text.usbStartTransmitI
                0x08001320       0xb0 C:\Users\mvshv\AppData\Local\Temp\cci99AzF.ltrans0.ltrans.o
 .text._usb_ep0out
                0x080013d0       0x9c C:\Users\mvshv\AppData\Local\Temp\cci99AzF.ltrans0.ltrans.o
 *fill*         0x0800146c        0x4 
 .text.usbStartReceiveI
                0x08001470       0x78 C:\Users\mvshv\AppData\Local\Temp\cci99AzF.ltrans0.ltrans.o
 *fill*         0x080014e8        0x8 
 .text._usb_ep0in
                0x080014f0       0xe4 C:\Users\mvshv\AppData\Local\Temp\cci99AzF.ltrans0.ltrans.o
 *fill*         0x080015d4        0xc 
 .text._usb_ep0setup
                0x080015e0      0x418 C:\Users\mvshv\AppData\Local\Temp\cci99AzF.ltrans0.ltrans.o
 *fill*         0x080019f8        0x8 
 .text.set_address
                0x08001a00       0x28 C:\Users\mvshv\AppData\Local\Temp\cci99AzF.ltrans0.ltrans.o
 *fill*         0x08001a28        0x8 
 .text.sduInterruptTransmitted
                0x08001a30        0x4 C:\Users\mvshv\AppData\Local\Temp\cci99AzF.ltrans0.ltrans.o
 *fill*         0x08001a34        0xc 
 .text.sduRequestsHook
                0x08001a40       0x40 C:\Users\mvshv\AppData\Local\Temp\cci99AzF.ltrans0.ltrans.o
 .text._ctl     0x08001a80       0x1c C:\Users\mvshv\AppData\Local\Temp\cci99AzF.ltrans0.ltrans.o
 *fill*         0x08001a9c        0x4 
 .text.sdu_start_receive
                0x08001aa0       0x50 C:\Users\mvshv\AppData\Local\Temp\cci99AzF.ltrans0.ltrans.o
 .text.ibnotify
                0x08001af0        0x8 C:\Users\mvshv\AppData\Local\Temp\cci99AzF.ltrans0.ltrans.o
 *fill*         0x08001af8        0x8 
 .text.sduDataReceived
                0x08001b00       0x88 C:\Users\mvshv\AppData\Local\Temp\cci99AzF.ltrans0.ltrans.o
 *fill*         0x08001b88        0x8 
 .text.obqPostFullBufferS
                0x08001b90       0x50 C:\Users\mvshv\AppData\Local\Temp\cci99AzF.ltrans0.ltrans.o
 .text.obqGetFullBufferI
                0x08001be0       0x24 C:\Users\mvshv\AppData\Local\Temp\cci99AzF.ltrans0.ltrans.o
 *fill*         0x08001c04        0xc 
 .text.obnotify
                0x08001c10       0x48 C:\Users\mvshv\AppData\Local\Temp\cci99AzF.ltrans0.ltrans.o
 *fill*         0x08001c58        0x8 
 .text.sof_handler
                0x08001c60       0xa4 C:\Users\mvshv\AppData\Local\Temp\cci99AzF.ltrans0.ltrans.o
 *fill*         0x08001d04        0xc 
 .text.sduDataTransmitted
                0x08001d10       0xb4 C:\Users\mvshv\AppData\Local\Temp\cci99AzF.ltrans0.ltrans.o
 *fill*         0x08001dc4        0xc 
 .text.ibqReleaseEmptyBufferS
                0x08001dd0       0x40 C:\Users\mvshv\AppData\Local\Temp\cci99AzF.ltrans0.ltrans.o
 .text.stSetAlarm
                0x08001e10       0x1c C:\Users\mvshv\AppData\Local\Temp\cci99AzF.ltrans0.ltrans.o
 *fill*         0x08001e2c        0x4 
 .text.chVTDoResetI
                0x08001e30       0x84 C:\Users\mvshv\AppData\Local\Temp\cci99AzF.ltrans0.ltrans.o
 *fill*         0x08001eb4        0xc 
 .text.chVTDoSetI
                0x08001ec0       0xbc C:\Users\mvshv\AppData\Local\Temp\cci99AzF.ltrans0.ltrans.o
 *fill*         0x08001f7c        0x4 
 .text.chCondSignalI.constprop.49
                0x08001f80       0x28 C:\Users\mvshv\AppData\Local\Temp\cci99AzF.ltrans0.ltrans.o
 *fill*         0x08001fa8        0x8 
 .text.chMBResetI.constprop.29
                0x08001fb0       0x30 C:\Users\mvshv\AppData\Local\Temp\cci99AzF.ltrans0.ltrans.o
 .text.chMBPostI.constprop.25
                0x08001fe0       0x58 C:\Users\mvshv\AppData\Local\Temp\cci99AzF.ltrans0.ltrans.o
 *fill*         0x08002038        0x8 
 .text.chMBPostAheadI.constprop.22
                0x08002040       0x54 C:\Users\mvshv\AppData\Local\Temp\cci99AzF.ltrans0.ltrans.o
 *fill*         0x08002094        0xc 
 .text.rt_test_009_001_setup
                0x080020a0       0x38 C:\Users\mvshv\AppData\Local\Temp\cci99AzF.ltrans0.ltrans.o
 *fill*         0x080020d8        0x8 
 .text.oslib_test_003_001_setup
                0x080020e0       0x38 C:\Users\mvshv\AppData\Local\Temp\cci99AzF.ltrans0.ltrans.o
 *fill*         0x08002118        0x8 
 .text.oslib_test_002_001_setup
                0x08002120       0x14 C:\Users\mvshv\AppData\Local\Temp\cci99AzF.ltrans0.ltrans.o
 *fill*         0x08002134        0xc 
 .text.oslib_test_001_003_setup
                0x08002140       0x34 C:\Users\mvshv\AppData\Local\Temp\cci99AzF.ltrans0.ltrans.o
 *fill*         0x08002174        0xc 
 .text.oslib_test_001_002_setup
                0x08002180        0x4 C:\Users\mvshv\AppData\Local\Temp\cci99AzF.ltrans0.ltrans.o
 *fill*         0x08002184        0xc 
 .text.oslib_test_001_001_setup
                0x08002190        0x4 C:\Users\mvshv\AppData\Local\Temp\cci99AzF.ltrans0.ltrans.o
 *fill*         0x08002194        0xc 
 .text.rt_test_010_012_execute
                0x080021a0      0x100 C:\Users\mvshv\AppData\Local\Temp\cci99AzF.ltrans0.ltrans.o
 .text.rt_test_010_011_setup
                0x080022a0       0x10 C:\Users\mvshv\AppData\Local\Temp\cci99AzF.ltrans0.ltrans.o
 .text.rt_test_010_010_setup
                0x080022b0       0x10 C:\Users\mvshv\AppData\Local\Temp\cci99AzF.ltrans0.ltrans.o
 .text.rt_test_010_007_setup
                0x080022c0       0x10 C:\Users\mvshv\AppData\Local\Temp\cci99AzF.ltrans0.ltrans.o
 .text.rt_test_009_002_setup
                0x080022d0       0x18 C:\Users\mvshv\AppData\Local\Temp\cci99AzF.ltrans0.ltrans.o
 *fill*         0x080022e8        0x8 
 .text.rt_test_008_002_execute
                0x080022f0       0x58 C:\Users\mvshv\AppData\Local\Temp\cci99AzF.ltrans0.ltrans.o
 *fill*         0x08002348        0x8 
 .text.rt_test_006_009_setup
                0x08002350       0x28 C:\Users\mvshv\AppData\Local\Temp\cci99AzF.ltrans0.ltrans.o
 *fill*         0x08002378        0x8 
 .text.rt_test_006_008_setup
                0x08002380       0x1c C:\Users\mvshv\AppData\Local\Temp\cci99AzF.ltrans0.ltrans.o
 *fill*         0x0800239c        0x4 
 .text.rt_test_006_007_setup
                0x080023a0        0x4 C:\Users\mvshv\AppData\Local\Temp\cci99AzF.ltrans0.ltrans.o
 *fill*         0x080023a4        0xc 
 .text.rt_test_006_005_setup
                0x080023b0       0x10 C:\Users\mvshv\AppData\Local\Temp\cci99AzF.ltrans0.ltrans.o
 .text.rt_test_006_001_setup
                0x080023c0        0x4 C:\Users\mvshv\AppData\Local\Temp\cci99AzF.ltrans0.ltrans.o
 *fill*         0x080023c4        0xc 
 .text.rt_test_006_004_setup
                0x080023d0       0x1c C:\Users\mvshv\AppData\Local\Temp\cci99AzF.ltrans0.ltrans.o
 *fill*         0x080023ec        0x4 
 .text.rt_test_005_005_setup
                0x080023f0       0x10 C:\Users\mvshv\AppData\Local\Temp\cci99AzF.ltrans0.ltrans.o
 .text.rt_test_005_004_setup
                0x08002400        0x4 C:\Users\mvshv\AppData\Local\Temp\cci99AzF.ltrans0.ltrans.o
 *fill*         0x08002404        0xc 
 .text.rt_test_005_003_setup
                0x08002410        0x4 C:\Users\mvshv\AppData\Local\Temp\cci99AzF.ltrans0.ltrans.o
 *fill*         0x08002414        0xc 
 .text.rt_test_005_002_setup
                0x08002420        0x4 C:\Users\mvshv\AppData\Local\Temp\cci99AzF.ltrans0.ltrans.o
 *fill*         0x08002424        0xc 
 .text.rt_test_005_001_setup
                0x08002430       0x10 C:\Users\mvshv\AppData\Local\Temp\cci99AzF.ltrans0.ltrans.o
 .text.rt_test_001_003_execute
                0x08002440      0x3e0 C:\Users\mvshv\AppData\Local\Temp\cci99AzF.ltrans0.ltrans.o
 .text.rt_test_001_002_execute
                0x08002820       0x8c C:\Users\mvshv\AppData\Local\Temp\cci99AzF.ltrans0.ltrans.o
 *fill*         0x080028ac        0x4 
 .text.rt_test_001_001_execute
                0x080028b0       0xa8 C:\Users\mvshv\AppData\Local\Temp\cci99AzF.ltrans0.ltrans.o
 *fill*         0x08002958        0x8 
 .text.usbInitEndpointI
                0x08002960       0x50 C:\Users\mvshv\AppData\Local\Temp\cci99AzF.ltrans0.ltrans.o
 .text.usb_event
                0x080029b0       0xf0 C:\Users\mvshv\AppData\Local\Temp\cci99AzF.ltrans0.ltrans.o
 .text.parse_arguments
                0x08002aa0       0x54 C:\Users\mvshv\AppData\Local\Temp\cci99AzF.ltrans0.ltrans.o
 *fill*         0x08002af4        0xc 
 .text.chprintf
                0x08002b00      0x3dc C:\Users\mvshv\AppData\Local\Temp\cci99AzF.ltrans0.ltrans.o
 *fill*         0x08002edc        0x4 
 .text.cmd_write
                0x08002ee0       0x4c C:\Users\mvshv\AppData\Local\Temp\cci99AzF.ltrans0.ltrans.o
 *fill*         0x08002f2c        0x4 
 .text.cmd_echo
                0x08002f30       0x20 C:\Users\mvshv\AppData\Local\Temp\cci99AzF.ltrans0.ltrans.o
 .text.cmd_info
                0x08002f50       0xbc C:\Users\mvshv\AppData\Local\Temp\cci99AzF.ltrans0.ltrans.o
 *fill*         0x0800300c        0x4 
 .text.dyn_find_object
                0x08003010       0x34 C:\Users\mvshv\AppData\Local\Temp\cci99AzF.ltrans0.ltrans.o
 *fill*         0x08003044        0xc 
 .text.chSchWakeupS
                0x08003050       0x74 C:\Users\mvshv\AppData\Local\Temp\cci99AzF.ltrans0.ltrans.o
 *fill*         0x080030c4        0xc 
 .text.chSchGoSleepS
                0x080030d0       0x4c C:\Users\mvshv\AppData\Local\Temp\cci99AzF.ltrans0.ltrans.o
 *fill*         0x0800311c        0x4 
 .text.chMtxLockS
                0x08003120      0x104 C:\Users\mvshv\AppData\Local\Temp\cci99AzF.ltrans0.ltrans.o
 *fill*         0x08003224        0xc 
 .text.chThdExitS
                0x08003230       0x50 C:\Users\mvshv\AppData\Local\Temp\cci99AzF.ltrans0.ltrans.o
 .text.chSchGoSleepTimeoutS
                0x08003280       0x54 C:\Users\mvshv\AppData\Local\Temp\cci99AzF.ltrans0.ltrans.o
 *fill*         0x080032d4        0xc 
 .text.chSemWaitTimeoutS
                0x080032e0       0x5c C:\Users\mvshv\AppData\Local\Temp\cci99AzF.ltrans0.ltrans.o
 *fill*         0x0800333c        0x4 
 .text.chThdEnqueueTimeoutS
                0x08003340       0x28 C:\Users\mvshv\AppData\Local\Temp\cci99AzF.ltrans0.ltrans.o
 *fill*         0x08003368        0x8 
 .text.obqGetEmptyBufferTimeoutS
                0x08003370       0x48 C:\Users\mvshv\AppData\Local\Temp\cci99AzF.ltrans0.ltrans.o
 *fill*         0x080033b8        0x8 
 .text.ibqGetFullBufferTimeoutS
                0x080033c0       0x48 C:\Users\mvshv\AppData\Local\Temp\cci99AzF.ltrans0.ltrans.o
 *fill*         0x08003408        0x8 
 .text.SVC_Handler
                0x08003410       0x14 C:\Users\mvshv\AppData\Local\Temp\cci99AzF.ltrans0.ltrans.o
                0x08003410                SVC_Handler
 *fill*         0x08003424        0xc 
 .text.chSchDoRescheduleAhead
                0x08003430       0x78 C:\Users\mvshv\AppData\Local\Temp\cci99AzF.ltrans0.ltrans.o
                0x08003430                chSchDoReschedule
 *fill*         0x080034a8        0x8 
 .text.chSchRescheduleS
                0x080034b0       0x28 C:\Users\mvshv\AppData\Local\Temp\cci99AzF.ltrans0.ltrans.o
 *fill*         0x080034d8        0x8 
 .text._dbg_check_unlock
                0x080034e0       0x20 C:\Users\mvshv\AppData\Local\Temp\cci99AzF.ltrans0.ltrans.o
                0x080034e0                _dbg_check_unlock
 .text.chSysUnlock.lto_priv.105
                0x08003500       0x30 C:\Users\mvshv\AppData\Local\Temp\cci99AzF.ltrans0.ltrans.o
 .text.chSysUnlock.lto_priv.121
                0x08003530       0x30 C:\Users\mvshv\AppData\Local\Temp\cci99AzF.ltrans0.ltrans.o
 .text.chSysRestoreStatusX.part.2
                0x08003560       0x48 C:\Users\mvshv\AppData\Local\Temp\cci99AzF.ltrans0.ltrans.o
 *fill*         0x080035a8        0x8 
 .text._dbg_check_lock
                0x080035b0       0x20 C:\Users\mvshv\AppData\Local\Temp\cci99AzF.ltrans0.ltrans.o
                0x080035b0                _dbg_check_lock
 .text.chSemSignalWait.constprop.55
                0x080035d0       0xa0 C:\Users\mvshv\AppData\Local\Temp\cci99AzF.ltrans0.ltrans.o
 .text.chMtxTryLock.constprop.52
                0x08003670       0x58 C:\Users\mvshv\AppData\Local\Temp\cci99AzF.ltrans0.ltrans.o
 *fill*         0x080036c8        0x8 
 .text.chCondSignal.constprop.50
                0x080036d0       0x50 C:\Users\mvshv\AppData\Local\Temp\cci99AzF.ltrans0.ltrans.o
 .text.chEvtGetAndClearEvents.constprop.41
                0x08003720       0x44 C:\Users\mvshv\AppData\Local\Temp\cci99AzF.ltrans0.ltrans.o
 *fill*         0x08003764        0xc 
 .text.rt_test_008_007_setup
                0x08003770       0x18 C:\Users\mvshv\AppData\Local\Temp\cci99AzF.ltrans0.ltrans.o
 *fill*         0x08003788        0x8 
 .text.rt_test_008_006_setup
                0x08003790        0x4 C:\Users\mvshv\AppData\Local\Temp\cci99AzF.ltrans0.ltrans.o
 *fill*         0x08003794        0xc 
 .text.rt_test_008_005_setup
                0x080037a0        0x4 C:\Users\mvshv\AppData\Local\Temp\cci99AzF.ltrans0.ltrans.o
 *fill*         0x080037a4        0xc 
 .text.rt_test_008_004_setup
                0x080037b0        0x4 C:\Users\mvshv\AppData\Local\Temp\cci99AzF.ltrans0.ltrans.o
 *fill*         0x080037b4        0xc 
 .text.rt_test_008_003_setup
                0x080037c0        0x4 C:\Users\mvshv\AppData\Local\Temp\cci99AzF.ltrans0.ltrans.o
 *fill*         0x080037c4        0xc 
 .text.rt_test_008_002_setup
                0x080037d0        0x4 C:\Users\mvshv\AppData\Local\Temp\cci99AzF.ltrans0.ltrans.o
 *fill*         0x080037d4        0xc 
 .text.chEvtWaitOne.constprop.37
                0x080037e0       0x58 C:\Users\mvshv\AppData\Local\Temp\cci99AzF.ltrans0.ltrans.o
 *fill*         0x08003838        0x8 
 .text.chEvtWaitAny.constprop.36
                0x08003840       0x54 C:\Users\mvshv\AppData\Local\Temp\cci99AzF.ltrans0.ltrans.o
 *fill*         0x08003894        0xc 
 .text.chEvtWaitAll.constprop.35
                0x080038a0       0x58 C:\Users\mvshv\AppData\Local\Temp\cci99AzF.ltrans0.ltrans.o
 *fill*         0x080038f8        0x8 
 .text.chEvtWaitOneTimeout.constprop.34
                0x08003900       0x80 C:\Users\mvshv\AppData\Local\Temp\cci99AzF.ltrans0.ltrans.o
 .text.chMBReset.constprop.28
                0x08003980       0x40 C:\Users\mvshv\AppData\Local\Temp\cci99AzF.ltrans0.ltrans.o
 .text.oslib_test_001_003_teardown
                0x080039c0        0x4 C:\Users\mvshv\AppData\Local\Temp\cci99AzF.ltrans0.ltrans.o
 *fill*         0x080039c4        0xc 
 .text.oslib_test_001_002_teardown
                0x080039d0        0x4 C:\Users\mvshv\AppData\Local\Temp\cci99AzF.ltrans0.ltrans.o
 *fill*         0x080039d4        0xc 
 .text.oslib_test_001_001_teardown
                0x080039e0        0x4 C:\Users\mvshv\AppData\Local\Temp\cci99AzF.ltrans0.ltrans.o
 *fill*         0x080039e4        0xc 
 .text.chMBPostTimeout.constprop.26
                0x080039f0       0xac C:\Users\mvshv\AppData\Local\Temp\cci99AzF.ltrans0.ltrans.o
 *fill*         0x08003a9c        0x4 
 .text.chMBPostAheadTimeout.constprop.23
                0x08003aa0       0xa8 C:\Users\mvshv\AppData\Local\Temp\cci99AzF.ltrans0.ltrans.o
 *fill*         0x08003b48        0x8 
 .text.chMBFetchTimeout.constprop.20
                0x08003b50       0xa0 C:\Users\mvshv\AppData\Local\Temp\cci99AzF.ltrans0.ltrans.o
 .text.chGuardedPoolAllocTimeout.constprop.15
                0x08003bf0       0x6c C:\Users\mvshv\AppData\Local\Temp\cci99AzF.ltrans0.ltrans.o
 *fill*         0x08003c5c        0x4 
 .text.oslib_test_002_003_execute
                0x08003c60       0x28 C:\Users\mvshv\AppData\Local\Temp\cci99AzF.ltrans0.ltrans.o
 *fill*         0x08003c88        0x8 
 .text.chCoreAllocAlignedWithOffset
                0x08003c90       0x4c C:\Users\mvshv\AppData\Local\Temp\cci99AzF.ltrans0.ltrans.o
 *fill*         0x08003cdc        0x4 
 .text.oslib_test_001_003_execute
                0x08003ce0      0x174 C:\Users\mvshv\AppData\Local\Temp\cci99AzF.ltrans0.ltrans.o
 *fill*         0x08003e54        0xc 
 .text.bmk_thread4
                0x08003e60       0x48 C:\Users\mvshv\AppData\Local\Temp\cci99AzF.ltrans0.ltrans.o
 *fill*         0x08003ea8        0x8 
 .text.rt_test_008_006_execute
                0x08003eb0      0x1c0 C:\Users\mvshv\AppData\Local\Temp\cci99AzF.ltrans0.ltrans.o
 .text.thread4  0x08004070       0x50 C:\Users\mvshv\AppData\Local\Temp\cci99AzF.ltrans0.ltrans.o
 .text.rt_test_002_001_execute
                0x080040c0      0x128 C:\Users\mvshv\AppData\Local\Temp\cci99AzF.ltrans0.ltrans.o
 *fill*         0x080041e8        0x8 
 .text.test_terminate_threads
                0x080041f0       0x60 C:\Users\mvshv\AppData\Local\Temp\cci99AzF.ltrans0.ltrans.o
 .text.test_emit_token
                0x08004250       0x54 C:\Users\mvshv\AppData\Local\Temp\cci99AzF.ltrans0.ltrans.o
 *fill*         0x080042a4        0xc 
 .text.oslib_test_001_002_execute
                0x080042b0      0x4ac C:\Users\mvshv\AppData\Local\Temp\cci99AzF.ltrans0.ltrans.o
 *fill*         0x0800475c        0x4 
 .text.oslib_test_001_001_execute
                0x08004760      0x420 C:\Users\mvshv\AppData\Local\Temp\cci99AzF.ltrans0.ltrans.o
 .text.h3       0x08004b80        0x8 C:\Users\mvshv\AppData\Local\Temp\cci99AzF.ltrans0.ltrans.o
 *fill*         0x08004b88        0x8 
 .text.h2       0x08004b90        0x8 C:\Users\mvshv\AppData\Local\Temp\cci99AzF.ltrans0.ltrans.o
 *fill*         0x08004b98        0x8 
 .text.h1       0x08004ba0        0x8 C:\Users\mvshv\AppData\Local\Temp\cci99AzF.ltrans0.ltrans.o
 *fill*         0x08004ba8        0x8 
 .text.thread1.lto_priv.179
                0x08004bb0       0x6c C:\Users\mvshv\AppData\Local\Temp\cci99AzF.ltrans0.ltrans.o
 *fill*         0x08004c1c        0x4 
 .text.thread   0x08004c20        0x8 C:\Users\mvshv\AppData\Local\Temp\cci99AzF.ltrans0.ltrans.o
 *fill*         0x08004c28        0x8 
 .text.dyn_thread1
                0x08004c30        0x4 C:\Users\mvshv\AppData\Local\Temp\cci99AzF.ltrans0.ltrans.o
 *fill*         0x08004c34        0xc 
 .text.cmd_systime
                0x08004c40       0x64 C:\Users\mvshv\AppData\Local\Temp\cci99AzF.ltrans0.ltrans.o
 *fill*         0x08004ca4        0xc 
 .text.shellThread
                0x08004cb0      0x214 C:\Users\mvshv\AppData\Local\Temp\cci99AzF.ltrans0.ltrans.o
 *fill*         0x08004ec4        0xc 
 .text.cmd_exit
                0x08004ed0       0x34 C:\Users\mvshv\AppData\Local\Temp\cci99AzF.ltrans0.ltrans.o
 *fill*         0x08004f04        0xc 
 .text.chGuardedPoolLoadArray
                0x08004f10       0x70 C:\Users\mvshv\AppData\Local\Temp\cci99AzF.ltrans0.ltrans.o
 .text.oslib_test_002_002_execute
                0x08004f80      0x100 C:\Users\mvshv\AppData\Local\Temp\cci99AzF.ltrans0.ltrans.o
 .text.chPoolFree
                0x08005080       0x44 C:\Users\mvshv\AppData\Local\Temp\cci99AzF.ltrans0.ltrans.o
 *fill*         0x080050c4        0xc 
 .text.dyn_release_object_pool
                0x080050d0       0x48 C:\Users\mvshv\AppData\Local\Temp\cci99AzF.ltrans0.ltrans.o
 *fill*         0x08005118        0x8 
 .text.chPoolAlloc
                0x08005120       0x58 C:\Users\mvshv\AppData\Local\Temp\cci99AzF.ltrans0.ltrans.o
 *fill*         0x08005178        0x8 
 .text.chThdCreateFromMemoryPool.constprop.30
                0x08005180       0x94 C:\Users\mvshv\AppData\Local\Temp\cci99AzF.ltrans0.ltrans.o
 *fill*         0x08005214        0xc 
 .text.oslib_test_002_001_execute
                0x08005220      0x150 C:\Users\mvshv\AppData\Local\Temp\cci99AzF.ltrans0.ltrans.o
 .text.dyn_create_object_pool
                0x08005370       0x50 C:\Users\mvshv\AppData\Local\Temp\cci99AzF.ltrans0.ltrans.o
 .text.chMsgRelease
                0x080053c0       0x5c C:\Users\mvshv\AppData\Local\Temp\cci99AzF.ltrans0.ltrans.o
 *fill*         0x0800541c        0x4 
 .text.chMsgWait
                0x08005420       0x68 C:\Users\mvshv\AppData\Local\Temp\cci99AzF.ltrans0.ltrans.o
 *fill*         0x08005488        0x8 
 .text.bmk_thread1
                0x08005490       0x28 C:\Users\mvshv\AppData\Local\Temp\cci99AzF.ltrans0.ltrans.o
 *fill*         0x080054b8        0x8 
 .text.chMsgSend
                0x080054c0       0x74 C:\Users\mvshv\AppData\Local\Temp\cci99AzF.ltrans0.ltrans.o
 *fill*         0x08005534        0xc 
 .text.msg_thread1
                0x08005540       0x28 C:\Users\mvshv\AppData\Local\Temp\cci99AzF.ltrans0.ltrans.o
 *fill*         0x08005568        0x8 
 .text.chEvtAddEvents
                0x08005570       0x44 C:\Users\mvshv\AppData\Local\Temp\cci99AzF.ltrans0.ltrans.o
 *fill*         0x080055b4        0xc 
 .text.chEvtUnregister
                0x080055c0       0x60 C:\Users\mvshv\AppData\Local\Temp\cci99AzF.ltrans0.ltrans.o
 .text.rt_test_008_001_execute
                0x08005620      0x184 C:\Users\mvshv\AppData\Local\Temp\cci99AzF.ltrans0.ltrans.o
 *fill*         0x080057a4        0xc 
 .text.chMtxUnlock
                0x080057b0       0xb4 C:\Users\mvshv\AppData\Local\Temp\cci99AzF.ltrans0.ltrans.o
 *fill*         0x08005864        0xc 
 .text.rt_test_006_005_execute
                0x08005870      0x194 C:\Users\mvshv\AppData\Local\Temp\cci99AzF.ltrans0.ltrans.o
 *fill*         0x08005a04        0xc 
 .text.chMtxLock
                0x08005a10       0x40 C:\Users\mvshv\AppData\Local\Temp\cci99AzF.ltrans0.ltrans.o
 .text.chHeapAllocAligned.constprop.31
                0x08005a50       0xfc C:\Users\mvshv\AppData\Local\Temp\cci99AzF.ltrans0.ltrans.o
 *fill*         0x08005b4c        0x4 
 .text.dyn_create_object_heap
                0x08005b50       0x50 C:\Users\mvshv\AppData\Local\Temp\cci99AzF.ltrans0.ltrans.o
 .text.chThdCreateFromHeap
                0x08005ba0       0x84 C:\Users\mvshv\AppData\Local\Temp\cci99AzF.ltrans0.ltrans.o
 *fill*         0x08005c24        0xc 
 .text.chFactoryRegisterObject.constprop.13
                0x08005c30       0x30 C:\Users\mvshv\AppData\Local\Temp\cci99AzF.ltrans0.ltrans.o
 .text.chFactoryFindObject.constprop.12
                0x08005c60       0x28 C:\Users\mvshv\AppData\Local\Temp\cci99AzF.ltrans0.ltrans.o
 *fill*         0x08005c88        0x8 
 .text.chFactoryCreateBuffer.constprop.11
                0x08005c90       0x38 C:\Users\mvshv\AppData\Local\Temp\cci99AzF.ltrans0.ltrans.o
 *fill*         0x08005cc8        0x8 
 .text.chFactoryFindBuffer.constprop.10
                0x08005cd0       0x28 C:\Users\mvshv\AppData\Local\Temp\cci99AzF.ltrans0.ltrans.o
 *fill*         0x08005cf8        0x8 
 .text.chFactoryCreateSemaphore.constprop.9
                0x08005d00       0x38 C:\Users\mvshv\AppData\Local\Temp\cci99AzF.ltrans0.ltrans.o
 *fill*         0x08005d38        0x8 
 .text.chFactoryFindSemaphore.constprop.8
                0x08005d40       0x28 C:\Users\mvshv\AppData\Local\Temp\cci99AzF.ltrans0.ltrans.o
 *fill*         0x08005d68        0x8 
 .text.chFactoryCreateMailbox.constprop.7
                0x08005d70       0x54 C:\Users\mvshv\AppData\Local\Temp\cci99AzF.ltrans0.ltrans.o
 *fill*         0x08005dc4        0xc 
 .text.chFactoryFindMailbox.constprop.6
                0x08005dd0       0x28 C:\Users\mvshv\AppData\Local\Temp\cci99AzF.ltrans0.ltrans.o
 *fill*         0x08005df8        0x8 
 .text.chFactoryCreateObjectsFIFO.constprop.5
                0x08005e00       0x70 C:\Users\mvshv\AppData\Local\Temp\cci99AzF.ltrans0.ltrans.o
 .text.chFactoryFindObjectsFIFO.constprop.4
                0x08005e70       0x28 C:\Users\mvshv\AppData\Local\Temp\cci99AzF.ltrans0.ltrans.o
 *fill*         0x08005e98        0x8 
 .text.thread8  0x08005ea0       0xb8 C:\Users\mvshv\AppData\Local\Temp\cci99AzF.ltrans0.ltrans.o
 *fill*         0x08005f58        0x8 
 .text.thread6  0x08005f60       0x9c C:\Users\mvshv\AppData\Local\Temp\cci99AzF.ltrans0.ltrans.o
 *fill*         0x08005ffc        0x4 
 .text.thread9  0x08006000       0x20 C:\Users\mvshv\AppData\Local\Temp\cci99AzF.ltrans0.ltrans.o
 .text.thread1.lto_priv.181
                0x08006020       0x20 C:\Users\mvshv\AppData\Local\Temp\cci99AzF.ltrans0.ltrans.o
 .text.chFactoryReleaseSemaphore
                0x08006040       0x28 C:\Users\mvshv\AppData\Local\Temp\cci99AzF.ltrans0.ltrans.o
 *fill*         0x08006068        0x8 
 .text.oslib_test_004_003_execute
                0x08006070      0x128 C:\Users\mvshv\AppData\Local\Temp\cci99AzF.ltrans0.ltrans.o
 *fill*         0x08006198        0x8 
 .text.oslib_test_004_003_teardown
                0x080061a0       0x1c C:\Users\mvshv\AppData\Local\Temp\cci99AzF.ltrans0.ltrans.o
 *fill*         0x080061bc        0x4 
 .text.chFactoryReleaseObject
                0x080061c0       0x28 C:\Users\mvshv\AppData\Local\Temp\cci99AzF.ltrans0.ltrans.o
 *fill*         0x080061e8        0x8 
 .text.oslib_test_004_001_execute
                0x080061f0      0x174 C:\Users\mvshv\AppData\Local\Temp\cci99AzF.ltrans0.ltrans.o
 *fill*         0x08006364        0xc 
 .text.oslib_test_004_001_teardown
                0x08006370       0x1c C:\Users\mvshv\AppData\Local\Temp\cci99AzF.ltrans0.ltrans.o
 *fill*         0x0800638c        0x4 
 .text.chHeapStatus
                0x08006390       0x68 C:\Users\mvshv\AppData\Local\Temp\cci99AzF.ltrans0.ltrans.o
 *fill*         0x080063f8        0x8 
 .text.cmd_mem  0x08006400       0x70 C:\Users\mvshv\AppData\Local\Temp\cci99AzF.ltrans0.ltrans.o
 .text.chHeapFree
                0x08006470       0xb8 C:\Users\mvshv\AppData\Local\Temp\cci99AzF.ltrans0.ltrans.o
 *fill*         0x08006528        0x8 
 .text.oslib_test_003_002_execute
                0x08006530       0x64 C:\Users\mvshv\AppData\Local\Temp\cci99AzF.ltrans0.ltrans.o
 *fill*         0x08006594        0xc 
 .text.oslib_test_003_001_execute
                0x080065a0      0x32c C:\Users\mvshv\AppData\Local\Temp\cci99AzF.ltrans0.ltrans.o
 *fill*         0x080068cc        0x4 
 .text.dyn_release_object_heap
                0x080068d0       0x40 C:\Users\mvshv\AppData\Local\Temp\cci99AzF.ltrans0.ltrans.o
 .text.chFactoryReleaseObjectsFIFO
                0x08006910       0x24 C:\Users\mvshv\AppData\Local\Temp\cci99AzF.ltrans0.ltrans.o
 *fill*         0x08006934        0xc 
 .text.oslib_test_004_005_execute
                0x08006940      0x128 C:\Users\mvshv\AppData\Local\Temp\cci99AzF.ltrans0.ltrans.o
 *fill*         0x08006a68        0x8 
 .text.oslib_test_004_005_teardown
                0x08006a70       0x1c C:\Users\mvshv\AppData\Local\Temp\cci99AzF.ltrans0.ltrans.o
 *fill*         0x08006a8c        0x4 
 .text.chFactoryReleaseMailbox
                0x08006a90       0x24 C:\Users\mvshv\AppData\Local\Temp\cci99AzF.ltrans0.ltrans.o
 *fill*         0x08006ab4        0xc 
 .text.oslib_test_004_004_execute
                0x08006ac0      0x128 C:\Users\mvshv\AppData\Local\Temp\cci99AzF.ltrans0.ltrans.o
 *fill*         0x08006be8        0x8 
 .text.oslib_test_004_004_teardown
                0x08006bf0       0x1c C:\Users\mvshv\AppData\Local\Temp\cci99AzF.ltrans0.ltrans.o
 *fill*         0x08006c0c        0x4 
 .text.chFactoryReleaseBuffer
                0x08006c10       0x24 C:\Users\mvshv\AppData\Local\Temp\cci99AzF.ltrans0.ltrans.o
 *fill*         0x08006c34        0xc 
 .text.oslib_test_004_002_execute
                0x08006c40      0x128 C:\Users\mvshv\AppData\Local\Temp\cci99AzF.ltrans0.ltrans.o
 *fill*         0x08006d68        0x8 
 .text.oslib_test_004_002_teardown
                0x08006d70       0x1c C:\Users\mvshv\AppData\Local\Temp\cci99AzF.ltrans0.ltrans.o
 *fill*         0x08006d8c        0x4 
 .text.chSemSignal
                0x08006d90       0x6c C:\Users\mvshv\AppData\Local\Temp\cci99AzF.ltrans0.ltrans.o
 *fill*         0x08006dfc        0x4 
 .text.chSemWait
                0x08006e00       0x80 C:\Users\mvshv\AppData\Local\Temp\cci99AzF.ltrans0.ltrans.o
 .text.bmk_thread7
                0x08006e80       0x2c C:\Users\mvshv\AppData\Local\Temp\cci99AzF.ltrans0.ltrans.o
 *fill*         0x08006eac        0x4 
 .text.thread3  0x08006eb0       0x18 C:\Users\mvshv\AppData\Local\Temp\cci99AzF.ltrans0.ltrans.o
 *fill*         0x08006ec8        0x8 
 .text.thread1.lto_priv.180
                0x08006ed0       0x18 C:\Users\mvshv\AppData\Local\Temp\cci99AzF.ltrans0.ltrans.o
 *fill*         0x08006ee8        0x8 
 .text.chSemReset
                0x08006ef0       0x80 C:\Users\mvshv\AppData\Local\Temp\cci99AzF.ltrans0.ltrans.o
 .text.rt_test_005_001_execute
                0x08006f70      0x120 C:\Users\mvshv\AppData\Local\Temp\cci99AzF.ltrans0.ltrans.o
 .text.rt_test_005_001_teardown
                0x08007090        0xc C:\Users\mvshv\AppData\Local\Temp\cci99AzF.ltrans0.ltrans.o
 *fill*         0x0800709c        0x4 
 .text.chThdYield
                0x080070a0       0x84 C:\Users\mvshv\AppData\Local\Temp\cci99AzF.ltrans0.ltrans.o
 *fill*         0x08007124        0xc 
 .text.bmk_thread8
                0x08007130       0x2c C:\Users\mvshv\AppData\Local\Temp\cci99AzF.ltrans0.ltrans.o
 *fill*         0x0800715c        0x4 
 .text.chThdSleep
                0x08007160       0x44 C:\Users\mvshv\AppData\Local\Temp\cci99AzF.ltrans0.ltrans.o
 *fill*         0x080071a4        0xc 
 .text.Thread1  0x080071b0       0x48 C:\Users\mvshv\AppData\Local\Temp\cci99AzF.ltrans0.ltrans.o
 *fill*         0x080071f8        0x8 
 .text.evt_thread7
                0x08007200       0x84 C:\Users\mvshv\AppData\Local\Temp\cci99AzF.ltrans0.ltrans.o
 *fill*         0x08007284        0xc 
 .text.evt_thread3
                0x08007290       0x5c C:\Users\mvshv\AppData\Local\Temp\cci99AzF.ltrans0.ltrans.o
 *fill*         0x080072ec        0x4 
 .text.thread4A
                0x080072f0       0x20 C:\Users\mvshv\AppData\Local\Temp\cci99AzF.ltrans0.ltrans.o
 .text.thread4B
                0x08007310       0x54 C:\Users\mvshv\AppData\Local\Temp\cci99AzF.ltrans0.ltrans.o
 *fill*         0x08007364        0xc 
 .text.thread2  0x08007370       0x50 C:\Users\mvshv\AppData\Local\Temp\cci99AzF.ltrans0.ltrans.o
 .text.rt_test_003_001_execute
                0x080073c0       0xe0 C:\Users\mvshv\AppData\Local\Temp\cci99AzF.ltrans0.ltrans.o
 .text.test_wait_tick
                0x080074a0       0x48 C:\Users\mvshv\AppData\Local\Temp\cci99AzF.ltrans0.ltrans.o
 *fill*         0x080074e8        0x8 
 .text.rt_test_010_011_execute
                0x080074f0       0x8c C:\Users\mvshv\AppData\Local\Temp\cci99AzF.ltrans0.ltrans.o
 *fill*         0x0800757c        0x4 
 .text.rt_test_010_010_execute
                0x08007580       0x8c C:\Users\mvshv\AppData\Local\Temp\cci99AzF.ltrans0.ltrans.o
 *fill*         0x0800760c        0x4 
 .text.rt_test_010_009_execute
                0x08007610       0xc4 C:\Users\mvshv\AppData\Local\Temp\cci99AzF.ltrans0.ltrans.o
 *fill*         0x080076d4        0xc 
 .text.msg_loop_test
                0x080076e0       0x3c C:\Users\mvshv\AppData\Local\Temp\cci99AzF.ltrans0.ltrans.o
 *fill*         0x0800771c        0x4 
 .text.test_execute
                0x08007720      0x348 C:\Users\mvshv\AppData\Local\Temp\cci99AzF.ltrans0.ltrans.o
 *fill*         0x08007a68        0x8 
 .text.test_rt  0x08007a70        0xc C:\Users\mvshv\AppData\Local\Temp\cci99AzF.ltrans0.ltrans.o
 *fill*         0x08007a7c        0x4 
 .text.test_oslib
                0x08007a80        0xc C:\Users\mvshv\AppData\Local\Temp\cci99AzF.ltrans0.ltrans.o
 *fill*         0x08007a8c        0x4 
 .text.chThdSetPriority
                0x08007a90       0x60 C:\Users\mvshv\AppData\Local\Temp\cci99AzF.ltrans0.ltrans.o
 .text.rt_test_003_004_execute
                0x08007af0      0x100 C:\Users\mvshv\AppData\Local\Temp\cci99AzF.ltrans0.ltrans.o
 .text.rt_test_003_003_execute
                0x08007bf0       0x88 C:\Users\mvshv\AppData\Local\Temp\cci99AzF.ltrans0.ltrans.o
 *fill*         0x08007c78        0x8 
 .text.chThdExit
                0x08007c80       0x14 C:\Users\mvshv\AppData\Local\Temp\cci99AzF.ltrans0.ltrans.o
                0x08007c80                chThdExit
 *fill*         0x08007c94        0xc 
 .text.bmk_thread3
                0x08007ca0        0x8 C:\Users\mvshv\AppData\Local\Temp\cci99AzF.ltrans0.ltrans.o
 *fill*         0x08007ca8        0x8 
 .text.chThdRelease
                0x08007cb0       0xa8 C:\Users\mvshv\AppData\Local\Temp\cci99AzF.ltrans0.ltrans.o
 *fill*         0x08007d58        0x8 
 .text.chRegNextThread
                0x08007d60       0x64 C:\Users\mvshv\AppData\Local\Temp\cci99AzF.ltrans0.ltrans.o
 *fill*         0x08007dc4        0xc 
 .text.cmd_threads
                0x08007dd0       0xc0 C:\Users\mvshv\AppData\Local\Temp\cci99AzF.ltrans0.ltrans.o
 .text.chRegFindThreadByWorkingArea
                0x08007e90       0x5c C:\Users\mvshv\AppData\Local\Temp\cci99AzF.ltrans0.ltrans.o
 *fill*         0x08007eec        0x4 
 .text.chThdCreateStatic.constprop.60
                0x08007ef0       0xf8 C:\Users\mvshv\AppData\Local\Temp\cci99AzF.ltrans0.ltrans.o
 *fill*         0x08007fe8        0x8 
 .text.rt_test_010_006_execute
                0x08007ff0       0x7c C:\Users\mvshv\AppData\Local\Temp\cci99AzF.ltrans0.ltrans.o
 *fill*         0x0800806c        0x4 
 .text.rt_test_006_004_execute
                0x08008070      0x138 C:\Users\mvshv\AppData\Local\Temp\cci99AzF.ltrans0.ltrans.o
 *fill*         0x080081a8        0x8 
 .text.rt_test_005_006_execute
                0x080081b0      0x2cc C:\Users\mvshv\AppData\Local\Temp\cci99AzF.ltrans0.ltrans.o
 *fill*         0x0800847c        0x4 
 .text.rt_test_005_005_execute
                0x08008480       0x9c C:\Users\mvshv\AppData\Local\Temp\cci99AzF.ltrans0.ltrans.o
 *fill*         0x0800851c        0x4 
 .text.chThdWait
                0x08008520       0x70 C:\Users\mvshv\AppData\Local\Temp\cci99AzF.ltrans0.ltrans.o
 .text.startup.main
                0x08008590      0x538 C:\Users\mvshv\AppData\Local\Temp\cci99AzF.ltrans0.ltrans.o
                0x08008590                main
 *fill*         0x08008ac8        0x8 
 .text.rt_test_010_005_execute
                0x08008ad0       0x7c C:\Users\mvshv\AppData\Local\Temp\cci99AzF.ltrans0.ltrans.o
 *fill*         0x08008b4c        0x4 
 .text.test_wait_threads
                0x08008b50       0x24 C:\Users\mvshv\AppData\Local\Temp\cci99AzF.ltrans0.ltrans.o
 *fill*         0x08008b74        0xc 
 .text.rt_test_010_008_execute
                0x08008b80       0xe4 C:\Users\mvshv\AppData\Local\Temp\cci99AzF.ltrans0.ltrans.o
 *fill*         0x08008c64        0xc 
 .text.rt_test_010_007_execute
                0x08008c70      0x110 C:\Users\mvshv\AppData\Local\Temp\cci99AzF.ltrans0.ltrans.o
 .text.rt_test_010_004_execute
                0x08008d80      0x10c C:\Users\mvshv\AppData\Local\Temp\cci99AzF.ltrans0.ltrans.o
 *fill*         0x08008e8c        0x4 
 .text.rt_test_010_003_execute
                0x08008e90       0xdc C:\Users\mvshv\AppData\Local\Temp\cci99AzF.ltrans0.ltrans.o
 *fill*         0x08008f6c        0x4 
 .text.rt_test_010_002_execute
                0x08008f70       0x74 C:\Users\mvshv\AppData\Local\Temp\cci99AzF.ltrans0.ltrans.o
 *fill*         0x08008fe4        0xc 
 .text.rt_test_010_001_execute
                0x08008ff0       0x74 C:\Users\mvshv\AppData\Local\Temp\cci99AzF.ltrans0.ltrans.o
 *fill*         0x08009064        0xc 
 .text.rt_test_009_002_execute
                0x08009070      0x150 C:\Users\mvshv\AppData\Local\Temp\cci99AzF.ltrans0.ltrans.o
 .text.rt_test_009_001_execute
                0x080091c0      0x168 C:\Users\mvshv\AppData\Local\Temp\cci99AzF.ltrans0.ltrans.o
 *fill*         0x08009328        0x8 
 .text.rt_test_008_007_execute
                0x08009330      0x164 C:\Users\mvshv\AppData\Local\Temp\cci99AzF.ltrans0.ltrans.o
 *fill*         0x08009494        0xc 
 .text.rt_test_008_005_execute
                0x080094a0       0xc8 C:\Users\mvshv\AppData\Local\Temp\cci99AzF.ltrans0.ltrans.o
 *fill*         0x08009568        0x8 
 .text.rt_test_008_004_execute
                0x08009570       0xc4 C:\Users\mvshv\AppData\Local\Temp\cci99AzF.ltrans0.ltrans.o
 *fill*         0x08009634        0xc 
 .text.rt_test_008_003_execute
                0x08009640       0xf4 C:\Users\mvshv\AppData\Local\Temp\cci99AzF.ltrans0.ltrans.o
 *fill*         0x08009734        0xc 
 .text.rt_test_007_001_execute
                0x08009740       0x78 C:\Users\mvshv\AppData\Local\Temp\cci99AzF.ltrans0.ltrans.o
 *fill*         0x080097b8        0x8 
 .text.rt_test_006_009_execute
                0x080097c0       0xa4 C:\Users\mvshv\AppData\Local\Temp\cci99AzF.ltrans0.ltrans.o
 *fill*         0x08009864        0xc 
 .text.rt_test_006_008_execute
                0x08009870      0x108 C:\Users\mvshv\AppData\Local\Temp\cci99AzF.ltrans0.ltrans.o
 *fill*         0x08009978        0x8 
 .text.rt_test_006_007_execute
                0x08009980       0xf4 C:\Users\mvshv\AppData\Local\Temp\cci99AzF.ltrans0.ltrans.o
 *fill*         0x08009a74        0xc 
 .text.rt_test_005_006_teardown
                0x08009a80        0x4 C:\Users\mvshv\AppData\Local\Temp\cci99AzF.ltrans0.ltrans.o
 *fill*         0x08009a84        0xc 
 .text.rt_test_006_004_teardown
                0x08009a90        0x4 C:\Users\mvshv\AppData\Local\Temp\cci99AzF.ltrans0.ltrans.o
 *fill*         0x08009a94        0xc 
 .text.rt_test_006_001_execute
                0x08009aa0       0xdc C:\Users\mvshv\AppData\Local\Temp\cci99AzF.ltrans0.ltrans.o
 *fill*         0x08009b7c        0x4 
 .text.rt_test_005_005_teardown
                0x08009b80        0x4 C:\Users\mvshv\AppData\Local\Temp\cci99AzF.ltrans0.ltrans.o
 *fill*         0x08009b84        0xc 
 .text.rt_test_005_004_execute
                0x08009b90      0x138 C:\Users\mvshv\AppData\Local\Temp\cci99AzF.ltrans0.ltrans.o
 *fill*         0x08009cc8        0x8 
 .text.rt_test_005_003_execute
                0x08009cd0      0x1e4 C:\Users\mvshv\AppData\Local\Temp\cci99AzF.ltrans0.ltrans.o
 *fill*         0x08009eb4        0xc 
 .text.rt_test_005_002_execute
                0x08009ec0       0xf0 C:\Users\mvshv\AppData\Local\Temp\cci99AzF.ltrans0.ltrans.o
 .text.rt_test_004_001_execute
                0x08009fb0      0x138 C:\Users\mvshv\AppData\Local\Temp\cci99AzF.ltrans0.ltrans.o
 *fill*         0x0800a0e8        0x8 
 .text.rt_test_003_002_execute
                0x0800a0f0      0x194 C:\Users\mvshv\AppData\Local\Temp\cci99AzF.ltrans0.ltrans.o
 *fill*         0x0800a284        0xc 
 .text.cmd_test
                0x0800a290       0x8c C:\Users\mvshv\AppData\Local\Temp\cci99AzF.ltrans0.ltrans.o
 *fill*         0x0800a31c        0x4 
 .text.chSysGetStatusAndLockX.part.1
                0x0800a320       0x20 C:\Users\mvshv\AppData\Local\Temp\cci99AzF.ltrans0.ltrans.o
 .text.rt_test_002_002_execute
                0x0800a340      0x19c C:\Users\mvshv\AppData\Local\Temp\cci99AzF.ltrans0.ltrans.o
 *fill*         0x0800a4dc        0x4 
 .text.vtcb     0x0800a4e0       0x38 C:\Users\mvshv\AppData\Local\Temp\cci99AzF.ltrans0.ltrans.o
 *fill*         0x0800a518        0x8 
 .text.obqWriteTimeout
                0x0800a520      0x140 C:\Users\mvshv\AppData\Local\Temp\cci99AzF.ltrans0.ltrans.o
 .text._writet  0x0800a660        0x8 C:\Users\mvshv\AppData\Local\Temp\cci99AzF.ltrans0.ltrans.o
 *fill*         0x0800a668        0x8 
 .text._write   0x0800a670        0xc C:\Users\mvshv\AppData\Local\Temp\cci99AzF.ltrans0.ltrans.o
 *fill*         0x0800a67c        0x4 
 .text.obqPutTimeout
                0x0800a680       0x90 C:\Users\mvshv\AppData\Local\Temp\cci99AzF.ltrans0.ltrans.o
 .text._putt    0x0800a710        0x8 C:\Users\mvshv\AppData\Local\Temp\cci99AzF.ltrans0.ltrans.o
 *fill*         0x0800a718        0x8 
 .text._put     0x0800a720        0xc C:\Users\mvshv\AppData\Local\Temp\cci99AzF.ltrans0.ltrans.o
 *fill*         0x0800a72c        0x4 
 .text.ibqReadTimeout
                0x0800a730      0x140 C:\Users\mvshv\AppData\Local\Temp\cci99AzF.ltrans0.ltrans.o
 .text._readt   0x0800a870        0x8 C:\Users\mvshv\AppData\Local\Temp\cci99AzF.ltrans0.ltrans.o
 *fill*         0x0800a878        0x8 
 .text._read    0x0800a880        0xc C:\Users\mvshv\AppData\Local\Temp\cci99AzF.ltrans0.ltrans.o
 *fill*         0x0800a88c        0x4 
 .text.ibqGetTimeout
                0x0800a890       0x84 C:\Users\mvshv\AppData\Local\Temp\cci99AzF.ltrans0.ltrans.o
 *fill*         0x0800a914        0xc 
 .text._gett    0x0800a920        0x8 C:\Users\mvshv\AppData\Local\Temp\cci99AzF.ltrans0.ltrans.o
 *fill*         0x0800a928        0x8 
 .text._get     0x0800a930        0xc C:\Users\mvshv\AppData\Local\Temp\cci99AzF.ltrans0.ltrans.o
 *fill*         0x0800a93c        0x4 
 .text.__early_init
                0x0800a940      0x19c C:\Users\mvshv\AppData\Local\Temp\cci99AzF.ltrans0.ltrans.o
                0x0800a940                __early_init
 *fill*         0x0800aadc        0x4 
 .text.Vector16C
                0x0800aae0      0x328 C:\Users\mvshv\AppData\Local\Temp\cci99AzF.ltrans0.ltrans.o
                0x0800aae0                Vector16C
 *fill*         0x0800ae08        0x8 
 .text.VectorB0
                0x0800ae10       0xe8 C:\Users\mvshv\AppData\Local\Temp\cci99AzF.ltrans0.ltrans.o
                0x0800ae10                VectorB0
 *fill*         0x0800aef8        0x8 
 .text.__init_ram_areas
                0x0800af00       0x68 C:\Users\mvshv\AppData\Local\Temp\cci99AzF.ltrans0.ltrans.o
                0x0800af00                __init_ram_areas
 *fill*         0x0800af68        0x8 
 .text.__default_exit
                0x0800af70        0x4 C:\Users\mvshv\AppData\Local\Temp\cci99AzF.ltrans0.ltrans.o
                0x0800af70                __default_exit
 *fill*         0x0800af74        0xc 
 .text.__late_init
                0x0800af80        0x4 C:\Users\mvshv\AppData\Local\Temp\cci99AzF.ltrans0.ltrans.o
                0x0800af80                __late_init
 *fill*         0x0800af84        0xc 
 .text.__core_init
                0x0800af90        0x4 C:\Users\mvshv\AppData\Local\Temp\cci99AzF.ltrans0.ltrans.o
                0x0800af90                __core_init
 .text.memset   0x0800af94       0x94 c:/chibistudio/tools/gnu tools arm embedded/7.0 2017q4/bin/../lib/gcc/arm-none-eabi/7.2.1/../../../../arm-none-eabi/lib/thumb/v7e-m\libg.a(lib_a-memset.o)
                0x0800af94                memset
 .text.strchr   0x0800b028       0xe8 c:/chibistudio/tools/gnu tools arm embedded/7.0 2017q4/bin/../lib/gcc/arm-none-eabi/7.2.1/../../../../arm-none-eabi/lib/thumb/v7e-m\libg.a(lib_a-strchr.o)
                0x0800b028                strchr
 .text.strncmp  0x0800b110       0x98 c:/chibistudio/tools/gnu tools arm embedded/7.0 2017q4/bin/../lib/gcc/arm-none-eabi/7.2.1/../../../../arm-none-eabi/lib/thumb/v7e-m\libg.a(lib_a-strncmp.o)
                0x0800b110                strncmp
 .text.strncpy  0x0800b1a8       0x64 c:/chibistudio/tools/gnu tools arm embedded/7.0 2017q4/bin/../lib/gcc/arm-none-eabi/7.2.1/../../../../arm-none-eabi/lib/thumb/v7e-m\libg.a(lib_a-strncpy.o)
                0x0800b1a8                strncpy
 .text.strpbrk  0x0800b20c       0x44 c:/chibistudio/tools/gnu tools arm embedded/7.0 2017q4/bin/../lib/gcc/arm-none-eabi/7.2.1/../../../../arm-none-eabi/lib/thumb/v7e-m\libg.a(lib_a-strpbrk.o)
                0x0800b20c                strpbrk
 .text.strspn   0x0800b250       0x34 c:/chibistudio/tools/gnu tools arm embedded/7.0 2017q4/bin/../lib/gcc/arm-none-eabi/7.2.1/../../../../arm-none-eabi/lib/thumb/v7e-m\libg.a(lib_a-strspn.o)
                0x0800b250                strspn
 *(.glue_7t)
 .glue_7t       0x0800b284        0x0 linker stubs
 *(.glue_7)
 .glue_7        0x0800b284        0x0 linker stubs
 *(.gcc*)

.vfp11_veneer   0x0800b284        0x0
 .vfp11_veneer  0x0800b284        0x0 linker stubs

.v4_bx          0x0800b284        0x0
 .v4_bx         0x0800b284        0x0 linker stubs

.iplt           0x0800b284        0x0
 .iplt          0x0800b284        0x0 ./build/stm32f303_discovery/obj/crt0_v7m.o

.rodata         0x0800b284     0x2d48
                0x0800b284                . = ALIGN (0x4)
                0x0800b284                __rodata_base__ = .
 *(.rodata)
 *(.rodata.*)
 .rodata.Thread1.str1.4
                0x0800b284        0x8 C:\Users\mvshv\AppData\Local\Temp\cci99AzF.ltrans0.ltrans.o
 .rodata.__func__.5940.lto_priv.122
                0x0800b28c        0xc C:\Users\mvshv\AppData\Local\Temp\cci99AzF.ltrans0.ltrans.o
 .rodata.__func__.5940.lto_priv.123
                0x0800b298        0xc C:\Users\mvshv\AppData\Local\Temp\cci99AzF.ltrans0.ltrans.o
 .rodata.__func__.5940.lto_priv.124
                0x0800b2a4        0xc C:\Users\mvshv\AppData\Local\Temp\cci99AzF.ltrans0.ltrans.o
 .rodata.__func__.5940.lto_priv.125
                0x0800b2b0        0xc C:\Users\mvshv\AppData\Local\Temp\cci99AzF.ltrans0.ltrans.o
 .rodata.__func__.5940.lto_priv.126
                0x0800b2bc        0xc C:\Users\mvshv\AppData\Local\Temp\cci99AzF.ltrans0.ltrans.o
 .rodata.__func__.5940.lto_priv.127
                0x0800b2c8        0xc C:\Users\mvshv\AppData\Local\Temp\cci99AzF.ltrans0.ltrans.o
 .rodata.__func__.5940.lto_priv.128
                0x0800b2d4        0xc C:\Users\mvshv\AppData\Local\Temp\cci99AzF.ltrans0.ltrans.o
 .rodata.__func__.5940.lto_priv.129
                0x0800b2e0        0xc C:\Users\mvshv\AppData\Local\Temp\cci99AzF.ltrans0.ltrans.o
 .rodata.__func__.5940.lto_priv.130
                0x0800b2ec        0xc C:\Users\mvshv\AppData\Local\Temp\cci99AzF.ltrans0.ltrans.o
 .rodata.__func__.5940.lto_priv.131
                0x0800b2f8        0xc C:\Users\mvshv\AppData\Local\Temp\cci99AzF.ltrans0.ltrans.o
 .rodata.__func__.5940.lto_priv.132
                0x0800b304        0xc C:\Users\mvshv\AppData\Local\Temp\cci99AzF.ltrans0.ltrans.o
 .rodata.__func__.5940.lto_priv.133
                0x0800b310        0xc C:\Users\mvshv\AppData\Local\Temp\cci99AzF.ltrans0.ltrans.o
 .rodata.__func__.5940.lto_priv.134
                0x0800b31c        0xc C:\Users\mvshv\AppData\Local\Temp\cci99AzF.ltrans0.ltrans.o
 .rodata.__func__.5940.lto_priv.135
                0x0800b328        0xc C:\Users\mvshv\AppData\Local\Temp\cci99AzF.ltrans0.ltrans.o
 .rodata.__func__.5940.lto_priv.136
                0x0800b334        0xc C:\Users\mvshv\AppData\Local\Temp\cci99AzF.ltrans0.ltrans.o
 .rodata.__func__.5940.lto_priv.137
                0x0800b340        0xc C:\Users\mvshv\AppData\Local\Temp\cci99AzF.ltrans0.ltrans.o
 .rodata.__func__.5940.lto_priv.138
                0x0800b34c        0xc C:\Users\mvshv\AppData\Local\Temp\cci99AzF.ltrans0.ltrans.o
 .rodata.__func__.5940.lto_priv.139
                0x0800b358        0xc C:\Users\mvshv\AppData\Local\Temp\cci99AzF.ltrans0.ltrans.o
 .rodata.__func__.5940.lto_priv.140
                0x0800b364        0xc C:\Users\mvshv\AppData\Local\Temp\cci99AzF.ltrans0.ltrans.o
 .rodata.__func__.5940.lto_priv.141
                0x0800b370        0xc C:\Users\mvshv\AppData\Local\Temp\cci99AzF.ltrans0.ltrans.o
 .rodata.__func__.5940.lto_priv.142
                0x0800b37c        0xc C:\Users\mvshv\AppData\Local\Temp\cci99AzF.ltrans0.ltrans.o
 .rodata.__func__.5940.lto_priv.143
                0x0800b388        0xc C:\Users\mvshv\AppData\Local\Temp\cci99AzF.ltrans0.ltrans.o
 .rodata.__func__.6026
                0x0800b394        0xc C:\Users\mvshv\AppData\Local\Temp\cci99AzF.ltrans0.ltrans.o
 .rodata.__func__.6141
                0x0800b3a0       0x14 C:\Users\mvshv\AppData\Local\Temp\cci99AzF.ltrans0.ltrans.o
 .rodata.__func__.6341.lto_priv.169
                0x0800b3b4        0xc C:\Users\mvshv\AppData\Local\Temp\cci99AzF.ltrans0.ltrans.o
 .rodata.__func__.6341.lto_priv.170
                0x0800b3c0        0xc C:\Users\mvshv\AppData\Local\Temp\cci99AzF.ltrans0.ltrans.o
 .rodata.__func__.6341.lto_priv.171
                0x0800b3cc        0xc C:\Users\mvshv\AppData\Local\Temp\cci99AzF.ltrans0.ltrans.o
 .rodata.__func__.6341.lto_priv.172
                0x0800b3d8        0xc C:\Users\mvshv\AppData\Local\Temp\cci99AzF.ltrans0.ltrans.o
 .rodata.__func__.6377.lto_priv.177
                0x0800b3e4        0x9 C:\Users\mvshv\AppData\Local\Temp\cci99AzF.ltrans0.ltrans.o
 *fill*         0x0800b3ed        0x3 
 .rodata.__func__.6377.lto_priv.178
                0x0800b3f0        0x9 C:\Users\mvshv\AppData\Local\Temp\cci99AzF.ltrans0.ltrans.o
 *fill*         0x0800b3f9        0x3 
 .rodata.__func__.6828.lto_priv.165
                0x0800b3fc        0xa C:\Users\mvshv\AppData\Local\Temp\cci99AzF.ltrans0.ltrans.o
 *fill*         0x0800b406        0x2 
 .rodata.__func__.6831
                0x0800b408        0xc C:\Users\mvshv\AppData\Local\Temp\cci99AzF.ltrans0.ltrans.o
 .rodata.__func__.6834.lto_priv.146
                0x0800b414        0xb C:\Users\mvshv\AppData\Local\Temp\cci99AzF.ltrans0.ltrans.o
 *fill*         0x0800b41f        0x1 
 .rodata.__func__.6834.lto_priv.147
                0x0800b420        0xb C:\Users\mvshv\AppData\Local\Temp\cci99AzF.ltrans0.ltrans.o
 *fill*         0x0800b42b        0x1 
 .rodata.__func__.6837.lto_priv.187
                0x0800b42c        0xc C:\Users\mvshv\AppData\Local\Temp\cci99AzF.ltrans0.ltrans.o
 .rodata.__func__.6837.lto_priv.188
                0x0800b438        0xd C:\Users\mvshv\AppData\Local\Temp\cci99AzF.ltrans0.ltrans.o
 *fill*         0x0800b445        0x3 
 .rodata.__func__.6838.lto_priv.185
                0x0800b448       0x11 C:\Users\mvshv\AppData\Local\Temp\cci99AzF.ltrans0.ltrans.o
 *fill*         0x0800b459        0x3 
 .rodata.__func__.6838.lto_priv.186
                0x0800b45c       0x1e C:\Users\mvshv\AppData\Local\Temp\cci99AzF.ltrans0.ltrans.o
 *fill*         0x0800b47a        0x2 
 .rodata.__func__.6840
                0x0800b47c       0x16 C:\Users\mvshv\AppData\Local\Temp\cci99AzF.ltrans0.ltrans.o
 *fill*         0x0800b492        0x2 
 .rodata.__func__.6843.lto_priv.149
                0x0800b494        0xd C:\Users\mvshv\AppData\Local\Temp\cci99AzF.ltrans0.ltrans.o
 *fill*         0x0800b4a1        0x3 
 .rodata.__func__.6843.lto_priv.151
                0x0800b4a4       0x13 C:\Users\mvshv\AppData\Local\Temp\cci99AzF.ltrans0.ltrans.o
 *fill*         0x0800b4b7        0x1 
 .rodata.__func__.6848.lto_priv.158
                0x0800b4b8        0xb C:\Users\mvshv\AppData\Local\Temp\cci99AzF.ltrans0.ltrans.o
 *fill*         0x0800b4c3        0x1 
 .rodata.__func__.6853.lto_priv.173
                0x0800b4c4        0xc C:\Users\mvshv\AppData\Local\Temp\cci99AzF.ltrans0.ltrans.o
 .rodata.__func__.6853.lto_priv.174
                0x0800b4d0        0xc C:\Users\mvshv\AppData\Local\Temp\cci99AzF.ltrans0.ltrans.o
 .rodata.__func__.6856.lto_priv.182
                0x0800b4dc        0xc C:\Users\mvshv\AppData\Local\Temp\cci99AzF.ltrans0.ltrans.o
 .rodata.__func__.6856.lto_priv.183
                0x0800b4e8       0x15 C:\Users\mvshv\AppData\Local\Temp\cci99AzF.ltrans0.ltrans.o
 *fill*         0x0800b4fd        0x3 
 .rodata.__func__.6856.lto_priv.184
                0x0800b500        0xb C:\Users\mvshv\AppData\Local\Temp\cci99AzF.ltrans0.ltrans.o
 *fill*         0x0800b50b        0x1 
 .rodata.__func__.6857
                0x0800b50c        0xc C:\Users\mvshv\AppData\Local\Temp\cci99AzF.ltrans0.ltrans.o
 .rodata.__func__.6858
                0x0800b518       0x12 C:\Users\mvshv\AppData\Local\Temp\cci99AzF.ltrans0.ltrans.o
 *fill*         0x0800b52a        0x2 
 .rodata.__func__.6862.lto_priv.94
                0x0800b52c       0x12 C:\Users\mvshv\AppData\Local\Temp\cci99AzF.ltrans0.ltrans.o
 *fill*         0x0800b53e        0x2 
 .rodata.__func__.6862.lto_priv.95
                0x0800b540        0xc C:\Users\mvshv\AppData\Local\Temp\cci99AzF.ltrans0.ltrans.o
 .rodata.__func__.6866
                0x0800b54c        0xd C:\Users\mvshv\AppData\Local\Temp\cci99AzF.ltrans0.ltrans.o
 *fill*         0x0800b559        0x3 
 .rodata.__func__.6867
                0x0800b55c        0xd C:\Users\mvshv\AppData\Local\Temp\cci99AzF.ltrans0.ltrans.o
 *fill*         0x0800b569        0x3 
 .rodata.__func__.6868.lto_priv.160
                0x0800b56c        0xd C:\Users\mvshv\AppData\Local\Temp\cci99AzF.ltrans0.ltrans.o
 *fill*         0x0800b579        0x3 
 .rodata.__func__.6868.lto_priv.161
                0x0800b57c       0x13 C:\Users\mvshv\AppData\Local\Temp\cci99AzF.ltrans0.ltrans.o
 *fill*         0x0800b58f        0x1 
 .rodata.__func__.6868.lto_priv.162
                0x0800b590        0xc C:\Users\mvshv\AppData\Local\Temp\cci99AzF.ltrans0.ltrans.o
 .rodata.__func__.6868.lto_priv.164
                0x0800b59c       0x17 C:\Users\mvshv\AppData\Local\Temp\cci99AzF.ltrans0.ltrans.o
 *fill*         0x0800b5b3        0x1 
 .rodata.__func__.6872
                0x0800b5b4       0x11 C:\Users\mvshv\AppData\Local\Temp\cci99AzF.ltrans0.ltrans.o
 *fill*         0x0800b5c5        0x3 
 .rodata.__func__.6873
                0x0800b5c8        0xd C:\Users\mvshv\AppData\Local\Temp\cci99AzF.ltrans0.ltrans.o
 *fill*         0x0800b5d5        0x3 
 .rodata.__func__.6874
                0x0800b5d8        0xd C:\Users\mvshv\AppData\Local\Temp\cci99AzF.ltrans0.ltrans.o
 *fill*         0x0800b5e5        0x3 
 .rodata.__func__.6881
                0x0800b5e8       0x10 C:\Users\mvshv\AppData\Local\Temp\cci99AzF.ltrans0.ltrans.o
 .rodata.__func__.6887
                0x0800b5f8        0xe C:\Users\mvshv\AppData\Local\Temp\cci99AzF.ltrans0.ltrans.o
 *fill*         0x0800b606        0x2 
 .rodata.__func__.6889
                0x0800b608        0xb C:\Users\mvshv\AppData\Local\Temp\cci99AzF.ltrans0.ltrans.o
 *fill*         0x0800b613        0x1 
 .rodata.__func__.6894
                0x0800b614        0xa C:\Users\mvshv\AppData\Local\Temp\cci99AzF.ltrans0.ltrans.o
 *fill*         0x0800b61e        0x2 
 .rodata.__func__.6899
                0x0800b620       0x11 C:\Users\mvshv\AppData\Local\Temp\cci99AzF.ltrans0.ltrans.o
 *fill*         0x0800b631        0x3 
 .rodata.__func__.6928
                0x0800b634       0x15 C:\Users\mvshv\AppData\Local\Temp\cci99AzF.ltrans0.ltrans.o
 *fill*         0x0800b649        0x3 
 .rodata.__func__.6934
                0x0800b64c        0xd C:\Users\mvshv\AppData\Local\Temp\cci99AzF.ltrans0.ltrans.o
 *fill*         0x0800b659        0x3 
 .rodata.__func__.7233
                0x0800b65c       0x10 C:\Users\mvshv\AppData\Local\Temp\cci99AzF.ltrans0.ltrans.o
 .rodata.__func__.7255
                0x0800b66c       0x18 C:\Users\mvshv\AppData\Local\Temp\cci99AzF.ltrans0.ltrans.o
 .rodata.__func__.7268
                0x0800b684       0x18 C:\Users\mvshv\AppData\Local\Temp\cci99AzF.ltrans0.ltrans.o
 .rodata.__func__.7680
                0x0800b69c        0x9 C:\Users\mvshv\AppData\Local\Temp\cci99AzF.ltrans0.ltrans.o
 *fill*         0x0800b6a5        0x3 
 .rodata.__func__.7683
                0x0800b6a8        0xd C:\Users\mvshv\AppData\Local\Temp\cci99AzF.ltrans0.ltrans.o
 *fill*         0x0800b6b5        0x3 
 .rodata.__func__.7690
                0x0800b6b8        0xb C:\Users\mvshv\AppData\Local\Temp\cci99AzF.ltrans0.ltrans.o
 *fill*         0x0800b6c3        0x1 
 .rodata.__func__.7726
                0x0800b6c4        0x5 C:\Users\mvshv\AppData\Local\Temp\cci99AzF.ltrans0.ltrans.o
 *fill*         0x0800b6c9        0x3 
 .rodata.__func__.7753
                0x0800b6cc        0x9 C:\Users\mvshv\AppData\Local\Temp\cci99AzF.ltrans0.ltrans.o
 *fill*         0x0800b6d5        0x3 
 .rodata.__func__.7780
                0x0800b6d8        0xc C:\Users\mvshv\AppData\Local\Temp\cci99AzF.ltrans0.ltrans.o
 .rodata.__func__.8093
                0x0800b6e4        0xd C:\Users\mvshv\AppData\Local\Temp\cci99AzF.ltrans0.ltrans.o
 *fill*         0x0800b6f1        0x3 
 .rodata.__func__.8098
                0x0800b6f4       0x13 C:\Users\mvshv\AppData\Local\Temp\cci99AzF.ltrans0.ltrans.o
 *fill*         0x0800b707        0x1 
 .rodata.__func__.8112
                0x0800b708       0x19 C:\Users\mvshv\AppData\Local\Temp\cci99AzF.ltrans0.ltrans.o
 *fill*         0x0800b721        0x3 
 .rodata.__func__.8119
                0x0800b724       0x17 C:\Users\mvshv\AppData\Local\Temp\cci99AzF.ltrans0.ltrans.o
 *fill*         0x0800b73b        0x1 
 .rodata.__func__.8132
                0x0800b73c        0xa C:\Users\mvshv\AppData\Local\Temp\cci99AzF.ltrans0.ltrans.o
 *fill*         0x0800b746        0x2 
 .rodata.__func__.8133
                0x0800b748        0xf C:\Users\mvshv\AppData\Local\Temp\cci99AzF.ltrans0.ltrans.o
 *fill*         0x0800b757        0x1 
 .rodata.__func__.8134
                0x0800b758        0x9 C:\Users\mvshv\AppData\Local\Temp\cci99AzF.ltrans0.ltrans.o
 *fill*         0x0800b761        0x3 
 .rodata.__func__.8151
                0x0800b764       0x11 C:\Users\mvshv\AppData\Local\Temp\cci99AzF.ltrans0.ltrans.o
 *fill*         0x0800b775        0x3 
 .rodata.__func__.8156
                0x0800b778       0x15 C:\Users\mvshv\AppData\Local\Temp\cci99AzF.ltrans0.ltrans.o
 *fill*         0x0800b78d        0x3 
 .rodata.__func__.8158
                0x0800b790       0x17 C:\Users\mvshv\AppData\Local\Temp\cci99AzF.ltrans0.ltrans.o
 *fill*         0x0800b7a7        0x1 
 .rodata.__func__.8161
                0x0800b7a8       0x16 C:\Users\mvshv\AppData\Local\Temp\cci99AzF.ltrans0.ltrans.o
 *fill*         0x0800b7be        0x2 
 .rodata.__func__.8167
                0x0800b7c0       0x11 C:\Users\mvshv\AppData\Local\Temp\cci99AzF.ltrans0.ltrans.o
 *fill*         0x0800b7d1        0x3 
 .rodata.__func__.8172
                0x0800b7d4       0x1a C:\Users\mvshv\AppData\Local\Temp\cci99AzF.ltrans0.ltrans.o
 *fill*         0x0800b7ee        0x2 
 .rodata.__func__.8175
                0x0800b7f0       0x12 C:\Users\mvshv\AppData\Local\Temp\cci99AzF.ltrans0.ltrans.o
 *fill*         0x0800b802        0x2 
 .rodata.__func__.8181
                0x0800b804       0x13 C:\Users\mvshv\AppData\Local\Temp\cci99AzF.ltrans0.ltrans.o
 *fill*         0x0800b817        0x1 
 .rodata.__func__.8196
                0x0800b818       0x10 C:\Users\mvshv\AppData\Local\Temp\cci99AzF.ltrans0.ltrans.o
 .rodata.__func__.8218
                0x0800b828        0xb C:\Users\mvshv\AppData\Local\Temp\cci99AzF.ltrans0.ltrans.o
 *fill*         0x0800b833        0x1 
 .rodata.__func__.8232
                0x0800b834        0xc C:\Users\mvshv\AppData\Local\Temp\cci99AzF.ltrans0.ltrans.o
 .rodata._dbg_check_enable.str1.4
                0x0800b840        0x5 C:\Users\mvshv\AppData\Local\Temp\cci99AzF.ltrans0.ltrans.o
 *fill*         0x0800b845        0x3 
 .rodata._dbg_check_enter_isr.str1.4
                0x0800b848        0x5 C:\Users\mvshv\AppData\Local\Temp\cci99AzF.ltrans0.ltrans.o
 *fill*         0x0800b84d        0x3 
 .rodata._dbg_check_leave_isr.str1.4
                0x0800b850        0x5 C:\Users\mvshv\AppData\Local\Temp\cci99AzF.ltrans0.ltrans.o
 *fill*         0x0800b855        0x3 
 .rodata._dbg_check_lock.str1.4
                0x0800b858        0x5 C:\Users\mvshv\AppData\Local\Temp\cci99AzF.ltrans0.ltrans.o
 *fill*         0x0800b85d        0x3 
 .rodata._dbg_check_lock_from_isr.str1.4
                0x0800b860        0x5 C:\Users\mvshv\AppData\Local\Temp\cci99AzF.ltrans0.ltrans.o
 *fill*         0x0800b865        0x3 
 .rodata._dbg_check_suspend.str1.4
                0x0800b868        0x5 C:\Users\mvshv\AppData\Local\Temp\cci99AzF.ltrans0.ltrans.o
 *fill*         0x0800b86d        0x3 
 .rodata._dbg_check_unlock.str1.4
                0x0800b870        0x5 C:\Users\mvshv\AppData\Local\Temp\cci99AzF.ltrans0.ltrans.o
 *fill*         0x0800b875        0x3 
 .rodata._dbg_check_unlock_from_isr.str1.4
                0x0800b878        0x5 C:\Users\mvshv\AppData\Local\Temp\cci99AzF.ltrans0.ltrans.o
 *fill*         0x0800b87d        0x3 
 .rodata._test_assert_time_window.constprop.1.str1.4
                0x0800b880       0x13 C:\Users\mvshv\AppData\Local\Temp\cci99AzF.ltrans0.ltrans.o
 *fill*         0x0800b893        0x1 
 .rodata.active_status
                0x0800b894        0x2 C:\Users\mvshv\AppData\Local\Temp\cci99AzF.ltrans0.ltrans.o
 *fill*         0x0800b896        0x2 
 .rodata.chDbgCheckClassI.str1.4
                0x0800b898        0x6 C:\Users\mvshv\AppData\Local\Temp\cci99AzF.ltrans0.ltrans.o
 *fill*         0x0800b89e        0x2 
 .rodata.chDbgCheckClassS.str1.4
                0x0800b8a0        0x6 C:\Users\mvshv\AppData\Local\Temp\cci99AzF.ltrans0.ltrans.o
 *fill*         0x0800b8a6        0x2 
 .rodata.chFactoryCreateBuffer.constprop.11.str1.4
                0x0800b8a8        0x6 C:\Users\mvshv\AppData\Local\Temp\cci99AzF.ltrans0.ltrans.o
 *fill*         0x0800b8ae        0x2 
 .rodata.chFactoryCreateMailbox.constprop.7.str1.4
                0x0800b8b0        0x6 C:\Users\mvshv\AppData\Local\Temp\cci99AzF.ltrans0.ltrans.o
 *fill*         0x0800b8b6        0x2 
 .rodata.chFactoryCreateObjectsFIFO.constprop.5.str1.4
                0x0800b8b8        0x7 C:\Users\mvshv\AppData\Local\Temp\cci99AzF.ltrans0.ltrans.o
 *fill*         0x0800b8bf        0x1 
 .rodata.chFactoryCreateSemaphore.constprop.9.str1.4
                0x0800b8c0        0x6 C:\Users\mvshv\AppData\Local\Temp\cci99AzF.ltrans0.ltrans.o
 *fill*         0x0800b8c6        0x2 
 .rodata.chFactoryRegisterObject.constprop.13.str1.4
                0x0800b8c8        0x6 C:\Users\mvshv\AppData\Local\Temp\cci99AzF.ltrans0.ltrans.o
 *fill*         0x0800b8ce        0x2 
 .rodata.chSchWakeupS.str1.4
                0x0800b8d0        0xf C:\Users\mvshv\AppData\Local\Temp\cci99AzF.ltrans0.ltrans.o
 *fill*         0x0800b8df        0x1 
 .rodata.chThdCreateStatic.constprop.60.str1.4
                0x0800b8e0        0x7 C:\Users\mvshv\AppData\Local\Temp\cci99AzF.ltrans0.ltrans.o
 *fill*         0x0800b8e7        0x1 
 .rodata.ch_debug
                0x0800b8e8       0x16 C:\Users\mvshv\AppData\Local\Temp\cci99AzF.ltrans0.ltrans.o
 *fill*         0x0800b8fe        0x2 
 .rodata.chprintf.str1.4
                0x0800b900        0x7 C:\Users\mvshv\AppData\Local\Temp\cci99AzF.ltrans0.ltrans.o
 *fill*         0x0800b907        0x1 
 .rodata.cmd_echo.str1.4
                0x0800b908       0x21 C:\Users\mvshv\AppData\Local\Temp\cci99AzF.ltrans0.ltrans.o
 *fill*         0x0800b929        0x3 
 .rodata.cmd_info.str1.4
                0x0800b92c      0x109 C:\Users\mvshv\AppData\Local\Temp\cci99AzF.ltrans0.ltrans.o
 *fill*         0x0800ba35        0x3 
 .rodata.cmd_mem.str1.4
                0x0800ba38       0x7a C:\Users\mvshv\AppData\Local\Temp\cci99AzF.ltrans0.ltrans.o
 *fill*         0x0800bab2        0x2 
 .rodata.cmd_systime.str1.4
                0x0800bab4        0xe C:\Users\mvshv\AppData\Local\Temp\cci99AzF.ltrans0.ltrans.o
 *fill*         0x0800bac2        0x2 
 .rodata.cmd_test.str1.4
                0x0800bac4       0x24 C:\Users\mvshv\AppData\Local\Temp\cci99AzF.ltrans0.ltrans.o
                                 0x34 (size before relaxing)
 .rodata.cmd_threads.str1.4
                0x0800bae8       0x67 C:\Users\mvshv\AppData\Local\Temp\cci99AzF.ltrans0.ltrans.o
                                 0x6f (size before relaxing)
 *fill*         0x0800bb4f        0x1 
 .rodata.cmd_write.str1.4
                0x0800bb50       0x1f C:\Users\mvshv\AppData\Local\Temp\cci99AzF.ltrans0.ltrans.o
 *fill*         0x0800bb6f        0x1 
 .rodata.commands
                0x0800bb70       0x10 C:\Users\mvshv\AppData\Local\Temp\cci99AzF.ltrans0.ltrans.o
 .rodata.ep0config
                0x0800bb80       0x24 C:\Users\mvshv\AppData\Local\Temp\cci99AzF.ltrans0.ltrans.o
 .rodata.ep1config
                0x0800bba4       0x24 C:\Users\mvshv\AppData\Local\Temp\cci99AzF.ltrans0.ltrans.o
 .rodata.ep2config
                0x0800bbc8       0x24 C:\Users\mvshv\AppData\Local\Temp\cci99AzF.ltrans0.ltrans.o
 .rodata.evhndl
                0x0800bbec        0xc C:\Users\mvshv\AppData\Local\Temp\cci99AzF.ltrans0.ltrans.o
 .rodata.halted_status
                0x0800bbf8        0x2 C:\Users\mvshv\AppData\Local\Temp\cci99AzF.ltrans0.ltrans.o
 *fill*         0x0800bbfa        0x2 
 .rodata.idle_descriptor.6833
                0x0800bbfc       0x18 C:\Users\mvshv\AppData\Local\Temp\cci99AzF.ltrans0.ltrans.o
 .rodata.main.str1.4
                0x0800bc14        0x6 C:\Users\mvshv\AppData\Local\Temp\cci99AzF.ltrans0.ltrans.o
 *fill*         0x0800bc1a        0x2 
 .rodata.oslib_test_001_001
                0x0800bc1c       0x10 C:\Users\mvshv\AppData\Local\Temp\cci99AzF.ltrans0.ltrans.o
 .rodata.oslib_test_001_001_execute.str1.4
                0x0800bc2c       0x13 C:\Users\mvshv\AppData\Local\Temp\cci99AzF.ltrans0.ltrans.o
 *fill*         0x0800bc3f        0x1 
 .rodata.oslib_test_001_002
                0x0800bc40       0x10 C:\Users\mvshv\AppData\Local\Temp\cci99AzF.ltrans0.ltrans.o
 .rodata.oslib_test_001_002_execute.str1.4
                0x0800bc50       0xb5 C:\Users\mvshv\AppData\Local\Temp\cci99AzF.ltrans0.ltrans.o
 *fill*         0x0800bd05        0x3 
 .rodata.oslib_test_001_003
                0x0800bd08       0x10 C:\Users\mvshv\AppData\Local\Temp\cci99AzF.ltrans0.ltrans.o
 .rodata.oslib_test_001_003_execute.str1.4
                0x0800bd18       0x16 C:\Users\mvshv\AppData\Local\Temp\cci99AzF.ltrans0.ltrans.o
 *fill*         0x0800bd2e        0x2 
 .rodata.oslib_test_002_001
                0x0800bd30       0x10 C:\Users\mvshv\AppData\Local\Temp\cci99AzF.ltrans0.ltrans.o
 .rodata.oslib_test_002_001_execute.str1.4
                0x0800bd40       0x19 C:\Users\mvshv\AppData\Local\Temp\cci99AzF.ltrans0.ltrans.o
 *fill*         0x0800bd59        0x3 
 .rodata.oslib_test_002_002
                0x0800bd5c       0x10 C:\Users\mvshv\AppData\Local\Temp\cci99AzF.ltrans0.ltrans.o
 .rodata.oslib_test_002_002_execute.str1.4
                0x0800bd6c        0xb C:\Users\mvshv\AppData\Local\Temp\cci99AzF.ltrans0.ltrans.o
 *fill*         0x0800bd77        0x1 
 .rodata.oslib_test_002_003
                0x0800bd78       0x10 C:\Users\mvshv\AppData\Local\Temp\cci99AzF.ltrans0.ltrans.o
 .rodata.oslib_test_002_003_execute.str1.4
                0x0800bd88        0xf C:\Users\mvshv\AppData\Local\Temp\cci99AzF.ltrans0.ltrans.o
 *fill*         0x0800bd97        0x1 
 .rodata.oslib_test_003_001
                0x0800bd98       0x10 C:\Users\mvshv\AppData\Local\Temp\cci99AzF.ltrans0.ltrans.o
 .rodata.oslib_test_003_001_execute.str1.4
                0x0800bda8       0x59 C:\Users\mvshv\AppData\Local\Temp\cci99AzF.ltrans0.ltrans.o
 *fill*         0x0800be01        0x3 
 .rodata.oslib_test_003_002
                0x0800be04       0x10 C:\Users\mvshv\AppData\Local\Temp\cci99AzF.ltrans0.ltrans.o
 .rodata.oslib_test_003_002_execute.str1.4
                0x0800be14       0x2a C:\Users\mvshv\AppData\Local\Temp\cci99AzF.ltrans0.ltrans.o
 *fill*         0x0800be3e        0x2 
 .rodata.oslib_test_004_001
                0x0800be40       0x10 C:\Users\mvshv\AppData\Local\Temp\cci99AzF.ltrans0.ltrans.o
 .rodata.oslib_test_004_001_execute.str1.4
                0x0800be50       0x30 C:\Users\mvshv\AppData\Local\Temp\cci99AzF.ltrans0.ltrans.o
 .rodata.oslib_test_004_002
                0x0800be80       0x10 C:\Users\mvshv\AppData\Local\Temp\cci99AzF.ltrans0.ltrans.o
 .rodata.oslib_test_004_003
                0x0800be90       0x10 C:\Users\mvshv\AppData\Local\Temp\cci99AzF.ltrans0.ltrans.o
 .rodata.oslib_test_004_003_execute.str1.4
                0x0800bea0       0x58 C:\Users\mvshv\AppData\Local\Temp\cci99AzF.ltrans0.ltrans.o
                                 0x60 (size before relaxing)
 .rodata.oslib_test_004_004
                0x0800bef8       0x10 C:\Users\mvshv\AppData\Local\Temp\cci99AzF.ltrans0.ltrans.o
 .rodata.oslib_test_004_005
                0x0800bf08       0x10 C:\Users\mvshv\AppData\Local\Temp\cci99AzF.ltrans0.ltrans.o
 .rodata.oslib_test_sequence_001
                0x0800bf18        0x8 C:\Users\mvshv\AppData\Local\Temp\cci99AzF.ltrans0.ltrans.o
 .rodata.oslib_test_sequence_001_array
                0x0800bf20       0x10 C:\Users\mvshv\AppData\Local\Temp\cci99AzF.ltrans0.ltrans.o
 .rodata.oslib_test_sequence_002
                0x0800bf30        0x8 C:\Users\mvshv\AppData\Local\Temp\cci99AzF.ltrans0.ltrans.o
 .rodata.oslib_test_sequence_002_array
                0x0800bf38       0x10 C:\Users\mvshv\AppData\Local\Temp\cci99AzF.ltrans0.ltrans.o
 .rodata.oslib_test_sequence_003
                0x0800bf48        0x8 C:\Users\mvshv\AppData\Local\Temp\cci99AzF.ltrans0.ltrans.o
 .rodata.oslib_test_sequence_003_array
                0x0800bf50        0xc C:\Users\mvshv\AppData\Local\Temp\cci99AzF.ltrans0.ltrans.o
 .rodata.oslib_test_sequence_004
                0x0800bf5c        0x8 C:\Users\mvshv\AppData\Local\Temp\cci99AzF.ltrans0.ltrans.o
 .rodata.oslib_test_sequence_004_array
                0x0800bf64       0x18 C:\Users\mvshv\AppData\Local\Temp\cci99AzF.ltrans0.ltrans.o
 .rodata.oslib_test_suite
                0x0800bf7c        0x8 C:\Users\mvshv\AppData\Local\Temp\cci99AzF.ltrans0.ltrans.o
 .rodata.oslib_test_suite_array
                0x0800bf84       0x14 C:\Users\mvshv\AppData\Local\Temp\cci99AzF.ltrans0.ltrans.o
 .rodata.parse_arguments.str1.4
                0x0800bf98        0x3 C:\Users\mvshv\AppData\Local\Temp\cci99AzF.ltrans0.ltrans.o
 *fill*         0x0800bf9b        0x1 
 .rodata.ram_areas
                0x0800bf9c       0x80 C:\Users\mvshv\AppData\Local\Temp\cci99AzF.ltrans0.ltrans.o
 .rodata.rt_test_001_001
                0x0800c01c       0x10 C:\Users\mvshv\AppData\Local\Temp\cci99AzF.ltrans0.ltrans.o
 .rodata.rt_test_001_001_execute.str1.4
                0x0800c02c      0x1a9 C:\Users\mvshv\AppData\Local\Temp\cci99AzF.ltrans0.ltrans.o
 *fill*         0x0800c1d5        0x3 
 .rodata.rt_test_001_002
                0x0800c1d8       0x10 C:\Users\mvshv\AppData\Local\Temp\cci99AzF.ltrans0.ltrans.o
 .rodata.rt_test_001_002_execute.str1.4
                0x0800c1e8      0x115 C:\Users\mvshv\AppData\Local\Temp\cci99AzF.ltrans0.ltrans.o
 *fill*         0x0800c2fd        0x3 
 .rodata.rt_test_001_003
                0x0800c300       0x10 C:\Users\mvshv\AppData\Local\Temp\cci99AzF.ltrans0.ltrans.o
 .rodata.rt_test_001_003_execute.str1.4
                0x0800c310      0x78d C:\Users\mvshv\AppData\Local\Temp\cci99AzF.ltrans0.ltrans.o
                                0x791 (size before relaxing)
 *fill*         0x0800ca9d        0x3 
 .rodata.rt_test_002_001
                0x0800caa0       0x10 C:\Users\mvshv\AppData\Local\Temp\cci99AzF.ltrans0.ltrans.o
 .rodata.rt_test_002_001_execute.str1.4
                0x0800cab0       0x70 C:\Users\mvshv\AppData\Local\Temp\cci99AzF.ltrans0.ltrans.o
 .rodata.rt_test_002_002
                0x0800cb20       0x10 C:\Users\mvshv\AppData\Local\Temp\cci99AzF.ltrans0.ltrans.o
 .rodata.rt_test_002_002_execute.str1.4
                0x0800cb30       0x12 C:\Users\mvshv\AppData\Local\Temp\cci99AzF.ltrans0.ltrans.o
 *fill*         0x0800cb42        0x2 
 .rodata.rt_test_002_003
                0x0800cb44       0x10 C:\Users\mvshv\AppData\Local\Temp\cci99AzF.ltrans0.ltrans.o
 .rodata.rt_test_002_003_execute.str1.4
                0x0800cb54        0x5 C:\Users\mvshv\AppData\Local\Temp\cci99AzF.ltrans0.ltrans.o
 *fill*         0x0800cb59        0x3 
 .rodata.rt_test_002_004
                0x0800cb5c       0x10 C:\Users\mvshv\AppData\Local\Temp\cci99AzF.ltrans0.ltrans.o
 .rodata.rt_test_003_001
                0x0800cb6c       0x10 C:\Users\mvshv\AppData\Local\Temp\cci99AzF.ltrans0.ltrans.o
 .rodata.rt_test_003_002
                0x0800cb7c       0x10 C:\Users\mvshv\AppData\Local\Temp\cci99AzF.ltrans0.ltrans.o
 .rodata.rt_test_003_003
                0x0800cb8c       0x10 C:\Users\mvshv\AppData\Local\Temp\cci99AzF.ltrans0.ltrans.o
 .rodata.rt_test_003_004
                0x0800cb9c       0x10 C:\Users\mvshv\AppData\Local\Temp\cci99AzF.ltrans0.ltrans.o
 .rodata.rt_test_003_004_execute.str1.4
                0x0800cbac       0x87 C:\Users\mvshv\AppData\Local\Temp\cci99AzF.ltrans0.ltrans.o
 *fill*         0x0800cc33        0x1 
 .rodata.rt_test_004_001
                0x0800cc34       0x10 C:\Users\mvshv\AppData\Local\Temp\cci99AzF.ltrans0.ltrans.o
 .rodata.rt_test_004_001_execute.str1.4
                0x0800cc44        0x9 C:\Users\mvshv\AppData\Local\Temp\cci99AzF.ltrans0.ltrans.o
 *fill*         0x0800cc4d        0x3 
 .rodata.rt_test_005_001
                0x0800cc50       0x10 C:\Users\mvshv\AppData\Local\Temp\cci99AzF.ltrans0.ltrans.o
 .rodata.rt_test_005_001_execute.str1.4
                0x0800cc60       0x2b C:\Users\mvshv\AppData\Local\Temp\cci99AzF.ltrans0.ltrans.o
 *fill*         0x0800cc8b        0x1 
 .rodata.rt_test_005_002
                0x0800cc8c       0x10 C:\Users\mvshv\AppData\Local\Temp\cci99AzF.ltrans0.ltrans.o
 .rodata.rt_test_005_003
                0x0800cc9c       0x10 C:\Users\mvshv\AppData\Local\Temp\cci99AzF.ltrans0.ltrans.o
 .rodata.rt_test_005_004
                0x0800ccac       0x10 C:\Users\mvshv\AppData\Local\Temp\cci99AzF.ltrans0.ltrans.o
 .rodata.rt_test_005_004_execute.str1.4
                0x0800ccbc       0x10 C:\Users\mvshv\AppData\Local\Temp\cci99AzF.ltrans0.ltrans.o
 .rodata.rt_test_005_005
                0x0800cccc       0x10 C:\Users\mvshv\AppData\Local\Temp\cci99AzF.ltrans0.ltrans.o
 .rodata.rt_test_005_005_execute.str1.4
                0x0800ccdc       0x11 C:\Users\mvshv\AppData\Local\Temp\cci99AzF.ltrans0.ltrans.o
 *fill*         0x0800cced        0x3 
 .rodata.rt_test_005_006
                0x0800ccf0       0x10 C:\Users\mvshv\AppData\Local\Temp\cci99AzF.ltrans0.ltrans.o
 .rodata.rt_test_005_006_execute.str1.4
                0x0800cd00       0x3f C:\Users\mvshv\AppData\Local\Temp\cci99AzF.ltrans0.ltrans.o
                                 0x46 (size before relaxing)
 *fill*         0x0800cd3f        0x1 
 .rodata.rt_test_006_001
                0x0800cd40       0x10 C:\Users\mvshv\AppData\Local\Temp\cci99AzF.ltrans0.ltrans.o
 .rodata.rt_test_006_004
                0x0800cd50       0x10 C:\Users\mvshv\AppData\Local\Temp\cci99AzF.ltrans0.ltrans.o
 .rodata.rt_test_006_004_execute.str1.4
                0x0800cd60        0x6 C:\Users\mvshv\AppData\Local\Temp\cci99AzF.ltrans0.ltrans.o
 *fill*         0x0800cd66        0x2 
 .rodata.rt_test_006_005
                0x0800cd68       0x10 C:\Users\mvshv\AppData\Local\Temp\cci99AzF.ltrans0.ltrans.o
 .rodata.rt_test_006_005_execute.str1.4
                0x0800cd78       0x4d C:\Users\mvshv\AppData\Local\Temp\cci99AzF.ltrans0.ltrans.o
 *fill*         0x0800cdc5        0x3 
 .rodata.rt_test_006_007
                0x0800cdc8       0x10 C:\Users\mvshv\AppData\Local\Temp\cci99AzF.ltrans0.ltrans.o
 .rodata.rt_test_006_008
                0x0800cdd8       0x10 C:\Users\mvshv\AppData\Local\Temp\cci99AzF.ltrans0.ltrans.o
 .rodata.rt_test_006_008_execute.str1.4
                0x0800cde8        0x6 C:\Users\mvshv\AppData\Local\Temp\cci99AzF.ltrans0.ltrans.o
 *fill*         0x0800cdee        0x2 
 .rodata.rt_test_006_009
                0x0800cdf0       0x10 C:\Users\mvshv\AppData\Local\Temp\cci99AzF.ltrans0.ltrans.o
 .rodata.rt_test_007_001
                0x0800ce00       0x10 C:\Users\mvshv\AppData\Local\Temp\cci99AzF.ltrans0.ltrans.o
 .rodata.rt_test_008_001
                0x0800ce10       0x10 C:\Users\mvshv\AppData\Local\Temp\cci99AzF.ltrans0.ltrans.o
 .rodata.rt_test_008_001_execute.str1.4
                0x0800ce20       0x1b C:\Users\mvshv\AppData\Local\Temp\cci99AzF.ltrans0.ltrans.o
 *fill*         0x0800ce3b        0x1 
 .rodata.rt_test_008_002
                0x0800ce3c       0x10 C:\Users\mvshv\AppData\Local\Temp\cci99AzF.ltrans0.ltrans.o
 .rodata.rt_test_008_002_execute.str1.4
                0x0800ce4c       0x18 C:\Users\mvshv\AppData\Local\Temp\cci99AzF.ltrans0.ltrans.o
 .rodata.rt_test_008_003
                0x0800ce64       0x10 C:\Users\mvshv\AppData\Local\Temp\cci99AzF.ltrans0.ltrans.o
 .rodata.rt_test_008_003_execute.str1.4
                0x0800ce74       0x13 C:\Users\mvshv\AppData\Local\Temp\cci99AzF.ltrans0.ltrans.o
 *fill*         0x0800ce87        0x1 
 .rodata.rt_test_008_004
                0x0800ce88       0x10 C:\Users\mvshv\AppData\Local\Temp\cci99AzF.ltrans0.ltrans.o
 .rodata.rt_test_008_004_execute.str1.4
                0x0800ce98       0x11 C:\Users\mvshv\AppData\Local\Temp\cci99AzF.ltrans0.ltrans.o
 *fill*         0x0800cea9        0x3 
 .rodata.rt_test_008_005
                0x0800ceac       0x10 C:\Users\mvshv\AppData\Local\Temp\cci99AzF.ltrans0.ltrans.o
 .rodata.rt_test_008_005_execute.str1.4
                0x0800cebc       0x2a C:\Users\mvshv\AppData\Local\Temp\cci99AzF.ltrans0.ltrans.o
 *fill*         0x0800cee6        0x2 
 .rodata.rt_test_008_006
                0x0800cee8       0x10 C:\Users\mvshv\AppData\Local\Temp\cci99AzF.ltrans0.ltrans.o
 .rodata.rt_test_008_006_execute.str1.4
                0x0800cef8        0xf C:\Users\mvshv\AppData\Local\Temp\cci99AzF.ltrans0.ltrans.o
 *fill*         0x0800cf07        0x1 
 .rodata.rt_test_008_007
                0x0800cf08       0x10 C:\Users\mvshv\AppData\Local\Temp\cci99AzF.ltrans0.ltrans.o
 .rodata.rt_test_008_007_execute.str1.4
                0x0800cf18        0xc C:\Users\mvshv\AppData\Local\Temp\cci99AzF.ltrans0.ltrans.o
 .rodata.rt_test_009_001
                0x0800cf24       0x10 C:\Users\mvshv\AppData\Local\Temp\cci99AzF.ltrans0.ltrans.o
 .rodata.rt_test_009_001_execute.str1.4
                0x0800cf34       0x56 C:\Users\mvshv\AppData\Local\Temp\cci99AzF.ltrans0.ltrans.o
 *fill*         0x0800cf8a        0x2 
 .rodata.rt_test_009_002
                0x0800cf8c       0x10 C:\Users\mvshv\AppData\Local\Temp\cci99AzF.ltrans0.ltrans.o
 .rodata.rt_test_009_002_execute.str1.4
                0x0800cf9c       0x84 C:\Users\mvshv\AppData\Local\Temp\cci99AzF.ltrans0.ltrans.o
                                 0x8c (size before relaxing)
 .rodata.rt_test_010_001
                0x0800d020       0x10 C:\Users\mvshv\AppData\Local\Temp\cci99AzF.ltrans0.ltrans.o
 .rodata.rt_test_010_002
                0x0800d030       0x10 C:\Users\mvshv\AppData\Local\Temp\cci99AzF.ltrans0.ltrans.o
 .rodata.rt_test_010_003
                0x0800d040       0x10 C:\Users\mvshv\AppData\Local\Temp\cci99AzF.ltrans0.ltrans.o
 .rodata.rt_test_010_003_execute.str1.4
                0x0800d050        0xa C:\Users\mvshv\AppData\Local\Temp\cci99AzF.ltrans0.ltrans.o
 *fill*         0x0800d05a        0x2 
 .rodata.rt_test_010_004
                0x0800d05c       0x10 C:\Users\mvshv\AppData\Local\Temp\cci99AzF.ltrans0.ltrans.o
 .rodata.rt_test_010_005
                0x0800d06c       0x10 C:\Users\mvshv\AppData\Local\Temp\cci99AzF.ltrans0.ltrans.o
 .rodata.rt_test_010_006
                0x0800d07c       0x10 C:\Users\mvshv\AppData\Local\Temp\cci99AzF.ltrans0.ltrans.o
 .rodata.rt_test_010_006_execute.str1.4